Archive member included to satisfy reference by file (symbol)

/Applications/MCUXpressoIDE_11.8.0_1165/ide/plugins/com.nxp.mcuxpresso.tools.macosx_11.8.0.202306131047/tools/bin/../lib/gcc/arm-none-eabi/12.2.1/../../../../arm-none-eabi/lib/thumb/v7e-m+fp/hard/libcr_nohost_nf.a(_cr__main.o)
                              ./SDK/startup/startup_mk64f12.o (__main)
/Applications/MCUXpressoIDE_11.8.0_1165/ide/plugins/com.nxp.mcuxpresso.tools.macosx_11.8.0.202306131047/tools/bin/../lib/gcc/arm-none-eabi/12.2.1/../../../../arm-none-eabi/lib/thumb/v7e-m+fp/hard/libcr_c.a(atan2.o)
                              ./source/drv/accel.o (atan2)
/Applications/MCUXpressoIDE_11.8.0_1165/ide/plugins/com.nxp.mcuxpresso.tools.macosx_11.8.0.202306131047/tools/bin/../lib/gcc/arm-none-eabi/12.2.1/../../../../arm-none-eabi/lib/thumb/v7e-m+fp/hard/libcr_c.a(errno.o)
                              /Applications/MCUXpressoIDE_11.8.0_1165/ide/plugins/com.nxp.mcuxpresso.tools.macosx_11.8.0.202306131047/tools/bin/../lib/gcc/arm-none-eabi/12.2.1/../../../../arm-none-eabi/lib/thumb/v7e-m+fp/hard/libcr_c.a(atan2.o) (errno)
/Applications/MCUXpressoIDE_11.8.0_1165/ide/plugins/com.nxp.mcuxpresso.tools.macosx_11.8.0.202306131047/tools/bin/../lib/gcc/arm-none-eabi/12.2.1/../../../../arm-none-eabi/lib/thumb/v7e-m+fp/hard/libcr_c.a(fabs.o)
                              /Applications/MCUXpressoIDE_11.8.0_1165/ide/plugins/com.nxp.mcuxpresso.tools.macosx_11.8.0.202306131047/tools/bin/../lib/gcc/arm-none-eabi/12.2.1/../../../../arm-none-eabi/lib/thumb/v7e-m+fp/hard/libcr_c.a(atan2.o) (fabs)
/Applications/MCUXpressoIDE_11.8.0_1165/ide/plugins/com.nxp.mcuxpresso.tools.macosx_11.8.0.202306131047/tools/bin/../lib/gcc/arm-none-eabi/12.2.1/../../../../arm-none-eabi/lib/thumb/v7e-m+fp/hard/libcr_c.a(initio.o)
                              /Applications/MCUXpressoIDE_11.8.0_1165/ide/plugins/com.nxp.mcuxpresso.tools.macosx_11.8.0.202306131047/tools/bin/../lib/gcc/arm-none-eabi/12.2.1/../../../../arm-none-eabi/lib/thumb/v7e-m+fp/hard/libcr_nohost_nf.a(_cr__main.o) (_initio)
/Applications/MCUXpressoIDE_11.8.0_1165/ide/plugins/com.nxp.mcuxpresso.tools.macosx_11.8.0.202306131047/tools/bin/../lib/gcc/arm-none-eabi/12.2.1/../../../../arm-none-eabi/lib/thumb/v7e-m+fp/hard/libcr_c.a(setvbuf.o)
                              /Applications/MCUXpressoIDE_11.8.0_1165/ide/plugins/com.nxp.mcuxpresso.tools.macosx_11.8.0.202306131047/tools/bin/../lib/gcc/arm-none-eabi/12.2.1/../../../../arm-none-eabi/lib/thumb/v7e-m+fp/hard/libcr_c.a(initio.o) (setvbuf)
/Applications/MCUXpressoIDE_11.8.0_1165/ide/plugins/com.nxp.mcuxpresso.tools.macosx_11.8.0.202306131047/tools/bin/../lib/gcc/arm-none-eabi/12.2.1/../../../../arm-none-eabi/lib/thumb/v7e-m+fp/hard/libcr_c.a(_fdopen.o)
                              /Applications/MCUXpressoIDE_11.8.0_1165/ide/plugins/com.nxp.mcuxpresso.tools.macosx_11.8.0.202306131047/tools/bin/../lib/gcc/arm-none-eabi/12.2.1/../../../../arm-none-eabi/lib/thumb/v7e-m+fp/hard/libcr_c.a(initio.o) (_fdopen)
/Applications/MCUXpressoIDE_11.8.0_1165/ide/plugins/com.nxp.mcuxpresso.tools.macosx_11.8.0.202306131047/tools/bin/../lib/gcc/arm-none-eabi/12.2.1/../../../../arm-none-eabi/lib/thumb/v7e-m+fp/hard/libcr_c.a(atan.o)
                              /Applications/MCUXpressoIDE_11.8.0_1165/ide/plugins/com.nxp.mcuxpresso.tools.macosx_11.8.0.202306131047/tools/bin/../lib/gcc/arm-none-eabi/12.2.1/../../../../arm-none-eabi/lib/thumb/v7e-m+fp/hard/libcr_c.a(atan2.o) (atan)
/Applications/MCUXpressoIDE_11.8.0_1165/ide/plugins/com.nxp.mcuxpresso.tools.macosx_11.8.0.202306131047/tools/bin/../lib/gcc/arm-none-eabi/12.2.1/../../../../arm-none-eabi/lib/thumb/v7e-m+fp/hard/libcr_c.a(fclose.o)
                              /Applications/MCUXpressoIDE_11.8.0_1165/ide/plugins/com.nxp.mcuxpresso.tools.macosx_11.8.0.202306131047/tools/bin/../lib/gcc/arm-none-eabi/12.2.1/../../../../arm-none-eabi/lib/thumb/v7e-m+fp/hard/libcr_c.a(initio.o) (fclose)
/Applications/MCUXpressoIDE_11.8.0_1165/ide/plugins/com.nxp.mcuxpresso.tools.macosx_11.8.0.202306131047/tools/bin/../lib/gcc/arm-none-eabi/12.2.1/../../../../arm-none-eabi/lib/thumb/v7e-m+fp/hard/libcr_c.a(fflush.o)
                              /Applications/MCUXpressoIDE_11.8.0_1165/ide/plugins/com.nxp.mcuxpresso.tools.macosx_11.8.0.202306131047/tools/bin/../lib/gcc/arm-none-eabi/12.2.1/../../../../arm-none-eabi/lib/thumb/v7e-m+fp/hard/libcr_c.a(fclose.o) (fflush)
/Applications/MCUXpressoIDE_11.8.0_1165/ide/plugins/com.nxp.mcuxpresso.tools.macosx_11.8.0.202306131047/tools/bin/../lib/gcc/arm-none-eabi/12.2.1/../../../../arm-none-eabi/lib/thumb/v7e-m+fp/hard/libcr_c.a(fseek.o)
                              /Applications/MCUXpressoIDE_11.8.0_1165/ide/plugins/com.nxp.mcuxpresso.tools.macosx_11.8.0.202306131047/tools/bin/../lib/gcc/arm-none-eabi/12.2.1/../../../../arm-none-eabi/lib/thumb/v7e-m+fp/hard/libcr_c.a(_fdopen.o) (fseek)
[...]
Memory Configuration

Name             Origin             Length             Attributes
PROGRAM_FLASH    0x0000000000000000 0x0000000000100000 xr
SRAM_UPPER       0x0000000020000000 0x0000000000030000 xrw
SRAM_LOWER       0x000000001fff0000 0x0000000000010000 xrw
FLEX_RAM         0x0000000014000000 0x0000000000001000 xrw
*default*        0x0000000000000000 0xffffffffffffffff

Linker script and memory map

LOAD ./source/drv/SysTick.o
LOAD ./source/drv/accel.o
LOAD ./source/drv/gpio.o
LOAD ./source/drv/i2c.o
LOAD ./source/App.o
LOAD ./SDK/startup/hardware.o
LOAD ./SDK/startup/main.o
LOAD ./SDK/startup/startup_mk64f12.o
LOAD ./SDK/CMSIS/system_MK64F12.o
START GROUP
LOAD /Applications/MCUXpressoIDE_11.8.0_1165/ide/plugins/com.nxp.mcuxpresso.tools.macosx_11.8.0.202306131047/tools/bin/../lib/gcc/arm-none-eabi/12.2.1/../../../../arm-none-eabi/lib/thumb/v7e-m+fp/hard/libcr_nohost_nf.a
LOAD /Applications/MCUXpressoIDE_11.8.0_1165/ide/plugins/com.nxp.mcuxpresso.tools.macosx_11.8.0.202306131047/tools/bin/../lib/gcc/arm-none-eabi/12.2.1/../../../../arm-none-eabi/lib/thumb/v7e-m+fp/hard/libcr_c.a
LOAD /Applications/MCUXpressoIDE_11.8.0_1165/ide/plugins/com.nxp.mcuxpresso.tools.macosx_11.8.0.202306131047/tools/bin/../lib/gcc/arm-none-eabi/12.2.1/thumb/v7e-m+fp/hard/libcr_eabihelpers.a
LOAD /Applications/MCUXpressoIDE_11.8.0_1165/ide/plugins/com.nxp.mcuxpresso.tools.macosx_11.8.0.202306131047/tools/bin/../lib/gcc/arm-none-eabi/12.2.1/thumb/v7e-m+fp/hard/libgcc.a
END GROUP
                0x0000000000000000                __base_PROGRAM_FLASH = 0x0
                0x0000000000000000                __base_Flash = 0x0
                0x0000000000100000                __top_PROGRAM_FLASH = 0x100000
                0x0000000000100000                __top_Flash = 0x100000
                0x0000000020000000                __base_SRAM_UPPER = 0x20000000
                0x0000000020000000                __base_RAM = 0x20000000
                0x0000000020030000                __top_SRAM_UPPER = 0x20030000
                0x0000000020030000                __top_RAM = 0x20030000
                0x000000001fff0000                __base_SRAM_LOWER = 0x1fff0000
                0x000000001fff0000                __base_RAM2 = 0x1fff0000
                0x0000000020000000                __top_SRAM_LOWER = 0x20000000
                0x0000000020000000                __top_RAM2 = 0x20000000
                0x0000000014000000                __base_FLEX_RAM = 0x14000000
                0x0000000014000000                __base_RAM3 = 0x14000000
                0x0000000014001000                __top_FLEX_RAM = 0x14001000
                0x0000000014001000                __top_RAM3 = 0x14001000

.text           0x0000000000000000     0x2840
 FILL mask 0xff
                0x0000000000000000                __vectors_start__ = ABSOLUTE (.)
 *(.isr_vector)
 .isr_vector    0x0000000000000000      0x198 ./SDK/startup/startup_mk64f12.o
                0x0000000000000000                __Vectors
                0x0000000000000000                g_pfnVectors
                0x0000000000000198                . = ALIGN (0x4)
                0x0000000000000198                __section_table_start = .
                0x0000000000000198                __data_section_table = .
                0x0000000000000198        0x4 LONG 0x2840 LOADADDR (.data)
                0x000000000000019c        0x4 LONG 0x20000000 ADDR (.data)
                0x00000000000001a0        0x4 LONG 0x110 SIZEOF (.data)
                0x00000000000001a4        0x4 LONG 0x2840 LOADADDR (.data_RAM2)
                0x00000000000001a8        0x4 LONG 0x1fff0000 ADDR (.data_RAM2)
                0x00000000000001ac        0x4 LONG 0x0 SIZEOF (.data_RAM2)
                0x00000000000001b0        0x4 LONG 0x2840 LOADADDR (.data_RAM3)
                0x00000000000001b4        0x4 LONG 0x14000000 ADDR (.data_RAM3)
                0x00000000000001b8        0x4 LONG 0x0 SIZEOF (.data_RAM3)
                0x00000000000001bc                __data_section_table_end = .
                0x00000000000001bc                __bss_section_table = .
                0x00000000000001bc        0x4 LONG 0x20000110 ADDR (.bss)
                0x00000000000001c0        0x4 LONG 0x228 SIZEOF (.bss)
                0x00000000000001c4        0x4 LONG 0x1fff0000 ADDR (.bss_RAM2)
                0x00000000000001c8        0x4 LONG 0x0 SIZEOF (.bss_RAM2)
                0x00000000000001cc        0x4 LONG 0x14000000 ADDR (.bss_RAM3)
                0x00000000000001d0        0x4 LONG 0x0 SIZEOF (.bss_RAM3)
                0x00000000000001d4                __bss_section_table_end = .
                0x00000000000001d4                __section_table_end = .
 *(.after_vectors*)
 .after_vectors.init_data
                0x00000000000001d4       0x1e ./SDK/startup/startup_mk64f12.o
                0x00000000000001d4                data_init
 .after_vectors.init_bss
                0x00000000000001f2       0x12 ./SDK/startup/startup_mk64f12.o
                0x00000000000001f2                bss_init
 .after_vectors.reset
                0x0000000000000204       0x4c ./SDK/startup/startup_mk64f12.o
                0x0000000000000204                ResetISR
 .after_vectors
                0x0000000000000250       0x14 ./SDK/startup/startup_mk64f12.o
                0x0000000000000250                NMI_Handler
                0x0000000000000252                HardFault_Handler
                0x0000000000000254                MemManage_Handler
                0x0000000000000256                BusFault_Handler
                0x0000000000000258                UsageFault_Handler
                0x000000000000025a                SVC_Handler
                0x000000000000025c                DebugMon_Handler
                0x000000000000025e                PendSV_Handler
                0x0000000000000262                FTM2_DriverIRQHandler
                0x0000000000000262                PIT2_DriverIRQHandler
                0x0000000000000262                SDHC_DriverIRQHandler
                0x0000000000000262                I2S0_Tx_DriverIRQHandler
                0x0000000000000262                RTC_Seconds_DriverIRQHandler
                0x0000000000000262                DMA6_DriverIRQHandler
                0x0000000000000262                LLWU_DriverIRQHandler
                0x0000000000000262                MCM_DriverIRQHandler
                0x0000000000000262                MCG_DriverIRQHandler
                0x0000000000000262                ENET_1588_Timer_DriverIRQHandler
                0x0000000000000262                I2C2_DriverIRQHandler
                0x0000000000000262                DAC1_DriverIRQHandler
                0x0000000000000262                CMP1_DriverIRQHandler
                0x0000000000000262                UART5_RX_TX_DriverIRQHandler
                0x0000000000000262                FTM0_DriverIRQHandler
                0x0000000000000262                IntDefaultHandler
                0x0000000000000262                USB0_DriverIRQHandler
                0x0000000000000262                UART5_ERR_DriverIRQHandler
                0x0000000000000262                PORTC_DriverIRQHandler
                0x0000000000000262                DMA11_DriverIRQHandler
                0x0000000000000262                DAC0_DriverIRQHandler
                0x0000000000000262                DMA10_DriverIRQHandler
                0x0000000000000262                CMP2_DriverIRQHandler
                0x0000000000000262                UART2_ERR_DriverIRQHandler
                0x0000000000000262                SPI2_DriverIRQHandler
                0x0000000000000262                LVD_LVW_DriverIRQHandler
                0x0000000000000262                PIT0_DriverIRQHandler
                0x0000000000000262                RNG_DriverIRQHandler
                0x0000000000000262                DMA5_DriverIRQHandler
                0x0000000000000262                DMA4_DriverIRQHandler
                0x0000000000000262                UART2_RX_TX_DriverIRQHandler
                0x0000000000000262                USBDCD_DriverIRQHandler
                0x0000000000000262                UART3_ERR_DriverIRQHandler
                0x0000000000000262                DMA3_DriverIRQHandler
                0x0000000000000262                DMA8_DriverIRQHandler
                0x0000000000000262                DMA9_DriverIRQHandler
                0x0000000000000262                UART0_ERR_DriverIRQHandler
                0x0000000000000262                CMT_DriverIRQHandler
                0x0000000000000262                Reserved71_DriverIRQHandler
                0x0000000000000262                ADC1_DriverIRQHandler
                0x0000000000000262                PORTA_DriverIRQHandler
                0x0000000000000262                DMA14_DriverIRQHandler
                0x0000000000000262                PIT3_DriverIRQHandler
                0x0000000000000262                PIT1_DriverIRQHandler
                0x0000000000000262                WDOG_EWM_DriverIRQHandler
                0x0000000000000262                PDB0_DriverIRQHandler
                0x0000000000000262                RTC_DriverIRQHandler
                0x0000000000000262                I2S0_Rx_DriverIRQHandler
                0x0000000000000262                Read_Collision_DriverIRQHandler
                0x0000000000000262                SWI_DriverIRQHandler
                0x0000000000000262                UART4_RX_TX_DriverIRQHandler
                0x0000000000000262                UART4_ERR_DriverIRQHandler
                0x0000000000000262                UART0_LON_DriverIRQHandler
                0x0000000000000262                DMA1_DriverIRQHandler
                0x0000000000000262                I2C1_DriverIRQHandler
                0x0000000000000262                UART3_RX_TX_DriverIRQHandler
                0x0000000000000262                ENET_Receive_DriverIRQHandler
                0x0000000000000262                DMA13_DriverIRQHandler
                0x0000000000000262                ENET_Error_DriverIRQHandler
                0x0000000000000262                DMA15_DriverIRQHandler
                0x0000000000000262                UART0_RX_TX_DriverIRQHandler
                0x0000000000000262                SPI0_DriverIRQHandler
                0x0000000000000262                ADC0_DriverIRQHandler
                0x0000000000000262                CMP0_DriverIRQHandler
                0x0000000000000262                CAN0_DriverIRQHandler
                0x0000000000000262                FTM3_DriverIRQHandler
                0x0000000000000262                UART1_ERR_DriverIRQHandler
                0x0000000000000262                DMA2_DriverIRQHandler
                0x0000000000000262                ENET_Transmit_DriverIRQHandler
                0x0000000000000262                PORTD_DriverIRQHandler
                0x0000000000000262                PORTE_DriverIRQHandler
                0x0000000000000262                FTFE_DriverIRQHandler
                0x0000000000000262                I2C0_DriverIRQHandler
                0x0000000000000262                DMA7_DriverIRQHandler
                0x0000000000000262                UART1_RX_TX_DriverIRQHandler
                0x0000000000000262                DMA0_DriverIRQHandler
                0x0000000000000262                PORTB_DriverIRQHandler
                0x0000000000000262                DMA12_DriverIRQHandler
                0x0000000000000262                SPI1_DriverIRQHandler
                0x0000000000000262                LPTMR0_DriverIRQHandler
                0x0000000000000262                DMA_Error_DriverIRQHandler
                0x0000000000000262                FTM1_DriverIRQHandler
                0x0000000000000400                . = 0x400
 *fill*         0x0000000000000264      0x19c ff
                0x0000000000000400                PROVIDE (__FLASH_CONFIG_START__ = .)
 *(.FlashConfig)
 .FlashConfig   0x0000000000000400       0x10 ./SDK/startup/startup_mk64f12.o
                0x0000000000000400                Flash_Config
                0x0000000000000410                PROVIDE (__FLASH_CONFIG_END__ = .)
                0x0000000000000001                ASSERT (! ((__FLASH_CONFIG_START__ == __FLASH_CONFIG_END__)), Linker Flash Config Support Enabled, but no .FlashConfig section provided within application)
 *(.text*)
 .text.SysTick_Init
                0x0000000000000410       0x30 ./source/drv/SysTick.o
                0x0000000000000410                SysTick_Init
 .text.SysTick_Reg_Callback
                0x0000000000000440       0x70 ./source/drv/SysTick.o
                0x0000000000000440                SysTick_Reg_Callback
 .text.SysTick_Handler
                0x00000000000004b0       0xb0 ./source/drv/SysTick.o
                0x00000000000004b0                SysTick_Handler
 .text.FX_ReadReg
                0x0000000000000560       0x5c ./source/drv/accel.o
 .text.FX_WriteReg
                0x00000000000005bc       0x40 ./source/drv/accel.o
 .text.FX_I2C_Init
                0x00000000000005fc       0x3c ./source/drv/accel.o
                0x00000000000005fc                FX_I2C_Init
 .text.FX_InitSequence
                0x0000000000000638       0xe0 ./source/drv/accel.o
                0x0000000000000638                FX_InitSequence
 .text.FX_RunningSequence
                0x0000000000000718      0x25c ./source/drv/accel.o
 .text.FX_PISR  0x0000000000000974       0x2c ./source/drv/accel.o
                0x0000000000000974                FX_PISR
 .text.FX_I2C_Finished
                0x00000000000009a0       0x44 ./source/drv/accel.o
                0x00000000000009a0                FX_I2C_Finished
 .text.getAccelData
                0x00000000000009e4       0x28 ./source/drv/accel.o
                0x00000000000009e4                getAccelData
 .text.gpioMode
                0x0000000000000a0c      0x224 ./source/drv/gpio.o
                0x0000000000000a0c                gpioMode
 .text.gpioWrite
                0x0000000000000c30       0x64 ./source/drv/gpio.o
                0x0000000000000c30                gpioWrite
 .text.NVIC_EnableIRQ
                0x0000000000000c94       0x34 ./source/drv/i2c.o
 .text.I2C_InitModule
                0x0000000000000cc8      0x114 ./source/drv/i2c.o
                0x0000000000000cc8                I2C_InitModule
 .text.I2C_InitObject
                0x0000000000000ddc      0x15c ./source/drv/i2c.o
                0x0000000000000ddc                I2C_InitObject
 .text.I2C_IRQHandler
                0x0000000000000f38      0x388 ./source/drv/i2c.o
                0x0000000000000f38                I2C_IRQHandler
 .text.SetBaudRate
                0x00000000000012c0       0xbc ./source/drv/i2c.o
 .text.I2C0_IRQHandler
                0x000000000000137c       0x1e ./source/drv/i2c.o
                0x000000000000137c                I2C0_IRQHandler
 .text.I2C1_IRQHandler
                0x000000000000139a        0xe ./source/drv/i2c.o
                0x000000000000139a                I2C1_IRQHandler
 .text.I2C2_IRQHandler
                0x00000000000013a8        0xe ./source/drv/i2c.o
                0x00000000000013a8                I2C2_IRQHandler
 .text.App_Init
                0x00000000000013b6       0x3c ./source/App.o
                0x00000000000013b6                App_Init
 *fill*         0x00000000000013f2        0x2 ff
 .text.App_Run  0x00000000000013f4       0x60 ./source/App.o
                0x00000000000013f4                App_Run
 .text.hw_Init  0x0000000000001454       0xf4 ./SDK/startup/hardware.o
                0x0000000000001454                hw_Init
 .text.hw_EnableInterrupts
                0x0000000000001548       0x30 ./SDK/startup/hardware.o
                0x0000000000001548                hw_EnableInterrupts
 .text.hw_DisableInterrupts
                0x0000000000001578       0x20 ./SDK/startup/hardware.o
                0x0000000000001578                hw_DisableInterrupts
 .text.main     0x0000000000001598       0x1a ./SDK/startup/main.o
                0x0000000000001598                main
 .text.DMA0_IRQHandler
                0x00000000000015b2        0x8 ./SDK/startup/startup_mk64f12.o
                0x00000000000015b2                DMA0_IRQHandler
 .text.DMA1_IRQHandler
                0x00000000000015ba        0x8 ./SDK/startup/startup_mk64f12.o
                0x00000000000015ba                DMA1_IRQHandler
 .text.DMA2_IRQHandler
                0x00000000000015c2        0x8 ./SDK/startup/startup_mk64f12.o
                0x00000000000015c2                DMA2_IRQHandler
 .text.DMA3_IRQHandler
                0x00000000000015ca        0x8 ./SDK/startup/startup_mk64f12.o
                0x00000000000015ca                DMA3_IRQHandler
 .text.DMA4_IRQHandler
                0x00000000000015d2        0x8 ./SDK/startup/startup_mk64f12.o
                0x00000000000015d2                DMA4_IRQHandler
 .text.DMA5_IRQHandler
                0x00000000000015da        0x8 ./SDK/startup/startup_mk64f12.o
                0x00000000000015da                DMA5_IRQHandler
 .text.DMA6_IRQHandler
                0x00000000000015e2        0x8 ./SDK/startup/startup_mk64f12.o
                0x00000000000015e2                DMA6_IRQHandler
 .text.DMA7_IRQHandler
                0x00000000000015ea        0x8 ./SDK/startup/startup_mk64f12.o
                0x00000000000015ea                DMA7_IRQHandler
 .text.DMA8_IRQHandler
                0x00000000000015f2        0x8 ./SDK/startup/startup_mk64f12.o
                0x00000000000015f2                DMA8_IRQHandler
 .text.DMA9_IRQHandler
                0x00000000000015fa        0x8 ./SDK/startup/startup_mk64f12.o
                0x00000000000015fa                DMA9_IRQHandler
 .text.DMA10_IRQHandler
                0x0000000000001602        0x8 ./SDK/startup/startup_mk64f12.o
                0x0000000000001602                DMA10_IRQHandler
 .text.DMA11_IRQHandler
                0x000000000000160a        0x8 ./SDK/startup/startup_mk64f12.o
                0x000000000000160a                DMA11_IRQHandler
 .text.DMA12_IRQHandler
                0x0000000000001612        0x8 ./SDK/startup/startup_mk64f12.o
                0x0000000000001612                DMA12_IRQHandler
 .text.DMA13_IRQHandler
                0x000000000000161a        0x8 ./SDK/startup/startup_mk64f12.o
                0x000000000000161a                DMA13_IRQHandler
 .text.DMA14_IRQHandler
                0x0000000000001622        0x8 ./SDK/startup/startup_mk64f12.o
                0x0000000000001622                DMA14_IRQHandler
 .text.DMA15_IRQHandler
                0x000000000000162a        0x8 ./SDK/startup/startup_mk64f12.o
                0x000000000000162a                DMA15_IRQHandler
 .text.DMA_Error_IRQHandler
                0x0000000000001632        0x8 ./SDK/startup/startup_mk64f12.o
                0x0000000000001632                DMA_Error_IRQHandler
 .text.MCM_IRQHandler
                0x000000000000163a        0x8 ./SDK/startup/startup_mk64f12.o
                0x000000000000163a                MCM_IRQHandler
 .text.FTFE_IRQHandler
                0x0000000000001642        0x8 ./SDK/startup/startup_mk64f12.o
                0x0000000000001642                FTFE_IRQHandler
 .text.Read_Collision_IRQHandler
                0x000000000000164a        0x8 ./SDK/startup/startup_mk64f12.o
                0x000000000000164a                Read_Collision_IRQHandler
 .text.LVD_LVW_IRQHandler
                0x0000000000001652        0x8 ./SDK/startup/startup_mk64f12.o
                0x0000000000001652                LVD_LVW_IRQHandler
 .text.LLWU_IRQHandler
                0x000000000000165a        0x8 ./SDK/startup/startup_mk64f12.o
                0x000000000000165a                LLWU_IRQHandler
 .text.WDOG_EWM_IRQHandler
                0x0000000000001662        0x8 ./SDK/startup/startup_mk64f12.o
                0x0000000000001662                WDOG_EWM_IRQHandler
 .text.RNG_IRQHandler
                0x000000000000166a        0x8 ./SDK/startup/startup_mk64f12.o
                0x000000000000166a                RNG_IRQHandler
 .text.SPI0_IRQHandler
                0x0000000000001672        0x8 ./SDK/startup/startup_mk64f12.o
                0x0000000000001672                SPI0_IRQHandler
 .text.SPI1_IRQHandler
                0x000000000000167a        0x8 ./SDK/startup/startup_mk64f12.o
                0x000000000000167a                SPI1_IRQHandler
 .text.I2S0_Tx_IRQHandler
                0x0000000000001682        0x8 ./SDK/startup/startup_mk64f12.o
                0x0000000000001682                I2S0_Tx_IRQHandler
 .text.I2S0_Rx_IRQHandler
                0x000000000000168a        0x8 ./SDK/startup/startup_mk64f12.o
                0x000000000000168a                I2S0_Rx_IRQHandler
 .text.UART0_LON_IRQHandler
                0x0000000000001692        0x8 ./SDK/startup/startup_mk64f12.o
                0x0000000000001692                UART0_LON_IRQHandler
 .text.UART0_RX_TX_IRQHandler
                0x000000000000169a        0x8 ./SDK/startup/startup_mk64f12.o
                0x000000000000169a                UART0_RX_TX_IRQHandler
 .text.UART0_ERR_IRQHandler
                0x00000000000016a2        0x8 ./SDK/startup/startup_mk64f12.o
                0x00000000000016a2                UART0_ERR_IRQHandler
 .text.UART1_RX_TX_IRQHandler
                0x00000000000016aa        0x8 ./SDK/startup/startup_mk64f12.o
                0x00000000000016aa                UART1_RX_TX_IRQHandler
 .text.UART1_ERR_IRQHandler
                0x00000000000016b2        0x8 ./SDK/startup/startup_mk64f12.o
                0x00000000000016b2                UART1_ERR_IRQHandler
 .text.UART2_RX_TX_IRQHandler
                0x00000000000016ba        0x8 ./SDK/startup/startup_mk64f12.o
                0x00000000000016ba                UART2_RX_TX_IRQHandler
 .text.UART2_ERR_IRQHandler
                0x00000000000016c2        0x8 ./SDK/startup/startup_mk64f12.o
                0x00000000000016c2                UART2_ERR_IRQHandler
 .text.UART3_RX_TX_IRQHandler
                0x00000000000016ca        0x8 ./SDK/startup/startup_mk64f12.o
                0x00000000000016ca                UART3_RX_TX_IRQHandler
 .text.UART3_ERR_IRQHandler
                0x00000000000016d2        0x8 ./SDK/startup/startup_mk64f12.o
                0x00000000000016d2                UART3_ERR_IRQHandler
 .text.ADC0_IRQHandler
                0x00000000000016da        0x8 ./SDK/startup/startup_mk64f12.o
                0x00000000000016da                ADC0_IRQHandler
 .text.CMP0_IRQHandler
                0x00000000000016e2        0x8 ./SDK/startup/startup_mk64f12.o
                0x00000000000016e2                CMP0_IRQHandler
 .text.CMP1_IRQHandler
                0x00000000000016ea        0x8 ./SDK/startup/startup_mk64f12.o
                0x00000000000016ea                CMP1_IRQHandler
 .text.FTM0_IRQHandler
                0x00000000000016f2        0x8 ./SDK/startup/startup_mk64f12.o
                0x00000000000016f2                FTM0_IRQHandler
 .text.FTM1_IRQHandler
                0x00000000000016fa        0x8 ./SDK/startup/startup_mk64f12.o
                0x00000000000016fa                FTM1_IRQHandler
 .text.FTM2_IRQHandler
                0x0000000000001702        0x8 ./SDK/startup/startup_mk64f12.o
                0x0000000000001702                FTM2_IRQHandler
 .text.CMT_IRQHandler
                0x000000000000170a        0x8 ./SDK/startup/startup_mk64f12.o
                0x000000000000170a                CMT_IRQHandler
 .text.RTC_IRQHandler
                0x0000000000001712        0x8 ./SDK/startup/startup_mk64f12.o
                0x0000000000001712                RTC_IRQHandler
 .text.RTC_Seconds_IRQHandler
                0x000000000000171a        0x8 ./SDK/startup/startup_mk64f12.o
                0x000000000000171a                RTC_Seconds_IRQHandler
 .text.PIT0_IRQHandler
                0x0000000000001722        0x8 ./SDK/startup/startup_mk64f12.o
                0x0000000000001722                PIT0_IRQHandler
 .text.PIT1_IRQHandler
                0x000000000000172a        0x8 ./SDK/startup/startup_mk64f12.o
                0x000000000000172a                PIT1_IRQHandler
 .text.PIT2_IRQHandler
                0x0000000000001732        0x8 ./SDK/startup/startup_mk64f12.o
                0x0000000000001732                PIT2_IRQHandler
 .text.PIT3_IRQHandler
                0x000000000000173a        0x8 ./SDK/startup/startup_mk64f12.o
                0x000000000000173a                PIT3_IRQHandler
 .text.PDB0_IRQHandler
                0x0000000000001742        0x8 ./SDK/startup/startup_mk64f12.o
                0x0000000000001742                PDB0_IRQHandler
 .text.USB0_IRQHandler
                0x000000000000174a        0x8 ./SDK/startup/startup_mk64f12.o
                0x000000000000174a                USB0_IRQHandler
 .text.USBDCD_IRQHandler
                0x0000000000001752        0x8 ./SDK/startup/startup_mk64f12.o
                0x0000000000001752                USBDCD_IRQHandler
 .text.Reserved71_IRQHandler
                0x000000000000175a        0x8 ./SDK/startup/startup_mk64f12.o
                0x000000000000175a                Reserved71_IRQHandler
 .text.DAC0_IRQHandler
                0x0000000000001762        0x8 ./SDK/startup/startup_mk64f12.o
                0x0000000000001762                DAC0_IRQHandler
 .text.MCG_IRQHandler
                0x000000000000176a        0x8 ./SDK/startup/startup_mk64f12.o
                0x000000000000176a                MCG_IRQHandler
 .text.LPTMR0_IRQHandler
                0x0000000000001772        0x8 ./SDK/startup/startup_mk64f12.o
                0x0000000000001772                LPTMR0_IRQHandler
 .text.PORTA_IRQHandler
                0x000000000000177a        0x8 ./SDK/startup/startup_mk64f12.o
                0x000000000000177a                PORTA_IRQHandler
 .text.PORTB_IRQHandler
                0x0000000000001782        0x8 ./SDK/startup/startup_mk64f12.o
                0x0000000000001782                PORTB_IRQHandler
 .text.PORTC_IRQHandler
                0x000000000000178a        0x8 ./SDK/startup/startup_mk64f12.o
                0x000000000000178a                PORTC_IRQHandler
 .text.PORTD_IRQHandler
                0x0000000000001792        0x8 ./SDK/startup/startup_mk64f12.o
                0x0000000000001792                PORTD_IRQHandler
 .text.PORTE_IRQHandler
                0x000000000000179a        0x8 ./SDK/startup/startup_mk64f12.o
                0x000000000000179a                PORTE_IRQHandler
 .text.SWI_IRQHandler
                0x00000000000017a2        0x8 ./SDK/startup/startup_mk64f12.o
                0x00000000000017a2                SWI_IRQHandler
 .text.SPI2_IRQHandler
                0x00000000000017aa        0x8 ./SDK/startup/startup_mk64f12.o
                0x00000000000017aa                SPI2_IRQHandler
 .text.UART4_RX_TX_IRQHandler
                0x00000000000017b2        0x8 ./SDK/startup/startup_mk64f12.o
                0x00000000000017b2                UART4_RX_TX_IRQHandler
 .text.UART4_ERR_IRQHandler
                0x00000000000017ba        0x8 ./SDK/startup/startup_mk64f12.o
                0x00000000000017ba                UART4_ERR_IRQHandler
 .text.UART5_RX_TX_IRQHandler
                0x00000000000017c2        0x8 ./SDK/startup/startup_mk64f12.o
                0x00000000000017c2                UART5_RX_TX_IRQHandler
 .text.UART5_ERR_IRQHandler
                0x00000000000017ca        0x8 ./SDK/startup/startup_mk64f12.o
                0x00000000000017ca                UART5_ERR_IRQHandler
 .text.CMP2_IRQHandler
                0x00000000000017d2        0x8 ./SDK/startup/startup_mk64f12.o
                0x00000000000017d2                CMP2_IRQHandler
 .text.FTM3_IRQHandler
                0x00000000000017da        0x8 ./SDK/startup/startup_mk64f12.o
                0x00000000000017da                FTM3_IRQHandler
 .text.DAC1_IRQHandler
                0x00000000000017e2        0x8 ./SDK/startup/startup_mk64f12.o
                0x00000000000017e2                DAC1_IRQHandler
 .text.ADC1_IRQHandler
                0x00000000000017ea        0x8 ./SDK/startup/startup_mk64f12.o
                0x00000000000017ea                ADC1_IRQHandler
 .text.CAN0_ORed_Message_buffer_IRQHandler
                0x00000000000017f2        0x8 ./SDK/startup/startup_mk64f12.o
                0x00000000000017f2                CAN0_ORed_Message_buffer_IRQHandler
 .text.CAN0_Bus_Off_IRQHandler
                0x00000000000017fa        0x8 ./SDK/startup/startup_mk64f12.o
                0x00000000000017fa                CAN0_Bus_Off_IRQHandler
 .text.CAN0_Error_IRQHandler
                0x0000000000001802        0x8 ./SDK/startup/startup_mk64f12.o
                0x0000000000001802                CAN0_Error_IRQHandler
 .text.CAN0_Tx_Warning_IRQHandler
                0x000000000000180a        0x8 ./SDK/startup/startup_mk64f12.o
                0x000000000000180a                CAN0_Tx_Warning_IRQHandler
 .text.CAN0_Rx_Warning_IRQHandler
                0x0000000000001812        0x8 ./SDK/startup/startup_mk64f12.o
                0x0000000000001812                CAN0_Rx_Warning_IRQHandler
 .text.CAN0_Wake_Up_IRQHandler
                0x000000000000181a        0x8 ./SDK/startup/startup_mk64f12.o
                0x000000000000181a                CAN0_Wake_Up_IRQHandler
 .text.SDHC_IRQHandler
                0x0000000000001822        0x8 ./SDK/startup/startup_mk64f12.o
                0x0000000000001822                SDHC_IRQHandler
 .text.ENET_1588_Timer_IRQHandler
                0x000000000000182a        0x8 ./SDK/startup/startup_mk64f12.o
                0x000000000000182a                ENET_1588_Timer_IRQHandler
 .text.ENET_Transmit_IRQHandler
                0x0000000000001832        0x8 ./SDK/startup/startup_mk64f12.o
                0x0000000000001832                ENET_Transmit_IRQHandler
 .text.ENET_Receive_IRQHandler
                0x000000000000183a        0x8 ./SDK/startup/startup_mk64f12.o
                0x000000000000183a                ENET_Receive_IRQHandler
 .text.ENET_Error_IRQHandler
                0x0000000000001842        0x8 ./SDK/startup/startup_mk64f12.o
                0x0000000000001842                ENET_Error_IRQHandler
 *fill*         0x000000000000184a        0x2 ff
 .text.SystemInit
                0x000000000000184c       0x40 ./SDK/CMSIS/system_MK64F12.o
                0x000000000000184c                SystemInit
 .text.__main   0x000000000000188c        0xe /Applications/MCUXpressoIDE_11.8.0_1165/ide/plugins/com.nxp.mcuxpresso.tools.macosx_11.8.0.202306131047/tools/bin/../lib/gcc/arm-none-eabi/12.2.1/../../../../arm-none-eabi/lib/thumb/v7e-m+fp/hard/libcr_nohost_nf.a(_cr__main.o)
                0x000000000000188c                __main
 *fill*         0x000000000000189a        0x6 ff
 .text.atan2    0x00000000000018a0      0x120 /Applications/MCUXpressoIDE_11.8.0_1165/ide/plugins/com.nxp.mcuxpresso.tools.macosx_11.8.0.202306131047/tools/bin/../lib/gcc/arm-none-eabi/12.2.1/../../../../arm-none-eabi/lib/thumb/v7e-m+fp/hard/libcr_c.a(atan2.o)
                0x00000000000018a0                atan2
 .text.fabs     0x00000000000019c0       0x20 /Applications/MCUXpressoIDE_11.8.0_1165/ide/plugins/com.nxp.mcuxpresso.tools.macosx_11.8.0.202306131047/tools/bin/../lib/gcc/arm-none-eabi/12.2.1/../../../../arm-none-eabi/lib/thumb/v7e-m+fp/hard/libcr_c.a(fabs.o)
                0x00000000000019c0                fabs
 .text._initio  0x00000000000019e0       0x78 /Applications/MCUXpressoIDE_11.8.0_1165/ide/plugins/com.nxp.mcuxpresso.tools.macosx_11.8.0.202306131047/tools/bin/../lib/gcc/arm-none-eabi/12.2.1/../../../../arm-none-eabi/lib/thumb/v7e-m+fp/hard/libcr_c.a(initio.o)
                0x00000000000019e0                _initio
 .text.setvbuf  0x0000000000001a58       0x3e /Applications/MCUXpressoIDE_11.8.0_1165/ide/plugins/com.nxp.mcuxpresso.tools.macosx_11.8.0.202306131047/tools/bin/../lib/gcc/arm-none-eabi/12.2.1/../../../../arm-none-eabi/lib/thumb/v7e-m+fp/hard/libcr_c.a(setvbuf.o)
                0x0000000000001a58                setvbuf
 .text._fdopen  0x0000000000001a96       0x68 /Applications/MCUXpressoIDE_11.8.0_1165/ide/plugins/com.nxp.mcuxpresso.tools.macosx_11.8.0.202306131047/tools/bin/../lib/gcc/arm-none-eabi/12.2.1/../../../../arm-none-eabi/lib/thumb/v7e-m+fp/hard/libcr_c.a(_fdopen.o)
                0x0000000000001a96                _fdopen
 *fill*         0x0000000000001afe        0x2 ff
 .text.atan     0x0000000000001b00      0x21c /Applications/MCUXpressoIDE_11.8.0_1165/ide/plugins/com.nxp.mcuxpresso.tools.macosx_11.8.0.202306131047/tools/bin/../lib/gcc/arm-none-eabi/12.2.1/../../../../arm-none-eabi/lib/thumb/v7e-m+fp/hard/libcr_c.a(atan.o)
                0x0000000000001b00                atan
 .text.fclose   0x0000000000001d1c       0x58 /Applications/MCUXpressoIDE_11.8.0_1165/ide/plugins/com.nxp.mcuxpresso.tools.macosx_11.8.0.202306131047/tools/bin/../lib/gcc/arm-none-eabi/12.2.1/../../../../arm-none-eabi/lib/thumb/v7e-m+fp/hard/libcr_c.a(fclose.o)
                0x0000000000001d1c                fclose
 .text.fflush   0x0000000000001d74       0x3c /Applications/MCUXpressoIDE_11.8.0_1165/ide/plugins/com.nxp.mcuxpresso.tools.macosx_11.8.0.202306131047/tools/bin/../lib/gcc/arm-none-eabi/12.2.1/../../../../arm-none-eabi/lib/thumb/v7e-m+fp/hard/libcr_c.a(fflush.o)
                0x0000000000001d74                fflush
 .text.fseek    0x0000000000001db0       0xf8 /Applications/MCUXpressoIDE_11.8.0_1165/ide/plugins/com.nxp.mcuxpresso.tools.macosx_11.8.0.202306131047/tools/bin/../lib/gcc/arm-none-eabi/12.2.1/../../../../arm-none-eabi/lib/thumb/v7e-m+fp/hard/libcr_c.a(fseek.o)
                0x0000000000001db0                fseek
 .text.ftell    0x0000000000001ea8       0x44 /Applications/MCUXpressoIDE_11.8.0_1165/ide/plugins/com.nxp.mcuxpresso.tools.macosx_11.8.0.202306131047/tools/bin/../lib/gcc/arm-none-eabi/12.2.1/../../../../arm-none-eabi/lib/thumb/v7e-m+fp/hard/libcr_c.a(ftell.o)
                0x0000000000001ea8                ftell
 .text.remove   0x0000000000001eec       0x14 /Applications/MCUXpressoIDE_11.8.0_1165/ide/plugins/com.nxp.mcuxpresso.tools.macosx_11.8.0.202306131047/tools/bin/../lib/gcc/arm-none-eabi/12.2.1/../../../../arm-none-eabi/lib/thumb/v7e-m+fp/hard/libcr_c.a(remove.o)
                0x0000000000001eec                remove
 .text.strlen   0x0000000000001f00       0x4e /Applications/MCUXpressoIDE_11.8.0_1165/ide/plugins/com.nxp.mcuxpresso.tools.macosx_11.8.0.202306131047/tools/bin/../lib/gcc/arm-none-eabi/12.2.1/../../../../arm-none-eabi/lib/thumb/v7e-m+fp/hard/libcr_c.a(strlen.o)
                0x0000000000001f00                strlen
 .text.memset   0x0000000000001f4e        0x4 /Applications/MCUXpressoIDE_11.8.0_1165/ide/plugins/com.nxp.mcuxpresso.tools.macosx_11.8.0.202306131047/tools/bin/../lib/gcc/arm-none-eabi/12.2.1/../../../../arm-none-eabi/lib/thumb/v7e-m+fp/hard/libcr_c.a(memset.o)
                0x0000000000001f4e                memset
 .text._do_fflush
                0x0000000000001f52       0x40 /Applications/MCUXpressoIDE_11.8.0_1165/ide/plugins/com.nxp.mcuxpresso.tools.macosx_11.8.0.202306131047/tools/bin/../lib/gcc/arm-none-eabi/12.2.1/../../../../arm-none-eabi/lib/thumb/v7e-m+fp/hard/libcr_c.a(_do_fflush.o)
                0x0000000000001f52                _do_fflush
 .text._fflush  0x0000000000001f92       0x52 /Applications/MCUXpressoIDE_11.8.0_1165/ide/plugins/com.nxp.mcuxpresso.tools.macosx_11.8.0.202306131047/tools/bin/../lib/gcc/arm-none-eabi/12.2.1/../../../../arm-none-eabi/lib/thumb/v7e-m+fp/hard/libcr_c.a(_fflush.o)
                0x0000000000001f92                _fflush
 .text._Cwritebuf
                0x0000000000001fe4       0x6c /Applications/MCUXpressoIDE_11.8.0_1165/ide/plugins/com.nxp.mcuxpresso.tools.macosx_11.8.0.202306131047/tools/bin/../lib/gcc/arm-none-eabi/12.2.1/../../../../arm-none-eabi/lib/thumb/v7e-m+fp/hard/libcr_c.a(_writebuf.o)
                0x0000000000001fe4                _Cwritebuf
 .text.free     0x0000000000002050       0x30 /Applications/MCUXpressoIDE_11.8.0_1165/ide/plugins/com.nxp.mcuxpresso.tools.macosx_11.8.0.202306131047/tools/bin/../lib/gcc/arm-none-eabi/12.2.1/../../../../arm-none-eabi/lib/thumb/v7e-m+fp/hard/libcr_c.a(alloc.o)
                0x0000000000002050                free
 .text._deferredlazyseek
                0x0000000000002080       0x40 /Applications/MCUXpressoIDE_11.8.0_1165/ide/plugins/com.nxp.mcuxpresso.tools.macosx_11.8.0.202306131047/tools/bin/../lib/gcc/arm-none-eabi/12.2.1/../../../../arm-none-eabi/lib/thumb/v7e-m+fp/hard/libcr_c.a(_deferredlazyseek.o)
                0x0000000000002080                _deferredlazyseek
 .text.__aeabi_dmul
                0x00000000000020c0       0xfc /Applications/MCUXpressoIDE_11.8.0_1165/ide/plugins/com.nxp.mcuxpresso.tools.macosx_11.8.0.202306131047/tools/bin/../lib/gcc/arm-none-eabi/12.2.1/thumb/v7e-m+fp/hard/libcr_eabihelpers.a(double.o)
                0x00000000000020c0                __aeabi_dmul
 .text.__aeabi_ddiv
                0x00000000000021bc      0x12c /Applications/MCUXpressoIDE_11.8.0_1165/ide/plugins/com.nxp.mcuxpresso.tools.macosx_11.8.0.202306131047/tools/bin/../lib/gcc/arm-none-eabi/12.2.1/thumb/v7e-m+fp/hard/libcr_eabihelpers.a(double.o)
                0x00000000000021bc                __aeabi_ddiv
 .text.__aeabi_dsub
                0x00000000000022e8      0x1b4 /Applications/MCUXpressoIDE_11.8.0_1165/ide/plugins/com.nxp.mcuxpresso.tools.macosx_11.8.0.202306131047/tools/bin/../lib/gcc/arm-none-eabi/12.2.1/thumb/v7e-m+fp/hard/libcr_eabihelpers.a(double.o)
                0x00000000000022e8                __aeabi_dsub
 .text.__aeabi_dadd
                0x000000000000249c      0x138 /Applications/MCUXpressoIDE_11.8.0_1165/ide/plugins/com.nxp.mcuxpresso.tools.macosx_11.8.0.202306131047/tools/bin/../lib/gcc/arm-none-eabi/12.2.1/thumb/v7e-m+fp/hard/libcr_eabihelpers.a(double.o)
                0x000000000000249c                __aeabi_dadd
 .text.__aeabi_d2f
                0x00000000000025d4       0x58 /Applications/MCUXpressoIDE_11.8.0_1165/ide/plugins/com.nxp.mcuxpresso.tools.macosx_11.8.0.202306131047/tools/bin/../lib/gcc/arm-none-eabi/12.2.1/thumb/v7e-m+fp/hard/libcr_eabihelpers.a(double.o)
                0x00000000000025d4                __aeabi_d2f
 .text.__aeabi_d2iz
                0x000000000000262c       0x42 /Applications/MCUXpressoIDE_11.8.0_1165/ide/plugins/com.nxp.mcuxpresso.tools.macosx_11.8.0.202306131047/tools/bin/../lib/gcc/arm-none-eabi/12.2.1/thumb/v7e-m+fp/hard/libcr_eabihelpers.a(double.o)
                0x000000000000262c                __aeabi_d2iz
 .text.__bhs_ui2d
                0x000000000000266e       0x46 /Applications/MCUXpressoIDE_11.8.0_1165/ide/plugins/com.nxp.mcuxpresso.tools.macosx_11.8.0.202306131047/tools/bin/../lib/gcc/arm-none-eabi/12.2.1/thumb/v7e-m+fp/hard/libcr_eabihelpers.a(double.o)
                0x000000000000266e                __bhs_ui2d
 .text.__aeabi_i2d
                0x00000000000026b4       0x10 /Applications/MCUXpressoIDE_11.8.0_1165/ide/plugins/com.nxp.mcuxpresso.tools.macosx_11.8.0.202306131047/tools/bin/../lib/gcc/arm-none-eabi/12.2.1/thumb/v7e-m+fp/hard/libcr_eabihelpers.a(double.o)
                0x00000000000026b4                __aeabi_i2d
 .text.__aeabi_dcmpeq
                0x00000000000026c4       0x3e /Applications/MCUXpressoIDE_11.8.0_1165/ide/plugins/com.nxp.mcuxpresso.tools.macosx_11.8.0.202306131047/tools/bin/../lib/gcc/arm-none-eabi/12.2.1/thumb/v7e-m+fp/hard/libcr_eabihelpers.a(double.o)
                0x00000000000026c4                __aeabi_dcmpeq
 .text.__aeabi_dcmplt
                0x0000000000002702       0x5a /Applications/MCUXpressoIDE_11.8.0_1165/ide/plugins/com.nxp.mcuxpresso.tools.macosx_11.8.0.202306131047/tools/bin/../lib/gcc/arm-none-eabi/12.2.1/thumb/v7e-m+fp/hard/libcr_eabihelpers.a(double.o)
                0x0000000000002702                __aeabi_dcmplt
 .text.__aeabi_dcmpgt
                0x000000000000275c       0x56 /Applications/MCUXpressoIDE_11.8.0_1165/ide/plugins/com.nxp.mcuxpresso.tools.macosx_11.8.0.202306131047/tools/bin/../lib/gcc/arm-none-eabi/12.2.1/thumb/v7e-m+fp/hard/libcr_eabihelpers.a(double.o)
                0x000000000000275c                __aeabi_dcmpgt
 .text.__aeabi_memset_lowlevel
                0x00000000000027b2       0x32 /Applications/MCUXpressoIDE_11.8.0_1165/ide/plugins/com.nxp.mcuxpresso.tools.macosx_11.8.0.202306131047/tools/bin/../lib/gcc/arm-none-eabi/12.2.1/thumb/v7e-m+fp/hard/libcr_eabihelpers.a(memcpy.o)
                0x00000000000027b2                __aeabi_lowlevel_memset
 .text.__sys_close
                0x00000000000027e4        0x6 /Applications/MCUXpressoIDE_11.8.0_1165/ide/plugins/com.nxp.mcuxpresso.tools.macosx_11.8.0.202306131047/tools/bin/../lib/gcc/arm-none-eabi/12.2.1/../../../../arm-none-eabi/lib/thumb/v7e-m+fp/hard/libcr_nohost_nf.a(__sys_close.o)
                0x00000000000027e4                __sys_close
 .text.__sys_flen
                0x00000000000027ea        0x6 /Applications/MCUXpressoIDE_11.8.0_1165/ide/plugins/com.nxp.mcuxpresso.tools.macosx_11.8.0.202306131047/tools/bin/../lib/gcc/arm-none-eabi/12.2.1/../../../../arm-none-eabi/lib/thumb/v7e-m+fp/hard/libcr_nohost_nf.a(__sys_flen.o)
                0x00000000000027ea                __sys_flen
 .text.__sys_istty
                0x00000000000027f0        0x6 /Applications/MCUXpressoIDE_11.8.0_1165/ide/plugins/com.nxp.mcuxpresso.tools.macosx_11.8.0.202306131047/tools/bin/../lib/gcc/arm-none-eabi/12.2.1/../../../../arm-none-eabi/lib/thumb/v7e-m+fp/hard/libcr_nohost_nf.a(__sys_istty.o)
                0x00000000000027f0                __sys_istty
 .text.__sys_remove
                0x00000000000027f6        0x6 /Applications/MCUXpressoIDE_11.8.0_1165/ide/plugins/com.nxp.mcuxpresso.tools.macosx_11.8.0.202306131047/tools/bin/../lib/gcc/arm-none-eabi/12.2.1/../../../../arm-none-eabi/lib/thumb/v7e-m+fp/hard/libcr_nohost_nf.a(__sys_remove.o)
                0x00000000000027f6                __sys_remove
 .text.__sys_seek
                0x00000000000027fc        0x6 /Applications/MCUXpressoIDE_11.8.0_1165/ide/plugins/com.nxp.mcuxpresso.tools.macosx_11.8.0.202306131047/tools/bin/../lib/gcc/arm-none-eabi/12.2.1/../../../../arm-none-eabi/lib/thumb/v7e-m+fp/hard/libcr_nohost_nf.a(__sys_seek.o)
                0x00000000000027fc                __sys_seek
 .text.__sys_tmpnam
                0x0000000000002802        0x6 /Applications/MCUXpressoIDE_11.8.0_1165/ide/plugins/com.nxp.mcuxpresso.tools.macosx_11.8.0.202306131047/tools/bin/../lib/gcc/arm-none-eabi/12.2.1/../../../../arm-none-eabi/lib/thumb/v7e-m+fp/hard/libcr_nohost_nf.a(__sys_tmpnam.o)
                0x0000000000002802                __sys_tmpnam
 .text.__sys_write
                0x0000000000002808        0x4 /Applications/MCUXpressoIDE_11.8.0_1165/ide/plugins/com.nxp.mcuxpresso.tools.macosx_11.8.0.202306131047/tools/bin/../lib/gcc/arm-none-eabi/12.2.1/../../../../arm-none-eabi/lib/thumb/v7e-m+fp/hard/libcr_nohost_nf.a(__sys_write.o)
                0x0000000000002808                __sys_write
 *(.rodata .rodata.* .constdata .constdata.*)
 .rodata        0x000000000000280c        0x3 ./source/drv/i2c.o
 .rodata._initio.str1.1
                0x000000000000280f        0x4 /Applications/MCUXpressoIDE_11.8.0_1165/ide/plugins/com.nxp.mcuxpresso.tools.macosx_11.8.0.202306131047/tools/bin/../lib/gcc/arm-none-eabi/12.2.1/../../../../arm-none-eabi/lib/thumb/v7e-m+fp/hard/libcr_c.a(initio.o)
 *fill*         0x0000000000002813        0x5 ff
 .rodata.a.0    0x0000000000002818       0x20 /Applications/MCUXpressoIDE_11.8.0_1165/ide/plugins/com.nxp.mcuxpresso.tools.macosx_11.8.0.202306131047/tools/bin/../lib/gcc/arm-none-eabi/12.2.1/../../../../arm-none-eabi/lib/thumb/v7e-m+fp/hard/libcr_c.a(atan.o)
 .rodata.__num_Ciob_streams
                0x0000000000002838        0x4 /Applications/MCUXpressoIDE_11.8.0_1165/ide/plugins/com.nxp.mcuxpresso.tools.macosx_11.8.0.202306131047/tools/bin/../lib/gcc/arm-none-eabi/12.2.1/../../../../arm-none-eabi/lib/thumb/v7e-m+fp/hard/libcr_nohost_nf.a(__ciob.o)
                0x0000000000002838                __num_Ciob_streams
                0x0000000000002840                . = ALIGN (0x8)
 *fill*         0x000000000000283c        0x4 ff

.glue_7         0x0000000000002840        0x0
 .glue_7        0x0000000000002840        0x0 linker stubs

.glue_7t        0x0000000000002840        0x0
 .glue_7t       0x0000000000002840        0x0 linker stubs

.vfp11_veneer   0x0000000000002840        0x0
 .vfp11_veneer  0x0000000000002840        0x0 linker stubs

.v4_bx          0x0000000000002840        0x0
 .v4_bx         0x0000000000002840        0x0 linker stubs

.iplt           0x0000000000002840        0x0
 .iplt          0x0000000000002840        0x0 ./source/drv/SysTick.o

.rel.dyn        0x0000000000002840        0x0
 .rel.iplt      0x0000000000002840        0x0 ./source/drv/SysTick.o

.ARM.extab
 *(.ARM.extab* .gnu.linkonce.armextab.*)

.ARM.exidx      0x0000000000002840        0x0
                0x0000000000002840                __exidx_start = .
 *(.ARM.exidx* .gnu.linkonce.armexidx.*)
                0x0000000000002840                __exidx_end = .
                0x0000000000002840                _etext = .

.m_usb_data
 *(m_usb_bdt)

.data_RAM2      0x000000001fff0000        0x0 load address 0x0000000000002840
 FILL mask 0xff
                [!provide]                        PROVIDE (__start_data_RAM2 = .)
                [!provide]                        PROVIDE (__start_data_SRAM_LOWER = .)
 *(.ramfunc.$RAM2)
 *(.ramfunc.$SRAM_LOWER)
 *(.data.$RAM2)
 *(.data.$SRAM_LOWER)
 *(.data.$RAM2.*)
 *(.data.$SRAM_LOWER.*)
                0x000000001fff0000                . = ALIGN (0x8)
                [!provide]                        PROVIDE (__end_data_RAM2 = .)
                [!provide]                        PROVIDE (__end_data_SRAM_LOWER = .)

.data_RAM3      0x0000000014000000        0x0 load address 0x0000000000002840
 FILL mask 0xff
                [!provide]                        PROVIDE (__start_data_RAM3 = .)
                [!provide]                        PROVIDE (__start_data_FLEX_RAM = .)
 *(.ramfunc.$RAM3)
 *(.ramfunc.$FLEX_RAM)
 *(.data.$RAM3)
 *(.data.$FLEX_RAM)
 *(.data.$RAM3.*)
 *(.data.$FLEX_RAM.*)
                0x0000000014000000                . = ALIGN (0x8)
                [!provide]                        PROVIDE (__end_data_RAM3 = .)
                [!provide]                        PROVIDE (__end_data_FLEX_RAM = .)

.uninit_RESERVED
                0x0000000020000000        0x0
                0x0000000020000000                _start_uninit_RESERVED = .
 *(.bss.$RESERVED*)
                0x0000000020000000                . = ALIGN (0x8)
                0x0000000020000000                _end_uninit_RESERVED = .

.data           0x0000000020000000      0x110 load address 0x0000000000002840
 FILL mask 0xff
                0x0000000020000000                _data = .
                [!provide]                        PROVIDE (__start_data_RAM = .)
                [!provide]                        PROVIDE (__start_data_SRAM_UPPER = .)
 *(vtable)
 *(.ramfunc*)
 *(CodeQuickAccess)
 *(DataQuickAccess)
 *(RamFunction)
 *(.data*)
 .data.I2C_array
                0x0000000020000000        0xc ./source/drv/i2c.o
                0x0000000020000000                I2C_array
 .data.ICR2SCLDivider
                0x000000002000000c      0x100 ./source/drv/i2c.o
                0x0000000020000110                . = ALIGN (0x8)
 *fill*         0x000000002000010c        0x4 ff
                0x0000000020000110                _edata = .
                [!provide]                        PROVIDE (__end_data_RAM = .)
                [!provide]                        PROVIDE (__end_data_SRAM_UPPER = .)

.igot.plt       0x0000000020000110        0x0 load address 0x0000000000002950
 .igot.plt      0x0000000020000110        0x0 ./source/drv/SysTick.o

.bss_RAM2       0x000000001fff0000        0x0
                [!provide]                        PROVIDE (__start_bss_RAM2 = .)
                [!provide]                        PROVIDE (__start_bss_SRAM_LOWER = .)
 *(.bss.$RAM2)
 *(.bss.$SRAM_LOWER)
 *(.bss.$RAM2.*)
 *(.bss.$SRAM_LOWER.*)
                0x000000001fff0000                . = ALIGN ((. != 0x0)?0x8:0x1)
                [!provide]                        PROVIDE (__end_bss_RAM2 = .)
                [!provide]                        PROVIDE (__end_bss_SRAM_LOWER = .)

.bss_RAM3       0x0000000014000000        0x0
                [!provide]                        PROVIDE (__start_bss_RAM3 = .)
                [!provide]                        PROVIDE (__start_bss_FLEX_RAM = .)
 *(.bss.$RAM3)
 *(.bss.$FLEX_RAM)
 *(.bss.$RAM3.*)
 *(.bss.$FLEX_RAM.*)
                0x0000000014000000                . = ALIGN ((. != 0x0)?0x8:0x1)
                [!provide]                        PROVIDE (__end_bss_RAM3 = .)
                [!provide]                        PROVIDE (__end_bss_FLEX_RAM = .)

.bss            0x0000000020000110      0x228
                0x0000000020000110                _bss = .
                [!provide]                        PROVIDE (__start_bss_RAM = .)
                [!provide]                        PROVIDE (__start_bss_SRAM_UPPER = .)
 *(.bss*)
 .bss.systick_Callback_Array
                0x0000000020000110       0xb4 ./source/drv/SysTick.o
 .bss.num_Callbacks
                0x00000000200001c4        0x4 ./source/drv/SysTick.o
 .bss.Accel     0x00000000200001c8       0x44 ./source/drv/accel.o
 .bss.I2C_Objects
                0x000000002000020c       0x60 ./source/drv/i2c.o
                0x000000002000020c                I2C_Objects
 .bss.accel_data.0
                0x000000002000026c        0xc ./source/App.o
 .bss.__LDM_interruptDisableCount
                0x0000000020000278        0x4 ./SDK/startup/hardware.o
 .bss.errno     0x000000002000027c        0x4 /Applications/MCUXpressoIDE_11.8.0_1165/ide/plugins/com.nxp.mcuxpresso.tools.macosx_11.8.0.202306131047/tools/bin/../lib/gcc/arm-none-eabi/12.2.1/../../../../arm-none-eabi/lib/thumb/v7e-m+fp/hard/libcr_c.a(errno.o)
                0x000000002000027c                errno
 .bss.__Ciob    0x0000000020000280       0xb4 /Applications/MCUXpressoIDE_11.8.0_1165/ide/plugins/com.nxp.mcuxpresso.tools.macosx_11.8.0.202306131047/tools/bin/../lib/gcc/arm-none-eabi/12.2.1/../../../../arm-none-eabi/lib/thumb/v7e-m+fp/hard/libcr_nohost_nf.a(__ciob.o)
                0x0000000020000280                __Ciob
 *(COMMON)
                0x0000000020000338                . = ALIGN (0x8)
 *fill*         0x0000000020000334        0x4 
                0x0000000020000338                _ebss = .
                [!provide]                        PROVIDE (__end_bss_RAM = .)
                [!provide]                        PROVIDE (__end_bss_SRAM_UPPER = .)
                [!provide]                        PROVIDE (end = .)

.noinit_RAM2    0x000000001fff0000        0x0
                [!provide]                        PROVIDE (__start_noinit_RAM2 = .)
                [!provide]                        PROVIDE (__start_noinit_SRAM_LOWER = .)
 *(.noinit.$RAM2)
 *(.noinit.$SRAM_LOWER)
 *(.noinit.$RAM2.*)
 *(.noinit.$SRAM_LOWER.*)
                0x000000001fff0000                . = ALIGN (0x8)
                [!provide]                        PROVIDE (__end_noinit_RAM2 = .)
                [!provide]                        PROVIDE (__end_noinit_SRAM_LOWER = .)

.noinit_RAM3    0x0000000014000000        0x0
                [!provide]                        PROVIDE (__start_noinit_RAM3 = .)
                [!provide]                        PROVIDE (__start_noinit_FLEX_RAM = .)
 *(.noinit.$RAM3)
 *(.noinit.$FLEX_RAM)
 *(.noinit.$RAM3.*)
 *(.noinit.$FLEX_RAM.*)
                0x0000000014000000                . = ALIGN (0x8)
                [!provide]                        PROVIDE (__end_noinit_RAM3 = .)
                [!provide]                        PROVIDE (__end_noinit_FLEX_RAM = .)

.noinit         0x0000000020000338        0x0
                0x0000000020000338                _noinit = .
                [!provide]                        PROVIDE (__start_noinit_RAM = .)
                [!provide]                        PROVIDE (__start_noinit_SRAM_UPPER = .)
 *(.noinit*)
                0x0000000020000338                . = ALIGN (0x8)
                0x0000000020000338                _end_noinit = .
                [!provide]                        PROVIDE (__end_noinit_RAM = .)
                [!provide]                        PROVIDE (__end_noinit_SRAM_UPPER = .)
                0x0000000000001000                _HeapSize = 0x1000

.heap           0x0000000020000338     0x1000
                0x0000000020000338                _pvHeapStart = .
                0x0000000020001338                . = (. + _HeapSize)
 *fill*         0x0000000020000338     0x1000 
                0x0000000020001338                . = ALIGN (0x8)
                0x0000000020001338                _pvHeapLimit = .
                0x0000000000001000                _StackSize = 0x1000

.heap2stackfill
                0x0000000020001338     0x1000
                0x0000000020002338                . = (. + _StackSize)
 *fill*         0x0000000020001338     0x1000 

.stack          0x000000002002f000        0x0
                0x000000002002f000                _vStackBase = .
                0x000000002002f000                . = ALIGN (0x8)
                0x0000000020030000                _vStackTop = (. + _StackSize)
                0x0000000000000000                _image_start = LOADADDR (.text)
                0x0000000000002950                _image_end = (LOADADDR (.data) + SIZEOF (.data))
                0x0000000000002950                _image_size = (_image_end - _image_start)
OUTPUT(I2C.axf elf32-littlearm)
LOAD linker stubs

.debug_info     0x0000000000000000     0x3639
 .debug_info    0x0000000000000000      0x1e2 ./source/drv/SysTick.o
 .debug_info    0x00000000000001e2      0x3fb ./source/drv/accel.o
 .debug_info    0x00000000000005dd      0x912 ./source/drv/gpio.o
 .debug_info    0x0000000000000eef      0xc32 ./source/drv/i2c.o
 .debug_info    0x0000000000001b21      0x179 ./source/App.o
 .debug_info    0x0000000000001c9a      0x682 ./SDK/startup/hardware.o
 .debug_info    0x000000000000231c       0xaa ./SDK/startup/main.o
 .debug_info    0x00000000000023c6      0xc6f ./SDK/startup/startup_mk64f12.o
 .debug_info    0x0000000000003035      0x604 ./SDK/CMSIS/system_MK64F12.o

.debug_abbrev   0x0000000000000000      0xcd9
 .debug_abbrev  0x0000000000000000      0x15d ./source/drv/SysTick.o
 .debug_abbrev  0x000000000000015d      0x1e5 ./source/drv/accel.o
 .debug_abbrev  0x0000000000000342      0x1ca ./source/drv/gpio.o
 .debug_abbrev  0x000000000000050c      0x298 ./source/drv/i2c.o
 .debug_abbrev  0x00000000000007a4       0xf6 ./source/App.o
 .debug_abbrev  0x000000000000089a      0x135 ./SDK/startup/hardware.o
 .debug_abbrev  0x00000000000009cf       0x5b ./SDK/startup/main.o
 .debug_abbrev  0x0000000000000a2a      0x17e ./SDK/startup/startup_mk64f12.o
 .debug_abbrev  0x0000000000000ba8      0x131 ./SDK/CMSIS/system_MK64F12.o

.debug_aranges  0x0000000000000000      0x500
 .debug_aranges
                0x0000000000000000       0x30 ./source/drv/SysTick.o
 .debug_aranges
                0x0000000000000030       0x58 ./source/drv/accel.o
 .debug_aranges
                0x0000000000000088       0x50 ./source/drv/gpio.o
 .debug_aranges
                0x00000000000000d8       0x58 ./source/drv/i2c.o
 .debug_aranges
                0x0000000000000130       0x28 ./source/App.o
 .debug_aranges
                0x0000000000000158       0x30 ./SDK/startup/hardware.o
 .debug_aranges
                0x0000000000000188       0x20 ./SDK/startup/main.o
 .debug_aranges
                0x00000000000001a8      0x330 ./SDK/startup/startup_mk64f12.o
 .debug_aranges
                0x00000000000004d8       0x28 ./SDK/CMSIS/system_MK64F12.o

.debug_rnglists
                0x0000000000000000      0x39d
 .debug_rnglists
                0x0000000000000000       0x20 ./source/drv/SysTick.o
 .debug_rnglists
                0x0000000000000020       0x3f ./source/drv/accel.o
 .debug_rnglists
                0x000000000000005f       0x38 ./source/drv/gpio.o
 .debug_rnglists
                0x0000000000000097       0x41 ./source/drv/i2c.o
 .debug_rnglists
                0x00000000000000d8       0x19 ./source/App.o
 .debug_rnglists
                0x00000000000000f1       0x20 ./SDK/startup/hardware.o
 .debug_rnglists
                0x0000000000000111       0x13 ./SDK/startup/main.o
 .debug_rnglists
                0x0000000000000124      0x25f ./SDK/startup/startup_mk64f12.o
 .debug_rnglists
                0x0000000000000383       0x1a ./SDK/CMSIS/system_MK64F12.o

.debug_macro    0x0000000000000000    0x120f7
 .debug_macro   0x0000000000000000       0xe9 ./source/drv/SysTick.o
 .debug_macro   0x00000000000000e9      0xad8 ./source/drv/SysTick.o
 .debug_macro   0x0000000000000bc1       0x22 ./source/drv/SysTick.o
 .debug_macro   0x0000000000000be3       0x10 ./source/drv/SysTick.o
 .debug_macro   0x0000000000000bf3      0x12e ./source/drv/SysTick.o
 .debug_macro   0x0000000000000d21      0x5b3 ./source/drv/SysTick.o
 .debug_macro   0x00000000000012d4       0x1c ./source/drv/SysTick.o
 .debug_macro   0x00000000000012f0       0x10 ./source/drv/SysTick.o
 .debug_macro   0x0000000000001300       0x5b ./source/drv/SysTick.o
 .debug_macro   0x000000000000135b       0x3b ./source/drv/SysTick.o
 .debug_macro   0x0000000000001396       0x50 ./source/drv/SysTick.o
 .debug_macro   0x00000000000013e6      0xd40 ./source/drv/SysTick.o
 .debug_macro   0x0000000000002126       0x44 ./source/drv/SysTick.o
 .debug_macro   0x000000000000216a     0xe07b ./source/drv/SysTick.o
 .debug_macro   0x00000000000101e5     0x13c7 ./source/drv/SysTick.o
 .debug_macro   0x00000000000115ac       0x16 ./source/drv/SysTick.o
 .debug_macro   0x00000000000115c2       0x52 ./source/drv/SysTick.o
 .debug_macro   0x0000000000011614       0xf2 ./source/drv/accel.o
 .debug_macro   0x0000000000011706      0x2f5 ./source/drv/accel.o
 .debug_macro   0x00000000000119fb       0x22 ./source/drv/accel.o
 .debug_macro   0x0000000000011a1d       0xc4 ./source/drv/accel.o
 .debug_macro   0x0000000000011ae1       0xc3 ./source/drv/gpio.o
 .debug_macro   0x0000000000011ba4      0x1bb ./source/drv/i2c.o
 .debug_macro   0x0000000000011d5f       0x58 ./source/drv/i2c.o
 .debug_macro   0x0000000000011db7       0x40 ./source/drv/i2c.o
 .debug_macro   0x0000000000011df7       0xc2 ./source/App.o
 .debug_macro   0x0000000000011eb9       0xbb ./SDK/startup/hardware.o
 .debug_macro   0x0000000000011f74       0xbb ./SDK/startup/main.o
 .debug_macro   0x000000000001202f       0x29 ./SDK/startup/startup_mk64f12.o
 .debug_macro   0x0000000000012058       0x9f ./SDK/CMSIS/system_MK64F12.o

.debug_line     0x0000000000000000     0x2b5a
 .debug_line    0x0000000000000000      0x3aa ./source/drv/SysTick.o
 .debug_line    0x00000000000003aa      0x4d0 ./source/drv/accel.o
 .debug_line    0x000000000000087a      0x41b ./source/drv/gpio.o
 .debug_line    0x0000000000000c95      0x708 ./source/drv/i2c.o
 .debug_line    0x000000000000139d      0x320 ./source/App.o
 .debug_line    0x00000000000016bd      0x39d ./SDK/startup/hardware.o
 .debug_line    0x0000000000001a5a      0x2ac ./SDK/startup/main.o
 .debug_line    0x0000000000001d06      0xaa1 ./SDK/startup/startup_mk64f12.o
 .debug_line    0x00000000000027a7      0x3b3 ./SDK/CMSIS/system_MK64F12.o

.debug_str      0x0000000000000000    0x7a5b8
 .debug_str     0x0000000000000000    0x7782e ./source/drv/SysTick.o
                                      0x778ba (size before relaxing)
 .debug_str     0x000000000007782e     0x1101 ./source/drv/accel.o
                                      0x7161d (size before relaxing)
 .debug_str     0x000000000007892f      0x948 ./source/drv/gpio.o
                                      0x70e12 (size before relaxing)
 .debug_str     0x0000000000079277      0x922 ./source/drv/i2c.o
                                      0x7888b (size before relaxing)
 .debug_str     0x0000000000079b99       0x2c ./source/App.o
                                      0x70ea3 (size before relaxing)
 .debug_str     0x0000000000079bc5      0x178 ./SDK/startup/hardware.o
                                      0x7785a (size before relaxing)
 .debug_str     0x0000000000079d3d       0x16 ./SDK/startup/main.o
                                      0x77667 (size before relaxing)
 .debug_str     0x0000000000079d53      0x815 ./SDK/startup/startup_mk64f12.o
                                       0x3726 (size before relaxing)
 .debug_str     0x000000000007a568       0x50 ./SDK/CMSIS/system_MK64F12.o
                                      0x7776a (size before relaxing)

.comment        0x0000000000000000       0x45
 .comment       0x0000000000000000       0x45 ./source/drv/SysTick.o
                                         0x46 (size before relaxing)
 .comment       0x0000000000000045       0x46 ./source/drv/accel.o
 .comment       0x0000000000000045       0x46 ./source/drv/gpio.o
 .comment       0x0000000000000045       0x46 ./source/drv/i2c.o
 .comment       0x0000000000000045       0x46 ./source/App.o
 .comment       0x0000000000000045       0x46 ./SDK/startup/hardware.o
 .comment       0x0000000000000045       0x46 ./SDK/startup/main.o
 .comment       0x0000000000000045       0x46 ./SDK/startup/startup_mk64f12.o
 .comment       0x0000000000000045       0x46 ./SDK/CMSIS/system_MK64F12.o
 .comment       0x0000000000000045       0x46 /Applications/MCUXpressoIDE_11.8.0_1165/ide/plugins/com.nxp.mcuxpresso.tools.macosx_11.8.0.202306131047/tools/bin/../lib/gcc/arm-none-eabi/12.2.1/../../../../arm-none-eabi/lib/thumb/v7e-m+fp/hard/libcr_nohost_nf.a(_cr__main.o)
 .comment       0x0000000000000045       0x46 /Applications/MCUXpressoIDE_11.8.0_1165/ide/plugins/com.nxp.mcuxpresso.tools.macosx_11.8.0.202306131047/tools/bin/../lib/gcc/arm-none-eabi/12.2.1/../../../../arm-none-eabi/lib/thumb/v7e-m+fp/hard/libcr_c.a(atan2.o)
 .comment       0x0000000000000045       0x46 /Applications/MCUXpressoIDE_11.8.0_1165/ide/plugins/com.nxp.mcuxpresso.tools.macosx_11.8.0.202306131047/tools/bin/../lib/gcc/arm-none-eabi/12.2.1/../../../../arm-none-eabi/lib/thumb/v7e-m+fp/hard/libcr_c.a(errno.o)
 .comment       0x0000000000000045       0x46 /Applications/MCUXpressoIDE_11.8.0_1165/ide/plugins/com.nxp.mcuxpresso.tools.macosx_11.8.0.202306131047/tools/bin/../lib/gcc/arm-none-eabi/12.2.1/../../../../arm-none-eabi/lib/thumb/v7e-m+fp/hard/libcr_c.a(fabs.o)
 .comment       0x0000000000000045       0x46 /Applications/MCUXpressoIDE_11.8.0_1165/ide/plugins/com.nxp.mcuxpresso.tools.macosx_11.8.0.202306131047/tools/bin/../lib/gcc/arm-none-eabi/12.2.1/../../../../arm-none-eabi/lib/thumb/v7e-m+fp/hard/libcr_c.a(initio.o)
 .comment       0x0000000000000045       0x46 /Applications/MCUXpressoIDE_11.8.0_1165/ide/plugins/com.nxp.mcuxpresso.tools.macosx_11.8.0.202306131047/tools/bin/../lib/gcc/arm-none-eabi/12.2.1/../../../../arm-none-eabi/lib/thumb/v7e-m+fp/hard/libcr_c.a(setvbuf.o)
 .comment       0x0000000000000045       0x46 /Applications/MCUXpressoIDE_11.8.0_1165/ide/plugins/com.nxp.mcuxpresso.tools.macosx_11.8.0.202306131047/tools/bin/../lib/gcc/arm-none-eabi/12.2.1/../../../../arm-none-eabi/lib/thumb/v7e-m+fp/hard/libcr_c.a(_fdopen.o)
 .comment       0x0000000000000045       0x46 /Applications/MCUXpressoIDE_11.8.0_1165/ide/plugins/com.nxp.mcuxpresso.tools.macosx_11.8.0.202306131047/tools/bin/../lib/gcc/arm-none-eabi/12.2.1/../../../../arm-none-eabi/lib/thumb/v7e-m+fp/hard/libcr_c.a(atan.o)
 .comment       0x0000000000000045       0x46 /Applications/MCUXpressoIDE_11.8.0_1165/ide/plugins/com.nxp.mcuxpresso.tools.macosx_11.8.0.202306131047/tools/bin/../lib/gcc/arm-none-eabi/12.2.1/../../../../arm-none-eabi/lib/thumb/v7e-m+fp/hard/libcr_c.a(fclose.o)
 .comment       0x0000000000000045       0x46 /Applications/MCUXpressoIDE_11.8.0_1165/ide/plugins/com.nxp.mcuxpresso.tools.macosx_11.8.0.202306131047/tools/bin/../lib/gcc/arm-none-eabi/12.2.1/../../../../arm-none-eabi/lib/thumb/v7e-m+fp/hard/libcr_c.a(fflush.o)
 .comment       0x0000000000000045       0x46 /Applications/MCUXpressoIDE_11.8.0_1165/ide/plugins/com.nxp.mcuxpresso.tools.macosx_11.8.0.202306131047/tools/bin/../lib/gcc/arm-none-eabi/12.2.1/../../../../arm-none-eabi/lib/thumb/v7e-m+fp/hard/libcr_c.a(fseek.o)
 .comment       0x0000000000000045       0x46 /Applications/MCUXpressoIDE_11.8.0_1165/ide/plugins/com.nxp.mcuxpresso.tools.macosx_11.8.0.202306131047/tools/bin/../lib/gcc/arm-none-eabi/12.2.1/../../../../arm-none-eabi/lib/thumb/v7e-m+fp/hard/libcr_c.a(ftell.o)
 .comment       0x0000000000000045       0x46 /Applications/MCUXpressoIDE_11.8.0_1165/ide/plugins/com.nxp.mcuxpresso.tools.macosx_11.8.0.202306131047/tools/bin/../lib/gcc/arm-none-eabi/12.2.1/../../../../arm-none-eabi/lib/thumb/v7e-m+fp/hard/libcr_c.a(remove.o)
 .comment       0x0000000000000045       0x46 /Applications/MCUXpressoIDE_11.8.0_1165/ide/plugins/com.nxp.mcuxpresso.tools.macosx_11.8.0.202306131047/tools/bin/../lib/gcc/arm-none-eabi/12.2.1/../../../../arm-none-eabi/lib/thumb/v7e-m+fp/hard/libcr_c.a(strlen.o)
 .comment       0x0000000000000045       0x46 /Applications/MCUXpressoIDE_11.8.0_1165/ide/plugins/com.nxp.mcuxpresso.tools.macosx_11.8.0.202306131047/tools/bin/../lib/gcc/arm-none-eabi/12.2.1/../../../../arm-none-eabi/lib/thumb/v7e-m+fp/hard/libcr_c.a(memset.o)
 .comment       0x0000000000000045       0x46 /Applications/MCUXpressoIDE_11.8.0_1165/ide/plugins/com.nxp.mcuxpresso.tools.macosx_11.8.0.202306131047/tools/bin/../lib/gcc/arm-none-eabi/12.2.1/../../../../arm-none-eabi/lib/thumb/v7e-m+fp/hard/libcr_c.a(_do_fflush.o)
 .comment       0x0000000000000045       0x46 /Applications/MCUXpressoIDE_11.8.0_1165/ide/plugins/com.nxp.mcuxpresso.tools.macosx_11.8.0.202306131047/tools/bin/../lib/gcc/arm-none-eabi/12.2.1/../../../../arm-none-eabi/lib/thumb/v7e-m+fp/hard/libcr_c.a(_fflush.o)
 .comment       0x0000000000000045       0x46 /Applications/MCUXpressoIDE_11.8.0_1165/ide/plugins/com.nxp.mcuxpresso.tools.macosx_11.8.0.202306131047/tools/bin/../lib/gcc/arm-none-eabi/12.2.1/../../../../arm-none-eabi/lib/thumb/v7e-m+fp/hard/libcr_c.a(_writebuf.o)
 .comment       0x0000000000000045       0x46 /Applications/MCUXpressoIDE_11.8.0_1165/ide/plugins/com.nxp.mcuxpresso.tools.macosx_11.8.0.202306131047/tools/bin/../lib/gcc/arm-none-eabi/12.2.1/../../../../arm-none-eabi/lib/thumb/v7e-m+fp/hard/libcr_c.a(alloc.o)
 .comment       0x0000000000000045       0x46 /Applications/MCUXpressoIDE_11.8.0_1165/ide/plugins/com.nxp.mcuxpresso.tools.macosx_11.8.0.202306131047/tools/bin/../lib/gcc/arm-none-eabi/12.2.1/../../../../arm-none-eabi/lib/thumb/v7e-m+fp/hard/libcr_c.a(_deferredlazyseek.o)
 .comment       0x0000000000000045       0x46 /Applications/MCUXpressoIDE_11.8.0_1165/ide/plugins/com.nxp.mcuxpresso.tools.macosx_11.8.0.202306131047/tools/bin/../lib/gcc/arm-none-eabi/12.2.1/thumb/v7e-m+fp/hard/libcr_eabihelpers.a(double.o)
 .comment       0x0000000000000045       0x46 /Applications/MCUXpressoIDE_11.8.0_1165/ide/plugins/com.nxp.mcuxpresso.tools.macosx_11.8.0.202306131047/tools/bin/../lib/gcc/arm-none-eabi/12.2.1/../../../../arm-none-eabi/lib/thumb/v7e-m+fp/hard/libcr_nohost_nf.a(__ciob.o)
 .comment       0x0000000000000045       0x46 /Applications/MCUXpressoIDE_11.8.0_1165/ide/plugins/com.nxp.mcuxpresso.tools.macosx_11.8.0.202306131047/tools/bin/../lib/gcc/arm-none-eabi/12.2.1/../../../../arm-none-eabi/lib/thumb/v7e-m+fp/hard/libcr_nohost_nf.a(__sys_close.o)
 .comment       0x0000000000000045       0x46 /Applications/MCUXpressoIDE_11.8.0_1165/ide/plugins/com.nxp.mcuxpresso.tools.macosx_11.8.0.202306131047/tools/bin/../lib/gcc/arm-none-eabi/12.2.1/../../../../arm-none-eabi/lib/thumb/v7e-m+fp/hard/libcr_nohost_nf.a(__sys_flen.o)
 .comment       0x0000000000000045       0x46 /Applications/MCUXpressoIDE_11.8.0_1165/ide/plugins/com.nxp.mcuxpresso.tools.macosx_11.8.0.202306131047/tools/bin/../lib/gcc/arm-none-eabi/12.2.1/../../../../arm-none-eabi/lib/thumb/v7e-m+fp/hard/libcr_nohost_nf.a(__sys_istty.o)
 .comment       0x0000000000000045       0x46 /Applications/MCUXpressoIDE_11.8.0_1165/ide/plugins/com.nxp.mcuxpresso.tools.macosx_11.8.0.202306131047/tools/bin/../lib/gcc/arm-none-eabi/12.2.1/../../../../arm-none-eabi/lib/thumb/v7e-m+fp/hard/libcr_nohost_nf.a(__sys_remove.o)
 .comment       0x0000000000000045       0x46 /Applications/MCUXpressoIDE_11.8.0_1165/ide/plugins/com.nxp.mcuxpresso.tools.macosx_11.8.0.202306131047/tools/bin/../lib/gcc/arm-none-eabi/12.2.1/../../../../arm-none-eabi/lib/thumb/v7e-m+fp/hard/libcr_nohost_nf.a(__sys_seek.o)
 .comment       0x0000000000000045       0x46 /Applications/MCUXpressoIDE_11.8.0_1165/ide/plugins/com.nxp.mcuxpresso.tools.macosx_11.8.0.202306131047/tools/bin/../lib/gcc/arm-none-eabi/12.2.1/../../../../arm-none-eabi/lib/thumb/v7e-m+fp/hard/libcr_nohost_nf.a(__sys_tmpnam.o)
 .comment       0x0000000000000045       0x46 /Applications/MCUXpressoIDE_11.8.0_1165/ide/plugins/com.nxp.mcuxpresso.tools.macosx_11.8.0.202306131047/tools/bin/../lib/gcc/arm-none-eabi/12.2.1/../../../../arm-none-eabi/lib/thumb/v7e-m+fp/hard/libcr_nohost_nf.a(__sys_write.o)

.ARM.attributes
                0x0000000000000000       0x32
 .ARM.attributes
                0x0000000000000000       0x34 ./source/drv/SysTick.o
 .ARM.attributes
                0x0000000000000034       0x34 ./source/drv/accel.o
 .ARM.attributes
                0x0000000000000068       0x34 ./source/drv/gpio.o
 .ARM.attributes
                0x000000000000009c       0x34 ./source/drv/i2c.o
 .ARM.attributes
                0x00000000000000d0       0x34 ./source/App.o
 .ARM.attributes
                0x0000000000000104       0x34 ./SDK/startup/hardware.o
 .ARM.attributes
                0x0000000000000138       0x34 ./SDK/startup/main.o
 .ARM.attributes
                0x000000000000016c       0x34 ./SDK/startup/startup_mk64f12.o
 .ARM.attributes
                0x00000000000001a0       0x34 ./SDK/CMSIS/system_MK64F12.o
 .ARM.attributes
                0x00000000000001d4       0x34 /Applications/MCUXpressoIDE_11.8.0_1165/ide/plugins/com.nxp.mcuxpresso.tools.macosx_11.8.0.202306131047/tools/bin/../lib/gcc/arm-none-eabi/12.2.1/../../../../arm-none-eabi/lib/thumb/v7e-m+fp/hard/libcr_nohost_nf.a(_cr__main.o)
 .ARM.attributes
                0x0000000000000208       0x34 /Applications/MCUXpressoIDE_11.8.0_1165/ide/plugins/com.nxp.mcuxpresso.tools.macosx_11.8.0.202306131047/tools/bin/../lib/gcc/arm-none-eabi/12.2.1/../../../../arm-none-eabi/lib/thumb/v7e-m+fp/hard/libcr_c.a(atan2.o)
 .ARM.attributes
                0x000000000000023c       0x34 /Applications/MCUXpressoIDE_11.8.0_1165/ide/plugins/com.nxp.mcuxpresso.tools.macosx_11.8.0.202306131047/tools/bin/../lib/gcc/arm-none-eabi/12.2.1/../../../../arm-none-eabi/lib/thumb/v7e-m+fp/hard/libcr_c.a(errno.o)
 .ARM.attributes
                0x0000000000000270       0x34 /Applications/MCUXpressoIDE_11.8.0_1165/ide/plugins/com.nxp.mcuxpresso.tools.macosx_11.8.0.202306131047/tools/bin/../lib/gcc/arm-none-eabi/12.2.1/../../../../arm-none-eabi/lib/thumb/v7e-m+fp/hard/libcr_c.a(fabs.o)
 .ARM.attributes
                0x00000000000002a4       0x34 /Applications/MCUXpressoIDE_11.8.0_1165/ide/plugins/com.nxp.mcuxpresso.tools.macosx_11.8.0.202306131047/tools/bin/../lib/gcc/arm-none-eabi/12.2.1/../../../../arm-none-eabi/lib/thumb/v7e-m+fp/hard/libcr_c.a(initio.o)
 .ARM.attributes
                0x00000000000002d8       0x34 /Applications/MCUXpressoIDE_11.8.0_1165/ide/plugins/com.nxp.mcuxpresso.tools.macosx_11.8.0.202306131047/tools/bin/../lib/gcc/arm-none-eabi/12.2.1/../../../../arm-none-eabi/lib/thumb/v7e-m+fp/hard/libcr_c.a(setvbuf.o)
 .ARM.attributes
                0x000000000000030c       0x34 /Applications/MCUXpressoIDE_11.8.0_1165/ide/plugins/com.nxp.mcuxpresso.tools.macosx_11.8.0.202306131047/tools/bin/../lib/gcc/arm-none-eabi/12.2.1/../../../../arm-none-eabi/lib/thumb/v7e-m+fp/hard/libcr_c.a(_fdopen.o)
 .ARM.attributes
                0x0000000000000340       0x34 /Applications/MCUXpressoIDE_11.8.0_1165/ide/plugins/com.nxp.mcuxpresso.tools.macosx_11.8.0.202306131047/tools/bin/../lib/gcc/arm-none-eabi/12.2.1/../../../../arm-none-eabi/lib/thumb/v7e-m+fp/hard/libcr_c.a(atan.o)
 .ARM.attributes
                0x0000000000000374       0x34 /Applications/MCUXpressoIDE_11.8.0_1165/ide/plugins/com.nxp.mcuxpresso.tools.macosx_11.8.0.202306131047/tools/bin/../lib/gcc/arm-none-eabi/12.2.1/../../../../arm-none-eabi/lib/thumb/v7e-m+fp/hard/libcr_c.a(fclose.o)
 .ARM.attributes
                0x00000000000003a8       0x34 /Applications/MCUXpressoIDE_11.8.0_1165/ide/plugins/com.nxp.mcuxpresso.tools.macosx_11.8.0.202306131047/tools/bin/../lib/gcc/arm-none-eabi/12.2.1/../../../../arm-none-eabi/lib/thumb/v7e-m+fp/hard/libcr_c.a(fflush.o)
 .ARM.attributes
                0x00000000000003dc       0x34 /Applications/MCUXpressoIDE_11.8.0_1165/ide/plugins/com.nxp.mcuxpresso.tools.macosx_11.8.0.202306131047/tools/bin/../lib/gcc/arm-none-eabi/12.2.1/../../../../arm-none-eabi/lib/thumb/v7e-m+fp/hard/libcr_c.a(fseek.o)
 .ARM.attributes
                0x0000000000000410       0x34 /Applications/MCUXpressoIDE_11.8.0_1165/ide/plugins/com.nxp.mcuxpresso.tools.macosx_11.8.0.202306131047/tools/bin/../lib/gcc/arm-none-eabi/12.2.1/../../../../arm-none-eabi/lib/thumb/v7e-m+fp/hard/libcr_c.a(ftell.o)
 .ARM.attributes
                0x0000000000000444       0x34 /Applications/MCUXpressoIDE_11.8.0_1165/ide/plugins/com.nxp.mcuxpresso.tools.macosx_11.8.0.202306131047/tools/bin/../lib/gcc/arm-none-eabi/12.2.1/../../../../arm-none-eabi/lib/thumb/v7e-m+fp/hard/libcr_c.a(remove.o)
 .ARM.attributes
                0x0000000000000478       0x34 /Applications/MCUXpressoIDE_11.8.0_1165/ide/plugins/com.nxp.mcuxpresso.tools.macosx_11.8.0.202306131047/tools/bin/../lib/gcc/arm-none-eabi/12.2.1/../../../../arm-none-eabi/lib/thumb/v7e-m+fp/hard/libcr_c.a(strlen.o)
 .ARM.attributes
                0x00000000000004ac       0x34 /Applications/MCUXpressoIDE_11.8.0_1165/ide/plugins/com.nxp.mcuxpresso.tools.macosx_11.8.0.202306131047/tools/bin/../lib/gcc/arm-none-eabi/12.2.1/../../../../arm-none-eabi/lib/thumb/v7e-m+fp/hard/libcr_c.a(memset.o)
 .ARM.attributes
                0x00000000000004e0       0x34 /Applications/MCUXpressoIDE_11.8.0_1165/ide/plugins/com.nxp.mcuxpresso.tools.macosx_11.8.0.202306131047/tools/bin/../lib/gcc/arm-none-eabi/12.2.1/../../../../arm-none-eabi/lib/thumb/v7e-m+fp/hard/libcr_c.a(_do_fflush.o)
 .ARM.attributes
                0x0000000000000514       0x34 /Applications/MCUXpressoIDE_11.8.0_1165/ide/plugins/com.nxp.mcuxpresso.tools.macosx_11.8.0.202306131047/tools/bin/../lib/gcc/arm-none-eabi/12.2.1/../../../../arm-none-eabi/lib/thumb/v7e-m+fp/hard/libcr_c.a(_fflush.o)
 .ARM.attributes
                0x0000000000000548       0x34 /Applications/MCUXpressoIDE_11.8.0_1165/ide/plugins/com.nxp.mcuxpresso.tools.macosx_11.8.0.202306131047/tools/bin/../lib/gcc/arm-none-eabi/12.2.1/../../../../arm-none-eabi/lib/thumb/v7e-m+fp/hard/libcr_c.a(_writebuf.o)
 .ARM.attributes
                0x000000000000057c       0x34 /Applications/MCUXpressoIDE_11.8.0_1165/ide/plugins/com.nxp.mcuxpresso.tools.macosx_11.8.0.202306131047/tools/bin/../lib/gcc/arm-none-eabi/12.2.1/../../../../arm-none-eabi/lib/thumb/v7e-m+fp/hard/libcr_c.a(alloc.o)
 .ARM.attributes
                0x00000000000005b0       0x34 /Applications/MCUXpressoIDE_11.8.0_1165/ide/plugins/com.nxp.mcuxpresso.tools.macosx_11.8.0.202306131047/tools/bin/../lib/gcc/arm-none-eabi/12.2.1/../../../../arm-none-eabi/lib/thumb/v7e-m+fp/hard/libcr_c.a(_deferredlazyseek.o)
 .ARM.attributes
                0x00000000000005e4       0x34 /Applications/MCUXpressoIDE_11.8.0_1165/ide/plugins/com.nxp.mcuxpresso.tools.macosx_11.8.0.202306131047/tools/bin/../lib/gcc/arm-none-eabi/12.2.1/thumb/v7e-m+fp/hard/libcr_eabihelpers.a(double.o)
 .ARM.attributes
                0x0000000000000618       0x20 /Applications/MCUXpressoIDE_11.8.0_1165/ide/plugins/com.nxp.mcuxpresso.tools.macosx_11.8.0.202306131047/tools/bin/../lib/gcc/arm-none-eabi/12.2.1/thumb/v7e-m+fp/hard/libcr_eabihelpers.a(memcpy.o)
 .ARM.attributes
                0x0000000000000638       0x34 /Applications/MCUXpressoIDE_11.8.0_1165/ide/plugins/com.nxp.mcuxpresso.tools.macosx_11.8.0.202306131047/tools/bin/../lib/gcc/arm-none-eabi/12.2.1/../../../../arm-none-eabi/lib/thumb/v7e-m+fp/hard/libcr_nohost_nf.a(__ciob.o)
 .ARM.attributes
                0x000000000000066c       0x34 /Applications/MCUXpressoIDE_11.8.0_1165/ide/plugins/com.nxp.mcuxpresso.tools.macosx_11.8.0.202306131047/tools/bin/../lib/gcc/arm-none-eabi/12.2.1/../../../../arm-none-eabi/lib/thumb/v7e-m+fp/hard/libcr_nohost_nf.a(__sys_close.o)
 .ARM.attributes
                0x00000000000006a0       0x34 /Applications/MCUXpressoIDE_11.8.0_1165/ide/plugins/com.nxp.mcuxpresso.tools.macosx_11.8.0.202306131047/tools/bin/../lib/gcc/arm-none-eabi/12.2.1/../../../../arm-none-eabi/lib/thumb/v7e-m+fp/hard/libcr_nohost_nf.a(__sys_flen.o)
 .ARM.attributes
                0x00000000000006d4       0x34 /Applications/MCUXpressoIDE_11.8.0_1165/ide/plugins/com.nxp.mcuxpresso.tools.macosx_11.8.0.202306131047/tools/bin/../lib/gcc/arm-none-eabi/12.2.1/../../../../arm-none-eabi/lib/thumb/v7e-m+fp/hard/libcr_nohost_nf.a(__sys_istty.o)
 .ARM.attributes
                0x0000000000000708       0x34 /Applications/MCUXpressoIDE_11.8.0_1165/ide/plugins/com.nxp.mcuxpresso.tools.macosx_11.8.0.202306131047/tools/bin/../lib/gcc/arm-none-eabi/12.2.1/../../../../arm-none-eabi/lib/thumb/v7e-m+fp/hard/libcr_nohost_nf.a(__sys_remove.o)
 .ARM.attributes
                0x000000000000073c       0x34 /Applications/MCUXpressoIDE_11.8.0_1165/ide/plugins/com.nxp.mcuxpresso.tools.macosx_11.8.0.202306131047/tools/bin/../lib/gcc/arm-none-eabi/12.2.1/../../../../arm-none-eabi/lib/thumb/v7e-m+fp/hard/libcr_nohost_nf.a(__sys_seek.o)
 .ARM.attributes
                0x0000000000000770       0x34 /Applications/MCUXpressoIDE_11.8.0_1165/ide/plugins/com.nxp.mcuxpresso.tools.macosx_11.8.0.202306131047/tools/bin/../lib/gcc/arm-none-eabi/12.2.1/../../../../arm-none-eabi/lib/thumb/v7e-m+fp/hard/libcr_nohost_nf.a(__sys_tmpnam.o)
 .ARM.attributes
                0x00000000000007a4       0x34 /Applications/MCUXpressoIDE_11.8.0_1165/ide/plugins/com.nxp.mcuxpresso.tools.macosx_11.8.0.202306131047/tools/bin/../lib/gcc/arm-none-eabi/12.2.1/../../../../arm-none-eabi/lib/thumb/v7e-m+fp/hard/libcr_nohost_nf.a(__sys_write.o)

.debug_frame    0x0000000000000000      0xe58
 .debug_frame   0x0000000000000000       0x88 ./source/drv/SysTick.o
 .debug_frame   0x0000000000000088      0x12c ./source/drv/accel.o
 .debug_frame   0x00000000000001b4      0x124 ./source/drv/gpio.o
 .debug_frame   0x00000000000002d8      0x134 ./source/drv/i2c.o
 .debug_frame   0x000000000000040c       0x54 ./source/App.o
 .debug_frame   0x0000000000000460       0x70 ./SDK/startup/hardware.o
 .debug_frame   0x00000000000004d0       0x2c ./SDK/startup/main.o
 .debug_frame   0x00000000000004fc      0x904 ./SDK/startup/startup_mk64f12.o
 .debug_frame   0x0000000000000e00       0x58 ./SDK/CMSIS/system_MK64F12.o

.debug_loclists
                0x0000000000000000      0x113
 .debug_loclists
                0x0000000000000000      0x113 ./SDK/startup/startup_mk64f12.o
