Archive member included to satisfy reference by file (symbol)

/Applications/MCUXpressoIDE_11.8.0_1165/ide/plugins/com.nxp.mcuxpresso.tools.macosx_11.8.0.202306131047/tools/bin/../lib/gcc/arm-none-eabi/12.2.1/../../../../arm-none-eabi/lib/thumb/v7e-m+fp/hard/libcr_nohost_nf.a(_cr__main.o)
                              ./SDK/startup/startup_mk64f12.o (__main)
/Applications/MCUXpressoIDE_11.8.0_1165/ide/plugins/com.nxp.mcuxpresso.tools.macosx_11.8.0.202306131047/tools/bin/../lib/gcc/arm-none-eabi/12.2.1/../../../../arm-none-eabi/lib/thumb/v7e-m+fp/hard/libcr_c.a(atan2.o)
                              ./source/drv/accel.o (atan2)
/Applications/MCUXpressoIDE_11.8.0_1165/ide/plugins/com.nxp.mcuxpresso.tools.macosx_11.8.0.202306131047/tools/bin/../lib/gcc/arm-none-eabi/12.2.1/../../../../arm-none-eabi/lib/thumb/v7e-m+fp/hard/libcr_c.a(errno.o)
                              /Applications/MCUXpressoIDE_11.8.0_1165/ide/plugins/com.nxp.mcuxpresso.tools.macosx_11.8.0.202306131047/tools/bin/../lib/gcc/arm-none-eabi/12.2.1/../../../../arm-none-eabi/lib/thumb/v7e-m+fp/hard/libcr_c.a(atan2.o) (errno)
/Applications/MCUXpressoIDE_11.8.0_1165/ide/plugins/com.nxp.mcuxpresso.tools.macosx_11.8.0.202306131047/tools/bin/../lib/gcc/arm-none-eabi/12.2.1/../../../../arm-none-eabi/lib/thumb/v7e-m+fp/hard/libcr_c.a(fabs.o)
                              ./source/App.o (fabs)
/Applications/MCUXpressoIDE_11.8.0_1165/ide/plugins/com.nxp.mcuxpresso.tools.macosx_11.8.0.202306131047/tools/bin/../lib/gcc/arm-none-eabi/12.2.1/../../../../arm-none-eabi/lib/thumb/v7e-m+fp/hard/libcr_c.a(initio.o)
                              /Applications/MCUXpressoIDE_11.8.0_1165/ide/plugins/com.nxp.mcuxpresso.tools.macosx_11.8.0.202306131047/tools/bin/../lib/gcc/arm-none-eabi/12.2.1/../../../../arm-none-eabi/lib/thumb/v7e-m+fp/hard/libcr_nohost_nf.a(_cr__main.o) (_initio)
/Applications/MCUXpressoIDE_11.8.0_1165/ide/plugins/com.nxp.mcuxpresso.tools.macosx_11.8.0.202306131047/tools/bin/../lib/gcc/arm-none-eabi/12.2.1/../../../../arm-none-eabi/lib/thumb/v7e-m+fp/hard/libcr_c.a(setvbuf.o)
                              /Applications/MCUXpressoIDE_11.8.0_1165/ide/plugins/com.nxp.mcuxpresso.tools.macosx_11.8.0.202306131047/tools/bin/../lib/gcc/arm-none-eabi/12.2.1/../../../../arm-none-eabi/lib/thumb/v7e-m+fp/hard/libcr_c.a(initio.o) (setvbuf)
/Applications/MCUXpressoIDE_11.8.0_1165/ide/plugins/com.nxp.mcuxpresso.tools.macosx_11.8.0.202306131047/tools/bin/../lib/gcc/arm-none-eabi/12.2.1/../../../../arm-none-eabi/lib/thumb/v7e-m+fp/hard/libcr_c.a(_fdopen.o)
                              /Applications/MCUXpressoIDE_11.8.0_1165/ide/plugins/com.nxp.mcuxpresso.tools.macosx_11.8.0.202306131047/tools/bin/../lib/gcc/arm-none-eabi/12.2.1/../../../../arm-none-eabi/lib/thumb/v7e-m+fp/hard/libcr_c.a(initio.o) (_fdopen)
/Applications/MCUXpressoIDE_11.8.0_1165/ide/plugins/com.nxp.mcuxpresso.tools.macosx_11.8.0.202306131047/tools/bin/../lib/gcc/arm-none-eabi/12.2.1/../../../../arm-none-eabi/lib/thumb/v7e-m+fp/hard/libcr_c.a(atan.o)
                              /Applications/MCUXpressoIDE_11.8.0_1165/ide/plugins/com.nxp.mcuxpresso.tools.macosx_11.8.0.202306131047/tools/bin/../lib/gcc/arm-none-eabi/12.2.1/../../../../arm-none-eabi/lib/thumb/v7e-m+fp/hard/libcr_c.a(atan2.o) (atan)
/Applications/MCUXpressoIDE_11.8.0_1165/ide/plugins/com.nxp.mcuxpresso.tools.macosx_11.8.0.202306131047/tools/bin/../lib/gcc/arm-none-eabi/12.2.1/../../../../arm-none-eabi/lib/thumb/v7e-m+fp/hard/libcr_c.a(fclose.o)
                              /Applications/MCUXpressoIDE_11.8.0_1165/ide/plugins/com.nxp.mcuxpresso.tools.macosx_11.8.0.202306131047/tools/bin/../lib/gcc/arm-none-eabi/12.2.1/../../../../arm-none-eabi/lib/thumb/v7e-m+fp/hard/libcr_c.a(initio.o) (fclose)
/Applications/MCUXpressoIDE_11.8.0_1165/ide/plugins/com.nxp.mcuxpresso.tools.macosx_11.8.0.202306131047/tools/bin/../lib/gcc/arm-none-eabi/12.2.1/../../../../arm-none-eabi/lib/thumb/v7e-m+fp/hard/libcr_c.a(fflush.o)
                              /Applications/MCUXpressoIDE_11.8.0_1165/ide/plugins/com.nxp.mcuxpresso.tools.macosx_11.8.0.202306131047/tools/bin/../lib/gcc/arm-none-eabi/12.2.1/../../../../arm-none-eabi/lib/thumb/v7e-m+fp/hard/libcr_c.a(fclose.o) (fflush)
/Applications/MCUXpressoIDE_11.8.0_1165/ide/plugins/com.nxp.mcuxpresso.tools.macosx_11.8.0.202306131047/tools/bin/../lib/gcc/arm-none-eabi/12.2.1/../../../../arm-none-eabi/lib/thumb/v7e-m+fp/hard/libcr_c.a(fseek.o)
                              /Applications/MCUXpressoIDE_11.8.0_1165/ide/plugins/com.nxp.mcuxpresso.tools.macosx_11.8.0.202306131047/tools/bin/../lib/gcc/arm-none-eabi/12.2.1/../../../../arm-none-eabi/lib/thumb/v7e-m+fp/hard/libcr_c.a(_fdopen.o) (fseek)
/Applications/MCUXpressoIDE_11.8.0_1165/ide/plugins/com.nxp.mcuxpresso.tools.macosx_11.8.0.202306131047/tools/bin/../lib/gcc/arm-none-eabi/12.2.1/../../../../arm-none-eabi/lib/thumb/v7e-m+fp/hard/libcr_c.a(ftell.o)
[...]
Memory Configuration

Name             Origin             Length             Attributes
PROGRAM_FLASH    0x0000000000000000 0x0000000000100000 xr
SRAM_UPPER       0x0000000020000000 0x0000000000030000 xrw
SRAM_LOWER       0x000000001fff0000 0x0000000000010000 xrw
FLEX_RAM         0x0000000014000000 0x0000000000001000 xrw
*default*        0x0000000000000000 0xffffffffffffffff

Linker script and memory map

LOAD ./source/drv/CAN_SPI.o
LOAD ./source/drv/SPI.o
LOAD ./source/drv/SysTick.o
LOAD ./source/drv/UART.o
LOAD ./source/drv/accel.o
LOAD ./source/drv/gpio.o
LOAD ./source/drv/i2c.o
LOAD ./source/App.o
LOAD ./source/comunicationHandler.o
LOAD ./SDK/startup/hardware.o
LOAD ./SDK/startup/main.o
LOAD ./SDK/startup/startup_mk64f12.o
LOAD ./SDK/CMSIS/system_MK64F12.o
START GROUP
LOAD /Applications/MCUXpressoIDE_11.8.0_1165/ide/plugins/com.nxp.mcuxpresso.tools.macosx_11.8.0.202306131047/tools/bin/../lib/gcc/arm-none-eabi/12.2.1/../../../../arm-none-eabi/lib/thumb/v7e-m+fp/hard/libcr_nohost_nf.a
LOAD /Applications/MCUXpressoIDE_11.8.0_1165/ide/plugins/com.nxp.mcuxpresso.tools.macosx_11.8.0.202306131047/tools/bin/../lib/gcc/arm-none-eabi/12.2.1/../../../../arm-none-eabi/lib/thumb/v7e-m+fp/hard/libcr_c.a
LOAD /Applications/MCUXpressoIDE_11.8.0_1165/ide/plugins/com.nxp.mcuxpresso.tools.macosx_11.8.0.202306131047/tools/bin/../lib/gcc/arm-none-eabi/12.2.1/thumb/v7e-m+fp/hard/libcr_eabihelpers.a
LOAD /Applications/MCUXpressoIDE_11.8.0_1165/ide/plugins/com.nxp.mcuxpresso.tools.macosx_11.8.0.202306131047/tools/bin/../lib/gcc/arm-none-eabi/12.2.1/thumb/v7e-m+fp/hard/libgcc.a
END GROUP
                0x0000000000000000                __base_PROGRAM_FLASH = 0x0
                0x0000000000000000                __base_Flash = 0x0
                0x0000000000100000                __top_PROGRAM_FLASH = 0x100000
                0x0000000000100000                __top_Flash = 0x100000
                0x0000000020000000                __base_SRAM_UPPER = 0x20000000
                0x0000000020000000                __base_RAM = 0x20000000
                0x0000000020030000                __top_SRAM_UPPER = 0x20030000
                0x0000000020030000                __top_RAM = 0x20030000
                0x000000001fff0000                __base_SRAM_LOWER = 0x1fff0000
                0x000000001fff0000                __base_RAM2 = 0x1fff0000
                0x0000000020000000                __top_SRAM_LOWER = 0x20000000
                0x0000000020000000                __top_RAM2 = 0x20000000
                0x0000000014000000                __base_FLEX_RAM = 0x14000000
                0x0000000014000000                __base_RAM3 = 0x14000000
                0x0000000014001000                __top_FLEX_RAM = 0x14001000
                0x0000000014001000                __top_RAM3 = 0x14001000

.text           0x0000000000000000     0x4718
 FILL mask 0xff
                0x0000000000000000                __vectors_start__ = ABSOLUTE (.)
 *(.isr_vector)
 .isr_vector    0x0000000000000000      0x198 ./SDK/startup/startup_mk64f12.o
                0x0000000000000000                __Vectors
                0x0000000000000000                g_pfnVectors
                0x0000000000000198                . = ALIGN (0x4)
                0x0000000000000198                __section_table_start = .
                0x0000000000000198                __data_section_table = .
                0x0000000000000198        0x4 LONG 0x4718 LOADADDR (.data)
                0x000000000000019c        0x4 LONG 0x20000000 ADDR (.data)
                0x00000000000001a0        0x4 LONG 0x118 SIZEOF (.data)
                0x00000000000001a4        0x4 LONG 0x4718 LOADADDR (.data_RAM2)
                0x00000000000001a8        0x4 LONG 0x1fff0000 ADDR (.data_RAM2)
                0x00000000000001ac        0x4 LONG 0x0 SIZEOF (.data_RAM2)
                0x00000000000001b0        0x4 LONG 0x4718 LOADADDR (.data_RAM3)
                0x00000000000001b4        0x4 LONG 0x14000000 ADDR (.data_RAM3)
                0x00000000000001b8        0x4 LONG 0x0 SIZEOF (.data_RAM3)
                0x00000000000001bc                __data_section_table_end = .
                0x00000000000001bc                __bss_section_table = .
                0x00000000000001bc        0x4 LONG 0x20000118 ADDR (.bss)
                0x00000000000001c0        0x4 LONG 0x968 SIZEOF (.bss)
                0x00000000000001c4        0x4 LONG 0x1fff0000 ADDR (.bss_RAM2)
                0x00000000000001c8        0x4 LONG 0x0 SIZEOF (.bss_RAM2)
                0x00000000000001cc        0x4 LONG 0x14000000 ADDR (.bss_RAM3)
                0x00000000000001d0        0x4 LONG 0x0 SIZEOF (.bss_RAM3)
                0x00000000000001d4                __bss_section_table_end = .
                0x00000000000001d4                __section_table_end = .
 *(.after_vectors*)
 .after_vectors.init_data
                0x00000000000001d4       0x1e ./SDK/startup/startup_mk64f12.o
                0x00000000000001d4                data_init
 .after_vectors.init_bss
                0x00000000000001f2       0x12 ./SDK/startup/startup_mk64f12.o
                0x00000000000001f2                bss_init
 .after_vectors.reset
                0x0000000000000204       0x4c ./SDK/startup/startup_mk64f12.o
                0x0000000000000204                ResetISR
 .after_vectors
                0x0000000000000250       0x14 ./SDK/startup/startup_mk64f12.o
                0x0000000000000250                NMI_Handler
                0x0000000000000252                HardFault_Handler
                0x0000000000000254                MemManage_Handler
                0x0000000000000256                BusFault_Handler
                0x0000000000000258                UsageFault_Handler
                0x000000000000025a                SVC_Handler
                0x000000000000025c                DebugMon_Handler
                0x000000000000025e                PendSV_Handler
                0x0000000000000262                FTM2_DriverIRQHandler
                0x0000000000000262                PIT2_DriverIRQHandler
                0x0000000000000262                SDHC_DriverIRQHandler
                0x0000000000000262                I2S0_Tx_DriverIRQHandler
                0x0000000000000262                RTC_Seconds_DriverIRQHandler
                0x0000000000000262                DMA6_DriverIRQHandler
                0x0000000000000262                LLWU_DriverIRQHandler
                0x0000000000000262                MCM_DriverIRQHandler
                0x0000000000000262                MCG_DriverIRQHandler
                0x0000000000000262                ENET_1588_Timer_DriverIRQHandler
                0x0000000000000262                I2C2_DriverIRQHandler
                0x0000000000000262                DAC1_DriverIRQHandler
                0x0000000000000262                CMP1_DriverIRQHandler
                0x0000000000000262                UART5_RX_TX_DriverIRQHandler
                0x0000000000000262                FTM0_DriverIRQHandler
                0x0000000000000262                IntDefaultHandler
                0x0000000000000262                USB0_DriverIRQHandler
                0x0000000000000262                UART5_ERR_DriverIRQHandler
                0x0000000000000262                PORTC_DriverIRQHandler
                0x0000000000000262                DMA11_DriverIRQHandler
                0x0000000000000262                DAC0_DriverIRQHandler
                0x0000000000000262                DMA10_DriverIRQHandler
                0x0000000000000262                CMP2_DriverIRQHandler
                0x0000000000000262                UART2_ERR_DriverIRQHandler
                0x0000000000000262                SPI2_DriverIRQHandler
                0x0000000000000262                LVD_LVW_DriverIRQHandler
                0x0000000000000262                PIT0_DriverIRQHandler
                0x0000000000000262                RNG_DriverIRQHandler
                0x0000000000000262                DMA5_DriverIRQHandler
                0x0000000000000262                DMA4_DriverIRQHandler
                0x0000000000000262                UART2_RX_TX_DriverIRQHandler
                0x0000000000000262                USBDCD_DriverIRQHandler
                0x0000000000000262                UART3_ERR_DriverIRQHandler
                0x0000000000000262                DMA3_DriverIRQHandler
                0x0000000000000262                DMA8_DriverIRQHandler
                0x0000000000000262                DMA9_DriverIRQHandler
                0x0000000000000262                UART0_ERR_DriverIRQHandler
                0x0000000000000262                CMT_DriverIRQHandler
                0x0000000000000262                Reserved71_DriverIRQHandler
                0x0000000000000262                ADC1_DriverIRQHandler
                0x0000000000000262                PORTA_DriverIRQHandler
                0x0000000000000262                DMA14_DriverIRQHandler
                0x0000000000000262                PIT3_DriverIRQHandler
                0x0000000000000262                PIT1_DriverIRQHandler
                0x0000000000000262                WDOG_EWM_DriverIRQHandler
                0x0000000000000262                PDB0_DriverIRQHandler
                0x0000000000000262                RTC_DriverIRQHandler
                0x0000000000000262                I2S0_Rx_DriverIRQHandler
                0x0000000000000262                Read_Collision_DriverIRQHandler
                0x0000000000000262                SWI_DriverIRQHandler
                0x0000000000000262                UART4_RX_TX_DriverIRQHandler
                0x0000000000000262                UART4_ERR_DriverIRQHandler
                0x0000000000000262                UART0_LON_DriverIRQHandler
                0x0000000000000262                DMA1_DriverIRQHandler
                0x0000000000000262                I2C1_DriverIRQHandler
                0x0000000000000262                UART3_RX_TX_DriverIRQHandler
                0x0000000000000262                ENET_Receive_DriverIRQHandler
                0x0000000000000262                DMA13_DriverIRQHandler
                0x0000000000000262                ENET_Error_DriverIRQHandler
                0x0000000000000262                DMA15_DriverIRQHandler
                0x0000000000000262                UART0_RX_TX_DriverIRQHandler
                0x0000000000000262                SPI0_DriverIRQHandler
                0x0000000000000262                ADC0_DriverIRQHandler
                0x0000000000000262                CMP0_DriverIRQHandler
                0x0000000000000262                CAN0_DriverIRQHandler
                0x0000000000000262                FTM3_DriverIRQHandler
                0x0000000000000262                UART1_ERR_DriverIRQHandler
                0x0000000000000262                DMA2_DriverIRQHandler
                0x0000000000000262                ENET_Transmit_DriverIRQHandler
                0x0000000000000262                PORTD_DriverIRQHandler
                0x0000000000000262                PORTE_DriverIRQHandler
                0x0000000000000262                FTFE_DriverIRQHandler
                0x0000000000000262                I2C0_DriverIRQHandler
                0x0000000000000262                DMA7_DriverIRQHandler
                0x0000000000000262                UART1_RX_TX_DriverIRQHandler
                0x0000000000000262                DMA0_DriverIRQHandler
                0x0000000000000262                PORTB_DriverIRQHandler
                0x0000000000000262                DMA12_DriverIRQHandler
                0x0000000000000262                SPI1_DriverIRQHandler
                0x0000000000000262                LPTMR0_DriverIRQHandler
                0x0000000000000262                DMA_Error_DriverIRQHandler
                0x0000000000000262                FTM1_DriverIRQHandler
                0x0000000000000400                . = 0x400
 *fill*         0x0000000000000264      0x19c ff
                0x0000000000000400                PROVIDE (__FLASH_CONFIG_START__ = .)
 *(.FlashConfig)
 .FlashConfig   0x0000000000000400       0x10 ./SDK/startup/startup_mk64f12.o
                0x0000000000000400                Flash_Config
                0x0000000000000410                PROVIDE (__FLASH_CONFIG_END__ = .)
                0x0000000000000001                ASSERT (! ((__FLASH_CONFIG_START__ == __FLASH_CONFIG_END__)), Linker Flash Config Support Enabled, but no .FlashConfig section provided within application)
 *(.text*)
 .text.CAN_SPI_Init
                0x0000000000000410      0x1f2 ./source/drv/CAN_SPI.o
                0x0000000000000410                CAN_SPI_Init
 *fill*         0x0000000000000602        0x2 ff
 .text.CAN_SPI_Is_Read_Ready
                0x0000000000000604       0x28 ./source/drv/CAN_SPI.o
                0x0000000000000604                CAN_SPI_Is_Read_Ready
 .text.CAN_SPI_Is_Busy
                0x000000000000062c       0x30 ./source/drv/CAN_SPI.o
                0x000000000000062c                CAN_SPI_Is_Busy
 .text.CAN_SPI_Get_Data
                0x000000000000065c       0x1a ./source/drv/CAN_SPI.o
                0x000000000000065c                CAN_SPI_Get_Data
 *fill*         0x0000000000000676        0x2 ff
 .text.CAN_SPI_Attempt_to_read
                0x0000000000000678       0x48 ./source/drv/CAN_SPI.o
                0x0000000000000678                CAN_SPI_Attempt_to_read
 .text.CAN_SPI_ReceiveInfo
                0x00000000000006c0      0x140 ./source/drv/CAN_SPI.o
                0x00000000000006c0                CAN_SPI_ReceiveInfo
 .text.CAN_SPI_SendInfo
                0x0000000000000800      0x138 ./source/drv/CAN_SPI.o
                0x0000000000000800                CAN_SPI_SendInfo
 .text.load_TX_buffer
                0x0000000000000938       0x5e ./source/drv/CAN_SPI.o
 .text.write_SPICAN
                0x0000000000000996       0x5c ./source/drv/CAN_SPI.o
 .text.read_SPICAN
                0x00000000000009f2       0x54 ./source/drv/CAN_SPI.o
 .text.read_RX_buffer
                0x0000000000000a46       0x56 ./source/drv/CAN_SPI.o
 .text.read_status
                0x0000000000000a9c       0x42 ./source/drv/CAN_SPI.o
 .text.RTS      0x0000000000000ade       0x36 ./source/drv/CAN_SPI.o
 .text.parseData
                0x0000000000000b14       0x78 ./source/drv/CAN_SPI.o
 .text.checkDoubleBuffers
                0x0000000000000b8c       0xa4 ./source/drv/CAN_SPI.o
 .text.PORTC_IRQHandler
                0x0000000000000c30       0x2c ./source/drv/CAN_SPI.o
                0x0000000000000c30                PORTC_IRQHandler
 .text.queue_Init
                0x0000000000000c5c       0x74 ./source/drv/CAN_SPI.o
 .text.push_Queue_Element
                0x0000000000000cd0       0xf8 ./source/drv/CAN_SPI.o
 .text.pull_Queue_Element
                0x0000000000000dc8      0x120 ./source/drv/CAN_SPI.o
 .text.get_Queue_Status
                0x0000000000000ee8       0x30 ./source/drv/CAN_SPI.o
 .text.NVIC_EnableIRQ
                0x0000000000000f18       0x34 ./source/drv/SPI.o
 .text.SPI_Init
                0x0000000000000f4c      0x118 ./source/drv/SPI.o
                0x0000000000000f4c                SPI_Init
 .text.SPI_Get_Status
                0x0000000000001064       0x18 ./source/drv/SPI.o
                0x0000000000001064                SPI_Get_Status
 .text.SPI_Get_DataBytes
                0x000000000000107c       0x4a ./source/drv/SPI.o
                0x000000000000107c                SPI_Get_DataBytes
 *fill*         0x00000000000010c6        0x2 ff
 .text.SPI_SendData
                0x00000000000010c8       0xcc ./source/drv/SPI.o
                0x00000000000010c8                SPI_SendData
 .text.SPI_Transmission_In_Process
                0x0000000000001194       0x24 ./source/drv/SPI.o
                0x0000000000001194                SPI_Transmission_In_Process
 .text.SPI0_IRQHandler
                0x00000000000011b8       0xc8 ./source/drv/SPI.o
                0x00000000000011b8                SPI0_IRQHandler
 .text.queue_Init
                0x0000000000001280       0x70 ./source/drv/SPI.o
 .text.push_Queue_Element
                0x00000000000012f0       0xe0 ./source/drv/SPI.o
 .text.pull_Queue_Element
                0x00000000000013d0      0x100 ./source/drv/SPI.o
 .text.get_Queue_Status
                0x00000000000014d0       0x2c ./source/drv/SPI.o
 .text.flush_Queue
                0x00000000000014fc       0x50 ./source/drv/SPI.o
 .text.SysTick_Init
                0x000000000000154c       0x30 ./source/drv/SysTick.o
                0x000000000000154c                SysTick_Init
 .text.SysTick_Reg_Callback
                0x000000000000157c       0x70 ./source/drv/SysTick.o
                0x000000000000157c                SysTick_Reg_Callback
 .text.SysTick_Handler
                0x00000000000015ec       0xb0 ./source/drv/SysTick.o
                0x00000000000015ec                SysTick_Handler
 .text.NVIC_EnableIRQ
                0x000000000000169c       0x34 ./source/drv/UART.o
 .text.UART_Init
                0x00000000000016d0      0x144 ./source/drv/UART.o
                0x00000000000016d0                UART_Init
 .text.UART_SetBaudRate
                0x0000000000001814       0xb8 ./source/drv/UART.o
                0x0000000000001814                UART_SetBaudRate
 .text.UART_rx_tx_irq_handler
                0x00000000000018cc       0x78 ./source/drv/UART.o
                0x00000000000018cc                UART_rx_tx_irq_handler
 .text.UART_SendMsg
                0x0000000000001944       0x68 ./source/drv/UART.o
                0x0000000000001944                UART_SendMsg
 .text.queue_Init
                0x00000000000019ac       0x70 ./source/drv/UART.o
 .text.push_Queue_Element
                0x0000000000001a1c       0xe0 ./source/drv/UART.o
 .text.pull_Queue_Element
                0x0000000000001afc       0xe4 ./source/drv/UART.o
 .text.get_Queue_Status
                0x0000000000001be0       0x2c ./source/drv/UART.o
 .text.UART0_RX_TX_IRQHandler
                0x0000000000001c0c       0x24 ./source/drv/UART.o
                0x0000000000001c0c                UART0_RX_TX_IRQHandler
 .text.UART1_RX_TX_IRQHandler
                0x0000000000001c30       0x24 ./source/drv/UART.o
                0x0000000000001c30                UART1_RX_TX_IRQHandler
 .text.UART2_RX_TX_IRQHandler
                0x0000000000001c54       0x24 ./source/drv/UART.o
                0x0000000000001c54                UART2_RX_TX_IRQHandler
 .text.UART3_RX_TX_IRQHandler
                0x0000000000001c78       0x24 ./source/drv/UART.o
                0x0000000000001c78                UART3_RX_TX_IRQHandler
 .text.UART4_RX_TX_IRQHandler
                0x0000000000001c9c       0x24 ./source/drv/UART.o
                0x0000000000001c9c                UART4_RX_TX_IRQHandler
 .text.FX_ReadReg
                0x0000000000001cc0       0x5c ./source/drv/accel.o
 .text.FX_WriteReg
                0x0000000000001d1c       0x40 ./source/drv/accel.o
 .text.FX_I2C_Init
                0x0000000000001d5c       0x38 ./source/drv/accel.o
                0x0000000000001d5c                FX_I2C_Init
 .text.FX_InitSequence
                0x0000000000001d94       0xe0 ./source/drv/accel.o
                0x0000000000001d94                FX_InitSequence
 *fill*         0x0000000000001e74        0x4 ff
 .text.FX_RunningSequence
                0x0000000000001e78      0x25c ./source/drv/accel.o
 .text.FX_PISR  0x00000000000020d4       0x2c ./source/drv/accel.o
                0x00000000000020d4                FX_PISR
 .text.FX_I2C_Finished
                0x0000000000002100       0x44 ./source/drv/accel.o
                0x0000000000002100                FX_I2C_Finished
 .text.getAccelData
                0x0000000000002144       0x28 ./source/drv/accel.o
                0x0000000000002144                getAccelData
 .text.gpioMode
                0x000000000000216c      0x224 ./source/drv/gpio.o
                0x000000000000216c                gpioMode
 .text.gpioWrite
                0x0000000000002390       0x64 ./source/drv/gpio.o
                0x0000000000002390                gpioWrite
 .text.gpioRead
                0x00000000000023f4       0x44 ./source/drv/gpio.o
                0x00000000000023f4                gpioRead
 .text.NVIC_EnableIRQ
                0x0000000000002438       0x34 ./source/drv/i2c.o
 .text.I2C_InitModule
                0x000000000000246c      0x124 ./source/drv/i2c.o
                0x000000000000246c                I2C_InitModule
 .text.I2C_InitObject
                0x0000000000002590      0x164 ./source/drv/i2c.o
                0x0000000000002590                I2C_InitObject
 .text.I2C_IRQHandler
                0x00000000000026f4      0x398 ./source/drv/i2c.o
                0x00000000000026f4                I2C_IRQHandler
 .text.SetBaudRate
                0x0000000000002a8c       0xbc ./source/drv/i2c.o
 .text.I2C0_IRQHandler
                0x0000000000002b48       0x1e ./source/drv/i2c.o
                0x0000000000002b48                I2C0_IRQHandler
 .text.I2C1_IRQHandler
                0x0000000000002b66        0xe ./source/drv/i2c.o
                0x0000000000002b66                I2C1_IRQHandler
 .text.I2C2_IRQHandler
                0x0000000000002b74        0xe ./source/drv/i2c.o
                0x0000000000002b74                I2C2_IRQHandler
 *fill*         0x0000000000002b82        0x2 ff
 .text.periodicRefresh
                0x0000000000002b84      0x12c ./source/App.o
                0x0000000000002b84                periodicRefresh
 .text.App_Init
                0x0000000000002cb0       0x4c ./source/App.o
                0x0000000000002cb0                App_Init
 .text.App_Run  0x0000000000002cfc       0x32 ./source/App.o
                0x0000000000002cfc                App_Run
 .text.enableSend
                0x0000000000002d2e       0x20 ./source/App.o
                0x0000000000002d2e                enableSend
 *fill*         0x0000000000002d4e        0x2 ff
 .text.comunicationHandler_init
                0x0000000000002d50       0x20 ./source/comunicationHandler.o
                0x0000000000002d50                comunicationHandler_init
 .text.Com_EventHandler
                0x0000000000002d70      0x21c ./source/comunicationHandler.o
                0x0000000000002d70                Com_EventHandler
 .text.ComHandler_CAN_Parser
                0x0000000000002f8c      0x188 ./source/comunicationHandler.o
                0x0000000000002f8c                ComHandler_CAN_Parser
 .text.comunicationHandler_send2Ext
                0x0000000000003114      0x1b0 ./source/comunicationHandler.o
                0x0000000000003114                comunicationHandler_send2Ext
 .text.isWriteAvailable
                0x00000000000032c4       0x20 ./source/comunicationHandler.o
                0x00000000000032c4                isWriteAvailable
 .text.setWriteAvailable
                0x00000000000032e4       0x28 ./source/comunicationHandler.o
                0x00000000000032e4                setWriteAvailable
 .text.hw_Init  0x000000000000330c       0xf4 ./SDK/startup/hardware.o
                0x000000000000330c                hw_Init
 .text.hw_EnableInterrupts
                0x0000000000003400       0x30 ./SDK/startup/hardware.o
                0x0000000000003400                hw_EnableInterrupts
 .text.hw_DisableInterrupts
                0x0000000000003430       0x20 ./SDK/startup/hardware.o
                0x0000000000003430                hw_DisableInterrupts
 .text.main     0x0000000000003450       0x1e ./SDK/startup/main.o
                0x0000000000003450                main
 .text.DMA0_IRQHandler
                0x000000000000346e        0x8 ./SDK/startup/startup_mk64f12.o
                0x000000000000346e                DMA0_IRQHandler
 .text.DMA1_IRQHandler
                0x0000000000003476        0x8 ./SDK/startup/startup_mk64f12.o
                0x0000000000003476                DMA1_IRQHandler
 .text.DMA2_IRQHandler
                0x000000000000347e        0x8 ./SDK/startup/startup_mk64f12.o
                0x000000000000347e                DMA2_IRQHandler
 .text.DMA3_IRQHandler
                0x0000000000003486        0x8 ./SDK/startup/startup_mk64f12.o
                0x0000000000003486                DMA3_IRQHandler
 .text.DMA4_IRQHandler
                0x000000000000348e        0x8 ./SDK/startup/startup_mk64f12.o
                0x000000000000348e                DMA4_IRQHandler
 .text.DMA5_IRQHandler
                0x0000000000003496        0x8 ./SDK/startup/startup_mk64f12.o
                0x0000000000003496                DMA5_IRQHandler
 .text.DMA6_IRQHandler
                0x000000000000349e        0x8 ./SDK/startup/startup_mk64f12.o
                0x000000000000349e                DMA6_IRQHandler
 .text.DMA7_IRQHandler
                0x00000000000034a6        0x8 ./SDK/startup/startup_mk64f12.o
                0x00000000000034a6                DMA7_IRQHandler
 .text.DMA8_IRQHandler
                0x00000000000034ae        0x8 ./SDK/startup/startup_mk64f12.o
                0x00000000000034ae                DMA8_IRQHandler
 .text.DMA9_IRQHandler
                0x00000000000034b6        0x8 ./SDK/startup/startup_mk64f12.o
                0x00000000000034b6                DMA9_IRQHandler
 .text.DMA10_IRQHandler
                0x00000000000034be        0x8 ./SDK/startup/startup_mk64f12.o
                0x00000000000034be                DMA10_IRQHandler
 .text.DMA11_IRQHandler
                0x00000000000034c6        0x8 ./SDK/startup/startup_mk64f12.o
                0x00000000000034c6                DMA11_IRQHandler
 .text.DMA12_IRQHandler
                0x00000000000034ce        0x8 ./SDK/startup/startup_mk64f12.o
                0x00000000000034ce                DMA12_IRQHandler
 .text.DMA13_IRQHandler
                0x00000000000034d6        0x8 ./SDK/startup/startup_mk64f12.o
                0x00000000000034d6                DMA13_IRQHandler
 .text.DMA14_IRQHandler
                0x00000000000034de        0x8 ./SDK/startup/startup_mk64f12.o
                0x00000000000034de                DMA14_IRQHandler
 .text.DMA15_IRQHandler
                0x00000000000034e6        0x8 ./SDK/startup/startup_mk64f12.o
                0x00000000000034e6                DMA15_IRQHandler
 .text.DMA_Error_IRQHandler
                0x00000000000034ee        0x8 ./SDK/startup/startup_mk64f12.o
                0x00000000000034ee                DMA_Error_IRQHandler
 .text.MCM_IRQHandler
                0x00000000000034f6        0x8 ./SDK/startup/startup_mk64f12.o
                0x00000000000034f6                MCM_IRQHandler
 .text.FTFE_IRQHandler
                0x00000000000034fe        0x8 ./SDK/startup/startup_mk64f12.o
                0x00000000000034fe                FTFE_IRQHandler
 .text.Read_Collision_IRQHandler
                0x0000000000003506        0x8 ./SDK/startup/startup_mk64f12.o
                0x0000000000003506                Read_Collision_IRQHandler
 .text.LVD_LVW_IRQHandler
                0x000000000000350e        0x8 ./SDK/startup/startup_mk64f12.o
                0x000000000000350e                LVD_LVW_IRQHandler
 .text.LLWU_IRQHandler
                0x0000000000003516        0x8 ./SDK/startup/startup_mk64f12.o
                0x0000000000003516                LLWU_IRQHandler
 .text.WDOG_EWM_IRQHandler
                0x000000000000351e        0x8 ./SDK/startup/startup_mk64f12.o
                0x000000000000351e                WDOG_EWM_IRQHandler
 .text.RNG_IRQHandler
                0x0000000000003526        0x8 ./SDK/startup/startup_mk64f12.o
                0x0000000000003526                RNG_IRQHandler
 .text.SPI1_IRQHandler
                0x000000000000352e        0x8 ./SDK/startup/startup_mk64f12.o
                0x000000000000352e                SPI1_IRQHandler
 .text.I2S0_Tx_IRQHandler
                0x0000000000003536        0x8 ./SDK/startup/startup_mk64f12.o
                0x0000000000003536                I2S0_Tx_IRQHandler
 .text.I2S0_Rx_IRQHandler
                0x000000000000353e        0x8 ./SDK/startup/startup_mk64f12.o
                0x000000000000353e                I2S0_Rx_IRQHandler
 .text.UART0_LON_IRQHandler
                0x0000000000003546        0x8 ./SDK/startup/startup_mk64f12.o
                0x0000000000003546                UART0_LON_IRQHandler
 .text.UART0_ERR_IRQHandler
                0x000000000000354e        0x8 ./SDK/startup/startup_mk64f12.o
                0x000000000000354e                UART0_ERR_IRQHandler
 .text.UART1_ERR_IRQHandler
                0x0000000000003556        0x8 ./SDK/startup/startup_mk64f12.o
                0x0000000000003556                UART1_ERR_IRQHandler
 .text.UART2_ERR_IRQHandler
                0x000000000000355e        0x8 ./SDK/startup/startup_mk64f12.o
                0x000000000000355e                UART2_ERR_IRQHandler
 .text.UART3_ERR_IRQHandler
                0x0000000000003566        0x8 ./SDK/startup/startup_mk64f12.o
                0x0000000000003566                UART3_ERR_IRQHandler
 .text.ADC0_IRQHandler
                0x000000000000356e        0x8 ./SDK/startup/startup_mk64f12.o
                0x000000000000356e                ADC0_IRQHandler
 .text.CMP0_IRQHandler
                0x0000000000003576        0x8 ./SDK/startup/startup_mk64f12.o
                0x0000000000003576                CMP0_IRQHandler
 .text.CMP1_IRQHandler
                0x000000000000357e        0x8 ./SDK/startup/startup_mk64f12.o
                0x000000000000357e                CMP1_IRQHandler
 .text.FTM0_IRQHandler
                0x0000000000003586        0x8 ./SDK/startup/startup_mk64f12.o
                0x0000000000003586                FTM0_IRQHandler
 .text.FTM1_IRQHandler
                0x000000000000358e        0x8 ./SDK/startup/startup_mk64f12.o
                0x000000000000358e                FTM1_IRQHandler
 .text.FTM2_IRQHandler
                0x0000000000003596        0x8 ./SDK/startup/startup_mk64f12.o
                0x0000000000003596                FTM2_IRQHandler
 .text.CMT_IRQHandler
                0x000000000000359e        0x8 ./SDK/startup/startup_mk64f12.o
                0x000000000000359e                CMT_IRQHandler
 .text.RTC_IRQHandler
                0x00000000000035a6        0x8 ./SDK/startup/startup_mk64f12.o
                0x00000000000035a6                RTC_IRQHandler
 .text.RTC_Seconds_IRQHandler
                0x00000000000035ae        0x8 ./SDK/startup/startup_mk64f12.o
                0x00000000000035ae                RTC_Seconds_IRQHandler
 .text.PIT0_IRQHandler
                0x00000000000035b6        0x8 ./SDK/startup/startup_mk64f12.o
                0x00000000000035b6                PIT0_IRQHandler
 .text.PIT1_IRQHandler
                0x00000000000035be        0x8 ./SDK/startup/startup_mk64f12.o
                0x00000000000035be                PIT1_IRQHandler
 .text.PIT2_IRQHandler
                0x00000000000035c6        0x8 ./SDK/startup/startup_mk64f12.o
                0x00000000000035c6                PIT2_IRQHandler
 .text.PIT3_IRQHandler
                0x00000000000035ce        0x8 ./SDK/startup/startup_mk64f12.o
                0x00000000000035ce                PIT3_IRQHandler
 .text.PDB0_IRQHandler
                0x00000000000035d6        0x8 ./SDK/startup/startup_mk64f12.o
                0x00000000000035d6                PDB0_IRQHandler
 .text.USB0_IRQHandler
                0x00000000000035de        0x8 ./SDK/startup/startup_mk64f12.o
                0x00000000000035de                USB0_IRQHandler
 .text.USBDCD_IRQHandler
                0x00000000000035e6        0x8 ./SDK/startup/startup_mk64f12.o
                0x00000000000035e6                USBDCD_IRQHandler
 .text.Reserved71_IRQHandler
                0x00000000000035ee        0x8 ./SDK/startup/startup_mk64f12.o
                0x00000000000035ee                Reserved71_IRQHandler
 .text.DAC0_IRQHandler
                0x00000000000035f6        0x8 ./SDK/startup/startup_mk64f12.o
                0x00000000000035f6                DAC0_IRQHandler
 .text.MCG_IRQHandler
                0x00000000000035fe        0x8 ./SDK/startup/startup_mk64f12.o
                0x00000000000035fe                MCG_IRQHandler
 .text.LPTMR0_IRQHandler
                0x0000000000003606        0x8 ./SDK/startup/startup_mk64f12.o
                0x0000000000003606                LPTMR0_IRQHandler
 .text.PORTA_IRQHandler
                0x000000000000360e        0x8 ./SDK/startup/startup_mk64f12.o
                0x000000000000360e                PORTA_IRQHandler
 .text.PORTB_IRQHandler
                0x0000000000003616        0x8 ./SDK/startup/startup_mk64f12.o
                0x0000000000003616                PORTB_IRQHandler
 .text.PORTD_IRQHandler
                0x000000000000361e        0x8 ./SDK/startup/startup_mk64f12.o
                0x000000000000361e                PORTD_IRQHandler
 .text.PORTE_IRQHandler
                0x0000000000003626        0x8 ./SDK/startup/startup_mk64f12.o
                0x0000000000003626                PORTE_IRQHandler
 .text.SWI_IRQHandler
                0x000000000000362e        0x8 ./SDK/startup/startup_mk64f12.o
                0x000000000000362e                SWI_IRQHandler
 .text.SPI2_IRQHandler
                0x0000000000003636        0x8 ./SDK/startup/startup_mk64f12.o
                0x0000000000003636                SPI2_IRQHandler
 .text.UART4_ERR_IRQHandler
                0x000000000000363e        0x8 ./SDK/startup/startup_mk64f12.o
                0x000000000000363e                UART4_ERR_IRQHandler
 .text.UART5_RX_TX_IRQHandler
                0x0000000000003646        0x8 ./SDK/startup/startup_mk64f12.o
                0x0000000000003646                UART5_RX_TX_IRQHandler
 .text.UART5_ERR_IRQHandler
                0x000000000000364e        0x8 ./SDK/startup/startup_mk64f12.o
                0x000000000000364e                UART5_ERR_IRQHandler
 .text.CMP2_IRQHandler
                0x0000000000003656        0x8 ./SDK/startup/startup_mk64f12.o
                0x0000000000003656                CMP2_IRQHandler
 .text.FTM3_IRQHandler
                0x000000000000365e        0x8 ./SDK/startup/startup_mk64f12.o
                0x000000000000365e                FTM3_IRQHandler
 .text.DAC1_IRQHandler
                0x0000000000003666        0x8 ./SDK/startup/startup_mk64f12.o
                0x0000000000003666                DAC1_IRQHandler
 .text.ADC1_IRQHandler
                0x000000000000366e        0x8 ./SDK/startup/startup_mk64f12.o
                0x000000000000366e                ADC1_IRQHandler
 .text.CAN0_ORed_Message_buffer_IRQHandler
                0x0000000000003676        0x8 ./SDK/startup/startup_mk64f12.o
                0x0000000000003676                CAN0_ORed_Message_buffer_IRQHandler
 .text.CAN0_Bus_Off_IRQHandler
                0x000000000000367e        0x8 ./SDK/startup/startup_mk64f12.o
                0x000000000000367e                CAN0_Bus_Off_IRQHandler
 .text.CAN0_Error_IRQHandler
                0x0000000000003686        0x8 ./SDK/startup/startup_mk64f12.o
                0x0000000000003686                CAN0_Error_IRQHandler
 .text.CAN0_Tx_Warning_IRQHandler
                0x000000000000368e        0x8 ./SDK/startup/startup_mk64f12.o
                0x000000000000368e                CAN0_Tx_Warning_IRQHandler
 .text.CAN0_Rx_Warning_IRQHandler
                0x0000000000003696        0x8 ./SDK/startup/startup_mk64f12.o
                0x0000000000003696                CAN0_Rx_Warning_IRQHandler
 .text.CAN0_Wake_Up_IRQHandler
                0x000000000000369e        0x8 ./SDK/startup/startup_mk64f12.o
                0x000000000000369e                CAN0_Wake_Up_IRQHandler
 .text.SDHC_IRQHandler
                0x00000000000036a6        0x8 ./SDK/startup/startup_mk64f12.o
                0x00000000000036a6                SDHC_IRQHandler
 .text.ENET_1588_Timer_IRQHandler
                0x00000000000036ae        0x8 ./SDK/startup/startup_mk64f12.o
                0x00000000000036ae                ENET_1588_Timer_IRQHandler
 .text.ENET_Transmit_IRQHandler
                0x00000000000036b6        0x8 ./SDK/startup/startup_mk64f12.o
                0x00000000000036b6                ENET_Transmit_IRQHandler
 .text.ENET_Receive_IRQHandler
                0x00000000000036be        0x8 ./SDK/startup/startup_mk64f12.o
                0x00000000000036be                ENET_Receive_IRQHandler
 .text.ENET_Error_IRQHandler
                0x00000000000036c6        0x8 ./SDK/startup/startup_mk64f12.o
                0x00000000000036c6                ENET_Error_IRQHandler
 *fill*         0x00000000000036ce        0x2 ff
 .text.SystemInit
                0x00000000000036d0       0x40 ./SDK/CMSIS/system_MK64F12.o
                0x00000000000036d0                SystemInit
 .text.__main   0x0000000000003710        0xe /Applications/MCUXpressoIDE_11.8.0_1165/ide/plugins/com.nxp.mcuxpresso.tools.macosx_11.8.0.202306131047/tools/bin/../lib/gcc/arm-none-eabi/12.2.1/../../../../arm-none-eabi/lib/thumb/v7e-m+fp/hard/libcr_nohost_nf.a(_cr__main.o)
                0x0000000000003710                __main
 *fill*         0x000000000000371e        0x2 ff
 .text.atan2    0x0000000000003720      0x120 /Applications/MCUXpressoIDE_11.8.0_1165/ide/plugins/com.nxp.mcuxpresso.tools.macosx_11.8.0.202306131047/tools/bin/../lib/gcc/arm-none-eabi/12.2.1/../../../../arm-none-eabi/lib/thumb/v7e-m+fp/hard/libcr_c.a(atan2.o)
                0x0000000000003720                atan2
 .text.fabs     0x0000000000003840       0x20 /Applications/MCUXpressoIDE_11.8.0_1165/ide/plugins/com.nxp.mcuxpresso.tools.macosx_11.8.0.202306131047/tools/bin/../lib/gcc/arm-none-eabi/12.2.1/../../../../arm-none-eabi/lib/thumb/v7e-m+fp/hard/libcr_c.a(fabs.o)
                0x0000000000003840                fabs
 .text._initio  0x0000000000003860       0x78 /Applications/MCUXpressoIDE_11.8.0_1165/ide/plugins/com.nxp.mcuxpresso.tools.macosx_11.8.0.202306131047/tools/bin/../lib/gcc/arm-none-eabi/12.2.1/../../../../arm-none-eabi/lib/thumb/v7e-m+fp/hard/libcr_c.a(initio.o)
                0x0000000000003860                _initio
 .text.setvbuf  0x00000000000038d8       0x3e /Applications/MCUXpressoIDE_11.8.0_1165/ide/plugins/com.nxp.mcuxpresso.tools.macosx_11.8.0.202306131047/tools/bin/../lib/gcc/arm-none-eabi/12.2.1/../../../../arm-none-eabi/lib/thumb/v7e-m+fp/hard/libcr_c.a(setvbuf.o)
                0x00000000000038d8                setvbuf
 .text._fdopen  0x0000000000003916       0x68 /Applications/MCUXpressoIDE_11.8.0_1165/ide/plugins/com.nxp.mcuxpresso.tools.macosx_11.8.0.202306131047/tools/bin/../lib/gcc/arm-none-eabi/12.2.1/../../../../arm-none-eabi/lib/thumb/v7e-m+fp/hard/libcr_c.a(_fdopen.o)
                0x0000000000003916                _fdopen
 *fill*         0x000000000000397e        0x2 ff
 .text.atan     0x0000000000003980      0x21c /Applications/MCUXpressoIDE_11.8.0_1165/ide/plugins/com.nxp.mcuxpresso.tools.macosx_11.8.0.202306131047/tools/bin/../lib/gcc/arm-none-eabi/12.2.1/../../../../arm-none-eabi/lib/thumb/v7e-m+fp/hard/libcr_c.a(atan.o)
                0x0000000000003980                atan
 .text.fclose   0x0000000000003b9c       0x58 /Applications/MCUXpressoIDE_11.8.0_1165/ide/plugins/com.nxp.mcuxpresso.tools.macosx_11.8.0.202306131047/tools/bin/../lib/gcc/arm-none-eabi/12.2.1/../../../../arm-none-eabi/lib/thumb/v7e-m+fp/hard/libcr_c.a(fclose.o)
                0x0000000000003b9c                fclose
 .text.fflush   0x0000000000003bf4       0x3c /Applications/MCUXpressoIDE_11.8.0_1165/ide/plugins/com.nxp.mcuxpresso.tools.macosx_11.8.0.202306131047/tools/bin/../lib/gcc/arm-none-eabi/12.2.1/../../../../arm-none-eabi/lib/thumb/v7e-m+fp/hard/libcr_c.a(fflush.o)
                0x0000000000003bf4                fflush
 .text.fseek    0x0000000000003c30       0xf8 /Applications/MCUXpressoIDE_11.8.0_1165/ide/plugins/com.nxp.mcuxpresso.tools.macosx_11.8.0.202306131047/tools/bin/../lib/gcc/arm-none-eabi/12.2.1/../../../../arm-none-eabi/lib/thumb/v7e-m+fp/hard/libcr_c.a(fseek.o)
                0x0000000000003c30                fseek
 .text.ftell    0x0000000000003d28       0x44 /Applications/MCUXpressoIDE_11.8.0_1165/ide/plugins/com.nxp.mcuxpresso.tools.macosx_11.8.0.202306131047/tools/bin/../lib/gcc/arm-none-eabi/12.2.1/../../../../arm-none-eabi/lib/thumb/v7e-m+fp/hard/libcr_c.a(ftell.o)
                0x0000000000003d28                ftell
 .text.remove   0x0000000000003d6c       0x14 /Applications/MCUXpressoIDE_11.8.0_1165/ide/plugins/com.nxp.mcuxpresso.tools.macosx_11.8.0.202306131047/tools/bin/../lib/gcc/arm-none-eabi/12.2.1/../../../../arm-none-eabi/lib/thumb/v7e-m+fp/hard/libcr_c.a(remove.o)
                0x0000000000003d6c                remove
 .text.strlen   0x0000000000003d80       0x4e /Applications/MCUXpressoIDE_11.8.0_1165/ide/plugins/com.nxp.mcuxpresso.tools.macosx_11.8.0.202306131047/tools/bin/../lib/gcc/arm-none-eabi/12.2.1/../../../../arm-none-eabi/lib/thumb/v7e-m+fp/hard/libcr_c.a(strlen.o)
                0x0000000000003d80                strlen
 .text.memset   0x0000000000003dce        0x4 /Applications/MCUXpressoIDE_11.8.0_1165/ide/plugins/com.nxp.mcuxpresso.tools.macosx_11.8.0.202306131047/tools/bin/../lib/gcc/arm-none-eabi/12.2.1/../../../../arm-none-eabi/lib/thumb/v7e-m+fp/hard/libcr_c.a(memset.o)
                0x0000000000003dce                memset
 .text._do_fflush
                0x0000000000003dd2       0x40 /Applications/MCUXpressoIDE_11.8.0_1165/ide/plugins/com.nxp.mcuxpresso.tools.macosx_11.8.0.202306131047/tools/bin/../lib/gcc/arm-none-eabi/12.2.1/../../../../arm-none-eabi/lib/thumb/v7e-m+fp/hard/libcr_c.a(_do_fflush.o)
                0x0000000000003dd2                _do_fflush
 .text._fflush  0x0000000000003e12       0x52 /Applications/MCUXpressoIDE_11.8.0_1165/ide/plugins/com.nxp.mcuxpresso.tools.macosx_11.8.0.202306131047/tools/bin/../lib/gcc/arm-none-eabi/12.2.1/../../../../arm-none-eabi/lib/thumb/v7e-m+fp/hard/libcr_c.a(_fflush.o)
                0x0000000000003e12                _fflush
 .text._Cwritebuf
                0x0000000000003e64       0x6c /Applications/MCUXpressoIDE_11.8.0_1165/ide/plugins/com.nxp.mcuxpresso.tools.macosx_11.8.0.202306131047/tools/bin/../lib/gcc/arm-none-eabi/12.2.1/../../../../arm-none-eabi/lib/thumb/v7e-m+fp/hard/libcr_c.a(_writebuf.o)
                0x0000000000003e64                _Cwritebuf
 .text.free     0x0000000000003ed0       0x30 /Applications/MCUXpressoIDE_11.8.0_1165/ide/plugins/com.nxp.mcuxpresso.tools.macosx_11.8.0.202306131047/tools/bin/../lib/gcc/arm-none-eabi/12.2.1/../../../../arm-none-eabi/lib/thumb/v7e-m+fp/hard/libcr_c.a(alloc.o)
                0x0000000000003ed0                free
 .text._deferredlazyseek
                0x0000000000003f00       0x40 /Applications/MCUXpressoIDE_11.8.0_1165/ide/plugins/com.nxp.mcuxpresso.tools.macosx_11.8.0.202306131047/tools/bin/../lib/gcc/arm-none-eabi/12.2.1/../../../../arm-none-eabi/lib/thumb/v7e-m+fp/hard/libcr_c.a(_deferredlazyseek.o)
                0x0000000000003f00                _deferredlazyseek
 .text.__aeabi_dmul
                0x0000000000003f40       0xfc /Applications/MCUXpressoIDE_11.8.0_1165/ide/plugins/com.nxp.mcuxpresso.tools.macosx_11.8.0.202306131047/tools/bin/../lib/gcc/arm-none-eabi/12.2.1/thumb/v7e-m+fp/hard/libcr_eabihelpers.a(double.o)
                0x0000000000003f40                __aeabi_dmul
 .text.__aeabi_ddiv
                0x000000000000403c      0x12c /Applications/MCUXpressoIDE_11.8.0_1165/ide/plugins/com.nxp.mcuxpresso.tools.macosx_11.8.0.202306131047/tools/bin/../lib/gcc/arm-none-eabi/12.2.1/thumb/v7e-m+fp/hard/libcr_eabihelpers.a(double.o)
                0x000000000000403c                __aeabi_ddiv
 .text.__aeabi_dsub
                0x0000000000004168      0x1b4 /Applications/MCUXpressoIDE_11.8.0_1165/ide/plugins/com.nxp.mcuxpresso.tools.macosx_11.8.0.202306131047/tools/bin/../lib/gcc/arm-none-eabi/12.2.1/thumb/v7e-m+fp/hard/libcr_eabihelpers.a(double.o)
                0x0000000000004168                __aeabi_dsub
 .text.__aeabi_dadd
                0x000000000000431c      0x138 /Applications/MCUXpressoIDE_11.8.0_1165/ide/plugins/com.nxp.mcuxpresso.tools.macosx_11.8.0.202306131047/tools/bin/../lib/gcc/arm-none-eabi/12.2.1/thumb/v7e-m+fp/hard/libcr_eabihelpers.a(double.o)
                0x000000000000431c                __aeabi_dadd
 .text.__aeabi_d2f
                0x0000000000004454       0x58 /Applications/MCUXpressoIDE_11.8.0_1165/ide/plugins/com.nxp.mcuxpresso.tools.macosx_11.8.0.202306131047/tools/bin/../lib/gcc/arm-none-eabi/12.2.1/thumb/v7e-m+fp/hard/libcr_eabihelpers.a(double.o)
                0x0000000000004454                __aeabi_d2f
 .text.__aeabi_d2iz
                0x00000000000044ac       0x42 /Applications/MCUXpressoIDE_11.8.0_1165/ide/plugins/com.nxp.mcuxpresso.tools.macosx_11.8.0.202306131047/tools/bin/../lib/gcc/arm-none-eabi/12.2.1/thumb/v7e-m+fp/hard/libcr_eabihelpers.a(double.o)
                0x00000000000044ac                __aeabi_d2iz
 .text.__bhs_ui2d
                0x00000000000044ee       0x46 /Applications/MCUXpressoIDE_11.8.0_1165/ide/plugins/com.nxp.mcuxpresso.tools.macosx_11.8.0.202306131047/tools/bin/../lib/gcc/arm-none-eabi/12.2.1/thumb/v7e-m+fp/hard/libcr_eabihelpers.a(double.o)
                0x00000000000044ee                __bhs_ui2d
 .text.__aeabi_i2d
                0x0000000000004534       0x10 /Applications/MCUXpressoIDE_11.8.0_1165/ide/plugins/com.nxp.mcuxpresso.tools.macosx_11.8.0.202306131047/tools/bin/../lib/gcc/arm-none-eabi/12.2.1/thumb/v7e-m+fp/hard/libcr_eabihelpers.a(double.o)
                0x0000000000004534                __aeabi_i2d
 .text.__aeabi_dcmpeq
                0x0000000000004544       0x3e /Applications/MCUXpressoIDE_11.8.0_1165/ide/plugins/com.nxp.mcuxpresso.tools.macosx_11.8.0.202306131047/tools/bin/../lib/gcc/arm-none-eabi/12.2.1/thumb/v7e-m+fp/hard/libcr_eabihelpers.a(double.o)
                0x0000000000004544                __aeabi_dcmpeq
 .text.__aeabi_dcmplt
                0x0000000000004582       0x5a /Applications/MCUXpressoIDE_11.8.0_1165/ide/plugins/com.nxp.mcuxpresso.tools.macosx_11.8.0.202306131047/tools/bin/../lib/gcc/arm-none-eabi/12.2.1/thumb/v7e-m+fp/hard/libcr_eabihelpers.a(double.o)
                0x0000000000004582                __aeabi_dcmplt
 .text.__aeabi_dcmpgt
                0x00000000000045dc       0x56 /Applications/MCUXpressoIDE_11.8.0_1165/ide/plugins/com.nxp.mcuxpresso.tools.macosx_11.8.0.202306131047/tools/bin/../lib/gcc/arm-none-eabi/12.2.1/thumb/v7e-m+fp/hard/libcr_eabihelpers.a(double.o)
                0x00000000000045dc                __aeabi_dcmpgt
 .text.__aeabi_dcmpge
                0x0000000000004632       0x5a /Applications/MCUXpressoIDE_11.8.0_1165/ide/plugins/com.nxp.mcuxpresso.tools.macosx_11.8.0.202306131047/tools/bin/../lib/gcc/arm-none-eabi/12.2.1/thumb/v7e-m+fp/hard/libcr_eabihelpers.a(double.o)
                0x0000000000004632                __aeabi_dcmpge
 .text.__aeabi_memset_lowlevel
                0x000000000000468c       0x32 /Applications/MCUXpressoIDE_11.8.0_1165/ide/plugins/com.nxp.mcuxpresso.tools.macosx_11.8.0.202306131047/tools/bin/../lib/gcc/arm-none-eabi/12.2.1/thumb/v7e-m+fp/hard/libcr_eabihelpers.a(memcpy.o)
                0x000000000000468c                __aeabi_lowlevel_memset
 .text.__sys_close
                0x00000000000046be        0x6 /Applications/MCUXpressoIDE_11.8.0_1165/ide/plugins/com.nxp.mcuxpresso.tools.macosx_11.8.0.202306131047/tools/bin/../lib/gcc/arm-none-eabi/12.2.1/../../../../arm-none-eabi/lib/thumb/v7e-m+fp/hard/libcr_nohost_nf.a(__sys_close.o)
                0x00000000000046be                __sys_close
 .text.__sys_flen
                0x00000000000046c4        0x6 /Applications/MCUXpressoIDE_11.8.0_1165/ide/plugins/com.nxp.mcuxpresso.tools.macosx_11.8.0.202306131047/tools/bin/../lib/gcc/arm-none-eabi/12.2.1/../../../../arm-none-eabi/lib/thumb/v7e-m+fp/hard/libcr_nohost_nf.a(__sys_flen.o)
                0x00000000000046c4                __sys_flen
 .text.__sys_istty
                0x00000000000046ca        0x6 /Applications/MCUXpressoIDE_11.8.0_1165/ide/plugins/com.nxp.mcuxpresso.tools.macosx_11.8.0.202306131047/tools/bin/../lib/gcc/arm-none-eabi/12.2.1/../../../../arm-none-eabi/lib/thumb/v7e-m+fp/hard/libcr_nohost_nf.a(__sys_istty.o)
                0x00000000000046ca                __sys_istty
 .text.__sys_remove
                0x00000000000046d0        0x6 /Applications/MCUXpressoIDE_11.8.0_1165/ide/plugins/com.nxp.mcuxpresso.tools.macosx_11.8.0.202306131047/tools/bin/../lib/gcc/arm-none-eabi/12.2.1/../../../../arm-none-eabi/lib/thumb/v7e-m+fp/hard/libcr_nohost_nf.a(__sys_remove.o)
                0x00000000000046d0                __sys_remove
 .text.__sys_seek
                0x00000000000046d6        0x6 /Applications/MCUXpressoIDE_11.8.0_1165/ide/plugins/com.nxp.mcuxpresso.tools.macosx_11.8.0.202306131047/tools/bin/../lib/gcc/arm-none-eabi/12.2.1/../../../../arm-none-eabi/lib/thumb/v7e-m+fp/hard/libcr_nohost_nf.a(__sys_seek.o)
                0x00000000000046d6                __sys_seek
 .text.__sys_tmpnam
                0x00000000000046dc        0x6 /Applications/MCUXpressoIDE_11.8.0_1165/ide/plugins/com.nxp.mcuxpresso.tools.macosx_11.8.0.202306131047/tools/bin/../lib/gcc/arm-none-eabi/12.2.1/../../../../arm-none-eabi/lib/thumb/v7e-m+fp/hard/libcr_nohost_nf.a(__sys_tmpnam.o)
                0x00000000000046dc                __sys_tmpnam
 .text.__sys_write
                0x00000000000046e2        0x4 /Applications/MCUXpressoIDE_11.8.0_1165/ide/plugins/com.nxp.mcuxpresso.tools.macosx_11.8.0.202306131047/tools/bin/../lib/gcc/arm-none-eabi/12.2.1/../../../../arm-none-eabi/lib/thumb/v7e-m+fp/hard/libcr_nohost_nf.a(__sys_write.o)
                0x00000000000046e2                __sys_write
 *(.rodata .rodata.* .constdata .constdata.*)
 *fill*         0x00000000000046e6        0x2 ff
 .rodata        0x00000000000046e8        0x3 ./source/drv/i2c.o
 .rodata._initio.str1.1
                0x00000000000046eb        0x4 /Applications/MCUXpressoIDE_11.8.0_1165/ide/plugins/com.nxp.mcuxpresso.tools.macosx_11.8.0.202306131047/tools/bin/../lib/gcc/arm-none-eabi/12.2.1/../../../../arm-none-eabi/lib/thumb/v7e-m+fp/hard/libcr_c.a(initio.o)
 *fill*         0x00000000000046ef        0x1 ff
 .rodata.a.0    0x00000000000046f0       0x20 /Applications/MCUXpressoIDE_11.8.0_1165/ide/plugins/com.nxp.mcuxpresso.tools.macosx_11.8.0.202306131047/tools/bin/../lib/gcc/arm-none-eabi/12.2.1/../../../../arm-none-eabi/lib/thumb/v7e-m+fp/hard/libcr_c.a(atan.o)
 .rodata.__num_Ciob_streams
                0x0000000000004710        0x4 /Applications/MCUXpressoIDE_11.8.0_1165/ide/plugins/com.nxp.mcuxpresso.tools.macosx_11.8.0.202306131047/tools/bin/../lib/gcc/arm-none-eabi/12.2.1/../../../../arm-none-eabi/lib/thumb/v7e-m+fp/hard/libcr_nohost_nf.a(__ciob.o)
                0x0000000000004710                __num_Ciob_streams
                0x0000000000004718                . = ALIGN (0x8)
 *fill*         0x0000000000004714        0x4 ff

.glue_7         0x0000000000004718        0x0
 .glue_7        0x0000000000004718        0x0 linker stubs

.glue_7t        0x0000000000004718        0x0
 .glue_7t       0x0000000000004718        0x0 linker stubs

.vfp11_veneer   0x0000000000004718        0x0
 .vfp11_veneer  0x0000000000004718        0x0 linker stubs

.v4_bx          0x0000000000004718        0x0
 .v4_bx         0x0000000000004718        0x0 linker stubs

.iplt           0x0000000000004718        0x0
 .iplt          0x0000000000004718        0x0 ./source/drv/CAN_SPI.o

.rel.dyn        0x0000000000004718        0x0
 .rel.iplt      0x0000000000004718        0x0 ./source/drv/CAN_SPI.o

.ARM.extab
 *(.ARM.extab* .gnu.linkonce.armextab.*)

.ARM.exidx      0x0000000000004718        0x0
                0x0000000000004718                __exidx_start = .
 *(.ARM.exidx* .gnu.linkonce.armexidx.*)
                0x0000000000004718                __exidx_end = .
                0x0000000000004718                _etext = .

.m_usb_data
 *(m_usb_bdt)

.data_RAM2      0x000000001fff0000        0x0 load address 0x0000000000004718
 FILL mask 0xff
                [!provide]                        PROVIDE (__start_data_RAM2 = .)
                [!provide]                        PROVIDE (__start_data_SRAM_LOWER = .)
 *(.ramfunc.$RAM2)
 *(.ramfunc.$SRAM_LOWER)
 *(.data.$RAM2)
 *(.data.$SRAM_LOWER)
 *(.data.$RAM2.*)
 *(.data.$SRAM_LOWER.*)
                0x000000001fff0000                . = ALIGN (0x8)
                [!provide]                        PROVIDE (__end_data_RAM2 = .)
                [!provide]                        PROVIDE (__end_data_SRAM_LOWER = .)

.data_RAM3      0x0000000014000000        0x0 load address 0x0000000000004718
 FILL mask 0xff
                [!provide]                        PROVIDE (__start_data_RAM3 = .)
                [!provide]                        PROVIDE (__start_data_FLEX_RAM = .)
 *(.ramfunc.$RAM3)
 *(.ramfunc.$FLEX_RAM)
 *(.data.$RAM3)
 *(.data.$FLEX_RAM)
 *(.data.$RAM3.*)
 *(.data.$FLEX_RAM.*)
                0x0000000014000000                . = ALIGN (0x8)
                [!provide]                        PROVIDE (__end_data_RAM3 = .)
                [!provide]                        PROVIDE (__end_data_FLEX_RAM = .)

.uninit_RESERVED
                0x0000000020000000        0x0
                0x0000000020000000                _start_uninit_RESERVED = .
 *(.bss.$RESERVED*)
                0x0000000020000000                . = ALIGN (0x8)
                0x0000000020000000                _end_uninit_RESERVED = .

.data           0x0000000020000000      0x118 load address 0x0000000000004718
 FILL mask 0xff
                0x0000000020000000                _data = .
                [!provide]                        PROVIDE (__start_data_RAM = .)
                [!provide]                        PROVIDE (__start_data_SRAM_UPPER = .)
 *(vtable)
 *(.ramfunc*)
 *(CodeQuickAccess)
 *(DataQuickAccess)
 *(RamFunction)
 *(.data*)
 .data.I2C_array
                0x0000000020000000        0xc ./source/drv/i2c.o
                0x0000000020000000                I2C_array
 .data.ICR2SCLDivider
                0x000000002000000c      0x100 ./source/drv/i2c.o
 .data.bufferPC
                0x000000002000010c        0x7 ./source/comunicationHandler.o
 *fill*         0x0000000020000113        0x1 ff
 .data.writeAvailable
                0x0000000020000114        0x4 ./source/comunicationHandler.o
                0x0000000020000114                writeAvailable
                0x0000000020000118                . = ALIGN (0x8)
                0x0000000020000118                _edata = .
                [!provide]                        PROVIDE (__end_data_RAM = .)
                [!provide]                        PROVIDE (__end_data_SRAM_UPPER = .)

.igot.plt       0x0000000020000118        0x0 load address 0x0000000000004830
 .igot.plt      0x0000000020000118        0x0 ./source/drv/CAN_SPI.o

.bss_RAM2       0x000000001fff0000        0x0
                [!provide]                        PROVIDE (__start_bss_RAM2 = .)
                [!provide]                        PROVIDE (__start_bss_SRAM_LOWER = .)
 *(.bss.$RAM2)
 *(.bss.$SRAM_LOWER)
 *(.bss.$RAM2.*)
 *(.bss.$SRAM_LOWER.*)
                0x000000001fff0000                . = ALIGN ((. != 0x0)?0x8:0x1)
                [!provide]                        PROVIDE (__end_bss_RAM2 = .)
                [!provide]                        PROVIDE (__end_bss_SRAM_LOWER = .)

.bss_RAM3       0x0000000014000000        0x0
                [!provide]                        PROVIDE (__start_bss_RAM3 = .)
                [!provide]                        PROVIDE (__start_bss_FLEX_RAM = .)
 *(.bss.$RAM3)
 *(.bss.$FLEX_RAM)
 *(.bss.$RAM3.*)
 *(.bss.$FLEX_RAM.*)
                0x0000000014000000                . = ALIGN ((. != 0x0)?0x8:0x1)
                [!provide]                        PROVIDE (__end_bss_RAM3 = .)
                [!provide]                        PROVIDE (__end_bss_FLEX_RAM = .)

.bss            0x0000000020000118      0x968
                0x0000000020000118                _bss = .
                [!provide]                        PROVIDE (__start_bss_RAM = .)
                [!provide]                        PROVIDE (__start_bss_SRAM_UPPER = .)
 *(.bss*)
 .bss.can_spi_buffers
                0x0000000020000118      0x264 ./source/drv/CAN_SPI.o
                0x0000000020000118                can_spi_buffers
 .bss.transmitting
                0x000000002000037c        0x1 ./source/drv/CAN_SPI.o
 .bss.receiving
                0x000000002000037d        0x1 ./source/drv/CAN_SPI.o
 .bss.receiveState.7
                0x000000002000037e        0x1 ./source/drv/CAN_SPI.o
 *fill*         0x000000002000037f        0x1 
 .bss.aux.6     0x0000000020000380       0x10 ./source/drv/CAN_SPI.o
 .bss.intStatus.5
                0x0000000020000390        0x1 ./source/drv/CAN_SPI.o
 .bss.sendState.4
                0x0000000020000391        0x1 ./source/drv/CAN_SPI.o
 *fill*         0x0000000020000392        0x2 
 .bss.data_to_send.3
                0x0000000020000394       0x10 ./source/drv/CAN_SPI.o
 .bss.aux.2     0x00000000200003a4       0x10 ./source/drv/CAN_SPI.o
 .bss.rxStatus.1
                0x00000000200003b4        0x1 ./source/drv/CAN_SPI.o
 .bss.number_buffer.0
                0x00000000200003b5        0x1 ./source/drv/CAN_SPI.o
 *fill*         0x00000000200003b6        0x2 
 .bss.spi_buffers
                0x00000000200003b8       0xe0 ./source/drv/SPI.o
                0x00000000200003b8                spi_buffers
 .bss.transfer_complete
                0x0000000020000498        0x1 ./source/drv/SPI.o
 *fill*         0x0000000020000499        0x3 
 .bss.externalCB
                0x000000002000049c        0x4 ./source/drv/SPI.o
 .bss.systick_Callback_Array
                0x00000000200004a0       0xb4 ./source/drv/SysTick.o
 .bss.num_Callbacks
                0x0000000020000554        0x4 ./source/drv/SysTick.o
 .bss.uart_buffers
                0x0000000020000558      0x360 ./source/drv/UART.o
                0x0000000020000558                uart_buffers
 .bss.Accel     0x00000000200008b8       0x44 ./source/drv/accel.o
 .bss.I2C_Objects
                0x00000000200008fc       0x60 ./source/drv/i2c.o
                0x00000000200008fc                I2C_Objects
 .bss.fsm       0x000000002000095c        0x1 ./source/App.o
                0x000000002000095c                fsm
 *fill*         0x000000002000095d        0x3 
 .bss.AppBoard  0x0000000020000960        0xc ./source/App.o
                0x0000000020000960                AppBoard
 .bss.Boards    0x000000002000096c       0x54 ./source/comunicationHandler.o
 .bss.myGroup   0x00000000200009c0        0x1 ./source/comunicationHandler.o
 *fill*         0x00000000200009c1        0x3 
 .bss.__LDM_interruptDisableCount
                0x00000000200009c4        0x4 ./SDK/startup/hardware.o
 .bss.errno     0x00000000200009c8        0x4 /Applications/MCUXpressoIDE_11.8.0_1165/ide/plugins/com.nxp.mcuxpresso.tools.macosx_11.8.0.202306131047/tools/bin/../lib/gcc/arm-none-eabi/12.2.1/../../../../arm-none-eabi/lib/thumb/v7e-m+fp/hard/libcr_c.a(errno.o)
                0x00000000200009c8                errno
 .bss.__Ciob    0x00000000200009cc       0xb4 /Applications/MCUXpressoIDE_11.8.0_1165/ide/plugins/com.nxp.mcuxpresso.tools.macosx_11.8.0.202306131047/tools/bin/../lib/gcc/arm-none-eabi/12.2.1/../../../../arm-none-eabi/lib/thumb/v7e-m+fp/hard/libcr_nohost_nf.a(__ciob.o)
                0x00000000200009cc                __Ciob
 *(COMMON)
                0x0000000020000a80                . = ALIGN (0x8)
                0x0000000020000a80                _ebss = .
                [!provide]                        PROVIDE (__end_bss_RAM = .)
                [!provide]                        PROVIDE (__end_bss_SRAM_UPPER = .)
                [!provide]                        PROVIDE (end = .)

.noinit_RAM2    0x000000001fff0000        0x0
                [!provide]                        PROVIDE (__start_noinit_RAM2 = .)
                [!provide]                        PROVIDE (__start_noinit_SRAM_LOWER = .)
 *(.noinit.$RAM2)
 *(.noinit.$SRAM_LOWER)
 *(.noinit.$RAM2.*)
 *(.noinit.$SRAM_LOWER.*)
                0x000000001fff0000                . = ALIGN (0x8)
                [!provide]                        PROVIDE (__end_noinit_RAM2 = .)
                [!provide]                        PROVIDE (__end_noinit_SRAM_LOWER = .)

.noinit_RAM3    0x0000000014000000        0x0
                [!provide]                        PROVIDE (__start_noinit_RAM3 = .)
                [!provide]                        PROVIDE (__start_noinit_FLEX_RAM = .)
 *(.noinit.$RAM3)
 *(.noinit.$FLEX_RAM)
 *(.noinit.$RAM3.*)
 *(.noinit.$FLEX_RAM.*)
                0x0000000014000000                . = ALIGN (0x8)
                [!provide]                        PROVIDE (__end_noinit_RAM3 = .)
                [!provide]                        PROVIDE (__end_noinit_FLEX_RAM = .)

.noinit         0x0000000020000a80        0x0
                0x0000000020000a80                _noinit = .
                [!provide]                        PROVIDE (__start_noinit_RAM = .)
                [!provide]                        PROVIDE (__start_noinit_SRAM_UPPER = .)
 *(.noinit*)
                0x0000000020000a80                . = ALIGN (0x8)
                0x0000000020000a80                _end_noinit = .
                [!provide]                        PROVIDE (__end_noinit_RAM = .)
                [!provide]                        PROVIDE (__end_noinit_SRAM_UPPER = .)
                0x0000000000001000                _HeapSize = 0x1000

.heap           0x0000000020000a80     0x1000
                0x0000000020000a80                _pvHeapStart = .
                0x0000000020001a80                . = (. + _HeapSize)
 *fill*         0x0000000020000a80     0x1000 
                0x0000000020001a80                . = ALIGN (0x8)
                0x0000000020001a80                _pvHeapLimit = .
                0x0000000000001000                _StackSize = 0x1000

.heap2stackfill
                0x0000000020001a80     0x1000
                0x0000000020002a80                . = (. + _StackSize)
 *fill*         0x0000000020001a80     0x1000 

.stack          0x000000002002f000        0x0
                0x000000002002f000                _vStackBase = .
                0x000000002002f000                . = ALIGN (0x8)
                0x0000000020030000                _vStackTop = (. + _StackSize)
                0x0000000000000000                _image_start = LOADADDR (.text)
                0x0000000000004830                _image_end = (LOADADDR (.data) + SIZEOF (.data))
                0x0000000000004830                _image_size = (_image_end - _image_start)
OUTPUT(I2C.axf elf32-littlearm)
LOAD linker stubs

.debug_info     0x0000000000000000     0x5ebc
 .debug_info    0x0000000000000000      0x8ba ./source/drv/CAN_SPI.o
 .debug_info    0x00000000000008ba      0xda3 ./source/drv/SPI.o
 .debug_info    0x000000000000165d      0x1e2 ./source/drv/SysTick.o
 .debug_info    0x000000000000183f      0xcaa ./source/drv/UART.o
 .debug_info    0x00000000000024e9      0x3ed ./source/drv/accel.o
 .debug_info    0x00000000000028d6      0x912 ./source/drv/gpio.o
 .debug_info    0x00000000000031e8      0xc32 ./source/drv/i2c.o
 .debug_info    0x0000000000003e1a      0x2e8 ./source/App.o
 .debug_info    0x0000000000004102      0x414 ./source/comunicationHandler.o
 .debug_info    0x0000000000004516      0x682 ./SDK/startup/hardware.o
 .debug_info    0x0000000000004b98       0xb1 ./SDK/startup/main.o
 .debug_info    0x0000000000004c49      0xc6f ./SDK/startup/startup_mk64f12.o
 .debug_info    0x00000000000058b8      0x604 ./SDK/CMSIS/system_MK64F12.o

.debug_abbrev   0x0000000000000000     0x1913
 .debug_abbrev  0x0000000000000000      0x32e ./source/drv/CAN_SPI.o
 .debug_abbrev  0x000000000000032e      0x34b ./source/drv/SPI.o
 .debug_abbrev  0x0000000000000679      0x15d ./source/drv/SysTick.o
 .debug_abbrev  0x00000000000007d6      0x302 ./source/drv/UART.o
 .debug_abbrev  0x0000000000000ad8      0x1cd ./source/drv/accel.o
 .debug_abbrev  0x0000000000000ca5      0x1ca ./source/drv/gpio.o
 .debug_abbrev  0x0000000000000e6f      0x298 ./source/drv/i2c.o
 .debug_abbrev  0x0000000000001107      0x1d0 ./source/App.o
 .debug_abbrev  0x00000000000012d7      0x1fd ./source/comunicationHandler.o
 .debug_abbrev  0x00000000000014d4      0x135 ./SDK/startup/hardware.o
 .debug_abbrev  0x0000000000001609       0x5b ./SDK/startup/main.o
 .debug_abbrev  0x0000000000001664      0x17e ./SDK/startup/startup_mk64f12.o
 .debug_abbrev  0x00000000000017e2      0x131 ./SDK/CMSIS/system_MK64F12.o

.debug_aranges  0x0000000000000000      0x758
 .debug_aranges
                0x0000000000000000       0xc0 ./source/drv/CAN_SPI.o
 .debug_aranges
                0x00000000000000c0       0x98 ./source/drv/SPI.o
 .debug_aranges
                0x0000000000000158       0x30 ./source/drv/SysTick.o
 .debug_aranges
                0x0000000000000188       0xa0 ./source/drv/UART.o
 .debug_aranges
                0x0000000000000228       0x58 ./source/drv/accel.o
 .debug_aranges
                0x0000000000000280       0x50 ./source/drv/gpio.o
 .debug_aranges
                0x00000000000002d0       0x58 ./source/drv/i2c.o
 .debug_aranges
                0x0000000000000328       0x40 ./source/App.o
 .debug_aranges
                0x0000000000000368       0x48 ./source/comunicationHandler.o
 .debug_aranges
                0x00000000000003b0       0x30 ./SDK/startup/hardware.o
 .debug_aranges
                0x00000000000003e0       0x20 ./SDK/startup/main.o
 .debug_aranges
                0x0000000000000400      0x330 ./SDK/startup/startup_mk64f12.o
 .debug_aranges
                0x0000000000000730       0x28 ./SDK/CMSIS/system_MK64F12.o

.debug_rnglists
                0x0000000000000000      0x560
 .debug_rnglists
                0x0000000000000000       0x91 ./source/drv/CAN_SPI.o
 .debug_rnglists
                0x0000000000000091       0x74 ./source/drv/SPI.o
 .debug_rnglists
                0x0000000000000105       0x20 ./source/drv/SysTick.o
 .debug_rnglists
                0x0000000000000125       0x77 ./source/drv/UART.o
 .debug_rnglists
                0x000000000000019c       0x3f ./source/drv/accel.o
 .debug_rnglists
                0x00000000000001db       0x38 ./source/drv/gpio.o
 .debug_rnglists
                0x0000000000000213       0x41 ./source/drv/i2c.o
 .debug_rnglists
                0x0000000000000254       0x2c ./source/App.o
 .debug_rnglists
                0x0000000000000280       0x34 ./source/comunicationHandler.o
 .debug_rnglists
                0x00000000000002b4       0x20 ./SDK/startup/hardware.o
 .debug_rnglists
                0x00000000000002d4       0x13 ./SDK/startup/main.o
 .debug_rnglists
                0x00000000000002e7      0x25f ./SDK/startup/startup_mk64f12.o
 .debug_rnglists
                0x0000000000000546       0x1a ./SDK/CMSIS/system_MK64F12.o

.debug_macro    0x0000000000000000    0x12614
 .debug_macro   0x0000000000000000      0x1ad ./source/drv/CAN_SPI.o
 .debug_macro   0x00000000000001ad      0xad8 ./source/drv/CAN_SPI.o
 .debug_macro   0x0000000000000c85       0x10 ./source/drv/CAN_SPI.o
 .debug_macro   0x0000000000000c95      0x12e ./source/drv/CAN_SPI.o
 .debug_macro   0x0000000000000dc3      0x5b3 ./source/drv/CAN_SPI.o
 .debug_macro   0x0000000000001376       0x22 ./source/drv/CAN_SPI.o
 .debug_macro   0x0000000000001398       0x10 ./source/drv/CAN_SPI.o
 .debug_macro   0x00000000000013a8       0x5b ./source/drv/CAN_SPI.o
 .debug_macro   0x0000000000001403       0x3b ./source/drv/CAN_SPI.o
 .debug_macro   0x000000000000143e       0x50 ./source/drv/CAN_SPI.o
 .debug_macro   0x000000000000148e      0xd40 ./source/drv/CAN_SPI.o
 .debug_macro   0x00000000000021ce       0x44 ./source/drv/CAN_SPI.o
 .debug_macro   0x0000000000002212     0xe07b ./source/drv/CAN_SPI.o
 .debug_macro   0x000000000001028d     0x13c7 ./source/drv/CAN_SPI.o
 .debug_macro   0x0000000000011654       0x16 ./source/drv/CAN_SPI.o
 .debug_macro   0x000000000001166a       0x10 ./source/drv/CAN_SPI.o
 .debug_macro   0x000000000001167a       0x58 ./source/drv/CAN_SPI.o
 .debug_macro   0x00000000000116d2      0x114 ./source/drv/SPI.o
 .debug_macro   0x00000000000117e6       0xe9 ./source/drv/SysTick.o
 .debug_macro   0x00000000000118cf       0x1c ./source/drv/SysTick.o
 .debug_macro   0x00000000000118eb       0xff ./source/drv/UART.o
 .debug_macro   0x00000000000119ea       0xf8 ./source/drv/accel.o
 .debug_macro   0x0000000000011ae2      0x2f5 ./source/drv/accel.o
 .debug_macro   0x0000000000011dd7       0x22 ./source/drv/accel.o
 .debug_macro   0x0000000000011df9       0xc4 ./source/drv/accel.o
 .debug_macro   0x0000000000011ebd       0xc3 ./source/drv/gpio.o
 .debug_macro   0x0000000000011f80      0x1bb ./source/drv/i2c.o
 .debug_macro   0x000000000001213b       0x5e ./source/drv/i2c.o
 .debug_macro   0x0000000000012199       0x40 ./source/drv/i2c.o
 .debug_macro   0x00000000000121d9       0xf0 ./source/App.o
 .debug_macro   0x00000000000122c9       0x10 ./source/App.o
 .debug_macro   0x00000000000122d9       0xe1 ./source/comunicationHandler.o
 .debug_macro   0x00000000000123ba       0xbb ./SDK/startup/hardware.o
 .debug_macro   0x0000000000012475       0xd7 ./SDK/startup/main.o
 .debug_macro   0x000000000001254c       0x29 ./SDK/startup/startup_mk64f12.o
 .debug_macro   0x0000000000012575       0x9f ./SDK/CMSIS/system_MK64F12.o

.debug_line     0x0000000000000000     0x47cd
 .debug_line    0x0000000000000000      0x980 ./source/drv/CAN_SPI.o
 .debug_line    0x0000000000000980      0x74d ./source/drv/SPI.o
 .debug_line    0x00000000000010cd      0x36a ./source/drv/SysTick.o
 .debug_line    0x0000000000001437      0x668 ./source/drv/UART.o
 .debug_line    0x0000000000001a9f      0x4af ./source/drv/accel.o
 .debug_line    0x0000000000001f4e      0x3fb ./source/drv/gpio.o
 .debug_line    0x0000000000002349      0x662 ./source/drv/i2c.o
 .debug_line    0x00000000000029ab      0x3fa ./source/App.o
 .debug_line    0x0000000000002da5      0x570 ./source/comunicationHandler.o
 .debug_line    0x0000000000003315      0x37d ./SDK/startup/hardware.o
 .debug_line    0x0000000000003692      0x2e7 ./SDK/startup/main.o
 .debug_line    0x0000000000003979      0xaa1 ./SDK/startup/startup_mk64f12.o
 .debug_line    0x000000000000441a      0x3b3 ./SDK/CMSIS/system_MK64F12.o

.debug_str      0x0000000000000000    0x7b13e
 .debug_str     0x0000000000000000    0x77c79 ./source/drv/CAN_SPI.o
                                      0x77d41 (size before relaxing)
 .debug_str     0x0000000000077c79      0x915 ./source/drv/SPI.o
                                      0x781f8 (size before relaxing)
 .debug_str     0x000000000007858e      0x17b ./source/drv/SysTick.o
                                      0x778b6 (size before relaxing)
 .debug_str     0x0000000000078709      0x28a ./source/drv/UART.o
                                      0x78066 (size before relaxing)
 .debug_str     0x0000000000078993     0x110f ./source/drv/accel.o
                                      0x71629 (size before relaxing)
 .debug_str     0x0000000000079aa2      0x207 ./source/drv/gpio.o
                                      0x70e0e (size before relaxing)
 .debug_str     0x0000000000079ca9      0x916 ./source/drv/i2c.o
                                      0x78887 (size before relaxing)
 .debug_str     0x000000000007a5bf      0x12c ./source/App.o
                                      0x715ac (size before relaxing)
 .debug_str     0x000000000007a6eb      0x105 ./source/comunicationHandler.o
                                      0x705d0 (size before relaxing)
 .debug_str     0x000000000007a7f0      0x167 ./SDK/startup/hardware.o
                                      0x7783a (size before relaxing)
 .debug_str     0x000000000007a957       0x16 ./SDK/startup/main.o
                                      0x777a9 (size before relaxing)
 .debug_str     0x000000000007a96d      0x781 ./SDK/startup/startup_mk64f12.o
                                       0x3706 (size before relaxing)
 .debug_str     0x000000000007b0ee       0x50 ./SDK/CMSIS/system_MK64F12.o
                                      0x7774a (size before relaxing)

.comment        0x0000000000000000       0x85
 .comment       0x0000000000000000       0x40 ./source/drv/CAN_SPI.o
                                         0x41 (size before relaxing)
 .comment       0x0000000000000040       0x41 ./source/drv/SPI.o
 .comment       0x0000000000000040       0x41 ./source/drv/SysTick.o
 .comment       0x0000000000000040       0x41 ./source/drv/UART.o
 .comment       0x0000000000000040       0x41 ./source/drv/accel.o
 .comment       0x0000000000000040       0x41 ./source/drv/gpio.o
 .comment       0x0000000000000040       0x41 ./source/drv/i2c.o
 .comment       0x0000000000000040       0x41 ./source/App.o
 .comment       0x0000000000000040       0x41 ./source/comunicationHandler.o
 .comment       0x0000000000000040       0x41 ./SDK/startup/hardware.o
 .comment       0x0000000000000040       0x41 ./SDK/startup/main.o
 .comment       0x0000000000000040       0x41 ./SDK/startup/startup_mk64f12.o
 .comment       0x0000000000000040       0x41 ./SDK/CMSIS/system_MK64F12.o
 .comment       0x0000000000000040       0x45 /Applications/MCUXpressoIDE_11.8.0_1165/ide/plugins/com.nxp.mcuxpresso.tools.macosx_11.8.0.202306131047/tools/bin/../lib/gcc/arm-none-eabi/12.2.1/../../../../arm-none-eabi/lib/thumb/v7e-m+fp/hard/libcr_nohost_nf.a(_cr__main.o)
                                         0x46 (size before relaxing)
 .comment       0x0000000000000085       0x46 /Applications/MCUXpressoIDE_11.8.0_1165/ide/plugins/com.nxp.mcuxpresso.tools.macosx_11.8.0.202306131047/tools/bin/../lib/gcc/arm-none-eabi/12.2.1/../../../../arm-none-eabi/lib/thumb/v7e-m+fp/hard/libcr_c.a(atan2.o)
 .comment       0x0000000000000085       0x46 /Applications/MCUXpressoIDE_11.8.0_1165/ide/plugins/com.nxp.mcuxpresso.tools.macosx_11.8.0.202306131047/tools/bin/../lib/gcc/arm-none-eabi/12.2.1/../../../../arm-none-eabi/lib/thumb/v7e-m+fp/hard/libcr_c.a(errno.o)
 .comment       0x0000000000000085       0x46 /Applications/MCUXpressoIDE_11.8.0_1165/ide/plugins/com.nxp.mcuxpresso.tools.macosx_11.8.0.202306131047/tools/bin/../lib/gcc/arm-none-eabi/12.2.1/../../../../arm-none-eabi/lib/thumb/v7e-m+fp/hard/libcr_c.a(fabs.o)
 .comment       0x0000000000000085       0x46 /Applications/MCUXpressoIDE_11.8.0_1165/ide/plugins/com.nxp.mcuxpresso.tools.macosx_11.8.0.202306131047/tools/bin/../lib/gcc/arm-none-eabi/12.2.1/../../../../arm-none-eabi/lib/thumb/v7e-m+fp/hard/libcr_c.a(initio.o)
 .comment       0x0000000000000085       0x46 /Applications/MCUXpressoIDE_11.8.0_1165/ide/plugins/com.nxp.mcuxpresso.tools.macosx_11.8.0.202306131047/tools/bin/../lib/gcc/arm-none-eabi/12.2.1/../../../../arm-none-eabi/lib/thumb/v7e-m+fp/hard/libcr_c.a(setvbuf.o)
 .comment       0x0000000000000085       0x46 /Applications/MCUXpressoIDE_11.8.0_1165/ide/plugins/com.nxp.mcuxpresso.tools.macosx_11.8.0.202306131047/tools/bin/../lib/gcc/arm-none-eabi/12.2.1/../../../../arm-none-eabi/lib/thumb/v7e-m+fp/hard/libcr_c.a(_fdopen.o)
 .comment       0x0000000000000085       0x46 /Applications/MCUXpressoIDE_11.8.0_1165/ide/plugins/com.nxp.mcuxpresso.tools.macosx_11.8.0.202306131047/tools/bin/../lib/gcc/arm-none-eabi/12.2.1/../../../../arm-none-eabi/lib/thumb/v7e-m+fp/hard/libcr_c.a(atan.o)
 .comment       0x0000000000000085       0x46 /Applications/MCUXpressoIDE_11.8.0_1165/ide/plugins/com.nxp.mcuxpresso.tools.macosx_11.8.0.202306131047/tools/bin/../lib/gcc/arm-none-eabi/12.2.1/../../../../arm-none-eabi/lib/thumb/v7e-m+fp/hard/libcr_c.a(fclose.o)
 .comment       0x0000000000000085       0x46 /Applications/MCUXpressoIDE_11.8.0_1165/ide/plugins/com.nxp.mcuxpresso.tools.macosx_11.8.0.202306131047/tools/bin/../lib/gcc/arm-none-eabi/12.2.1/../../../../arm-none-eabi/lib/thumb/v7e-m+fp/hard/libcr_c.a(fflush.o)
 .comment       0x0000000000000085       0x46 /Applications/MCUXpressoIDE_11.8.0_1165/ide/plugins/com.nxp.mcuxpresso.tools.macosx_11.8.0.202306131047/tools/bin/../lib/gcc/arm-none-eabi/12.2.1/../../../../arm-none-eabi/lib/thumb/v7e-m+fp/hard/libcr_c.a(fseek.o)
 .comment       0x0000000000000085       0x46 /Applications/MCUXpressoIDE_11.8.0_1165/ide/plugins/com.nxp.mcuxpresso.tools.macosx_11.8.0.202306131047/tools/bin/../lib/gcc/arm-none-eabi/12.2.1/../../../../arm-none-eabi/lib/thumb/v7e-m+fp/hard/libcr_c.a(ftell.o)
 .comment       0x0000000000000085       0x46 /Applications/MCUXpressoIDE_11.8.0_1165/ide/plugins/com.nxp.mcuxpresso.tools.macosx_11.8.0.202306131047/tools/bin/../lib/gcc/arm-none-eabi/12.2.1/../../../../arm-none-eabi/lib/thumb/v7e-m+fp/hard/libcr_c.a(remove.o)
 .comment       0x0000000000000085       0x46 /Applications/MCUXpressoIDE_11.8.0_1165/ide/plugins/com.nxp.mcuxpresso.tools.macosx_11.8.0.202306131047/tools/bin/../lib/gcc/arm-none-eabi/12.2.1/../../../../arm-none-eabi/lib/thumb/v7e-m+fp/hard/libcr_c.a(strlen.o)
 .comment       0x0000000000000085       0x46 /Applications/MCUXpressoIDE_11.8.0_1165/ide/plugins/com.nxp.mcuxpresso.tools.macosx_11.8.0.202306131047/tools/bin/../lib/gcc/arm-none-eabi/12.2.1/../../../../arm-none-eabi/lib/thumb/v7e-m+fp/hard/libcr_c.a(memset.o)
 .comment       0x0000000000000085       0x46 /Applications/MCUXpressoIDE_11.8.0_1165/ide/plugins/com.nxp.mcuxpresso.tools.macosx_11.8.0.202306131047/tools/bin/../lib/gcc/arm-none-eabi/12.2.1/../../../../arm-none-eabi/lib/thumb/v7e-m+fp/hard/libcr_c.a(_do_fflush.o)
 .comment       0x0000000000000085       0x46 /Applications/MCUXpressoIDE_11.8.0_1165/ide/plugins/com.nxp.mcuxpresso.tools.macosx_11.8.0.202306131047/tools/bin/../lib/gcc/arm-none-eabi/12.2.1/../../../../arm-none-eabi/lib/thumb/v7e-m+fp/hard/libcr_c.a(_fflush.o)
 .comment       0x0000000000000085       0x46 /Applications/MCUXpressoIDE_11.8.0_1165/ide/plugins/com.nxp.mcuxpresso.tools.macosx_11.8.0.202306131047/tools/bin/../lib/gcc/arm-none-eabi/12.2.1/../../../../arm-none-eabi/lib/thumb/v7e-m+fp/hard/libcr_c.a(_writebuf.o)
 .comment       0x0000000000000085       0x46 /Applications/MCUXpressoIDE_11.8.0_1165/ide/plugins/com.nxp.mcuxpresso.tools.macosx_11.8.0.202306131047/tools/bin/../lib/gcc/arm-none-eabi/12.2.1/../../../../arm-none-eabi/lib/thumb/v7e-m+fp/hard/libcr_c.a(alloc.o)
 .comment       0x0000000000000085       0x46 /Applications/MCUXpressoIDE_11.8.0_1165/ide/plugins/com.nxp.mcuxpresso.tools.macosx_11.8.0.202306131047/tools/bin/../lib/gcc/arm-none-eabi/12.2.1/../../../../arm-none-eabi/lib/thumb/v7e-m+fp/hard/libcr_c.a(_deferredlazyseek.o)
 .comment       0x0000000000000085       0x46 /Applications/MCUXpressoIDE_11.8.0_1165/ide/plugins/com.nxp.mcuxpresso.tools.macosx_11.8.0.202306131047/tools/bin/../lib/gcc/arm-none-eabi/12.2.1/thumb/v7e-m+fp/hard/libcr_eabihelpers.a(double.o)
 .comment       0x0000000000000085       0x46 /Applications/MCUXpressoIDE_11.8.0_1165/ide/plugins/com.nxp.mcuxpresso.tools.macosx_11.8.0.202306131047/tools/bin/../lib/gcc/arm-none-eabi/12.2.1/../../../../arm-none-eabi/lib/thumb/v7e-m+fp/hard/libcr_nohost_nf.a(__ciob.o)
 .comment       0x0000000000000085       0x46 /Applications/MCUXpressoIDE_11.8.0_1165/ide/plugins/com.nxp.mcuxpresso.tools.macosx_11.8.0.202306131047/tools/bin/../lib/gcc/arm-none-eabi/12.2.1/../../../../arm-none-eabi/lib/thumb/v7e-m+fp/hard/libcr_nohost_nf.a(__sys_close.o)
 .comment       0x0000000000000085       0x46 /Applications/MCUXpressoIDE_11.8.0_1165/ide/plugins/com.nxp.mcuxpresso.tools.macosx_11.8.0.202306131047/tools/bin/../lib/gcc/arm-none-eabi/12.2.1/../../../../arm-none-eabi/lib/thumb/v7e-m+fp/hard/libcr_nohost_nf.a(__sys_flen.o)
 .comment       0x0000000000000085       0x46 /Applications/MCUXpressoIDE_11.8.0_1165/ide/plugins/com.nxp.mcuxpresso.tools.macosx_11.8.0.202306131047/tools/bin/../lib/gcc/arm-none-eabi/12.2.1/../../../../arm-none-eabi/lib/thumb/v7e-m+fp/hard/libcr_nohost_nf.a(__sys_istty.o)
 .comment       0x0000000000000085       0x46 /Applications/MCUXpressoIDE_11.8.0_1165/ide/plugins/com.nxp.mcuxpresso.tools.macosx_11.8.0.202306131047/tools/bin/../lib/gcc/arm-none-eabi/12.2.1/../../../../arm-none-eabi/lib/thumb/v7e-m+fp/hard/libcr_nohost_nf.a(__sys_remove.o)
 .comment       0x0000000000000085       0x46 /Applications/MCUXpressoIDE_11.8.0_1165/ide/plugins/com.nxp.mcuxpresso.tools.macosx_11.8.0.202306131047/tools/bin/../lib/gcc/arm-none-eabi/12.2.1/../../../../arm-none-eabi/lib/thumb/v7e-m+fp/hard/libcr_nohost_nf.a(__sys_seek.o)
 .comment       0x0000000000000085       0x46 /Applications/MCUXpressoIDE_11.8.0_1165/ide/plugins/com.nxp.mcuxpresso.tools.macosx_11.8.0.202306131047/tools/bin/../lib/gcc/arm-none-eabi/12.2.1/../../../../arm-none-eabi/lib/thumb/v7e-m+fp/hard/libcr_nohost_nf.a(__sys_tmpnam.o)
 .comment       0x0000000000000085       0x46 /Applications/MCUXpressoIDE_11.8.0_1165/ide/plugins/com.nxp.mcuxpresso.tools.macosx_11.8.0.202306131047/tools/bin/../lib/gcc/arm-none-eabi/12.2.1/../../../../arm-none-eabi/lib/thumb/v7e-m+fp/hard/libcr_nohost_nf.a(__sys_write.o)

.ARM.attributes
                0x0000000000000000       0x32
 .ARM.attributes
                0x0000000000000000       0x34 ./source/drv/CAN_SPI.o
 .ARM.attributes
                0x0000000000000034       0x34 ./source/drv/SPI.o
 .ARM.attributes
                0x0000000000000068       0x34 ./source/drv/SysTick.o
 .ARM.attributes
                0x000000000000009c       0x34 ./source/drv/UART.o
 .ARM.attributes
                0x00000000000000d0       0x34 ./source/drv/accel.o
 .ARM.attributes
                0x0000000000000104       0x34 ./source/drv/gpio.o
 .ARM.attributes
                0x0000000000000138       0x34 ./source/drv/i2c.o
 .ARM.attributes
                0x000000000000016c       0x34 ./source/App.o
 .ARM.attributes
                0x00000000000001a0       0x34 ./source/comunicationHandler.o
 .ARM.attributes
                0x00000000000001d4       0x34 ./SDK/startup/hardware.o
 .ARM.attributes
                0x0000000000000208       0x34 ./SDK/startup/main.o
 .ARM.attributes
                0x000000000000023c       0x34 ./SDK/startup/startup_mk64f12.o
 .ARM.attributes
                0x0000000000000270       0x34 ./SDK/CMSIS/system_MK64F12.o
 .ARM.attributes
                0x00000000000002a4       0x34 /Applications/MCUXpressoIDE_11.8.0_1165/ide/plugins/com.nxp.mcuxpresso.tools.macosx_11.8.0.202306131047/tools/bin/../lib/gcc/arm-none-eabi/12.2.1/../../../../arm-none-eabi/lib/thumb/v7e-m+fp/hard/libcr_nohost_nf.a(_cr__main.o)
 .ARM.attributes
                0x00000000000002d8       0x34 /Applications/MCUXpressoIDE_11.8.0_1165/ide/plugins/com.nxp.mcuxpresso.tools.macosx_11.8.0.202306131047/tools/bin/../lib/gcc/arm-none-eabi/12.2.1/../../../../arm-none-eabi/lib/thumb/v7e-m+fp/hard/libcr_c.a(atan2.o)
 .ARM.attributes
                0x000000000000030c       0x34 /Applications/MCUXpressoIDE_11.8.0_1165/ide/plugins/com.nxp.mcuxpresso.tools.macosx_11.8.0.202306131047/tools/bin/../lib/gcc/arm-none-eabi/12.2.1/../../../../arm-none-eabi/lib/thumb/v7e-m+fp/hard/libcr_c.a(errno.o)
 .ARM.attributes
                0x0000000000000340       0x34 /Applications/MCUXpressoIDE_11.8.0_1165/ide/plugins/com.nxp.mcuxpresso.tools.macosx_11.8.0.202306131047/tools/bin/../lib/gcc/arm-none-eabi/12.2.1/../../../../arm-none-eabi/lib/thumb/v7e-m+fp/hard/libcr_c.a(fabs.o)
 .ARM.attributes
                0x0000000000000374       0x34 /Applications/MCUXpressoIDE_11.8.0_1165/ide/plugins/com.nxp.mcuxpresso.tools.macosx_11.8.0.202306131047/tools/bin/../lib/gcc/arm-none-eabi/12.2.1/../../../../arm-none-eabi/lib/thumb/v7e-m+fp/hard/libcr_c.a(initio.o)
 .ARM.attributes
                0x00000000000003a8       0x34 /Applications/MCUXpressoIDE_11.8.0_1165/ide/plugins/com.nxp.mcuxpresso.tools.macosx_11.8.0.202306131047/tools/bin/../lib/gcc/arm-none-eabi/12.2.1/../../../../arm-none-eabi/lib/thumb/v7e-m+fp/hard/libcr_c.a(setvbuf.o)
 .ARM.attributes
                0x00000000000003dc       0x34 /Applications/MCUXpressoIDE_11.8.0_1165/ide/plugins/com.nxp.mcuxpresso.tools.macosx_11.8.0.202306131047/tools/bin/../lib/gcc/arm-none-eabi/12.2.1/../../../../arm-none-eabi/lib/thumb/v7e-m+fp/hard/libcr_c.a(_fdopen.o)
 .ARM.attributes
                0x0000000000000410       0x34 /Applications/MCUXpressoIDE_11.8.0_1165/ide/plugins/com.nxp.mcuxpresso.tools.macosx_11.8.0.202306131047/tools/bin/../lib/gcc/arm-none-eabi/12.2.1/../../../../arm-none-eabi/lib/thumb/v7e-m+fp/hard/libcr_c.a(atan.o)
 .ARM.attributes
                0x0000000000000444       0x34 /Applications/MCUXpressoIDE_11.8.0_1165/ide/plugins/com.nxp.mcuxpresso.tools.macosx_11.8.0.202306131047/tools/bin/../lib/gcc/arm-none-eabi/12.2.1/../../../../arm-none-eabi/lib/thumb/v7e-m+fp/hard/libcr_c.a(fclose.o)
 .ARM.attributes
                0x0000000000000478       0x34 /Applications/MCUXpressoIDE_11.8.0_1165/ide/plugins/com.nxp.mcuxpresso.tools.macosx_11.8.0.202306131047/tools/bin/../lib/gcc/arm-none-eabi/12.2.1/../../../../arm-none-eabi/lib/thumb/v7e-m+fp/hard/libcr_c.a(fflush.o)
 .ARM.attributes
                0x00000000000004ac       0x34 /Applications/MCUXpressoIDE_11.8.0_1165/ide/plugins/com.nxp.mcuxpresso.tools.macosx_11.8.0.202306131047/tools/bin/../lib/gcc/arm-none-eabi/12.2.1/../../../../arm-none-eabi/lib/thumb/v7e-m+fp/hard/libcr_c.a(fseek.o)
 .ARM.attributes
                0x00000000000004e0       0x34 /Applications/MCUXpressoIDE_11.8.0_1165/ide/plugins/com.nxp.mcuxpresso.tools.macosx_11.8.0.202306131047/tools/bin/../lib/gcc/arm-none-eabi/12.2.1/../../../../arm-none-eabi/lib/thumb/v7e-m+fp/hard/libcr_c.a(ftell.o)
 .ARM.attributes
                0x0000000000000514       0x34 /Applications/MCUXpressoIDE_11.8.0_1165/ide/plugins/com.nxp.mcuxpresso.tools.macosx_11.8.0.202306131047/tools/bin/../lib/gcc/arm-none-eabi/12.2.1/../../../../arm-none-eabi/lib/thumb/v7e-m+fp/hard/libcr_c.a(remove.o)
 .ARM.attributes
                0x0000000000000548       0x34 /Applications/MCUXpressoIDE_11.8.0_1165/ide/plugins/com.nxp.mcuxpresso.tools.macosx_11.8.0.202306131047/tools/bin/../lib/gcc/arm-none-eabi/12.2.1/../../../../arm-none-eabi/lib/thumb/v7e-m+fp/hard/libcr_c.a(strlen.o)
 .ARM.attributes
                0x000000000000057c       0x34 /Applications/MCUXpressoIDE_11.8.0_1165/ide/plugins/com.nxp.mcuxpresso.tools.macosx_11.8.0.202306131047/tools/bin/../lib/gcc/arm-none-eabi/12.2.1/../../../../arm-none-eabi/lib/thumb/v7e-m+fp/hard/libcr_c.a(memset.o)
 .ARM.attributes
                0x00000000000005b0       0x34 /Applications/MCUXpressoIDE_11.8.0_1165/ide/plugins/com.nxp.mcuxpresso.tools.macosx_11.8.0.202306131047/tools/bin/../lib/gcc/arm-none-eabi/12.2.1/../../../../arm-none-eabi/lib/thumb/v7e-m+fp/hard/libcr_c.a(_do_fflush.o)
 .ARM.attributes
                0x00000000000005e4       0x34 /Applications/MCUXpressoIDE_11.8.0_1165/ide/plugins/com.nxp.mcuxpresso.tools.macosx_11.8.0.202306131047/tools/bin/../lib/gcc/arm-none-eabi/12.2.1/../../../../arm-none-eabi/lib/thumb/v7e-m+fp/hard/libcr_c.a(_fflush.o)
 .ARM.attributes
                0x0000000000000618       0x34 /Applications/MCUXpressoIDE_11.8.0_1165/ide/plugins/com.nxp.mcuxpresso.tools.macosx_11.8.0.202306131047/tools/bin/../lib/gcc/arm-none-eabi/12.2.1/../../../../arm-none-eabi/lib/thumb/v7e-m+fp/hard/libcr_c.a(_writebuf.o)
 .ARM.attributes
                0x000000000000064c       0x34 /Applications/MCUXpressoIDE_11.8.0_1165/ide/plugins/com.nxp.mcuxpresso.tools.macosx_11.8.0.202306131047/tools/bin/../lib/gcc/arm-none-eabi/12.2.1/../../../../arm-none-eabi/lib/thumb/v7e-m+fp/hard/libcr_c.a(alloc.o)
 .ARM.attributes
                0x0000000000000680       0x34 /Applications/MCUXpressoIDE_11.8.0_1165/ide/plugins/com.nxp.mcuxpresso.tools.macosx_11.8.0.202306131047/tools/bin/../lib/gcc/arm-none-eabi/12.2.1/../../../../arm-none-eabi/lib/thumb/v7e-m+fp/hard/libcr_c.a(_deferredlazyseek.o)
 .ARM.attributes
                0x00000000000006b4       0x34 /Applications/MCUXpressoIDE_11.8.0_1165/ide/plugins/com.nxp.mcuxpresso.tools.macosx_11.8.0.202306131047/tools/bin/../lib/gcc/arm-none-eabi/12.2.1/thumb/v7e-m+fp/hard/libcr_eabihelpers.a(double.o)
 .ARM.attributes
                0x00000000000006e8       0x20 /Applications/MCUXpressoIDE_11.8.0_1165/ide/plugins/com.nxp.mcuxpresso.tools.macosx_11.8.0.202306131047/tools/bin/../lib/gcc/arm-none-eabi/12.2.1/thumb/v7e-m+fp/hard/libcr_eabihelpers.a(memcpy.o)
 .ARM.attributes
                0x0000000000000708       0x34 /Applications/MCUXpressoIDE_11.8.0_1165/ide/plugins/com.nxp.mcuxpresso.tools.macosx_11.8.0.202306131047/tools/bin/../lib/gcc/arm-none-eabi/12.2.1/../../../../arm-none-eabi/lib/thumb/v7e-m+fp/hard/libcr_nohost_nf.a(__ciob.o)
 .ARM.attributes
                0x000000000000073c       0x34 /Applications/MCUXpressoIDE_11.8.0_1165/ide/plugins/com.nxp.mcuxpresso.tools.macosx_11.8.0.202306131047/tools/bin/../lib/gcc/arm-none-eabi/12.2.1/../../../../arm-none-eabi/lib/thumb/v7e-m+fp/hard/libcr_nohost_nf.a(__sys_close.o)
 .ARM.attributes
                0x0000000000000770       0x34 /Applications/MCUXpressoIDE_11.8.0_1165/ide/plugins/com.nxp.mcuxpresso.tools.macosx_11.8.0.202306131047/tools/bin/../lib/gcc/arm-none-eabi/12.2.1/../../../../arm-none-eabi/lib/thumb/v7e-m+fp/hard/libcr_nohost_nf.a(__sys_flen.o)
 .ARM.attributes
                0x00000000000007a4       0x34 /Applications/MCUXpressoIDE_11.8.0_1165/ide/plugins/com.nxp.mcuxpresso.tools.macosx_11.8.0.202306131047/tools/bin/../lib/gcc/arm-none-eabi/12.2.1/../../../../arm-none-eabi/lib/thumb/v7e-m+fp/hard/libcr_nohost_nf.a(__sys_istty.o)
 .ARM.attributes
                0x00000000000007d8       0x34 /Applications/MCUXpressoIDE_11.8.0_1165/ide/plugins/com.nxp.mcuxpresso.tools.macosx_11.8.0.202306131047/tools/bin/../lib/gcc/arm-none-eabi/12.2.1/../../../../arm-none-eabi/lib/thumb/v7e-m+fp/hard/libcr_nohost_nf.a(__sys_remove.o)
 .ARM.attributes
                0x000000000000080c       0x34 /Applications/MCUXpressoIDE_11.8.0_1165/ide/plugins/com.nxp.mcuxpresso.tools.macosx_11.8.0.202306131047/tools/bin/../lib/gcc/arm-none-eabi/12.2.1/../../../../arm-none-eabi/lib/thumb/v7e-m+fp/hard/libcr_nohost_nf.a(__sys_seek.o)
 .ARM.attributes
                0x0000000000000840       0x34 /Applications/MCUXpressoIDE_11.8.0_1165/ide/plugins/com.nxp.mcuxpresso.tools.macosx_11.8.0.202306131047/tools/bin/../lib/gcc/arm-none-eabi/12.2.1/../../../../arm-none-eabi/lib/thumb/v7e-m+fp/hard/libcr_nohost_nf.a(__sys_tmpnam.o)
 .ARM.attributes
                0x0000000000000874       0x34 /Applications/MCUXpressoIDE_11.8.0_1165/ide/plugins/com.nxp.mcuxpresso.tools.macosx_11.8.0.202306131047/tools/bin/../lib/gcc/arm-none-eabi/12.2.1/../../../../arm-none-eabi/lib/thumb/v7e-m+fp/hard/libcr_nohost_nf.a(__sys_write.o)

.debug_frame    0x0000000000000000     0x17e4
 .debug_frame   0x0000000000000000      0x320 ./source/drv/CAN_SPI.o
 .debug_frame   0x0000000000000320      0x258 ./source/drv/SPI.o
 .debug_frame   0x0000000000000578       0x88 ./source/drv/SysTick.o
 .debug_frame   0x0000000000000600      0x2b8 ./source/drv/UART.o
 .debug_frame   0x00000000000008b8      0x12c ./source/drv/accel.o
 .debug_frame   0x00000000000009e4      0x124 ./source/drv/gpio.o
 .debug_frame   0x0000000000000b08      0x134 ./source/drv/i2c.o
 .debug_frame   0x0000000000000c3c       0xac ./source/App.o
 .debug_frame   0x0000000000000ce8      0x104 ./source/comunicationHandler.o
 .debug_frame   0x0000000000000dec       0x70 ./SDK/startup/hardware.o
 .debug_frame   0x0000000000000e5c       0x2c ./SDK/startup/main.o
 .debug_frame   0x0000000000000e88      0x904 ./SDK/startup/startup_mk64f12.o
 .debug_frame   0x000000000000178c       0x58 ./SDK/CMSIS/system_MK64F12.o

.debug_loclists
                0x0000000000000000      0x113
 .debug_loclists
                0x0000000000000000      0x113 ./SDK/startup/startup_mk64f12.o
