Archive member included to satisfy reference by file (symbol)

/Applications/MCUXpressoIDE_11.8.0_1165/ide/plugins/com.nxp.mcuxpresso.tools.macosx_11.8.0.202306131047/tools/bin/../lib/gcc/arm-none-eabi/12.2.1/../../../../arm-none-eabi/lib/thumb/v7e-m+fp/hard/libcr_nohost_nf.a(_cr__main.o)
                              ./SDK/startup/startup_mk64f12.o (__main)
/Applications/MCUXpressoIDE_11.8.0_1165/ide/plugins/com.nxp.mcuxpresso.tools.macosx_11.8.0.202306131047/tools/bin/../lib/gcc/arm-none-eabi/12.2.1/../../../../arm-none-eabi/lib/thumb/v7e-m+fp/hard/libcr_c.a(atan2.o)
                              ./source/drv/accel.o (atan2)
/Applications/MCUXpressoIDE_11.8.0_1165/ide/plugins/com.nxp.mcuxpresso.tools.macosx_11.8.0.202306131047/tools/bin/../lib/gcc/arm-none-eabi/12.2.1/../../../../arm-none-eabi/lib/thumb/v7e-m+fp/hard/libcr_c.a(errno.o)
                              /Applications/MCUXpressoIDE_11.8.0_1165/ide/plugins/com.nxp.mcuxpresso.tools.macosx_11.8.0.202306131047/tools/bin/../lib/gcc/arm-none-eabi/12.2.1/../../../../arm-none-eabi/lib/thumb/v7e-m+fp/hard/libcr_c.a(atan2.o) (errno)
/Applications/MCUXpressoIDE_11.8.0_1165/ide/plugins/com.nxp.mcuxpresso.tools.macosx_11.8.0.202306131047/tools/bin/../lib/gcc/arm-none-eabi/12.2.1/../../../../arm-none-eabi/lib/thumb/v7e-m+fp/hard/libcr_c.a(fabs.o)
                              /Applications/MCUXpressoIDE_11.8.0_1165/ide/plugins/com.nxp.mcuxpresso.tools.macosx_11.8.0.202306131047/tools/bin/../lib/gcc/arm-none-eabi/12.2.1/../../../../arm-none-eabi/lib/thumb/v7e-m+fp/hard/libcr_c.a(atan2.o) (fabs)
/Applications/MCUXpressoIDE_11.8.0_1165/ide/plugins/com.nxp.mcuxpresso.tools.macosx_11.8.0.202306131047/tools/bin/../lib/gcc/arm-none-eabi/12.2.1/../../../../arm-none-eabi/lib/thumb/v7e-m+fp/hard/libcr_c.a(initio.o)
                              /Applications/MCUXpressoIDE_11.8.0_1165/ide/plugins/com.nxp.mcuxpresso.tools.macosx_11.8.0.202306131047/tools/bin/../lib/gcc/arm-none-eabi/12.2.1/../../../../arm-none-eabi/lib/thumb/v7e-m+fp/hard/libcr_nohost_nf.a(_cr__main.o) (_initio)
/Applications/MCUXpressoIDE_11.8.0_1165/ide/plugins/com.nxp.mcuxpresso.tools.macosx_11.8.0.202306131047/tools/bin/../lib/gcc/arm-none-eabi/12.2.1/../../../../arm-none-eabi/lib/thumb/v7e-m+fp/hard/libcr_c.a(setvbuf.o)
                              /Applications/MCUXpressoIDE_11.8.0_1165/ide/plugins/com.nxp.mcuxpresso.tools.macosx_11.8.0.202306131047/tools/bin/../lib/gcc/arm-none-eabi/12.2.1/../../../../arm-none-eabi/lib/thumb/v7e-m+fp/hard/libcr_c.a(initio.o) (setvbuf)
/Applications/MCUXpressoIDE_11.8.0_1165/ide/plugins/com.nxp.mcuxpresso.tools.macosx_11.8.0.202306131047/tools/bin/../lib/gcc/arm-none-eabi/12.2.1/../../../../arm-none-eabi/lib/thumb/v7e-m+fp/hard/libcr_c.a(_fdopen.o)
                              /Applications/MCUXpressoIDE_11.8.0_1165/ide/plugins/com.nxp.mcuxpresso.tools.macosx_11.8.0.202306131047/tools/bin/../lib/gcc/arm-none-eabi/12.2.1/../../../../arm-none-eabi/lib/thumb/v7e-m+fp/hard/libcr_c.a(initio.o) (_fdopen)
/Applications/MCUXpressoIDE_11.8.0_1165/ide/plugins/com.nxp.mcuxpresso.tools.macosx_11.8.0.202306131047/tools/bin/../lib/gcc/arm-none-eabi/12.2.1/../../../../arm-none-eabi/lib/thumb/v7e-m+fp/hard/libcr_c.a(atan.o)
                              /Applications/MCUXpressoIDE_11.8.0_1165/ide/plugins/com.nxp.mcuxpresso.tools.macosx_11.8.0.202306131047/tools/bin/../lib/gcc/arm-none-eabi/12.2.1/../../../../arm-none-eabi/lib/thumb/v7e-m+fp/hard/libcr_c.a(atan2.o) (atan)
/Applications/MCUXpressoIDE_11.8.0_1165/ide/plugins/com.nxp.mcuxpresso.tools.macosx_11.8.0.202306131047/tools/bin/../lib/gcc/arm-none-eabi/12.2.1/../../../../arm-none-eabi/lib/thumb/v7e-m+fp/hard/libcr_c.a(fclose.o)
                              /Applications/MCUXpressoIDE_11.8.0_1165/ide/plugins/com.nxp.mcuxpresso.tools.macosx_11.8.0.202306131047/tools/bin/../lib/gcc/arm-none-eabi/12.2.1/../../../../arm-none-eabi/lib/thumb/v7e-m+fp/hard/libcr_c.a(initio.o) (fclose)
/Applications/MCUXpressoIDE_11.8.0_1165/ide/plugins/com.nxp.mcuxpresso.tools.macosx_11.8.0.202306131047/tools/bin/../lib/gcc/arm-none-eabi/12.2.1/../../../../arm-none-eabi/lib/thumb/v7e-m+fp/hard/libcr_c.a(fflush.o)
                              /Applications/MCUXpressoIDE_11.8.0_1165/ide/plugins/com.nxp.mcuxpresso.tools.macosx_11.8.0.202306131047/tools/bin/../lib/gcc/arm-none-eabi/12.2.1/../../../../arm-none-eabi/lib/thumb/v7e-m+fp/hard/libcr_c.a(fclose.o) (fflush)
/Applications/MCUXpressoIDE_11.8.0_1165/ide/plugins/com.nxp.mcuxpresso.tools.macosx_11.8.0.202306131047/tools/bin/../lib/gcc/arm-none-eabi/12.2.1/../../../../arm-none-eabi/lib/thumb/v7e-m+fp/hard/libcr_c.a(fseek.o)
                              /Applications/MCUXpressoIDE_11.8.0_1165/ide/plugins/com.nxp.mcuxpresso.tools.macosx_11.8.0.202306131047/tools/bin/../lib/gcc/arm-none-eabi/12.2.1/../../../../arm-none-eabi/lib/thumb/v7e-m+fp/hard/libcr_c.a(_fdopen.o) (fseek)
[...]
Memory Configuration

Name             Origin             Length             Attributes
PROGRAM_FLASH    0x0000000000000000 0x0000000000100000 xr
SRAM_UPPER       0x0000000020000000 0x0000000000030000 xrw
SRAM_LOWER       0x000000001fff0000 0x0000000000010000 xrw
FLEX_RAM         0x0000000014000000 0x0000000000001000 xrw
*default*        0x0000000000000000 0xffffffffffffffff

Linker script and memory map

LOAD ./source/drv/SysTick.o
LOAD ./source/drv/UART.o
LOAD ./source/drv/accel.o
LOAD ./source/drv/gpio.o
LOAD ./source/drv/i2c.o
LOAD ./source/App.o
LOAD ./source/comunicationHandler.o
LOAD ./SDK/startup/hardware.o
LOAD ./SDK/startup/main.o
LOAD ./SDK/startup/startup_mk64f12.o
LOAD ./SDK/CMSIS/system_MK64F12.o
START GROUP
LOAD /Applications/MCUXpressoIDE_11.8.0_1165/ide/plugins/com.nxp.mcuxpresso.tools.macosx_11.8.0.202306131047/tools/bin/../lib/gcc/arm-none-eabi/12.2.1/../../../../arm-none-eabi/lib/thumb/v7e-m+fp/hard/libcr_nohost_nf.a
LOAD /Applications/MCUXpressoIDE_11.8.0_1165/ide/plugins/com.nxp.mcuxpresso.tools.macosx_11.8.0.202306131047/tools/bin/../lib/gcc/arm-none-eabi/12.2.1/../../../../arm-none-eabi/lib/thumb/v7e-m+fp/hard/libcr_c.a
LOAD /Applications/MCUXpressoIDE_11.8.0_1165/ide/plugins/com.nxp.mcuxpresso.tools.macosx_11.8.0.202306131047/tools/bin/../lib/gcc/arm-none-eabi/12.2.1/thumb/v7e-m+fp/hard/libcr_eabihelpers.a
LOAD /Applications/MCUXpressoIDE_11.8.0_1165/ide/plugins/com.nxp.mcuxpresso.tools.macosx_11.8.0.202306131047/tools/bin/../lib/gcc/arm-none-eabi/12.2.1/thumb/v7e-m+fp/hard/libgcc.a
END GROUP
                0x0000000000000000                __base_PROGRAM_FLASH = 0x0
                0x0000000000000000                __base_Flash = 0x0
                0x0000000000100000                __top_PROGRAM_FLASH = 0x100000
                0x0000000000100000                __top_Flash = 0x100000
                0x0000000020000000                __base_SRAM_UPPER = 0x20000000
                0x0000000020000000                __base_RAM = 0x20000000
                0x0000000020030000                __top_SRAM_UPPER = 0x20030000
                0x0000000020030000                __top_RAM = 0x20030000
                0x000000001fff0000                __base_SRAM_LOWER = 0x1fff0000
                0x000000001fff0000                __base_RAM2 = 0x1fff0000
                0x0000000020000000                __top_SRAM_LOWER = 0x20000000
                0x0000000020000000                __top_RAM2 = 0x20000000
                0x0000000014000000                __base_FLEX_RAM = 0x14000000
                0x0000000014000000                __base_RAM3 = 0x14000000
                0x0000000014001000                __top_FLEX_RAM = 0x14001000
                0x0000000014001000                __top_RAM3 = 0x14001000

.text           0x0000000000000000     0x3010
 FILL mask 0xff
                0x0000000000000000                __vectors_start__ = ABSOLUTE (.)
 *(.isr_vector)
 .isr_vector    0x0000000000000000      0x198 ./SDK/startup/startup_mk64f12.o
                0x0000000000000000                __Vectors
                0x0000000000000000                g_pfnVectors
                0x0000000000000198                . = ALIGN (0x4)
                0x0000000000000198                __section_table_start = .
                0x0000000000000198                __data_section_table = .
                0x0000000000000198        0x4 LONG 0x3010 LOADADDR (.data)
                0x000000000000019c        0x4 LONG 0x20000000 ADDR (.data)
                0x00000000000001a0        0x4 LONG 0x118 SIZEOF (.data)
                0x00000000000001a4        0x4 LONG 0x3010 LOADADDR (.data_RAM2)
                0x00000000000001a8        0x4 LONG 0x1fff0000 ADDR (.data_RAM2)
                0x00000000000001ac        0x4 LONG 0x0 SIZEOF (.data_RAM2)
                0x00000000000001b0        0x4 LONG 0x3010 LOADADDR (.data_RAM3)
                0x00000000000001b4        0x4 LONG 0x14000000 ADDR (.data_RAM3)
                0x00000000000001b8        0x4 LONG 0x0 SIZEOF (.data_RAM3)
                0x00000000000001bc                __data_section_table_end = .
                0x00000000000001bc                __bss_section_table = .
                0x00000000000001bc        0x4 LONG 0x20000118 ADDR (.bss)
                0x00000000000001c0        0x4 LONG 0x3f8 SIZEOF (.bss)
                0x00000000000001c4        0x4 LONG 0x1fff0000 ADDR (.bss_RAM2)
                0x00000000000001c8        0x4 LONG 0x0 SIZEOF (.bss_RAM2)
                0x00000000000001cc        0x4 LONG 0x14000000 ADDR (.bss_RAM3)
                0x00000000000001d0        0x4 LONG 0x0 SIZEOF (.bss_RAM3)
                0x00000000000001d4                __bss_section_table_end = .
                0x00000000000001d4                __section_table_end = .
 *(.after_vectors*)
 .after_vectors.init_data
                0x00000000000001d4       0x1e ./SDK/startup/startup_mk64f12.o
                0x00000000000001d4                data_init
 .after_vectors.init_bss
                0x00000000000001f2       0x12 ./SDK/startup/startup_mk64f12.o
                0x00000000000001f2                bss_init
 .after_vectors.reset
                0x0000000000000204       0x4c ./SDK/startup/startup_mk64f12.o
                0x0000000000000204                ResetISR
 .after_vectors
                0x0000000000000250       0x14 ./SDK/startup/startup_mk64f12.o
                0x0000000000000250                NMI_Handler
                0x0000000000000252                HardFault_Handler
                0x0000000000000254                MemManage_Handler
                0x0000000000000256                BusFault_Handler
                0x0000000000000258                UsageFault_Handler
                0x000000000000025a                SVC_Handler
                0x000000000000025c                DebugMon_Handler
                0x000000000000025e                PendSV_Handler
                0x0000000000000262                FTM2_DriverIRQHandler
                0x0000000000000262                PIT2_DriverIRQHandler
                0x0000000000000262                SDHC_DriverIRQHandler
                0x0000000000000262                I2S0_Tx_DriverIRQHandler
                0x0000000000000262                RTC_Seconds_DriverIRQHandler
                0x0000000000000262                DMA6_DriverIRQHandler
                0x0000000000000262                LLWU_DriverIRQHandler
                0x0000000000000262                MCM_DriverIRQHandler
                0x0000000000000262                MCG_DriverIRQHandler
                0x0000000000000262                ENET_1588_Timer_DriverIRQHandler
                0x0000000000000262                I2C2_DriverIRQHandler
                0x0000000000000262                DAC1_DriverIRQHandler
                0x0000000000000262                CMP1_DriverIRQHandler
                0x0000000000000262                UART5_RX_TX_DriverIRQHandler
                0x0000000000000262                FTM0_DriverIRQHandler
                0x0000000000000262                IntDefaultHandler
                0x0000000000000262                USB0_DriverIRQHandler
                0x0000000000000262                UART5_ERR_DriverIRQHandler
                0x0000000000000262                PORTC_DriverIRQHandler
                0x0000000000000262                DMA11_DriverIRQHandler
                0x0000000000000262                DAC0_DriverIRQHandler
                0x0000000000000262                DMA10_DriverIRQHandler
                0x0000000000000262                CMP2_DriverIRQHandler
                0x0000000000000262                UART2_ERR_DriverIRQHandler
                0x0000000000000262                SPI2_DriverIRQHandler
                0x0000000000000262                LVD_LVW_DriverIRQHandler
                0x0000000000000262                PIT0_DriverIRQHandler
                0x0000000000000262                RNG_DriverIRQHandler
                0x0000000000000262                DMA5_DriverIRQHandler
                0x0000000000000262                DMA4_DriverIRQHandler
                0x0000000000000262                UART2_RX_TX_DriverIRQHandler
                0x0000000000000262                USBDCD_DriverIRQHandler
                0x0000000000000262                UART3_ERR_DriverIRQHandler
                0x0000000000000262                DMA3_DriverIRQHandler
                0x0000000000000262                DMA8_DriverIRQHandler
                0x0000000000000262                DMA9_DriverIRQHandler
                0x0000000000000262                UART0_ERR_DriverIRQHandler
                0x0000000000000262                CMT_DriverIRQHandler
                0x0000000000000262                Reserved71_DriverIRQHandler
                0x0000000000000262                ADC1_DriverIRQHandler
                0x0000000000000262                PORTA_DriverIRQHandler
                0x0000000000000262                DMA14_DriverIRQHandler
                0x0000000000000262                PIT3_DriverIRQHandler
                0x0000000000000262                PIT1_DriverIRQHandler
                0x0000000000000262                WDOG_EWM_DriverIRQHandler
                0x0000000000000262                PDB0_DriverIRQHandler
                0x0000000000000262                RTC_DriverIRQHandler
                0x0000000000000262                I2S0_Rx_DriverIRQHandler
                0x0000000000000262                Read_Collision_DriverIRQHandler
                0x0000000000000262                SWI_DriverIRQHandler
                0x0000000000000262                UART4_RX_TX_DriverIRQHandler
                0x0000000000000262                UART4_ERR_DriverIRQHandler
                0x0000000000000262                UART0_LON_DriverIRQHandler
                0x0000000000000262                DMA1_DriverIRQHandler
                0x0000000000000262                I2C1_DriverIRQHandler
                0x0000000000000262                UART3_RX_TX_DriverIRQHandler
                0x0000000000000262                ENET_Receive_DriverIRQHandler
                0x0000000000000262                DMA13_DriverIRQHandler
                0x0000000000000262                ENET_Error_DriverIRQHandler
                0x0000000000000262                DMA15_DriverIRQHandler
                0x0000000000000262                UART0_RX_TX_DriverIRQHandler
                0x0000000000000262                SPI0_DriverIRQHandler
                0x0000000000000262                ADC0_DriverIRQHandler
                0x0000000000000262                CMP0_DriverIRQHandler
                0x0000000000000262                CAN0_DriverIRQHandler
                0x0000000000000262                FTM3_DriverIRQHandler
                0x0000000000000262                UART1_ERR_DriverIRQHandler
                0x0000000000000262                DMA2_DriverIRQHandler
                0x0000000000000262                ENET_Transmit_DriverIRQHandler
                0x0000000000000262                PORTD_DriverIRQHandler
                0x0000000000000262                PORTE_DriverIRQHandler
                0x0000000000000262                FTFE_DriverIRQHandler
                0x0000000000000262                I2C0_DriverIRQHandler
                0x0000000000000262                DMA7_DriverIRQHandler
                0x0000000000000262                UART1_RX_TX_DriverIRQHandler
                0x0000000000000262                DMA0_DriverIRQHandler
                0x0000000000000262                PORTB_DriverIRQHandler
                0x0000000000000262                DMA12_DriverIRQHandler
                0x0000000000000262                SPI1_DriverIRQHandler
                0x0000000000000262                LPTMR0_DriverIRQHandler
                0x0000000000000262                DMA_Error_DriverIRQHandler
                0x0000000000000262                FTM1_DriverIRQHandler
                0x0000000000000400                . = 0x400
 *fill*         0x0000000000000264      0x19c ff
                0x0000000000000400                PROVIDE (__FLASH_CONFIG_START__ = .)
 *(.FlashConfig)
 .FlashConfig   0x0000000000000400       0x10 ./SDK/startup/startup_mk64f12.o
                0x0000000000000400                Flash_Config
                0x0000000000000410                PROVIDE (__FLASH_CONFIG_END__ = .)
                0x0000000000000001                ASSERT (! ((__FLASH_CONFIG_START__ == __FLASH_CONFIG_END__)), Linker Flash Config Support Enabled, but no .FlashConfig section provided within application)
 *(.text*)
 .text.SysTick_Init
                0x0000000000000410       0x30 ./source/drv/SysTick.o
                0x0000000000000410                SysTick_Init
 .text.SysTick_Reg_Callback
                0x0000000000000440       0x70 ./source/drv/SysTick.o
                0x0000000000000440                SysTick_Reg_Callback
 .text.SysTick_Handler
                0x00000000000004b0       0xb0 ./source/drv/SysTick.o
                0x00000000000004b0                SysTick_Handler
 .text.NVIC_EnableIRQ
                0x0000000000000560       0x34 ./source/drv/UART.o
 .text.UART_Init
                0x0000000000000594      0x144 ./source/drv/UART.o
                0x0000000000000594                UART_Init
 .text.UART_SetBaudRate
                0x00000000000006d8       0xb8 ./source/drv/UART.o
                0x00000000000006d8                UART_SetBaudRate
 .text.UART_rx_tx_irq_handler
                0x0000000000000790       0x78 ./source/drv/UART.o
                0x0000000000000790                UART_rx_tx_irq_handler
 .text.UART_SendMsg
                0x0000000000000808       0x68 ./source/drv/UART.o
                0x0000000000000808                UART_SendMsg
 .text.queue_Init
                0x0000000000000870       0x54 ./source/drv/UART.o
 .text.push_Queue_Element
                0x00000000000008c4       0xa8 ./source/drv/UART.o
 .text.pull_Queue_Element
                0x000000000000096c       0xa8 ./source/drv/UART.o
 .text.get_Queue_Status
                0x0000000000000a14       0x28 ./source/drv/UART.o
 .text.UART0_RX_TX_IRQHandler
                0x0000000000000a3c       0x24 ./source/drv/UART.o
                0x0000000000000a3c                UART0_RX_TX_IRQHandler
 .text.UART1_RX_TX_IRQHandler
                0x0000000000000a60       0x24 ./source/drv/UART.o
                0x0000000000000a60                UART1_RX_TX_IRQHandler
 .text.UART2_RX_TX_IRQHandler
                0x0000000000000a84       0x24 ./source/drv/UART.o
                0x0000000000000a84                UART2_RX_TX_IRQHandler
 .text.UART3_RX_TX_IRQHandler
                0x0000000000000aa8       0x24 ./source/drv/UART.o
                0x0000000000000aa8                UART3_RX_TX_IRQHandler
 .text.UART4_RX_TX_IRQHandler
                0x0000000000000acc       0x24 ./source/drv/UART.o
                0x0000000000000acc                UART4_RX_TX_IRQHandler
 .text.FX_ReadReg
                0x0000000000000af0       0x5c ./source/drv/accel.o
 .text.FX_WriteReg
                0x0000000000000b4c       0x40 ./source/drv/accel.o
 .text.FX_I2C_Init
                0x0000000000000b8c       0x38 ./source/drv/accel.o
                0x0000000000000b8c                FX_I2C_Init
 .text.FX_InitSequence
                0x0000000000000bc4       0xe0 ./source/drv/accel.o
                0x0000000000000bc4                FX_InitSequence
 *fill*         0x0000000000000ca4        0x4 ff
 .text.FX_RunningSequence
                0x0000000000000ca8      0x25c ./source/drv/accel.o
 .text.FX_PISR  0x0000000000000f04       0x2c ./source/drv/accel.o
                0x0000000000000f04                FX_PISR
 .text.FX_I2C_Finished
                0x0000000000000f30       0x44 ./source/drv/accel.o
                0x0000000000000f30                FX_I2C_Finished
 .text.getAccelData
                0x0000000000000f74       0x28 ./source/drv/accel.o
                0x0000000000000f74                getAccelData
 .text.gpioWrite
                0x0000000000000f9c       0x64 ./source/drv/gpio.o
                0x0000000000000f9c                gpioWrite
 .text.NVIC_EnableIRQ
                0x0000000000001000       0x34 ./source/drv/i2c.o
 .text.I2C_InitModule
                0x0000000000001034      0x114 ./source/drv/i2c.o
                0x0000000000001034                I2C_InitModule
 .text.I2C_InitObject
                0x0000000000001148      0x15c ./source/drv/i2c.o
                0x0000000000001148                I2C_InitObject
 .text.I2C_IRQHandler
                0x00000000000012a4      0x388 ./source/drv/i2c.o
                0x00000000000012a4                I2C_IRQHandler
 .text.SetBaudRate
                0x000000000000162c       0xbc ./source/drv/i2c.o
 .text.I2C0_IRQHandler
                0x00000000000016e8       0x1e ./source/drv/i2c.o
                0x00000000000016e8                I2C0_IRQHandler
 .text.I2C1_IRQHandler
                0x0000000000001706        0xe ./source/drv/i2c.o
                0x0000000000001706                I2C1_IRQHandler
 .text.I2C2_IRQHandler
                0x0000000000001714        0xe ./source/drv/i2c.o
                0x0000000000001714                I2C2_IRQHandler
 *fill*         0x0000000000001722        0x2 ff
 .text.periodicRefresh
                0x0000000000001724       0xa0 ./source/App.o
                0x0000000000001724                periodicRefresh
 .text.App_Init
                0x00000000000017c4       0x28 ./source/App.o
                0x00000000000017c4                App_Init
 .text.App_Run  0x00000000000017ec       0x3c ./source/App.o
                0x00000000000017ec                App_Run
 .text.comunicationHandler_init
                0x0000000000001828       0x20 ./source/comunicationHandler.o
                0x0000000000001828                comunicationHandler_init
 .text.Com_EventHandler
                0x0000000000001848      0x1ec ./source/comunicationHandler.o
                0x0000000000001848                Com_EventHandler
 .text.ComHandler_parseCANmsj
                0x0000000000001a34      0x188 ./source/comunicationHandler.o
                0x0000000000001a34                ComHandler_parseCANmsj
 .text.comunicationHandler_send2Ext
                0x0000000000001bbc       0x8c ./source/comunicationHandler.o
                0x0000000000001bbc                comunicationHandler_send2Ext
 .text.hw_Init  0x0000000000001c48       0xf4 ./SDK/startup/hardware.o
                0x0000000000001c48                hw_Init
 .text.hw_EnableInterrupts
                0x0000000000001d3c       0x30 ./SDK/startup/hardware.o
                0x0000000000001d3c                hw_EnableInterrupts
 .text.hw_DisableInterrupts
                0x0000000000001d6c       0x20 ./SDK/startup/hardware.o
                0x0000000000001d6c                hw_DisableInterrupts
 .text.main     0x0000000000001d8c       0x1a ./SDK/startup/main.o
                0x0000000000001d8c                main
 .text.DMA0_IRQHandler
                0x0000000000001da6        0x8 ./SDK/startup/startup_mk64f12.o
                0x0000000000001da6                DMA0_IRQHandler
 .text.DMA1_IRQHandler
                0x0000000000001dae        0x8 ./SDK/startup/startup_mk64f12.o
                0x0000000000001dae                DMA1_IRQHandler
 .text.DMA2_IRQHandler
                0x0000000000001db6        0x8 ./SDK/startup/startup_mk64f12.o
                0x0000000000001db6                DMA2_IRQHandler
 .text.DMA3_IRQHandler
                0x0000000000001dbe        0x8 ./SDK/startup/startup_mk64f12.o
                0x0000000000001dbe                DMA3_IRQHandler
 .text.DMA4_IRQHandler
                0x0000000000001dc6        0x8 ./SDK/startup/startup_mk64f12.o
                0x0000000000001dc6                DMA4_IRQHandler
 .text.DMA5_IRQHandler
                0x0000000000001dce        0x8 ./SDK/startup/startup_mk64f12.o
                0x0000000000001dce                DMA5_IRQHandler
 .text.DMA6_IRQHandler
                0x0000000000001dd6        0x8 ./SDK/startup/startup_mk64f12.o
                0x0000000000001dd6                DMA6_IRQHandler
 .text.DMA7_IRQHandler
                0x0000000000001dde        0x8 ./SDK/startup/startup_mk64f12.o
                0x0000000000001dde                DMA7_IRQHandler
 .text.DMA8_IRQHandler
                0x0000000000001de6        0x8 ./SDK/startup/startup_mk64f12.o
                0x0000000000001de6                DMA8_IRQHandler
 .text.DMA9_IRQHandler
                0x0000000000001dee        0x8 ./SDK/startup/startup_mk64f12.o
                0x0000000000001dee                DMA9_IRQHandler
 .text.DMA10_IRQHandler
                0x0000000000001df6        0x8 ./SDK/startup/startup_mk64f12.o
                0x0000000000001df6                DMA10_IRQHandler
 .text.DMA11_IRQHandler
                0x0000000000001dfe        0x8 ./SDK/startup/startup_mk64f12.o
                0x0000000000001dfe                DMA11_IRQHandler
 .text.DMA12_IRQHandler
                0x0000000000001e06        0x8 ./SDK/startup/startup_mk64f12.o
                0x0000000000001e06                DMA12_IRQHandler
 .text.DMA13_IRQHandler
                0x0000000000001e0e        0x8 ./SDK/startup/startup_mk64f12.o
                0x0000000000001e0e                DMA13_IRQHandler
 .text.DMA14_IRQHandler
                0x0000000000001e16        0x8 ./SDK/startup/startup_mk64f12.o
                0x0000000000001e16                DMA14_IRQHandler
 .text.DMA15_IRQHandler
                0x0000000000001e1e        0x8 ./SDK/startup/startup_mk64f12.o
                0x0000000000001e1e                DMA15_IRQHandler
 .text.DMA_Error_IRQHandler
                0x0000000000001e26        0x8 ./SDK/startup/startup_mk64f12.o
                0x0000000000001e26                DMA_Error_IRQHandler
 .text.MCM_IRQHandler
                0x0000000000001e2e        0x8 ./SDK/startup/startup_mk64f12.o
                0x0000000000001e2e                MCM_IRQHandler
 .text.FTFE_IRQHandler
                0x0000000000001e36        0x8 ./SDK/startup/startup_mk64f12.o
                0x0000000000001e36                FTFE_IRQHandler
 .text.Read_Collision_IRQHandler
                0x0000000000001e3e        0x8 ./SDK/startup/startup_mk64f12.o
                0x0000000000001e3e                Read_Collision_IRQHandler
 .text.LVD_LVW_IRQHandler
                0x0000000000001e46        0x8 ./SDK/startup/startup_mk64f12.o
                0x0000000000001e46                LVD_LVW_IRQHandler
 .text.LLWU_IRQHandler
                0x0000000000001e4e        0x8 ./SDK/startup/startup_mk64f12.o
                0x0000000000001e4e                LLWU_IRQHandler
 .text.WDOG_EWM_IRQHandler
                0x0000000000001e56        0x8 ./SDK/startup/startup_mk64f12.o
                0x0000000000001e56                WDOG_EWM_IRQHandler
 .text.RNG_IRQHandler
                0x0000000000001e5e        0x8 ./SDK/startup/startup_mk64f12.o
                0x0000000000001e5e                RNG_IRQHandler
 .text.SPI0_IRQHandler
                0x0000000000001e66        0x8 ./SDK/startup/startup_mk64f12.o
                0x0000000000001e66                SPI0_IRQHandler
 .text.SPI1_IRQHandler
                0x0000000000001e6e        0x8 ./SDK/startup/startup_mk64f12.o
                0x0000000000001e6e                SPI1_IRQHandler
 .text.I2S0_Tx_IRQHandler
                0x0000000000001e76        0x8 ./SDK/startup/startup_mk64f12.o
                0x0000000000001e76                I2S0_Tx_IRQHandler
 .text.I2S0_Rx_IRQHandler
                0x0000000000001e7e        0x8 ./SDK/startup/startup_mk64f12.o
                0x0000000000001e7e                I2S0_Rx_IRQHandler
 .text.UART0_LON_IRQHandler
                0x0000000000001e86        0x8 ./SDK/startup/startup_mk64f12.o
                0x0000000000001e86                UART0_LON_IRQHandler
 .text.UART0_ERR_IRQHandler
                0x0000000000001e8e        0x8 ./SDK/startup/startup_mk64f12.o
                0x0000000000001e8e                UART0_ERR_IRQHandler
 .text.UART1_ERR_IRQHandler
                0x0000000000001e96        0x8 ./SDK/startup/startup_mk64f12.o
                0x0000000000001e96                UART1_ERR_IRQHandler
 .text.UART2_ERR_IRQHandler
                0x0000000000001e9e        0x8 ./SDK/startup/startup_mk64f12.o
                0x0000000000001e9e                UART2_ERR_IRQHandler
 .text.UART3_ERR_IRQHandler
                0x0000000000001ea6        0x8 ./SDK/startup/startup_mk64f12.o
                0x0000000000001ea6                UART3_ERR_IRQHandler
 .text.ADC0_IRQHandler
                0x0000000000001eae        0x8 ./SDK/startup/startup_mk64f12.o
                0x0000000000001eae                ADC0_IRQHandler
 .text.CMP0_IRQHandler
                0x0000000000001eb6        0x8 ./SDK/startup/startup_mk64f12.o
                0x0000000000001eb6                CMP0_IRQHandler
 .text.CMP1_IRQHandler
                0x0000000000001ebe        0x8 ./SDK/startup/startup_mk64f12.o
                0x0000000000001ebe                CMP1_IRQHandler
 .text.FTM0_IRQHandler
                0x0000000000001ec6        0x8 ./SDK/startup/startup_mk64f12.o
                0x0000000000001ec6                FTM0_IRQHandler
 .text.FTM1_IRQHandler
                0x0000000000001ece        0x8 ./SDK/startup/startup_mk64f12.o
                0x0000000000001ece                FTM1_IRQHandler
 .text.FTM2_IRQHandler
                0x0000000000001ed6        0x8 ./SDK/startup/startup_mk64f12.o
                0x0000000000001ed6                FTM2_IRQHandler
 .text.CMT_IRQHandler
                0x0000000000001ede        0x8 ./SDK/startup/startup_mk64f12.o
                0x0000000000001ede                CMT_IRQHandler
 .text.RTC_IRQHandler
                0x0000000000001ee6        0x8 ./SDK/startup/startup_mk64f12.o
                0x0000000000001ee6                RTC_IRQHandler
 .text.RTC_Seconds_IRQHandler
                0x0000000000001eee        0x8 ./SDK/startup/startup_mk64f12.o
                0x0000000000001eee                RTC_Seconds_IRQHandler
 .text.PIT0_IRQHandler
                0x0000000000001ef6        0x8 ./SDK/startup/startup_mk64f12.o
                0x0000000000001ef6                PIT0_IRQHandler
 .text.PIT1_IRQHandler
                0x0000000000001efe        0x8 ./SDK/startup/startup_mk64f12.o
                0x0000000000001efe                PIT1_IRQHandler
 .text.PIT2_IRQHandler
                0x0000000000001f06        0x8 ./SDK/startup/startup_mk64f12.o
                0x0000000000001f06                PIT2_IRQHandler
 .text.PIT3_IRQHandler
                0x0000000000001f0e        0x8 ./SDK/startup/startup_mk64f12.o
                0x0000000000001f0e                PIT3_IRQHandler
 .text.PDB0_IRQHandler
                0x0000000000001f16        0x8 ./SDK/startup/startup_mk64f12.o
                0x0000000000001f16                PDB0_IRQHandler
 .text.USB0_IRQHandler
                0x0000000000001f1e        0x8 ./SDK/startup/startup_mk64f12.o
                0x0000000000001f1e                USB0_IRQHandler
 .text.USBDCD_IRQHandler
                0x0000000000001f26        0x8 ./SDK/startup/startup_mk64f12.o
                0x0000000000001f26                USBDCD_IRQHandler
 .text.Reserved71_IRQHandler
                0x0000000000001f2e        0x8 ./SDK/startup/startup_mk64f12.o
                0x0000000000001f2e                Reserved71_IRQHandler
 .text.DAC0_IRQHandler
                0x0000000000001f36        0x8 ./SDK/startup/startup_mk64f12.o
                0x0000000000001f36                DAC0_IRQHandler
 .text.MCG_IRQHandler
                0x0000000000001f3e        0x8 ./SDK/startup/startup_mk64f12.o
                0x0000000000001f3e                MCG_IRQHandler
 .text.LPTMR0_IRQHandler
                0x0000000000001f46        0x8 ./SDK/startup/startup_mk64f12.o
                0x0000000000001f46                LPTMR0_IRQHandler
 .text.PORTA_IRQHandler
                0x0000000000001f4e        0x8 ./SDK/startup/startup_mk64f12.o
                0x0000000000001f4e                PORTA_IRQHandler
 .text.PORTB_IRQHandler
                0x0000000000001f56        0x8 ./SDK/startup/startup_mk64f12.o
                0x0000000000001f56                PORTB_IRQHandler
 .text.PORTC_IRQHandler
                0x0000000000001f5e        0x8 ./SDK/startup/startup_mk64f12.o
                0x0000000000001f5e                PORTC_IRQHandler
 .text.PORTD_IRQHandler
                0x0000000000001f66        0x8 ./SDK/startup/startup_mk64f12.o
                0x0000000000001f66                PORTD_IRQHandler
 .text.PORTE_IRQHandler
                0x0000000000001f6e        0x8 ./SDK/startup/startup_mk64f12.o
                0x0000000000001f6e                PORTE_IRQHandler
 .text.SWI_IRQHandler
                0x0000000000001f76        0x8 ./SDK/startup/startup_mk64f12.o
                0x0000000000001f76                SWI_IRQHandler
 .text.SPI2_IRQHandler
                0x0000000000001f7e        0x8 ./SDK/startup/startup_mk64f12.o
                0x0000000000001f7e                SPI2_IRQHandler
 .text.UART4_ERR_IRQHandler
                0x0000000000001f86        0x8 ./SDK/startup/startup_mk64f12.o
                0x0000000000001f86                UART4_ERR_IRQHandler
 .text.UART5_RX_TX_IRQHandler
                0x0000000000001f8e        0x8 ./SDK/startup/startup_mk64f12.o
                0x0000000000001f8e                UART5_RX_TX_IRQHandler
 .text.UART5_ERR_IRQHandler
                0x0000000000001f96        0x8 ./SDK/startup/startup_mk64f12.o
                0x0000000000001f96                UART5_ERR_IRQHandler
 .text.CMP2_IRQHandler
                0x0000000000001f9e        0x8 ./SDK/startup/startup_mk64f12.o
                0x0000000000001f9e                CMP2_IRQHandler
 .text.FTM3_IRQHandler
                0x0000000000001fa6        0x8 ./SDK/startup/startup_mk64f12.o
                0x0000000000001fa6                FTM3_IRQHandler
 .text.DAC1_IRQHandler
                0x0000000000001fae        0x8 ./SDK/startup/startup_mk64f12.o
                0x0000000000001fae                DAC1_IRQHandler
 .text.ADC1_IRQHandler
                0x0000000000001fb6        0x8 ./SDK/startup/startup_mk64f12.o
                0x0000000000001fb6                ADC1_IRQHandler
 .text.CAN0_ORed_Message_buffer_IRQHandler
                0x0000000000001fbe        0x8 ./SDK/startup/startup_mk64f12.o
                0x0000000000001fbe                CAN0_ORed_Message_buffer_IRQHandler
 .text.CAN0_Bus_Off_IRQHandler
                0x0000000000001fc6        0x8 ./SDK/startup/startup_mk64f12.o
                0x0000000000001fc6                CAN0_Bus_Off_IRQHandler
 .text.CAN0_Error_IRQHandler
                0x0000000000001fce        0x8 ./SDK/startup/startup_mk64f12.o
                0x0000000000001fce                CAN0_Error_IRQHandler
 .text.CAN0_Tx_Warning_IRQHandler
                0x0000000000001fd6        0x8 ./SDK/startup/startup_mk64f12.o
                0x0000000000001fd6                CAN0_Tx_Warning_IRQHandler
 .text.CAN0_Rx_Warning_IRQHandler
                0x0000000000001fde        0x8 ./SDK/startup/startup_mk64f12.o
                0x0000000000001fde                CAN0_Rx_Warning_IRQHandler
 .text.CAN0_Wake_Up_IRQHandler
                0x0000000000001fe6        0x8 ./SDK/startup/startup_mk64f12.o
                0x0000000000001fe6                CAN0_Wake_Up_IRQHandler
 .text.SDHC_IRQHandler
                0x0000000000001fee        0x8 ./SDK/startup/startup_mk64f12.o
                0x0000000000001fee                SDHC_IRQHandler
 .text.ENET_1588_Timer_IRQHandler
                0x0000000000001ff6        0x8 ./SDK/startup/startup_mk64f12.o
                0x0000000000001ff6                ENET_1588_Timer_IRQHandler
 .text.ENET_Transmit_IRQHandler
                0x0000000000001ffe        0x8 ./SDK/startup/startup_mk64f12.o
                0x0000000000001ffe                ENET_Transmit_IRQHandler
 .text.ENET_Receive_IRQHandler
                0x0000000000002006        0x8 ./SDK/startup/startup_mk64f12.o
                0x0000000000002006                ENET_Receive_IRQHandler
 .text.ENET_Error_IRQHandler
                0x000000000000200e        0x8 ./SDK/startup/startup_mk64f12.o
                0x000000000000200e                ENET_Error_IRQHandler
 *fill*         0x0000000000002016        0x2 ff
 .text.SystemInit
                0x0000000000002018       0x40 ./SDK/CMSIS/system_MK64F12.o
                0x0000000000002018                SystemInit
 .text.__main   0x0000000000002058        0xe /Applications/MCUXpressoIDE_11.8.0_1165/ide/plugins/com.nxp.mcuxpresso.tools.macosx_11.8.0.202306131047/tools/bin/../lib/gcc/arm-none-eabi/12.2.1/../../../../arm-none-eabi/lib/thumb/v7e-m+fp/hard/libcr_nohost_nf.a(_cr__main.o)
                0x0000000000002058                __main
 *fill*         0x0000000000002066        0x2 ff
 .text.atan2    0x0000000000002068      0x120 /Applications/MCUXpressoIDE_11.8.0_1165/ide/plugins/com.nxp.mcuxpresso.tools.macosx_11.8.0.202306131047/tools/bin/../lib/gcc/arm-none-eabi/12.2.1/../../../../arm-none-eabi/lib/thumb/v7e-m+fp/hard/libcr_c.a(atan2.o)
                0x0000000000002068                atan2
 .text.fabs     0x0000000000002188       0x20 /Applications/MCUXpressoIDE_11.8.0_1165/ide/plugins/com.nxp.mcuxpresso.tools.macosx_11.8.0.202306131047/tools/bin/../lib/gcc/arm-none-eabi/12.2.1/../../../../arm-none-eabi/lib/thumb/v7e-m+fp/hard/libcr_c.a(fabs.o)
                0x0000000000002188                fabs
 .text._initio  0x00000000000021a8       0x78 /Applications/MCUXpressoIDE_11.8.0_1165/ide/plugins/com.nxp.mcuxpresso.tools.macosx_11.8.0.202306131047/tools/bin/../lib/gcc/arm-none-eabi/12.2.1/../../../../arm-none-eabi/lib/thumb/v7e-m+fp/hard/libcr_c.a(initio.o)
                0x00000000000021a8                _initio
 .text.setvbuf  0x0000000000002220       0x3e /Applications/MCUXpressoIDE_11.8.0_1165/ide/plugins/com.nxp.mcuxpresso.tools.macosx_11.8.0.202306131047/tools/bin/../lib/gcc/arm-none-eabi/12.2.1/../../../../arm-none-eabi/lib/thumb/v7e-m+fp/hard/libcr_c.a(setvbuf.o)
                0x0000000000002220                setvbuf
 .text._fdopen  0x000000000000225e       0x68 /Applications/MCUXpressoIDE_11.8.0_1165/ide/plugins/com.nxp.mcuxpresso.tools.macosx_11.8.0.202306131047/tools/bin/../lib/gcc/arm-none-eabi/12.2.1/../../../../arm-none-eabi/lib/thumb/v7e-m+fp/hard/libcr_c.a(_fdopen.o)
                0x000000000000225e                _fdopen
 *fill*         0x00000000000022c6        0x2 ff
 .text.atan     0x00000000000022c8      0x21c /Applications/MCUXpressoIDE_11.8.0_1165/ide/plugins/com.nxp.mcuxpresso.tools.macosx_11.8.0.202306131047/tools/bin/../lib/gcc/arm-none-eabi/12.2.1/../../../../arm-none-eabi/lib/thumb/v7e-m+fp/hard/libcr_c.a(atan.o)
                0x00000000000022c8                atan
 .text.fclose   0x00000000000024e4       0x58 /Applications/MCUXpressoIDE_11.8.0_1165/ide/plugins/com.nxp.mcuxpresso.tools.macosx_11.8.0.202306131047/tools/bin/../lib/gcc/arm-none-eabi/12.2.1/../../../../arm-none-eabi/lib/thumb/v7e-m+fp/hard/libcr_c.a(fclose.o)
                0x00000000000024e4                fclose
 .text.fflush   0x000000000000253c       0x3c /Applications/MCUXpressoIDE_11.8.0_1165/ide/plugins/com.nxp.mcuxpresso.tools.macosx_11.8.0.202306131047/tools/bin/../lib/gcc/arm-none-eabi/12.2.1/../../../../arm-none-eabi/lib/thumb/v7e-m+fp/hard/libcr_c.a(fflush.o)
                0x000000000000253c                fflush
 .text.fseek    0x0000000000002578       0xf8 /Applications/MCUXpressoIDE_11.8.0_1165/ide/plugins/com.nxp.mcuxpresso.tools.macosx_11.8.0.202306131047/tools/bin/../lib/gcc/arm-none-eabi/12.2.1/../../../../arm-none-eabi/lib/thumb/v7e-m+fp/hard/libcr_c.a(fseek.o)
                0x0000000000002578                fseek
 .text.ftell    0x0000000000002670       0x44 /Applications/MCUXpressoIDE_11.8.0_1165/ide/plugins/com.nxp.mcuxpresso.tools.macosx_11.8.0.202306131047/tools/bin/../lib/gcc/arm-none-eabi/12.2.1/../../../../arm-none-eabi/lib/thumb/v7e-m+fp/hard/libcr_c.a(ftell.o)
                0x0000000000002670                ftell
 .text.remove   0x00000000000026b4       0x14 /Applications/MCUXpressoIDE_11.8.0_1165/ide/plugins/com.nxp.mcuxpresso.tools.macosx_11.8.0.202306131047/tools/bin/../lib/gcc/arm-none-eabi/12.2.1/../../../../arm-none-eabi/lib/thumb/v7e-m+fp/hard/libcr_c.a(remove.o)
                0x00000000000026b4                remove
 .text.strlen   0x00000000000026c8       0x4e /Applications/MCUXpressoIDE_11.8.0_1165/ide/plugins/com.nxp.mcuxpresso.tools.macosx_11.8.0.202306131047/tools/bin/../lib/gcc/arm-none-eabi/12.2.1/../../../../arm-none-eabi/lib/thumb/v7e-m+fp/hard/libcr_c.a(strlen.o)
                0x00000000000026c8                strlen
 .text.memset   0x0000000000002716        0x4 /Applications/MCUXpressoIDE_11.8.0_1165/ide/plugins/com.nxp.mcuxpresso.tools.macosx_11.8.0.202306131047/tools/bin/../lib/gcc/arm-none-eabi/12.2.1/../../../../arm-none-eabi/lib/thumb/v7e-m+fp/hard/libcr_c.a(memset.o)
                0x0000000000002716                memset
 .text._do_fflush
                0x000000000000271a       0x40 /Applications/MCUXpressoIDE_11.8.0_1165/ide/plugins/com.nxp.mcuxpresso.tools.macosx_11.8.0.202306131047/tools/bin/../lib/gcc/arm-none-eabi/12.2.1/../../../../arm-none-eabi/lib/thumb/v7e-m+fp/hard/libcr_c.a(_do_fflush.o)
                0x000000000000271a                _do_fflush
 .text._fflush  0x000000000000275a       0x52 /Applications/MCUXpressoIDE_11.8.0_1165/ide/plugins/com.nxp.mcuxpresso.tools.macosx_11.8.0.202306131047/tools/bin/../lib/gcc/arm-none-eabi/12.2.1/../../../../arm-none-eabi/lib/thumb/v7e-m+fp/hard/libcr_c.a(_fflush.o)
                0x000000000000275a                _fflush
 .text._Cwritebuf
                0x00000000000027ac       0x6c /Applications/MCUXpressoIDE_11.8.0_1165/ide/plugins/com.nxp.mcuxpresso.tools.macosx_11.8.0.202306131047/tools/bin/../lib/gcc/arm-none-eabi/12.2.1/../../../../arm-none-eabi/lib/thumb/v7e-m+fp/hard/libcr_c.a(_writebuf.o)
                0x00000000000027ac                _Cwritebuf
 .text.free     0x0000000000002818       0x30 /Applications/MCUXpressoIDE_11.8.0_1165/ide/plugins/com.nxp.mcuxpresso.tools.macosx_11.8.0.202306131047/tools/bin/../lib/gcc/arm-none-eabi/12.2.1/../../../../arm-none-eabi/lib/thumb/v7e-m+fp/hard/libcr_c.a(alloc.o)
                0x0000000000002818                free
 .text._deferredlazyseek
                0x0000000000002848       0x40 /Applications/MCUXpressoIDE_11.8.0_1165/ide/plugins/com.nxp.mcuxpresso.tools.macosx_11.8.0.202306131047/tools/bin/../lib/gcc/arm-none-eabi/12.2.1/../../../../arm-none-eabi/lib/thumb/v7e-m+fp/hard/libcr_c.a(_deferredlazyseek.o)
                0x0000000000002848                _deferredlazyseek
 .text.__aeabi_dmul
                0x0000000000002888       0xfc /Applications/MCUXpressoIDE_11.8.0_1165/ide/plugins/com.nxp.mcuxpresso.tools.macosx_11.8.0.202306131047/tools/bin/../lib/gcc/arm-none-eabi/12.2.1/thumb/v7e-m+fp/hard/libcr_eabihelpers.a(double.o)
                0x0000000000002888                __aeabi_dmul
 .text.__aeabi_ddiv
                0x0000000000002984      0x12c /Applications/MCUXpressoIDE_11.8.0_1165/ide/plugins/com.nxp.mcuxpresso.tools.macosx_11.8.0.202306131047/tools/bin/../lib/gcc/arm-none-eabi/12.2.1/thumb/v7e-m+fp/hard/libcr_eabihelpers.a(double.o)
                0x0000000000002984                __aeabi_ddiv
 .text.__aeabi_dsub
                0x0000000000002ab0      0x1b4 /Applications/MCUXpressoIDE_11.8.0_1165/ide/plugins/com.nxp.mcuxpresso.tools.macosx_11.8.0.202306131047/tools/bin/../lib/gcc/arm-none-eabi/12.2.1/thumb/v7e-m+fp/hard/libcr_eabihelpers.a(double.o)
                0x0000000000002ab0                __aeabi_dsub
 .text.__aeabi_dadd
                0x0000000000002c64      0x138 /Applications/MCUXpressoIDE_11.8.0_1165/ide/plugins/com.nxp.mcuxpresso.tools.macosx_11.8.0.202306131047/tools/bin/../lib/gcc/arm-none-eabi/12.2.1/thumb/v7e-m+fp/hard/libcr_eabihelpers.a(double.o)
                0x0000000000002c64                __aeabi_dadd
 .text.__aeabi_d2f
                0x0000000000002d9c       0x58 /Applications/MCUXpressoIDE_11.8.0_1165/ide/plugins/com.nxp.mcuxpresso.tools.macosx_11.8.0.202306131047/tools/bin/../lib/gcc/arm-none-eabi/12.2.1/thumb/v7e-m+fp/hard/libcr_eabihelpers.a(double.o)
                0x0000000000002d9c                __aeabi_d2f
 .text.__aeabi_d2iz
                0x0000000000002df4       0x42 /Applications/MCUXpressoIDE_11.8.0_1165/ide/plugins/com.nxp.mcuxpresso.tools.macosx_11.8.0.202306131047/tools/bin/../lib/gcc/arm-none-eabi/12.2.1/thumb/v7e-m+fp/hard/libcr_eabihelpers.a(double.o)
                0x0000000000002df4                __aeabi_d2iz
 .text.__bhs_ui2d
                0x0000000000002e36       0x46 /Applications/MCUXpressoIDE_11.8.0_1165/ide/plugins/com.nxp.mcuxpresso.tools.macosx_11.8.0.202306131047/tools/bin/../lib/gcc/arm-none-eabi/12.2.1/thumb/v7e-m+fp/hard/libcr_eabihelpers.a(double.o)
                0x0000000000002e36                __bhs_ui2d
 .text.__aeabi_i2d
                0x0000000000002e7c       0x10 /Applications/MCUXpressoIDE_11.8.0_1165/ide/plugins/com.nxp.mcuxpresso.tools.macosx_11.8.0.202306131047/tools/bin/../lib/gcc/arm-none-eabi/12.2.1/thumb/v7e-m+fp/hard/libcr_eabihelpers.a(double.o)
                0x0000000000002e7c                __aeabi_i2d
 .text.__aeabi_dcmpeq
                0x0000000000002e8c       0x3e /Applications/MCUXpressoIDE_11.8.0_1165/ide/plugins/com.nxp.mcuxpresso.tools.macosx_11.8.0.202306131047/tools/bin/../lib/gcc/arm-none-eabi/12.2.1/thumb/v7e-m+fp/hard/libcr_eabihelpers.a(double.o)
                0x0000000000002e8c                __aeabi_dcmpeq
 .text.__aeabi_dcmplt
                0x0000000000002eca       0x5a /Applications/MCUXpressoIDE_11.8.0_1165/ide/plugins/com.nxp.mcuxpresso.tools.macosx_11.8.0.202306131047/tools/bin/../lib/gcc/arm-none-eabi/12.2.1/thumb/v7e-m+fp/hard/libcr_eabihelpers.a(double.o)
                0x0000000000002eca                __aeabi_dcmplt
 .text.__aeabi_dcmpgt
                0x0000000000002f24       0x56 /Applications/MCUXpressoIDE_11.8.0_1165/ide/plugins/com.nxp.mcuxpresso.tools.macosx_11.8.0.202306131047/tools/bin/../lib/gcc/arm-none-eabi/12.2.1/thumb/v7e-m+fp/hard/libcr_eabihelpers.a(double.o)
                0x0000000000002f24                __aeabi_dcmpgt
 .text.__aeabi_memset_lowlevel
                0x0000000000002f7a       0x32 /Applications/MCUXpressoIDE_11.8.0_1165/ide/plugins/com.nxp.mcuxpresso.tools.macosx_11.8.0.202306131047/tools/bin/../lib/gcc/arm-none-eabi/12.2.1/thumb/v7e-m+fp/hard/libcr_eabihelpers.a(memcpy.o)
                0x0000000000002f7a                __aeabi_lowlevel_memset
 .text.__sys_close
                0x0000000000002fac        0x6 /Applications/MCUXpressoIDE_11.8.0_1165/ide/plugins/com.nxp.mcuxpresso.tools.macosx_11.8.0.202306131047/tools/bin/../lib/gcc/arm-none-eabi/12.2.1/../../../../arm-none-eabi/lib/thumb/v7e-m+fp/hard/libcr_nohost_nf.a(__sys_close.o)
                0x0000000000002fac                __sys_close
 .text.__sys_flen
                0x0000000000002fb2        0x6 /Applications/MCUXpressoIDE_11.8.0_1165/ide/plugins/com.nxp.mcuxpresso.tools.macosx_11.8.0.202306131047/tools/bin/../lib/gcc/arm-none-eabi/12.2.1/../../../../arm-none-eabi/lib/thumb/v7e-m+fp/hard/libcr_nohost_nf.a(__sys_flen.o)
                0x0000000000002fb2                __sys_flen
 .text.__sys_istty
                0x0000000000002fb8        0x6 /Applications/MCUXpressoIDE_11.8.0_1165/ide/plugins/com.nxp.mcuxpresso.tools.macosx_11.8.0.202306131047/tools/bin/../lib/gcc/arm-none-eabi/12.2.1/../../../../arm-none-eabi/lib/thumb/v7e-m+fp/hard/libcr_nohost_nf.a(__sys_istty.o)
                0x0000000000002fb8                __sys_istty
 .text.__sys_remove
                0x0000000000002fbe        0x6 /Applications/MCUXpressoIDE_11.8.0_1165/ide/plugins/com.nxp.mcuxpresso.tools.macosx_11.8.0.202306131047/tools/bin/../lib/gcc/arm-none-eabi/12.2.1/../../../../arm-none-eabi/lib/thumb/v7e-m+fp/hard/libcr_nohost_nf.a(__sys_remove.o)
                0x0000000000002fbe                __sys_remove
 .text.__sys_seek
                0x0000000000002fc4        0x6 /Applications/MCUXpressoIDE_11.8.0_1165/ide/plugins/com.nxp.mcuxpresso.tools.macosx_11.8.0.202306131047/tools/bin/../lib/gcc/arm-none-eabi/12.2.1/../../../../arm-none-eabi/lib/thumb/v7e-m+fp/hard/libcr_nohost_nf.a(__sys_seek.o)
                0x0000000000002fc4                __sys_seek
 .text.__sys_tmpnam
                0x0000000000002fca        0x6 /Applications/MCUXpressoIDE_11.8.0_1165/ide/plugins/com.nxp.mcuxpresso.tools.macosx_11.8.0.202306131047/tools/bin/../lib/gcc/arm-none-eabi/12.2.1/../../../../arm-none-eabi/lib/thumb/v7e-m+fp/hard/libcr_nohost_nf.a(__sys_tmpnam.o)
                0x0000000000002fca                __sys_tmpnam
 .text.__sys_write
                0x0000000000002fd0        0x4 /Applications/MCUXpressoIDE_11.8.0_1165/ide/plugins/com.nxp.mcuxpresso.tools.macosx_11.8.0.202306131047/tools/bin/../lib/gcc/arm-none-eabi/12.2.1/../../../../arm-none-eabi/lib/thumb/v7e-m+fp/hard/libcr_nohost_nf.a(__sys_write.o)
                0x0000000000002fd0                __sys_write
 *(.rodata .rodata.* .constdata .constdata.*)
 .rodata        0x0000000000002fd4        0x3 ./source/drv/i2c.o
 *fill*         0x0000000000002fd7        0x1 ff
 .rodata        0x0000000000002fd8        0x8 ./source/comunicationHandler.o
 .rodata._initio.str1.1
                0x0000000000002fe0        0x4 /Applications/MCUXpressoIDE_11.8.0_1165/ide/plugins/com.nxp.mcuxpresso.tools.macosx_11.8.0.202306131047/tools/bin/../lib/gcc/arm-none-eabi/12.2.1/../../../../arm-none-eabi/lib/thumb/v7e-m+fp/hard/libcr_c.a(initio.o)
 *fill*         0x0000000000002fe4        0x4 ff
 .rodata.a.0    0x0000000000002fe8       0x20 /Applications/MCUXpressoIDE_11.8.0_1165/ide/plugins/com.nxp.mcuxpresso.tools.macosx_11.8.0.202306131047/tools/bin/../lib/gcc/arm-none-eabi/12.2.1/../../../../arm-none-eabi/lib/thumb/v7e-m+fp/hard/libcr_c.a(atan.o)
 .rodata.__num_Ciob_streams
                0x0000000000003008        0x4 /Applications/MCUXpressoIDE_11.8.0_1165/ide/plugins/com.nxp.mcuxpresso.tools.macosx_11.8.0.202306131047/tools/bin/../lib/gcc/arm-none-eabi/12.2.1/../../../../arm-none-eabi/lib/thumb/v7e-m+fp/hard/libcr_nohost_nf.a(__ciob.o)
                0x0000000000003008                __num_Ciob_streams
                0x0000000000003010                . = ALIGN (0x8)
 *fill*         0x000000000000300c        0x4 ff

.glue_7         0x0000000000003010        0x0
 .glue_7        0x0000000000003010        0x0 linker stubs

.glue_7t        0x0000000000003010        0x0
 .glue_7t       0x0000000000003010        0x0 linker stubs

.vfp11_veneer   0x0000000000003010        0x0
 .vfp11_veneer  0x0000000000003010        0x0 linker stubs

.v4_bx          0x0000000000003010        0x0
 .v4_bx         0x0000000000003010        0x0 linker stubs

.iplt           0x0000000000003010        0x0
 .iplt          0x0000000000003010        0x0 ./source/drv/SysTick.o

.rel.dyn        0x0000000000003010        0x0
 .rel.iplt      0x0000000000003010        0x0 ./source/drv/SysTick.o

.ARM.extab
 *(.ARM.extab* .gnu.linkonce.armextab.*)

.ARM.exidx      0x0000000000003010        0x0
                0x0000000000003010                __exidx_start = .
 *(.ARM.exidx* .gnu.linkonce.armexidx.*)
                0x0000000000003010                __exidx_end = .
                0x0000000000003010                _etext = .

.m_usb_data
 *(m_usb_bdt)

.data_RAM2      0x000000001fff0000        0x0 load address 0x0000000000003010
 FILL mask 0xff
                [!provide]                        PROVIDE (__start_data_RAM2 = .)
                [!provide]                        PROVIDE (__start_data_SRAM_LOWER = .)
 *(.ramfunc.$RAM2)
 *(.ramfunc.$SRAM_LOWER)
 *(.data.$RAM2)
 *(.data.$SRAM_LOWER)
 *(.data.$RAM2.*)
 *(.data.$SRAM_LOWER.*)
                0x000000001fff0000                . = ALIGN (0x8)
                [!provide]                        PROVIDE (__end_data_RAM2 = .)
                [!provide]                        PROVIDE (__end_data_SRAM_LOWER = .)

.data_RAM3      0x0000000014000000        0x0 load address 0x0000000000003010
 FILL mask 0xff
                [!provide]                        PROVIDE (__start_data_RAM3 = .)
                [!provide]                        PROVIDE (__start_data_FLEX_RAM = .)
 *(.ramfunc.$RAM3)
 *(.ramfunc.$FLEX_RAM)
 *(.data.$RAM3)
 *(.data.$FLEX_RAM)
 *(.data.$RAM3.*)
 *(.data.$FLEX_RAM.*)
                0x0000000014000000                . = ALIGN (0x8)
                [!provide]                        PROVIDE (__end_data_RAM3 = .)
                [!provide]                        PROVIDE (__end_data_FLEX_RAM = .)

.uninit_RESERVED
                0x0000000020000000        0x0
                0x0000000020000000                _start_uninit_RESERVED = .
 *(.bss.$RESERVED*)
                0x0000000020000000                . = ALIGN (0x8)
                0x0000000020000000                _end_uninit_RESERVED = .

.data           0x0000000020000000      0x118 load address 0x0000000000003010
 FILL mask 0xff
                0x0000000020000000                _data = .
                [!provide]                        PROVIDE (__start_data_RAM = .)
                [!provide]                        PROVIDE (__start_data_SRAM_UPPER = .)
 *(vtable)
 *(.ramfunc*)
 *(CodeQuickAccess)
 *(DataQuickAccess)
 *(RamFunction)
 *(.data*)
 .data.I2C_array
                0x0000000020000000        0xc ./source/drv/i2c.o
                0x0000000020000000                I2C_array
 .data.ICR2SCLDivider
                0x000000002000000c      0x100 ./source/drv/i2c.o
 .data.bufferPC
                0x000000002000010c        0x7 ./source/comunicationHandler.o
                0x0000000020000118                . = ALIGN (0x8)
 *fill*         0x0000000020000113        0x5 ff
                0x0000000020000118                _edata = .
                [!provide]                        PROVIDE (__end_data_RAM = .)
                [!provide]                        PROVIDE (__end_data_SRAM_UPPER = .)

.igot.plt       0x0000000020000118        0x0 load address 0x0000000000003128
 .igot.plt      0x0000000020000118        0x0 ./source/drv/SysTick.o

.bss_RAM2       0x000000001fff0000        0x0
                [!provide]                        PROVIDE (__start_bss_RAM2 = .)
                [!provide]                        PROVIDE (__start_bss_SRAM_LOWER = .)
 *(.bss.$RAM2)
 *(.bss.$SRAM_LOWER)
 *(.bss.$RAM2.*)
 *(.bss.$SRAM_LOWER.*)
                0x000000001fff0000                . = ALIGN ((. != 0x0)?0x8:0x1)
                [!provide]                        PROVIDE (__end_bss_RAM2 = .)
                [!provide]                        PROVIDE (__end_bss_SRAM_LOWER = .)

.bss_RAM3       0x0000000014000000        0x0
                [!provide]                        PROVIDE (__start_bss_RAM3 = .)
                [!provide]                        PROVIDE (__start_bss_FLEX_RAM = .)
 *(.bss.$RAM3)
 *(.bss.$FLEX_RAM)
 *(.bss.$RAM3.*)
 *(.bss.$FLEX_RAM.*)
                0x0000000014000000                . = ALIGN ((. != 0x0)?0x8:0x1)
                [!provide]                        PROVIDE (__end_bss_RAM3 = .)
                [!provide]                        PROVIDE (__end_bss_FLEX_RAM = .)

.bss            0x0000000020000118      0x3f8
                0x0000000020000118                _bss = .
                [!provide]                        PROVIDE (__start_bss_RAM = .)
                [!provide]                        PROVIDE (__start_bss_SRAM_UPPER = .)
 *(.bss*)
 .bss.systick_Callback_Array
                0x0000000020000118       0xb4 ./source/drv/SysTick.o
 .bss.num_Callbacks
                0x00000000200001cc        0x4 ./source/drv/SysTick.o
 .bss.uart_buffers
                0x00000000200001d0      0x180 ./source/drv/UART.o
                0x00000000200001d0                uart_buffers
 .bss.Accel     0x0000000020000350       0x44 ./source/drv/accel.o
 .bss.I2C_Objects
                0x0000000020000394       0x60 ./source/drv/i2c.o
                0x0000000020000394                I2C_Objects
 .bss.fsm       0x00000000200003f4        0x1 ./source/App.o
                0x00000000200003f4                fsm
 *fill*         0x00000000200003f5        0x3 
 .bss.AppBoard  0x00000000200003f8        0xc ./source/App.o
                0x00000000200003f8                AppBoard
 .bss.testVar   0x0000000020000404        0x1 ./source/App.o
                0x0000000020000404                testVar
 *fill*         0x0000000020000405        0x3 
 .bss.Boards    0x0000000020000408       0x48 ./source/comunicationHandler.o
 .bss.myGroup   0x0000000020000450        0x1 ./source/comunicationHandler.o
 *fill*         0x0000000020000451        0x3 
 .bss.__LDM_interruptDisableCount
                0x0000000020000454        0x4 ./SDK/startup/hardware.o
 .bss.errno     0x0000000020000458        0x4 /Applications/MCUXpressoIDE_11.8.0_1165/ide/plugins/com.nxp.mcuxpresso.tools.macosx_11.8.0.202306131047/tools/bin/../lib/gcc/arm-none-eabi/12.2.1/../../../../arm-none-eabi/lib/thumb/v7e-m+fp/hard/libcr_c.a(errno.o)
                0x0000000020000458                errno
 .bss.__Ciob    0x000000002000045c       0xb4 /Applications/MCUXpressoIDE_11.8.0_1165/ide/plugins/com.nxp.mcuxpresso.tools.macosx_11.8.0.202306131047/tools/bin/../lib/gcc/arm-none-eabi/12.2.1/../../../../arm-none-eabi/lib/thumb/v7e-m+fp/hard/libcr_nohost_nf.a(__ciob.o)
                0x000000002000045c                __Ciob
 *(COMMON)
                0x0000000020000510                . = ALIGN (0x8)
                0x0000000020000510                _ebss = .
                [!provide]                        PROVIDE (__end_bss_RAM = .)
                [!provide]                        PROVIDE (__end_bss_SRAM_UPPER = .)
                [!provide]                        PROVIDE (end = .)

.noinit_RAM2    0x000000001fff0000        0x0
                [!provide]                        PROVIDE (__start_noinit_RAM2 = .)
                [!provide]                        PROVIDE (__start_noinit_SRAM_LOWER = .)
 *(.noinit.$RAM2)
 *(.noinit.$SRAM_LOWER)
 *(.noinit.$RAM2.*)
 *(.noinit.$SRAM_LOWER.*)
                0x000000001fff0000                . = ALIGN (0x8)
                [!provide]                        PROVIDE (__end_noinit_RAM2 = .)
                [!provide]                        PROVIDE (__end_noinit_SRAM_LOWER = .)

.noinit_RAM3    0x0000000014000000        0x0
                [!provide]                        PROVIDE (__start_noinit_RAM3 = .)
                [!provide]                        PROVIDE (__start_noinit_FLEX_RAM = .)
 *(.noinit.$RAM3)
 *(.noinit.$FLEX_RAM)
 *(.noinit.$RAM3.*)
 *(.noinit.$FLEX_RAM.*)
                0x0000000014000000                . = ALIGN (0x8)
                [!provide]                        PROVIDE (__end_noinit_RAM3 = .)
                [!provide]                        PROVIDE (__end_noinit_FLEX_RAM = .)

.noinit         0x0000000020000510        0x0
                0x0000000020000510                _noinit = .
                [!provide]                        PROVIDE (__start_noinit_RAM = .)
                [!provide]                        PROVIDE (__start_noinit_SRAM_UPPER = .)
 *(.noinit*)
                0x0000000020000510                . = ALIGN (0x8)
                0x0000000020000510                _end_noinit = .
                [!provide]                        PROVIDE (__end_noinit_RAM = .)
                [!provide]                        PROVIDE (__end_noinit_SRAM_UPPER = .)
                0x0000000000001000                _HeapSize = 0x1000

.heap           0x0000000020000510     0x1000
                0x0000000020000510                _pvHeapStart = .
                0x0000000020001510                . = (. + _HeapSize)
 *fill*         0x0000000020000510     0x1000 
                0x0000000020001510                . = ALIGN (0x8)
                0x0000000020001510                _pvHeapLimit = .
                0x0000000000001000                _StackSize = 0x1000

.heap2stackfill
                0x0000000020001510     0x1000
                0x0000000020002510                . = (. + _StackSize)
 *fill*         0x0000000020001510     0x1000 

.stack          0x000000002002f000        0x0
                0x000000002002f000                _vStackBase = .
                0x000000002002f000                . = ALIGN (0x8)
                0x0000000020030000                _vStackTop = (. + _StackSize)
                0x0000000000000000                _image_start = LOADADDR (.text)
                0x0000000000003128                _image_end = (LOADADDR (.data) + SIZEOF (.data))
                0x0000000000003128                _image_size = (_image_end - _image_start)
OUTPUT(I2C.axf elf32-littlearm)
LOAD linker stubs

.debug_info     0x0000000000000000     0x4844
 .debug_info    0x0000000000000000      0x1e2 ./source/drv/SysTick.o
 .debug_info    0x00000000000001e2      0xccc ./source/drv/UART.o
 .debug_info    0x0000000000000eae      0x3ed ./source/drv/accel.o
 .debug_info    0x000000000000129b      0x912 ./source/drv/gpio.o
 .debug_info    0x0000000000001bad      0xc32 ./source/drv/i2c.o
 .debug_info    0x00000000000027df      0x31f ./source/App.o
 .debug_info    0x0000000000002afe      0x3a7 ./source/comunicationHandler.o
 .debug_info    0x0000000000002ea5      0x682 ./SDK/startup/hardware.o
 .debug_info    0x0000000000003527       0xaa ./SDK/startup/main.o
 .debug_info    0x00000000000035d1      0xc6f ./SDK/startup/startup_mk64f12.o
 .debug_info    0x0000000000004240      0x604 ./SDK/CMSIS/system_MK64F12.o

.debug_abbrev   0x0000000000000000     0x122b
 .debug_abbrev  0x0000000000000000      0x15d ./source/drv/SysTick.o
 .debug_abbrev  0x000000000000015d      0x302 ./source/drv/UART.o
 .debug_abbrev  0x000000000000045f      0x1cd ./source/drv/accel.o
 .debug_abbrev  0x000000000000062c      0x1ca ./source/drv/gpio.o
 .debug_abbrev  0x00000000000007f6      0x298 ./source/drv/i2c.o
 .debug_abbrev  0x0000000000000a8e      0x1e1 ./source/App.o
 .debug_abbrev  0x0000000000000c6f      0x17d ./source/comunicationHandler.o
 .debug_abbrev  0x0000000000000dec      0x135 ./SDK/startup/hardware.o
 .debug_abbrev  0x0000000000000f21       0x5b ./SDK/startup/main.o
 .debug_abbrev  0x0000000000000f7c      0x17e ./SDK/startup/startup_mk64f12.o
 .debug_abbrev  0x00000000000010fa      0x131 ./SDK/CMSIS/system_MK64F12.o

.debug_aranges  0x0000000000000000      0x610
 .debug_aranges
                0x0000000000000000       0x30 ./source/drv/SysTick.o
 .debug_aranges
                0x0000000000000030       0xa0 ./source/drv/UART.o
 .debug_aranges
                0x00000000000000d0       0x58 ./source/drv/accel.o
 .debug_aranges
                0x0000000000000128       0x50 ./source/drv/gpio.o
 .debug_aranges
                0x0000000000000178       0x58 ./source/drv/i2c.o
 .debug_aranges
                0x00000000000001d0       0x58 ./source/App.o
 .debug_aranges
                0x0000000000000228       0x40 ./source/comunicationHandler.o
 .debug_aranges
                0x0000000000000268       0x30 ./SDK/startup/hardware.o
 .debug_aranges
                0x0000000000000298       0x20 ./SDK/startup/main.o
 .debug_aranges
                0x00000000000002b8      0x330 ./SDK/startup/startup_mk64f12.o
 .debug_aranges
                0x00000000000005e8       0x28 ./SDK/CMSIS/system_MK64F12.o

.debug_rnglists
                0x0000000000000000      0x468
 .debug_rnglists
                0x0000000000000000       0x20 ./source/drv/SysTick.o
 .debug_rnglists
                0x0000000000000020       0x77 ./source/drv/UART.o
 .debug_rnglists
                0x0000000000000097       0x3f ./source/drv/accel.o
 .debug_rnglists
                0x00000000000000d6       0x38 ./source/drv/gpio.o
 .debug_rnglists
                0x000000000000010e       0x41 ./source/drv/i2c.o
 .debug_rnglists
                0x000000000000014f       0x3e ./source/App.o
 .debug_rnglists
                0x000000000000018d       0x2f ./source/comunicationHandler.o
 .debug_rnglists
                0x00000000000001bc       0x20 ./SDK/startup/hardware.o
 .debug_rnglists
                0x00000000000001dc       0x13 ./SDK/startup/main.o
 .debug_rnglists
                0x00000000000001ef      0x25f ./SDK/startup/startup_mk64f12.o
 .debug_rnglists
                0x000000000000044e       0x1a ./SDK/CMSIS/system_MK64F12.o

.debug_macro    0x0000000000000000    0x12300
 .debug_macro   0x0000000000000000       0xe9 ./source/drv/SysTick.o
 .debug_macro   0x00000000000000e9      0xad8 ./source/drv/SysTick.o
 .debug_macro   0x0000000000000bc1       0x22 ./source/drv/SysTick.o
 .debug_macro   0x0000000000000be3       0x10 ./source/drv/SysTick.o
 .debug_macro   0x0000000000000bf3      0x12e ./source/drv/SysTick.o
 .debug_macro   0x0000000000000d21      0x5b3 ./source/drv/SysTick.o
 .debug_macro   0x00000000000012d4       0x1c ./source/drv/SysTick.o
 .debug_macro   0x00000000000012f0       0x10 ./source/drv/SysTick.o
 .debug_macro   0x0000000000001300       0x5b ./source/drv/SysTick.o
 .debug_macro   0x000000000000135b       0x3b ./source/drv/SysTick.o
 .debug_macro   0x0000000000001396       0x50 ./source/drv/SysTick.o
 .debug_macro   0x00000000000013e6      0xd40 ./source/drv/SysTick.o
 .debug_macro   0x0000000000002126       0x44 ./source/drv/SysTick.o
 .debug_macro   0x000000000000216a     0xe07b ./source/drv/SysTick.o
 .debug_macro   0x00000000000101e5     0x13c7 ./source/drv/SysTick.o
 .debug_macro   0x00000000000115ac       0x16 ./source/drv/SysTick.o
 .debug_macro   0x00000000000115c2       0x52 ./source/drv/SysTick.o
 .debug_macro   0x0000000000011614       0xff ./source/drv/UART.o
 .debug_macro   0x0000000000011713       0xf8 ./source/drv/accel.o
 .debug_macro   0x000000000001180b      0x2f5 ./source/drv/accel.o
 .debug_macro   0x0000000000011b00       0x22 ./source/drv/accel.o
 .debug_macro   0x0000000000011b22       0xc4 ./source/drv/accel.o
 .debug_macro   0x0000000000011be6       0xc3 ./source/drv/gpio.o
 .debug_macro   0x0000000000011ca9      0x1bb ./source/drv/i2c.o
 .debug_macro   0x0000000000011e64       0x58 ./source/drv/i2c.o
 .debug_macro   0x0000000000011ebc       0x40 ./source/drv/i2c.o
 .debug_macro   0x0000000000011efc       0xde ./source/App.o
 .debug_macro   0x0000000000011fda       0x10 ./source/App.o
 .debug_macro   0x0000000000011fea       0xd8 ./source/comunicationHandler.o
 .debug_macro   0x00000000000120c2       0xbb ./SDK/startup/hardware.o
 .debug_macro   0x000000000001217d       0xbb ./SDK/startup/main.o
 .debug_macro   0x0000000000012238       0x29 ./SDK/startup/startup_mk64f12.o
 .debug_macro   0x0000000000012261       0x9f ./SDK/CMSIS/system_MK64F12.o

.debug_line     0x0000000000000000     0x365d
 .debug_line    0x0000000000000000      0x36a ./source/drv/SysTick.o
 .debug_line    0x000000000000036a      0x668 ./source/drv/UART.o
 .debug_line    0x00000000000009d2      0x4af ./source/drv/accel.o
 .debug_line    0x0000000000000e81      0x3fb ./source/drv/gpio.o
 .debug_line    0x000000000000127c      0x688 ./source/drv/i2c.o
 .debug_line    0x0000000000001904      0x3f0 ./source/App.o
 .debug_line    0x0000000000001cf4      0x50c ./source/comunicationHandler.o
 .debug_line    0x0000000000002200      0x37d ./SDK/startup/hardware.o
 .debug_line    0x000000000000257d      0x28c ./SDK/startup/main.o
 .debug_line    0x0000000000002809      0xaa1 ./SDK/startup/startup_mk64f12.o
 .debug_line    0x00000000000032aa      0x3b3 ./SDK/CMSIS/system_MK64F12.o

.debug_str      0x0000000000000000    0x7aa2e
 .debug_str     0x0000000000000000    0x7780e ./source/drv/SysTick.o
                                      0x7789a (size before relaxing)
 .debug_str     0x000000000007780e      0xa21 ./source/drv/UART.o
                                      0x78076 (size before relaxing)
 .debug_str     0x000000000007822f     0x1116 ./source/drv/accel.o
                                      0x7160d (size before relaxing)
 .debug_str     0x0000000000079345      0x229 ./source/drv/gpio.o
                                      0x70df2 (size before relaxing)
 .debug_str     0x000000000007956e      0x916 ./source/drv/i2c.o
                                      0x7886b (size before relaxing)
 .debug_str     0x0000000000079e84      0x156 ./source/App.o
                                      0x71051 (size before relaxing)
 .debug_str     0x0000000000079fda       0xe5 ./source/comunicationHandler.o
                                      0x7052a (size before relaxing)
 .debug_str     0x000000000007a0bf      0x167 ./SDK/startup/hardware.o
                                      0x7783a (size before relaxing)
 .debug_str     0x000000000007a226       0x16 ./SDK/startup/main.o
                                      0x77647 (size before relaxing)
 .debug_str     0x000000000007a23c      0x7a2 ./SDK/startup/startup_mk64f12.o
                                       0x3706 (size before relaxing)
 .debug_str     0x000000000007a9de       0x50 ./SDK/CMSIS/system_MK64F12.o
                                      0x7774a (size before relaxing)

.comment        0x0000000000000000       0x85
 .comment       0x0000000000000000       0x40 ./source/drv/SysTick.o
                                         0x41 (size before relaxing)
 .comment       0x0000000000000040       0x41 ./source/drv/UART.o
 .comment       0x0000000000000040       0x41 ./source/drv/accel.o
 .comment       0x0000000000000040       0x41 ./source/drv/gpio.o
 .comment       0x0000000000000040       0x41 ./source/drv/i2c.o
 .comment       0x0000000000000040       0x41 ./source/App.o
 .comment       0x0000000000000040       0x41 ./source/comunicationHandler.o
 .comment       0x0000000000000040       0x41 ./SDK/startup/hardware.o
 .comment       0x0000000000000040       0x41 ./SDK/startup/main.o
 .comment       0x0000000000000040       0x41 ./SDK/startup/startup_mk64f12.o
 .comment       0x0000000000000040       0x41 ./SDK/CMSIS/system_MK64F12.o
 .comment       0x0000000000000040       0x45 /Applications/MCUXpressoIDE_11.8.0_1165/ide/plugins/com.nxp.mcuxpresso.tools.macosx_11.8.0.202306131047/tools/bin/../lib/gcc/arm-none-eabi/12.2.1/../../../../arm-none-eabi/lib/thumb/v7e-m+fp/hard/libcr_nohost_nf.a(_cr__main.o)
                                         0x46 (size before relaxing)
 .comment       0x0000000000000085       0x46 /Applications/MCUXpressoIDE_11.8.0_1165/ide/plugins/com.nxp.mcuxpresso.tools.macosx_11.8.0.202306131047/tools/bin/../lib/gcc/arm-none-eabi/12.2.1/../../../../arm-none-eabi/lib/thumb/v7e-m+fp/hard/libcr_c.a(atan2.o)
 .comment       0x0000000000000085       0x46 /Applications/MCUXpressoIDE_11.8.0_1165/ide/plugins/com.nxp.mcuxpresso.tools.macosx_11.8.0.202306131047/tools/bin/../lib/gcc/arm-none-eabi/12.2.1/../../../../arm-none-eabi/lib/thumb/v7e-m+fp/hard/libcr_c.a(errno.o)
 .comment       0x0000000000000085       0x46 /Applications/MCUXpressoIDE_11.8.0_1165/ide/plugins/com.nxp.mcuxpresso.tools.macosx_11.8.0.202306131047/tools/bin/../lib/gcc/arm-none-eabi/12.2.1/../../../../arm-none-eabi/lib/thumb/v7e-m+fp/hard/libcr_c.a(fabs.o)
 .comment       0x0000000000000085       0x46 /Applications/MCUXpressoIDE_11.8.0_1165/ide/plugins/com.nxp.mcuxpresso.tools.macosx_11.8.0.202306131047/tools/bin/../lib/gcc/arm-none-eabi/12.2.1/../../../../arm-none-eabi/lib/thumb/v7e-m+fp/hard/libcr_c.a(initio.o)
 .comment       0x0000000000000085       0x46 /Applications/MCUXpressoIDE_11.8.0_1165/ide/plugins/com.nxp.mcuxpresso.tools.macosx_11.8.0.202306131047/tools/bin/../lib/gcc/arm-none-eabi/12.2.1/../../../../arm-none-eabi/lib/thumb/v7e-m+fp/hard/libcr_c.a(setvbuf.o)
 .comment       0x0000000000000085       0x46 /Applications/MCUXpressoIDE_11.8.0_1165/ide/plugins/com.nxp.mcuxpresso.tools.macosx_11.8.0.202306131047/tools/bin/../lib/gcc/arm-none-eabi/12.2.1/../../../../arm-none-eabi/lib/thumb/v7e-m+fp/hard/libcr_c.a(_fdopen.o)
 .comment       0x0000000000000085       0x46 /Applications/MCUXpressoIDE_11.8.0_1165/ide/plugins/com.nxp.mcuxpresso.tools.macosx_11.8.0.202306131047/tools/bin/../lib/gcc/arm-none-eabi/12.2.1/../../../../arm-none-eabi/lib/thumb/v7e-m+fp/hard/libcr_c.a(atan.o)
 .comment       0x0000000000000085       0x46 /Applications/MCUXpressoIDE_11.8.0_1165/ide/plugins/com.nxp.mcuxpresso.tools.macosx_11.8.0.202306131047/tools/bin/../lib/gcc/arm-none-eabi/12.2.1/../../../../arm-none-eabi/lib/thumb/v7e-m+fp/hard/libcr_c.a(fclose.o)
 .comment       0x0000000000000085       0x46 /Applications/MCUXpressoIDE_11.8.0_1165/ide/plugins/com.nxp.mcuxpresso.tools.macosx_11.8.0.202306131047/tools/bin/../lib/gcc/arm-none-eabi/12.2.1/../../../../arm-none-eabi/lib/thumb/v7e-m+fp/hard/libcr_c.a(fflush.o)
 .comment       0x0000000000000085       0x46 /Applications/MCUXpressoIDE_11.8.0_1165/ide/plugins/com.nxp.mcuxpresso.tools.macosx_11.8.0.202306131047/tools/bin/../lib/gcc/arm-none-eabi/12.2.1/../../../../arm-none-eabi/lib/thumb/v7e-m+fp/hard/libcr_c.a(fseek.o)
 .comment       0x0000000000000085       0x46 /Applications/MCUXpressoIDE_11.8.0_1165/ide/plugins/com.nxp.mcuxpresso.tools.macosx_11.8.0.202306131047/tools/bin/../lib/gcc/arm-none-eabi/12.2.1/../../../../arm-none-eabi/lib/thumb/v7e-m+fp/hard/libcr_c.a(ftell.o)
 .comment       0x0000000000000085       0x46 /Applications/MCUXpressoIDE_11.8.0_1165/ide/plugins/com.nxp.mcuxpresso.tools.macosx_11.8.0.202306131047/tools/bin/../lib/gcc/arm-none-eabi/12.2.1/../../../../arm-none-eabi/lib/thumb/v7e-m+fp/hard/libcr_c.a(remove.o)
 .comment       0x0000000000000085       0x46 /Applications/MCUXpressoIDE_11.8.0_1165/ide/plugins/com.nxp.mcuxpresso.tools.macosx_11.8.0.202306131047/tools/bin/../lib/gcc/arm-none-eabi/12.2.1/../../../../arm-none-eabi/lib/thumb/v7e-m+fp/hard/libcr_c.a(strlen.o)
 .comment       0x0000000000000085       0x46 /Applications/MCUXpressoIDE_11.8.0_1165/ide/plugins/com.nxp.mcuxpresso.tools.macosx_11.8.0.202306131047/tools/bin/../lib/gcc/arm-none-eabi/12.2.1/../../../../arm-none-eabi/lib/thumb/v7e-m+fp/hard/libcr_c.a(memset.o)
 .comment       0x0000000000000085       0x46 /Applications/MCUXpressoIDE_11.8.0_1165/ide/plugins/com.nxp.mcuxpresso.tools.macosx_11.8.0.202306131047/tools/bin/../lib/gcc/arm-none-eabi/12.2.1/../../../../arm-none-eabi/lib/thumb/v7e-m+fp/hard/libcr_c.a(_do_fflush.o)
 .comment       0x0000000000000085       0x46 /Applications/MCUXpressoIDE_11.8.0_1165/ide/plugins/com.nxp.mcuxpresso.tools.macosx_11.8.0.202306131047/tools/bin/../lib/gcc/arm-none-eabi/12.2.1/../../../../arm-none-eabi/lib/thumb/v7e-m+fp/hard/libcr_c.a(_fflush.o)
 .comment       0x0000000000000085       0x46 /Applications/MCUXpressoIDE_11.8.0_1165/ide/plugins/com.nxp.mcuxpresso.tools.macosx_11.8.0.202306131047/tools/bin/../lib/gcc/arm-none-eabi/12.2.1/../../../../arm-none-eabi/lib/thumb/v7e-m+fp/hard/libcr_c.a(_writebuf.o)
 .comment       0x0000000000000085       0x46 /Applications/MCUXpressoIDE_11.8.0_1165/ide/plugins/com.nxp.mcuxpresso.tools.macosx_11.8.0.202306131047/tools/bin/../lib/gcc/arm-none-eabi/12.2.1/../../../../arm-none-eabi/lib/thumb/v7e-m+fp/hard/libcr_c.a(alloc.o)
 .comment       0x0000000000000085       0x46 /Applications/MCUXpressoIDE_11.8.0_1165/ide/plugins/com.nxp.mcuxpresso.tools.macosx_11.8.0.202306131047/tools/bin/../lib/gcc/arm-none-eabi/12.2.1/../../../../arm-none-eabi/lib/thumb/v7e-m+fp/hard/libcr_c.a(_deferredlazyseek.o)
 .comment       0x0000000000000085       0x46 /Applications/MCUXpressoIDE_11.8.0_1165/ide/plugins/com.nxp.mcuxpresso.tools.macosx_11.8.0.202306131047/tools/bin/../lib/gcc/arm-none-eabi/12.2.1/thumb/v7e-m+fp/hard/libcr_eabihelpers.a(double.o)
 .comment       0x0000000000000085       0x46 /Applications/MCUXpressoIDE_11.8.0_1165/ide/plugins/com.nxp.mcuxpresso.tools.macosx_11.8.0.202306131047/tools/bin/../lib/gcc/arm-none-eabi/12.2.1/../../../../arm-none-eabi/lib/thumb/v7e-m+fp/hard/libcr_nohost_nf.a(__ciob.o)
 .comment       0x0000000000000085       0x46 /Applications/MCUXpressoIDE_11.8.0_1165/ide/plugins/com.nxp.mcuxpresso.tools.macosx_11.8.0.202306131047/tools/bin/../lib/gcc/arm-none-eabi/12.2.1/../../../../arm-none-eabi/lib/thumb/v7e-m+fp/hard/libcr_nohost_nf.a(__sys_close.o)
 .comment       0x0000000000000085       0x46 /Applications/MCUXpressoIDE_11.8.0_1165/ide/plugins/com.nxp.mcuxpresso.tools.macosx_11.8.0.202306131047/tools/bin/../lib/gcc/arm-none-eabi/12.2.1/../../../../arm-none-eabi/lib/thumb/v7e-m+fp/hard/libcr_nohost_nf.a(__sys_flen.o)
 .comment       0x0000000000000085       0x46 /Applications/MCUXpressoIDE_11.8.0_1165/ide/plugins/com.nxp.mcuxpresso.tools.macosx_11.8.0.202306131047/tools/bin/../lib/gcc/arm-none-eabi/12.2.1/../../../../arm-none-eabi/lib/thumb/v7e-m+fp/hard/libcr_nohost_nf.a(__sys_istty.o)
 .comment       0x0000000000000085       0x46 /Applications/MCUXpressoIDE_11.8.0_1165/ide/plugins/com.nxp.mcuxpresso.tools.macosx_11.8.0.202306131047/tools/bin/../lib/gcc/arm-none-eabi/12.2.1/../../../../arm-none-eabi/lib/thumb/v7e-m+fp/hard/libcr_nohost_nf.a(__sys_remove.o)
 .comment       0x0000000000000085       0x46 /Applications/MCUXpressoIDE_11.8.0_1165/ide/plugins/com.nxp.mcuxpresso.tools.macosx_11.8.0.202306131047/tools/bin/../lib/gcc/arm-none-eabi/12.2.1/../../../../arm-none-eabi/lib/thumb/v7e-m+fp/hard/libcr_nohost_nf.a(__sys_seek.o)
 .comment       0x0000000000000085       0x46 /Applications/MCUXpressoIDE_11.8.0_1165/ide/plugins/com.nxp.mcuxpresso.tools.macosx_11.8.0.202306131047/tools/bin/../lib/gcc/arm-none-eabi/12.2.1/../../../../arm-none-eabi/lib/thumb/v7e-m+fp/hard/libcr_nohost_nf.a(__sys_tmpnam.o)
 .comment       0x0000000000000085       0x46 /Applications/MCUXpressoIDE_11.8.0_1165/ide/plugins/com.nxp.mcuxpresso.tools.macosx_11.8.0.202306131047/tools/bin/../lib/gcc/arm-none-eabi/12.2.1/../../../../arm-none-eabi/lib/thumb/v7e-m+fp/hard/libcr_nohost_nf.a(__sys_write.o)

.ARM.attributes
                0x0000000000000000       0x32
 .ARM.attributes
                0x0000000000000000       0x34 ./source/drv/SysTick.o
 .ARM.attributes
                0x0000000000000034       0x34 ./source/drv/UART.o
 .ARM.attributes
                0x0000000000000068       0x34 ./source/drv/accel.o
 .ARM.attributes
                0x000000000000009c       0x34 ./source/drv/gpio.o
 .ARM.attributes
                0x00000000000000d0       0x34 ./source/drv/i2c.o
 .ARM.attributes
                0x0000000000000104       0x34 ./source/App.o
 .ARM.attributes
                0x0000000000000138       0x34 ./source/comunicationHandler.o
 .ARM.attributes
                0x000000000000016c       0x34 ./SDK/startup/hardware.o
 .ARM.attributes
                0x00000000000001a0       0x34 ./SDK/startup/main.o
 .ARM.attributes
                0x00000000000001d4       0x34 ./SDK/startup/startup_mk64f12.o
 .ARM.attributes
                0x0000000000000208       0x34 ./SDK/CMSIS/system_MK64F12.o
 .ARM.attributes
                0x000000000000023c       0x34 /Applications/MCUXpressoIDE_11.8.0_1165/ide/plugins/com.nxp.mcuxpresso.tools.macosx_11.8.0.202306131047/tools/bin/../lib/gcc/arm-none-eabi/12.2.1/../../../../arm-none-eabi/lib/thumb/v7e-m+fp/hard/libcr_nohost_nf.a(_cr__main.o)
 .ARM.attributes
                0x0000000000000270       0x34 /Applications/MCUXpressoIDE_11.8.0_1165/ide/plugins/com.nxp.mcuxpresso.tools.macosx_11.8.0.202306131047/tools/bin/../lib/gcc/arm-none-eabi/12.2.1/../../../../arm-none-eabi/lib/thumb/v7e-m+fp/hard/libcr_c.a(atan2.o)
 .ARM.attributes
                0x00000000000002a4       0x34 /Applications/MCUXpressoIDE_11.8.0_1165/ide/plugins/com.nxp.mcuxpresso.tools.macosx_11.8.0.202306131047/tools/bin/../lib/gcc/arm-none-eabi/12.2.1/../../../../arm-none-eabi/lib/thumb/v7e-m+fp/hard/libcr_c.a(errno.o)
 .ARM.attributes
                0x00000000000002d8       0x34 /Applications/MCUXpressoIDE_11.8.0_1165/ide/plugins/com.nxp.mcuxpresso.tools.macosx_11.8.0.202306131047/tools/bin/../lib/gcc/arm-none-eabi/12.2.1/../../../../arm-none-eabi/lib/thumb/v7e-m+fp/hard/libcr_c.a(fabs.o)
 .ARM.attributes
                0x000000000000030c       0x34 /Applications/MCUXpressoIDE_11.8.0_1165/ide/plugins/com.nxp.mcuxpresso.tools.macosx_11.8.0.202306131047/tools/bin/../lib/gcc/arm-none-eabi/12.2.1/../../../../arm-none-eabi/lib/thumb/v7e-m+fp/hard/libcr_c.a(initio.o)
 .ARM.attributes
                0x0000000000000340       0x34 /Applications/MCUXpressoIDE_11.8.0_1165/ide/plugins/com.nxp.mcuxpresso.tools.macosx_11.8.0.202306131047/tools/bin/../lib/gcc/arm-none-eabi/12.2.1/../../../../arm-none-eabi/lib/thumb/v7e-m+fp/hard/libcr_c.a(setvbuf.o)
 .ARM.attributes
                0x0000000000000374       0x34 /Applications/MCUXpressoIDE_11.8.0_1165/ide/plugins/com.nxp.mcuxpresso.tools.macosx_11.8.0.202306131047/tools/bin/../lib/gcc/arm-none-eabi/12.2.1/../../../../arm-none-eabi/lib/thumb/v7e-m+fp/hard/libcr_c.a(_fdopen.o)
 .ARM.attributes
                0x00000000000003a8       0x34 /Applications/MCUXpressoIDE_11.8.0_1165/ide/plugins/com.nxp.mcuxpresso.tools.macosx_11.8.0.202306131047/tools/bin/../lib/gcc/arm-none-eabi/12.2.1/../../../../arm-none-eabi/lib/thumb/v7e-m+fp/hard/libcr_c.a(atan.o)
 .ARM.attributes
                0x00000000000003dc       0x34 /Applications/MCUXpressoIDE_11.8.0_1165/ide/plugins/com.nxp.mcuxpresso.tools.macosx_11.8.0.202306131047/tools/bin/../lib/gcc/arm-none-eabi/12.2.1/../../../../arm-none-eabi/lib/thumb/v7e-m+fp/hard/libcr_c.a(fclose.o)
 .ARM.attributes
                0x0000000000000410       0x34 /Applications/MCUXpressoIDE_11.8.0_1165/ide/plugins/com.nxp.mcuxpresso.tools.macosx_11.8.0.202306131047/tools/bin/../lib/gcc/arm-none-eabi/12.2.1/../../../../arm-none-eabi/lib/thumb/v7e-m+fp/hard/libcr_c.a(fflush.o)
 .ARM.attributes
                0x0000000000000444       0x34 /Applications/MCUXpressoIDE_11.8.0_1165/ide/plugins/com.nxp.mcuxpresso.tools.macosx_11.8.0.202306131047/tools/bin/../lib/gcc/arm-none-eabi/12.2.1/../../../../arm-none-eabi/lib/thumb/v7e-m+fp/hard/libcr_c.a(fseek.o)
 .ARM.attributes
                0x0000000000000478       0x34 /Applications/MCUXpressoIDE_11.8.0_1165/ide/plugins/com.nxp.mcuxpresso.tools.macosx_11.8.0.202306131047/tools/bin/../lib/gcc/arm-none-eabi/12.2.1/../../../../arm-none-eabi/lib/thumb/v7e-m+fp/hard/libcr_c.a(ftell.o)
 .ARM.attributes
                0x00000000000004ac       0x34 /Applications/MCUXpressoIDE_11.8.0_1165/ide/plugins/com.nxp.mcuxpresso.tools.macosx_11.8.0.202306131047/tools/bin/../lib/gcc/arm-none-eabi/12.2.1/../../../../arm-none-eabi/lib/thumb/v7e-m+fp/hard/libcr_c.a(remove.o)
 .ARM.attributes
                0x00000000000004e0       0x34 /Applications/MCUXpressoIDE_11.8.0_1165/ide/plugins/com.nxp.mcuxpresso.tools.macosx_11.8.0.202306131047/tools/bin/../lib/gcc/arm-none-eabi/12.2.1/../../../../arm-none-eabi/lib/thumb/v7e-m+fp/hard/libcr_c.a(strlen.o)
 .ARM.attributes
                0x0000000000000514       0x34 /Applications/MCUXpressoIDE_11.8.0_1165/ide/plugins/com.nxp.mcuxpresso.tools.macosx_11.8.0.202306131047/tools/bin/../lib/gcc/arm-none-eabi/12.2.1/../../../../arm-none-eabi/lib/thumb/v7e-m+fp/hard/libcr_c.a(memset.o)
 .ARM.attributes
                0x0000000000000548       0x34 /Applications/MCUXpressoIDE_11.8.0_1165/ide/plugins/com.nxp.mcuxpresso.tools.macosx_11.8.0.202306131047/tools/bin/../lib/gcc/arm-none-eabi/12.2.1/../../../../arm-none-eabi/lib/thumb/v7e-m+fp/hard/libcr_c.a(_do_fflush.o)
 .ARM.attributes
                0x000000000000057c       0x34 /Applications/MCUXpressoIDE_11.8.0_1165/ide/plugins/com.nxp.mcuxpresso.tools.macosx_11.8.0.202306131047/tools/bin/../lib/gcc/arm-none-eabi/12.2.1/../../../../arm-none-eabi/lib/thumb/v7e-m+fp/hard/libcr_c.a(_fflush.o)
 .ARM.attributes
                0x00000000000005b0       0x34 /Applications/MCUXpressoIDE_11.8.0_1165/ide/plugins/com.nxp.mcuxpresso.tools.macosx_11.8.0.202306131047/tools/bin/../lib/gcc/arm-none-eabi/12.2.1/../../../../arm-none-eabi/lib/thumb/v7e-m+fp/hard/libcr_c.a(_writebuf.o)
 .ARM.attributes
                0x00000000000005e4       0x34 /Applications/MCUXpressoIDE_11.8.0_1165/ide/plugins/com.nxp.mcuxpresso.tools.macosx_11.8.0.202306131047/tools/bin/../lib/gcc/arm-none-eabi/12.2.1/../../../../arm-none-eabi/lib/thumb/v7e-m+fp/hard/libcr_c.a(alloc.o)
 .ARM.attributes
                0x0000000000000618       0x34 /Applications/MCUXpressoIDE_11.8.0_1165/ide/plugins/com.nxp.mcuxpresso.tools.macosx_11.8.0.202306131047/tools/bin/../lib/gcc/arm-none-eabi/12.2.1/../../../../arm-none-eabi/lib/thumb/v7e-m+fp/hard/libcr_c.a(_deferredlazyseek.o)
 .ARM.attributes
                0x000000000000064c       0x34 /Applications/MCUXpressoIDE_11.8.0_1165/ide/plugins/com.nxp.mcuxpresso.tools.macosx_11.8.0.202306131047/tools/bin/../lib/gcc/arm-none-eabi/12.2.1/thumb/v7e-m+fp/hard/libcr_eabihelpers.a(double.o)
 .ARM.attributes
                0x0000000000000680       0x20 /Applications/MCUXpressoIDE_11.8.0_1165/ide/plugins/com.nxp.mcuxpresso.tools.macosx_11.8.0.202306131047/tools/bin/../lib/gcc/arm-none-eabi/12.2.1/thumb/v7e-m+fp/hard/libcr_eabihelpers.a(memcpy.o)
 .ARM.attributes
                0x00000000000006a0       0x34 /Applications/MCUXpressoIDE_11.8.0_1165/ide/plugins/com.nxp.mcuxpresso.tools.macosx_11.8.0.202306131047/tools/bin/../lib/gcc/arm-none-eabi/12.2.1/../../../../arm-none-eabi/lib/thumb/v7e-m+fp/hard/libcr_nohost_nf.a(__ciob.o)
 .ARM.attributes
                0x00000000000006d4       0x34 /Applications/MCUXpressoIDE_11.8.0_1165/ide/plugins/com.nxp.mcuxpresso.tools.macosx_11.8.0.202306131047/tools/bin/../lib/gcc/arm-none-eabi/12.2.1/../../../../arm-none-eabi/lib/thumb/v7e-m+fp/hard/libcr_nohost_nf.a(__sys_close.o)
 .ARM.attributes
                0x0000000000000708       0x34 /Applications/MCUXpressoIDE_11.8.0_1165/ide/plugins/com.nxp.mcuxpresso.tools.macosx_11.8.0.202306131047/tools/bin/../lib/gcc/arm-none-eabi/12.2.1/../../../../arm-none-eabi/lib/thumb/v7e-m+fp/hard/libcr_nohost_nf.a(__sys_flen.o)
 .ARM.attributes
                0x000000000000073c       0x34 /Applications/MCUXpressoIDE_11.8.0_1165/ide/plugins/com.nxp.mcuxpresso.tools.macosx_11.8.0.202306131047/tools/bin/../lib/gcc/arm-none-eabi/12.2.1/../../../../arm-none-eabi/lib/thumb/v7e-m+fp/hard/libcr_nohost_nf.a(__sys_istty.o)
 .ARM.attributes
                0x0000000000000770       0x34 /Applications/MCUXpressoIDE_11.8.0_1165/ide/plugins/com.nxp.mcuxpresso.tools.macosx_11.8.0.202306131047/tools/bin/../lib/gcc/arm-none-eabi/12.2.1/../../../../arm-none-eabi/lib/thumb/v7e-m+fp/hard/libcr_nohost_nf.a(__sys_remove.o)
 .ARM.attributes
                0x00000000000007a4       0x34 /Applications/MCUXpressoIDE_11.8.0_1165/ide/plugins/com.nxp.mcuxpresso.tools.macosx_11.8.0.202306131047/tools/bin/../lib/gcc/arm-none-eabi/12.2.1/../../../../arm-none-eabi/lib/thumb/v7e-m+fp/hard/libcr_nohost_nf.a(__sys_seek.o)
 .ARM.attributes
                0x00000000000007d8       0x34 /Applications/MCUXpressoIDE_11.8.0_1165/ide/plugins/com.nxp.mcuxpresso.tools.macosx_11.8.0.202306131047/tools/bin/../lib/gcc/arm-none-eabi/12.2.1/../../../../arm-none-eabi/lib/thumb/v7e-m+fp/hard/libcr_nohost_nf.a(__sys_tmpnam.o)
 .ARM.attributes
                0x000000000000080c       0x34 /Applications/MCUXpressoIDE_11.8.0_1165/ide/plugins/com.nxp.mcuxpresso.tools.macosx_11.8.0.202306131047/tools/bin/../lib/gcc/arm-none-eabi/12.2.1/../../../../arm-none-eabi/lib/thumb/v7e-m+fp/hard/libcr_nohost_nf.a(__sys_write.o)

.debug_frame    0x0000000000000000     0x12c4
 .debug_frame   0x0000000000000000       0x88 ./source/drv/SysTick.o
 .debug_frame   0x0000000000000088      0x2b4 ./source/drv/UART.o
 .debug_frame   0x000000000000033c      0x12c ./source/drv/accel.o
 .debug_frame   0x0000000000000468      0x124 ./source/drv/gpio.o
 .debug_frame   0x000000000000058c      0x134 ./source/drv/i2c.o
 .debug_frame   0x00000000000006c0      0x130 ./source/App.o
 .debug_frame   0x00000000000007f0       0xdc ./source/comunicationHandler.o
 .debug_frame   0x00000000000008cc       0x70 ./SDK/startup/hardware.o
 .debug_frame   0x000000000000093c       0x2c ./SDK/startup/main.o
 .debug_frame   0x0000000000000968      0x904 ./SDK/startup/startup_mk64f12.o
 .debug_frame   0x000000000000126c       0x58 ./SDK/CMSIS/system_MK64F12.o

.debug_loclists
                0x0000000000000000      0x113
 .debug_loclists
                0x0000000000000000      0x113 ./SDK/startup/startup_mk64f12.o
