Archive member included to satisfy reference by file (symbol)

/Applications/MCUXpressoIDE_11.8.0_1165/ide/plugins/com.nxp.mcuxpresso.tools.macosx_11.8.0.202306131047/tools/bin/../lib/gcc/arm-none-eabi/12.2.1/../../../../arm-none-eabi/lib/thumb/v7e-m+fp/hard/libcr_nohost_nf.a(_cr__main.o)
                              ./SDK/startup/startup_mk64f12.o (__main)
/Applications/MCUXpressoIDE_11.8.0_1165/ide/plugins/com.nxp.mcuxpresso.tools.macosx_11.8.0.202306131047/tools/bin/../lib/gcc/arm-none-eabi/12.2.1/../../../../arm-none-eabi/lib/thumb/v7e-m+fp/hard/libcr_c.a(atan2.o)
                              ./source/drv/accel.o (atan2)
/Applications/MCUXpressoIDE_11.8.0_1165/ide/plugins/com.nxp.mcuxpresso.tools.macosx_11.8.0.202306131047/tools/bin/../lib/gcc/arm-none-eabi/12.2.1/../../../../arm-none-eabi/lib/thumb/v7e-m+fp/hard/libcr_c.a(errno.o)
                              /Applications/MCUXpressoIDE_11.8.0_1165/ide/plugins/com.nxp.mcuxpresso.tools.macosx_11.8.0.202306131047/tools/bin/../lib/gcc/arm-none-eabi/12.2.1/../../../../arm-none-eabi/lib/thumb/v7e-m+fp/hard/libcr_c.a(atan2.o) (errno)
/Applications/MCUXpressoIDE_11.8.0_1165/ide/plugins/com.nxp.mcuxpresso.tools.macosx_11.8.0.202306131047/tools/bin/../lib/gcc/arm-none-eabi/12.2.1/../../../../arm-none-eabi/lib/thumb/v7e-m+fp/hard/libcr_c.a(fabs.o)
                              /Applications/MCUXpressoIDE_11.8.0_1165/ide/plugins/com.nxp.mcuxpresso.tools.macosx_11.8.0.202306131047/tools/bin/../lib/gcc/arm-none-eabi/12.2.1/../../../../arm-none-eabi/lib/thumb/v7e-m+fp/hard/libcr_c.a(atan2.o) (fabs)
/Applications/MCUXpressoIDE_11.8.0_1165/ide/plugins/com.nxp.mcuxpresso.tools.macosx_11.8.0.202306131047/tools/bin/../lib/gcc/arm-none-eabi/12.2.1/../../../../arm-none-eabi/lib/thumb/v7e-m+fp/hard/libcr_c.a(initio.o)
                              /Applications/MCUXpressoIDE_11.8.0_1165/ide/plugins/com.nxp.mcuxpresso.tools.macosx_11.8.0.202306131047/tools/bin/../lib/gcc/arm-none-eabi/12.2.1/../../../../arm-none-eabi/lib/thumb/v7e-m+fp/hard/libcr_nohost_nf.a(_cr__main.o) (_initio)
/Applications/MCUXpressoIDE_11.8.0_1165/ide/plugins/com.nxp.mcuxpresso.tools.macosx_11.8.0.202306131047/tools/bin/../lib/gcc/arm-none-eabi/12.2.1/../../../../arm-none-eabi/lib/thumb/v7e-m+fp/hard/libcr_c.a(setvbuf.o)
                              /Applications/MCUXpressoIDE_11.8.0_1165/ide/plugins/com.nxp.mcuxpresso.tools.macosx_11.8.0.202306131047/tools/bin/../lib/gcc/arm-none-eabi/12.2.1/../../../../arm-none-eabi/lib/thumb/v7e-m+fp/hard/libcr_c.a(initio.o) (setvbuf)
/Applications/MCUXpressoIDE_11.8.0_1165/ide/plugins/com.nxp.mcuxpresso.tools.macosx_11.8.0.202306131047/tools/bin/../lib/gcc/arm-none-eabi/12.2.1/../../../../arm-none-eabi/lib/thumb/v7e-m+fp/hard/libcr_c.a(_fdopen.o)
                              /Applications/MCUXpressoIDE_11.8.0_1165/ide/plugins/com.nxp.mcuxpresso.tools.macosx_11.8.0.202306131047/tools/bin/../lib/gcc/arm-none-eabi/12.2.1/../../../../arm-none-eabi/lib/thumb/v7e-m+fp/hard/libcr_c.a(initio.o) (_fdopen)
/Applications/MCUXpressoIDE_11.8.0_1165/ide/plugins/com.nxp.mcuxpresso.tools.macosx_11.8.0.202306131047/tools/bin/../lib/gcc/arm-none-eabi/12.2.1/../../../../arm-none-eabi/lib/thumb/v7e-m+fp/hard/libcr_c.a(atan.o)
                              /Applications/MCUXpressoIDE_11.8.0_1165/ide/plugins/com.nxp.mcuxpresso.tools.macosx_11.8.0.202306131047/tools/bin/../lib/gcc/arm-none-eabi/12.2.1/../../../../arm-none-eabi/lib/thumb/v7e-m+fp/hard/libcr_c.a(atan2.o) (atan)
/Applications/MCUXpressoIDE_11.8.0_1165/ide/plugins/com.nxp.mcuxpresso.tools.macosx_11.8.0.202306131047/tools/bin/../lib/gcc/arm-none-eabi/12.2.1/../../../../arm-none-eabi/lib/thumb/v7e-m+fp/hard/libcr_c.a(fclose.o)
                              /Applications/MCUXpressoIDE_11.8.0_1165/ide/plugins/com.nxp.mcuxpresso.tools.macosx_11.8.0.202306131047/tools/bin/../lib/gcc/arm-none-eabi/12.2.1/../../../../arm-none-eabi/lib/thumb/v7e-m+fp/hard/libcr_c.a(initio.o) (fclose)
/Applications/MCUXpressoIDE_11.8.0_1165/ide/plugins/com.nxp.mcuxpresso.tools.macosx_11.8.0.202306131047/tools/bin/../lib/gcc/arm-none-eabi/12.2.1/../../../../arm-none-eabi/lib/thumb/v7e-m+fp/hard/libcr_c.a(fflush.o)
                              /Applications/MCUXpressoIDE_11.8.0_1165/ide/plugins/com.nxp.mcuxpresso.tools.macosx_11.8.0.202306131047/tools/bin/../lib/gcc/arm-none-eabi/12.2.1/../../../../arm-none-eabi/lib/thumb/v7e-m+fp/hard/libcr_c.a(fclose.o) (fflush)
/Applications/MCUXpressoIDE_11.8.0_1165/ide/plugins/com.nxp.mcuxpresso.tools.macosx_11.8.0.202306131047/tools/bin/../lib/gcc/arm-none-eabi/12.2.1/../../../../arm-none-eabi/lib/thumb/v7e-m+fp/hard/libcr_c.a(fseek.o)
                              /Applications/MCUXpressoIDE_11.8.0_1165/ide/plugins/com.nxp.mcuxpresso.tools.macosx_11.8.0.202306131047/tools/bin/../lib/gcc/arm-none-eabi/12.2.1/../../../../arm-none-eabi/lib/thumb/v7e-m+fp/hard/libcr_c.a(_fdopen.o) (fseek)
[...]
Memory Configuration

Name             Origin             Length             Attributes
PROGRAM_FLASH    0x0000000000000000 0x0000000000100000 xr
SRAM_UPPER       0x0000000020000000 0x0000000000030000 xrw
SRAM_LOWER       0x000000001fff0000 0x0000000000010000 xrw
FLEX_RAM         0x0000000014000000 0x0000000000001000 xrw
*default*        0x0000000000000000 0xffffffffffffffff

Linker script and memory map

LOAD ./source/drv/SysTick.o
LOAD ./source/drv/UART.o
LOAD ./source/drv/accel.o
LOAD ./source/drv/gpio.o
LOAD ./source/drv/i2c.o
LOAD ./source/App.o
LOAD ./source/comunicationHandler.o
LOAD ./SDK/startup/hardware.o
LOAD ./SDK/startup/main.o
LOAD ./SDK/startup/startup_mk64f12.o
LOAD ./SDK/CMSIS/system_MK64F12.o
START GROUP
LOAD /Applications/MCUXpressoIDE_11.8.0_1165/ide/plugins/com.nxp.mcuxpresso.tools.macosx_11.8.0.202306131047/tools/bin/../lib/gcc/arm-none-eabi/12.2.1/../../../../arm-none-eabi/lib/thumb/v7e-m+fp/hard/libcr_nohost_nf.a
LOAD /Applications/MCUXpressoIDE_11.8.0_1165/ide/plugins/com.nxp.mcuxpresso.tools.macosx_11.8.0.202306131047/tools/bin/../lib/gcc/arm-none-eabi/12.2.1/../../../../arm-none-eabi/lib/thumb/v7e-m+fp/hard/libcr_c.a
LOAD /Applications/MCUXpressoIDE_11.8.0_1165/ide/plugins/com.nxp.mcuxpresso.tools.macosx_11.8.0.202306131047/tools/bin/../lib/gcc/arm-none-eabi/12.2.1/thumb/v7e-m+fp/hard/libcr_eabihelpers.a
LOAD /Applications/MCUXpressoIDE_11.8.0_1165/ide/plugins/com.nxp.mcuxpresso.tools.macosx_11.8.0.202306131047/tools/bin/../lib/gcc/arm-none-eabi/12.2.1/thumb/v7e-m+fp/hard/libgcc.a
END GROUP
                0x0000000000000000                __base_PROGRAM_FLASH = 0x0
                0x0000000000000000                __base_Flash = 0x0
                0x0000000000100000                __top_PROGRAM_FLASH = 0x100000
                0x0000000000100000                __top_Flash = 0x100000
                0x0000000020000000                __base_SRAM_UPPER = 0x20000000
                0x0000000020000000                __base_RAM = 0x20000000
                0x0000000020030000                __top_SRAM_UPPER = 0x20030000
                0x0000000020030000                __top_RAM = 0x20030000
                0x000000001fff0000                __base_SRAM_LOWER = 0x1fff0000
                0x000000001fff0000                __base_RAM2 = 0x1fff0000
                0x0000000020000000                __top_SRAM_LOWER = 0x20000000
                0x0000000020000000                __top_RAM2 = 0x20000000
                0x0000000014000000                __base_FLEX_RAM = 0x14000000
                0x0000000014000000                __base_RAM3 = 0x14000000
                0x0000000014001000                __top_FLEX_RAM = 0x14001000
                0x0000000014001000                __top_RAM3 = 0x14001000

.text           0x0000000000000000     0x3130
 FILL mask 0xff
                0x0000000000000000                __vectors_start__ = ABSOLUTE (.)
 *(.isr_vector)
 .isr_vector    0x0000000000000000      0x198 ./SDK/startup/startup_mk64f12.o
                0x0000000000000000                __Vectors
                0x0000000000000000                g_pfnVectors
                0x0000000000000198                . = ALIGN (0x4)
                0x0000000000000198                __section_table_start = .
                0x0000000000000198                __data_section_table = .
                0x0000000000000198        0x4 LONG 0x3130 LOADADDR (.data)
                0x000000000000019c        0x4 LONG 0x20000000 ADDR (.data)
                0x00000000000001a0        0x4 LONG 0x118 SIZEOF (.data)
                0x00000000000001a4        0x4 LONG 0x3130 LOADADDR (.data_RAM2)
                0x00000000000001a8        0x4 LONG 0x1fff0000 ADDR (.data_RAM2)
                0x00000000000001ac        0x4 LONG 0x0 SIZEOF (.data_RAM2)
                0x00000000000001b0        0x4 LONG 0x3130 LOADADDR (.data_RAM3)
                0x00000000000001b4        0x4 LONG 0x14000000 ADDR (.data_RAM3)
                0x00000000000001b8        0x4 LONG 0x0 SIZEOF (.data_RAM3)
                0x00000000000001bc                __data_section_table_end = .
                0x00000000000001bc                __bss_section_table = .
                0x00000000000001bc        0x4 LONG 0x20000118 ADDR (.bss)
                0x00000000000001c0        0x4 LONG 0x5d8 SIZEOF (.bss)
                0x00000000000001c4        0x4 LONG 0x1fff0000 ADDR (.bss_RAM2)
                0x00000000000001c8        0x4 LONG 0x0 SIZEOF (.bss_RAM2)
                0x00000000000001cc        0x4 LONG 0x14000000 ADDR (.bss_RAM3)
                0x00000000000001d0        0x4 LONG 0x0 SIZEOF (.bss_RAM3)
                0x00000000000001d4                __bss_section_table_end = .
                0x00000000000001d4                __section_table_end = .
 *(.after_vectors*)
 .after_vectors.init_data
                0x00000000000001d4       0x1e ./SDK/startup/startup_mk64f12.o
                0x00000000000001d4                data_init
 .after_vectors.init_bss
                0x00000000000001f2       0x12 ./SDK/startup/startup_mk64f12.o
                0x00000000000001f2                bss_init
 .after_vectors.reset
                0x0000000000000204       0x4c ./SDK/startup/startup_mk64f12.o
                0x0000000000000204                ResetISR
 .after_vectors
                0x0000000000000250       0x14 ./SDK/startup/startup_mk64f12.o
                0x0000000000000250                NMI_Handler
                0x0000000000000252                HardFault_Handler
                0x0000000000000254                MemManage_Handler
                0x0000000000000256                BusFault_Handler
                0x0000000000000258                UsageFault_Handler
                0x000000000000025a                SVC_Handler
                0x000000000000025c                DebugMon_Handler
                0x000000000000025e                PendSV_Handler
                0x0000000000000262                FTM2_DriverIRQHandler
                0x0000000000000262                PIT2_DriverIRQHandler
                0x0000000000000262                SDHC_DriverIRQHandler
                0x0000000000000262                I2S0_Tx_DriverIRQHandler
                0x0000000000000262                RTC_Seconds_DriverIRQHandler
                0x0000000000000262                DMA6_DriverIRQHandler
                0x0000000000000262                LLWU_DriverIRQHandler
                0x0000000000000262                MCM_DriverIRQHandler
                0x0000000000000262                MCG_DriverIRQHandler
                0x0000000000000262                ENET_1588_Timer_DriverIRQHandler
                0x0000000000000262                I2C2_DriverIRQHandler
                0x0000000000000262                DAC1_DriverIRQHandler
                0x0000000000000262                CMP1_DriverIRQHandler
                0x0000000000000262                UART5_RX_TX_DriverIRQHandler
                0x0000000000000262                FTM0_DriverIRQHandler
                0x0000000000000262                IntDefaultHandler
                0x0000000000000262                USB0_DriverIRQHandler
                0x0000000000000262                UART5_ERR_DriverIRQHandler
                0x0000000000000262                PORTC_DriverIRQHandler
                0x0000000000000262                DMA11_DriverIRQHandler
                0x0000000000000262                DAC0_DriverIRQHandler
                0x0000000000000262                DMA10_DriverIRQHandler
                0x0000000000000262                CMP2_DriverIRQHandler
                0x0000000000000262                UART2_ERR_DriverIRQHandler
                0x0000000000000262                SPI2_DriverIRQHandler
                0x0000000000000262                LVD_LVW_DriverIRQHandler
                0x0000000000000262                PIT0_DriverIRQHandler
                0x0000000000000262                RNG_DriverIRQHandler
                0x0000000000000262                DMA5_DriverIRQHandler
                0x0000000000000262                DMA4_DriverIRQHandler
                0x0000000000000262                UART2_RX_TX_DriverIRQHandler
                0x0000000000000262                USBDCD_DriverIRQHandler
                0x0000000000000262                UART3_ERR_DriverIRQHandler
                0x0000000000000262                DMA3_DriverIRQHandler
                0x0000000000000262                DMA8_DriverIRQHandler
                0x0000000000000262                DMA9_DriverIRQHandler
                0x0000000000000262                UART0_ERR_DriverIRQHandler
                0x0000000000000262                CMT_DriverIRQHandler
                0x0000000000000262                Reserved71_DriverIRQHandler
                0x0000000000000262                ADC1_DriverIRQHandler
                0x0000000000000262                PORTA_DriverIRQHandler
                0x0000000000000262                DMA14_DriverIRQHandler
                0x0000000000000262                PIT3_DriverIRQHandler
                0x0000000000000262                PIT1_DriverIRQHandler
                0x0000000000000262                WDOG_EWM_DriverIRQHandler
                0x0000000000000262                PDB0_DriverIRQHandler
                0x0000000000000262                RTC_DriverIRQHandler
                0x0000000000000262                I2S0_Rx_DriverIRQHandler
                0x0000000000000262                Read_Collision_DriverIRQHandler
                0x0000000000000262                SWI_DriverIRQHandler
                0x0000000000000262                UART4_RX_TX_DriverIRQHandler
                0x0000000000000262                UART4_ERR_DriverIRQHandler
                0x0000000000000262                UART0_LON_DriverIRQHandler
                0x0000000000000262                DMA1_DriverIRQHandler
                0x0000000000000262                I2C1_DriverIRQHandler
                0x0000000000000262                UART3_RX_TX_DriverIRQHandler
                0x0000000000000262                ENET_Receive_DriverIRQHandler
                0x0000000000000262                DMA13_DriverIRQHandler
                0x0000000000000262                ENET_Error_DriverIRQHandler
                0x0000000000000262                DMA15_DriverIRQHandler
                0x0000000000000262                UART0_RX_TX_DriverIRQHandler
                0x0000000000000262                SPI0_DriverIRQHandler
                0x0000000000000262                ADC0_DriverIRQHandler
                0x0000000000000262                CMP0_DriverIRQHandler
                0x0000000000000262                CAN0_DriverIRQHandler
                0x0000000000000262                FTM3_DriverIRQHandler
                0x0000000000000262                UART1_ERR_DriverIRQHandler
                0x0000000000000262                DMA2_DriverIRQHandler
                0x0000000000000262                ENET_Transmit_DriverIRQHandler
                0x0000000000000262                PORTD_DriverIRQHandler
                0x0000000000000262                PORTE_DriverIRQHandler
                0x0000000000000262                FTFE_DriverIRQHandler
                0x0000000000000262                I2C0_DriverIRQHandler
                0x0000000000000262                DMA7_DriverIRQHandler
                0x0000000000000262                UART1_RX_TX_DriverIRQHandler
                0x0000000000000262                DMA0_DriverIRQHandler
                0x0000000000000262                PORTB_DriverIRQHandler
                0x0000000000000262                DMA12_DriverIRQHandler
                0x0000000000000262                SPI1_DriverIRQHandler
                0x0000000000000262                LPTMR0_DriverIRQHandler
                0x0000000000000262                DMA_Error_DriverIRQHandler
                0x0000000000000262                FTM1_DriverIRQHandler
                0x0000000000000400                . = 0x400
 *fill*         0x0000000000000264      0x19c ff
                0x0000000000000400                PROVIDE (__FLASH_CONFIG_START__ = .)
 *(.FlashConfig)
 .FlashConfig   0x0000000000000400       0x10 ./SDK/startup/startup_mk64f12.o
                0x0000000000000400                Flash_Config
                0x0000000000000410                PROVIDE (__FLASH_CONFIG_END__ = .)
                0x0000000000000001                ASSERT (! ((__FLASH_CONFIG_START__ == __FLASH_CONFIG_END__)), Linker Flash Config Support Enabled, but no .FlashConfig section provided within application)
 *(.text*)
 .text.SysTick_Init
                0x0000000000000410       0x30 ./source/drv/SysTick.o
                0x0000000000000410                SysTick_Init
 .text.SysTick_Reg_Callback
                0x0000000000000440       0x70 ./source/drv/SysTick.o
                0x0000000000000440                SysTick_Reg_Callback
 .text.SysTick_Handler
                0x00000000000004b0       0xb0 ./source/drv/SysTick.o
                0x00000000000004b0                SysTick_Handler
 .text.NVIC_EnableIRQ
                0x0000000000000560       0x34 ./source/drv/UART.o
 .text.UART_Init
                0x0000000000000594      0x144 ./source/drv/UART.o
                0x0000000000000594                UART_Init
 .text.UART_SetBaudRate
                0x00000000000006d8       0xb8 ./source/drv/UART.o
                0x00000000000006d8                UART_SetBaudRate
 .text.UART_rx_tx_irq_handler
                0x0000000000000790       0x78 ./source/drv/UART.o
                0x0000000000000790                UART_rx_tx_irq_handler
 .text.UART_SendMsg
                0x0000000000000808       0x68 ./source/drv/UART.o
                0x0000000000000808                UART_SendMsg
 .text.queue_Init
                0x0000000000000870       0x70 ./source/drv/UART.o
 .text.push_Queue_Element
                0x00000000000008e0       0xe0 ./source/drv/UART.o
 .text.pull_Queue_Element
                0x00000000000009c0       0xe4 ./source/drv/UART.o
 .text.get_Queue_Status
                0x0000000000000aa4       0x2c ./source/drv/UART.o
 .text.UART0_RX_TX_IRQHandler
                0x0000000000000ad0       0x24 ./source/drv/UART.o
                0x0000000000000ad0                UART0_RX_TX_IRQHandler
 .text.UART1_RX_TX_IRQHandler
                0x0000000000000af4       0x24 ./source/drv/UART.o
                0x0000000000000af4                UART1_RX_TX_IRQHandler
 .text.UART2_RX_TX_IRQHandler
                0x0000000000000b18       0x24 ./source/drv/UART.o
                0x0000000000000b18                UART2_RX_TX_IRQHandler
 .text.UART3_RX_TX_IRQHandler
                0x0000000000000b3c       0x24 ./source/drv/UART.o
                0x0000000000000b3c                UART3_RX_TX_IRQHandler
 .text.UART4_RX_TX_IRQHandler
                0x0000000000000b60       0x24 ./source/drv/UART.o
                0x0000000000000b60                UART4_RX_TX_IRQHandler
 .text.FX_ReadReg
                0x0000000000000b84       0x5c ./source/drv/accel.o
 .text.FX_WriteReg
                0x0000000000000be0       0x40 ./source/drv/accel.o
 .text.FX_I2C_Init
                0x0000000000000c20       0x38 ./source/drv/accel.o
                0x0000000000000c20                FX_I2C_Init
 .text.FX_InitSequence
                0x0000000000000c58       0xe0 ./source/drv/accel.o
                0x0000000000000c58                FX_InitSequence
 .text.FX_RunningSequence
                0x0000000000000d38      0x25c ./source/drv/accel.o
 .text.FX_PISR  0x0000000000000f94       0x2c ./source/drv/accel.o
                0x0000000000000f94                FX_PISR
 .text.FX_I2C_Finished
                0x0000000000000fc0       0x44 ./source/drv/accel.o
                0x0000000000000fc0                FX_I2C_Finished
 .text.getAccelData
                0x0000000000001004       0x28 ./source/drv/accel.o
                0x0000000000001004                getAccelData
 .text.gpioWrite
                0x000000000000102c       0x64 ./source/drv/gpio.o
                0x000000000000102c                gpioWrite
 .text.NVIC_EnableIRQ
                0x0000000000001090       0x34 ./source/drv/i2c.o
 .text.I2C_InitModule
                0x00000000000010c4      0x114 ./source/drv/i2c.o
                0x00000000000010c4                I2C_InitModule
 .text.I2C_InitObject
                0x00000000000011d8      0x15c ./source/drv/i2c.o
                0x00000000000011d8                I2C_InitObject
 .text.I2C_IRQHandler
                0x0000000000001334      0x388 ./source/drv/i2c.o
                0x0000000000001334                I2C_IRQHandler
 .text.SetBaudRate
                0x00000000000016bc       0xbc ./source/drv/i2c.o
 .text.I2C0_IRQHandler
                0x0000000000001778       0x1e ./source/drv/i2c.o
                0x0000000000001778                I2C0_IRQHandler
 .text.I2C1_IRQHandler
                0x0000000000001796        0xe ./source/drv/i2c.o
                0x0000000000001796                I2C1_IRQHandler
 .text.I2C2_IRQHandler
                0x00000000000017a4        0xe ./source/drv/i2c.o
                0x00000000000017a4                I2C2_IRQHandler
 *fill*         0x00000000000017b2        0x2 ff
 .text.periodicRefresh
                0x00000000000017b4       0xa0 ./source/App.o
                0x00000000000017b4                periodicRefresh
 .text.App_Init
                0x0000000000001854       0x28 ./source/App.o
                0x0000000000001854                App_Init
 .text.App_Run  0x000000000000187c       0x16 ./source/App.o
                0x000000000000187c                App_Run
 .text.getCAN_Event
                0x0000000000001892       0x10 ./source/App.o
                0x0000000000001892                getCAN_Event
 *fill*         0x00000000000018a2        0x2 ff
 .text.comunicationHandler_init
                0x00000000000018a4       0x20 ./source/comunicationHandler.o
                0x00000000000018a4                comunicationHandler_init
 .text.Com_EventHandler
                0x00000000000018c4      0x1ec ./source/comunicationHandler.o
                0x00000000000018c4                Com_EventHandler
 .text.ComHandler_parseCANmsj
                0x0000000000001ab0      0x188 ./source/comunicationHandler.o
                0x0000000000001ab0                ComHandler_parseCANmsj
 .text.comunicationHandler_send2Ext
                0x0000000000001c38      0x12c ./source/comunicationHandler.o
                0x0000000000001c38                comunicationHandler_send2Ext
 .text.hw_Init  0x0000000000001d64       0xf4 ./SDK/startup/hardware.o
                0x0000000000001d64                hw_Init
 .text.hw_EnableInterrupts
                0x0000000000001e58       0x30 ./SDK/startup/hardware.o
                0x0000000000001e58                hw_EnableInterrupts
 .text.hw_DisableInterrupts
                0x0000000000001e88       0x20 ./SDK/startup/hardware.o
                0x0000000000001e88                hw_DisableInterrupts
 .text.main     0x0000000000001ea8       0x1a ./SDK/startup/main.o
                0x0000000000001ea8                main
 .text.DMA0_IRQHandler
                0x0000000000001ec2        0x8 ./SDK/startup/startup_mk64f12.o
                0x0000000000001ec2                DMA0_IRQHandler
 .text.DMA1_IRQHandler
                0x0000000000001eca        0x8 ./SDK/startup/startup_mk64f12.o
                0x0000000000001eca                DMA1_IRQHandler
 .text.DMA2_IRQHandler
                0x0000000000001ed2        0x8 ./SDK/startup/startup_mk64f12.o
                0x0000000000001ed2                DMA2_IRQHandler
 .text.DMA3_IRQHandler
                0x0000000000001eda        0x8 ./SDK/startup/startup_mk64f12.o
                0x0000000000001eda                DMA3_IRQHandler
 .text.DMA4_IRQHandler
                0x0000000000001ee2        0x8 ./SDK/startup/startup_mk64f12.o
                0x0000000000001ee2                DMA4_IRQHandler
 .text.DMA5_IRQHandler
                0x0000000000001eea        0x8 ./SDK/startup/startup_mk64f12.o
                0x0000000000001eea                DMA5_IRQHandler
 .text.DMA6_IRQHandler
                0x0000000000001ef2        0x8 ./SDK/startup/startup_mk64f12.o
                0x0000000000001ef2                DMA6_IRQHandler
 .text.DMA7_IRQHandler
                0x0000000000001efa        0x8 ./SDK/startup/startup_mk64f12.o
                0x0000000000001efa                DMA7_IRQHandler
 .text.DMA8_IRQHandler
                0x0000000000001f02        0x8 ./SDK/startup/startup_mk64f12.o
                0x0000000000001f02                DMA8_IRQHandler
 .text.DMA9_IRQHandler
                0x0000000000001f0a        0x8 ./SDK/startup/startup_mk64f12.o
                0x0000000000001f0a                DMA9_IRQHandler
 .text.DMA10_IRQHandler
                0x0000000000001f12        0x8 ./SDK/startup/startup_mk64f12.o
                0x0000000000001f12                DMA10_IRQHandler
 .text.DMA11_IRQHandler
                0x0000000000001f1a        0x8 ./SDK/startup/startup_mk64f12.o
                0x0000000000001f1a                DMA11_IRQHandler
 .text.DMA12_IRQHandler
                0x0000000000001f22        0x8 ./SDK/startup/startup_mk64f12.o
                0x0000000000001f22                DMA12_IRQHandler
 .text.DMA13_IRQHandler
                0x0000000000001f2a        0x8 ./SDK/startup/startup_mk64f12.o
                0x0000000000001f2a                DMA13_IRQHandler
 .text.DMA14_IRQHandler
                0x0000000000001f32        0x8 ./SDK/startup/startup_mk64f12.o
                0x0000000000001f32                DMA14_IRQHandler
 .text.DMA15_IRQHandler
                0x0000000000001f3a        0x8 ./SDK/startup/startup_mk64f12.o
                0x0000000000001f3a                DMA15_IRQHandler
 .text.DMA_Error_IRQHandler
                0x0000000000001f42        0x8 ./SDK/startup/startup_mk64f12.o
                0x0000000000001f42                DMA_Error_IRQHandler
 .text.MCM_IRQHandler
                0x0000000000001f4a        0x8 ./SDK/startup/startup_mk64f12.o
                0x0000000000001f4a                MCM_IRQHandler
 .text.FTFE_IRQHandler
                0x0000000000001f52        0x8 ./SDK/startup/startup_mk64f12.o
                0x0000000000001f52                FTFE_IRQHandler
 .text.Read_Collision_IRQHandler
                0x0000000000001f5a        0x8 ./SDK/startup/startup_mk64f12.o
                0x0000000000001f5a                Read_Collision_IRQHandler
 .text.LVD_LVW_IRQHandler
                0x0000000000001f62        0x8 ./SDK/startup/startup_mk64f12.o
                0x0000000000001f62                LVD_LVW_IRQHandler
 .text.LLWU_IRQHandler
                0x0000000000001f6a        0x8 ./SDK/startup/startup_mk64f12.o
                0x0000000000001f6a                LLWU_IRQHandler
 .text.WDOG_EWM_IRQHandler
                0x0000000000001f72        0x8 ./SDK/startup/startup_mk64f12.o
                0x0000000000001f72                WDOG_EWM_IRQHandler
 .text.RNG_IRQHandler
                0x0000000000001f7a        0x8 ./SDK/startup/startup_mk64f12.o
                0x0000000000001f7a                RNG_IRQHandler
 .text.SPI0_IRQHandler
                0x0000000000001f82        0x8 ./SDK/startup/startup_mk64f12.o
                0x0000000000001f82                SPI0_IRQHandler
 .text.SPI1_IRQHandler
                0x0000000000001f8a        0x8 ./SDK/startup/startup_mk64f12.o
                0x0000000000001f8a                SPI1_IRQHandler
 .text.I2S0_Tx_IRQHandler
                0x0000000000001f92        0x8 ./SDK/startup/startup_mk64f12.o
                0x0000000000001f92                I2S0_Tx_IRQHandler
 .text.I2S0_Rx_IRQHandler
                0x0000000000001f9a        0x8 ./SDK/startup/startup_mk64f12.o
                0x0000000000001f9a                I2S0_Rx_IRQHandler
 .text.UART0_LON_IRQHandler
                0x0000000000001fa2        0x8 ./SDK/startup/startup_mk64f12.o
                0x0000000000001fa2                UART0_LON_IRQHandler
 .text.UART0_ERR_IRQHandler
                0x0000000000001faa        0x8 ./SDK/startup/startup_mk64f12.o
                0x0000000000001faa                UART0_ERR_IRQHandler
 .text.UART1_ERR_IRQHandler
                0x0000000000001fb2        0x8 ./SDK/startup/startup_mk64f12.o
                0x0000000000001fb2                UART1_ERR_IRQHandler
 .text.UART2_ERR_IRQHandler
                0x0000000000001fba        0x8 ./SDK/startup/startup_mk64f12.o
                0x0000000000001fba                UART2_ERR_IRQHandler
 .text.UART3_ERR_IRQHandler
                0x0000000000001fc2        0x8 ./SDK/startup/startup_mk64f12.o
                0x0000000000001fc2                UART3_ERR_IRQHandler
 .text.ADC0_IRQHandler
                0x0000000000001fca        0x8 ./SDK/startup/startup_mk64f12.o
                0x0000000000001fca                ADC0_IRQHandler
 .text.CMP0_IRQHandler
                0x0000000000001fd2        0x8 ./SDK/startup/startup_mk64f12.o
                0x0000000000001fd2                CMP0_IRQHandler
 .text.CMP1_IRQHandler
                0x0000000000001fda        0x8 ./SDK/startup/startup_mk64f12.o
                0x0000000000001fda                CMP1_IRQHandler
 .text.FTM0_IRQHandler
                0x0000000000001fe2        0x8 ./SDK/startup/startup_mk64f12.o
                0x0000000000001fe2                FTM0_IRQHandler
 .text.FTM1_IRQHandler
                0x0000000000001fea        0x8 ./SDK/startup/startup_mk64f12.o
                0x0000000000001fea                FTM1_IRQHandler
 .text.FTM2_IRQHandler
                0x0000000000001ff2        0x8 ./SDK/startup/startup_mk64f12.o
                0x0000000000001ff2                FTM2_IRQHandler
 .text.CMT_IRQHandler
                0x0000000000001ffa        0x8 ./SDK/startup/startup_mk64f12.o
                0x0000000000001ffa                CMT_IRQHandler
 .text.RTC_IRQHandler
                0x0000000000002002        0x8 ./SDK/startup/startup_mk64f12.o
                0x0000000000002002                RTC_IRQHandler
 .text.RTC_Seconds_IRQHandler
                0x000000000000200a        0x8 ./SDK/startup/startup_mk64f12.o
                0x000000000000200a                RTC_Seconds_IRQHandler
 .text.PIT0_IRQHandler
                0x0000000000002012        0x8 ./SDK/startup/startup_mk64f12.o
                0x0000000000002012                PIT0_IRQHandler
 .text.PIT1_IRQHandler
                0x000000000000201a        0x8 ./SDK/startup/startup_mk64f12.o
                0x000000000000201a                PIT1_IRQHandler
 .text.PIT2_IRQHandler
                0x0000000000002022        0x8 ./SDK/startup/startup_mk64f12.o
                0x0000000000002022                PIT2_IRQHandler
 .text.PIT3_IRQHandler
                0x000000000000202a        0x8 ./SDK/startup/startup_mk64f12.o
                0x000000000000202a                PIT3_IRQHandler
 .text.PDB0_IRQHandler
                0x0000000000002032        0x8 ./SDK/startup/startup_mk64f12.o
                0x0000000000002032                PDB0_IRQHandler
 .text.USB0_IRQHandler
                0x000000000000203a        0x8 ./SDK/startup/startup_mk64f12.o
                0x000000000000203a                USB0_IRQHandler
 .text.USBDCD_IRQHandler
                0x0000000000002042        0x8 ./SDK/startup/startup_mk64f12.o
                0x0000000000002042                USBDCD_IRQHandler
 .text.Reserved71_IRQHandler
                0x000000000000204a        0x8 ./SDK/startup/startup_mk64f12.o
                0x000000000000204a                Reserved71_IRQHandler
 .text.DAC0_IRQHandler
                0x0000000000002052        0x8 ./SDK/startup/startup_mk64f12.o
                0x0000000000002052                DAC0_IRQHandler
 .text.MCG_IRQHandler
                0x000000000000205a        0x8 ./SDK/startup/startup_mk64f12.o
                0x000000000000205a                MCG_IRQHandler
 .text.LPTMR0_IRQHandler
                0x0000000000002062        0x8 ./SDK/startup/startup_mk64f12.o
                0x0000000000002062                LPTMR0_IRQHandler
 .text.PORTA_IRQHandler
                0x000000000000206a        0x8 ./SDK/startup/startup_mk64f12.o
                0x000000000000206a                PORTA_IRQHandler
 .text.PORTB_IRQHandler
                0x0000000000002072        0x8 ./SDK/startup/startup_mk64f12.o
                0x0000000000002072                PORTB_IRQHandler
 .text.PORTC_IRQHandler
                0x000000000000207a        0x8 ./SDK/startup/startup_mk64f12.o
                0x000000000000207a                PORTC_IRQHandler
 .text.PORTD_IRQHandler
                0x0000000000002082        0x8 ./SDK/startup/startup_mk64f12.o
                0x0000000000002082                PORTD_IRQHandler
 .text.PORTE_IRQHandler
                0x000000000000208a        0x8 ./SDK/startup/startup_mk64f12.o
                0x000000000000208a                PORTE_IRQHandler
 .text.SWI_IRQHandler
                0x0000000000002092        0x8 ./SDK/startup/startup_mk64f12.o
                0x0000000000002092                SWI_IRQHandler
 .text.SPI2_IRQHandler
                0x000000000000209a        0x8 ./SDK/startup/startup_mk64f12.o
                0x000000000000209a                SPI2_IRQHandler
 .text.UART4_ERR_IRQHandler
                0x00000000000020a2        0x8 ./SDK/startup/startup_mk64f12.o
                0x00000000000020a2                UART4_ERR_IRQHandler
 .text.UART5_RX_TX_IRQHandler
                0x00000000000020aa        0x8 ./SDK/startup/startup_mk64f12.o
                0x00000000000020aa                UART5_RX_TX_IRQHandler
 .text.UART5_ERR_IRQHandler
                0x00000000000020b2        0x8 ./SDK/startup/startup_mk64f12.o
                0x00000000000020b2                UART5_ERR_IRQHandler
 .text.CMP2_IRQHandler
                0x00000000000020ba        0x8 ./SDK/startup/startup_mk64f12.o
                0x00000000000020ba                CMP2_IRQHandler
 .text.FTM3_IRQHandler
                0x00000000000020c2        0x8 ./SDK/startup/startup_mk64f12.o
                0x00000000000020c2                FTM3_IRQHandler
 .text.DAC1_IRQHandler
                0x00000000000020ca        0x8 ./SDK/startup/startup_mk64f12.o
                0x00000000000020ca                DAC1_IRQHandler
 .text.ADC1_IRQHandler
                0x00000000000020d2        0x8 ./SDK/startup/startup_mk64f12.o
                0x00000000000020d2                ADC1_IRQHandler
 .text.CAN0_ORed_Message_buffer_IRQHandler
                0x00000000000020da        0x8 ./SDK/startup/startup_mk64f12.o
                0x00000000000020da                CAN0_ORed_Message_buffer_IRQHandler
 .text.CAN0_Bus_Off_IRQHandler
                0x00000000000020e2        0x8 ./SDK/startup/startup_mk64f12.o
                0x00000000000020e2                CAN0_Bus_Off_IRQHandler
 .text.CAN0_Error_IRQHandler
                0x00000000000020ea        0x8 ./SDK/startup/startup_mk64f12.o
                0x00000000000020ea                CAN0_Error_IRQHandler
 .text.CAN0_Tx_Warning_IRQHandler
                0x00000000000020f2        0x8 ./SDK/startup/startup_mk64f12.o
                0x00000000000020f2                CAN0_Tx_Warning_IRQHandler
 .text.CAN0_Rx_Warning_IRQHandler
                0x00000000000020fa        0x8 ./SDK/startup/startup_mk64f12.o
                0x00000000000020fa                CAN0_Rx_Warning_IRQHandler
 .text.CAN0_Wake_Up_IRQHandler
                0x0000000000002102        0x8 ./SDK/startup/startup_mk64f12.o
                0x0000000000002102                CAN0_Wake_Up_IRQHandler
 .text.SDHC_IRQHandler
                0x000000000000210a        0x8 ./SDK/startup/startup_mk64f12.o
                0x000000000000210a                SDHC_IRQHandler
 .text.ENET_1588_Timer_IRQHandler
                0x0000000000002112        0x8 ./SDK/startup/startup_mk64f12.o
                0x0000000000002112                ENET_1588_Timer_IRQHandler
 .text.ENET_Transmit_IRQHandler
                0x000000000000211a        0x8 ./SDK/startup/startup_mk64f12.o
                0x000000000000211a                ENET_Transmit_IRQHandler
 .text.ENET_Receive_IRQHandler
                0x0000000000002122        0x8 ./SDK/startup/startup_mk64f12.o
                0x0000000000002122                ENET_Receive_IRQHandler
 .text.ENET_Error_IRQHandler
                0x000000000000212a        0x8 ./SDK/startup/startup_mk64f12.o
                0x000000000000212a                ENET_Error_IRQHandler
 *fill*         0x0000000000002132        0x2 ff
 .text.SystemInit
                0x0000000000002134       0x40 ./SDK/CMSIS/system_MK64F12.o
                0x0000000000002134                SystemInit
 .text.__main   0x0000000000002174        0xe /Applications/MCUXpressoIDE_11.8.0_1165/ide/plugins/com.nxp.mcuxpresso.tools.macosx_11.8.0.202306131047/tools/bin/../lib/gcc/arm-none-eabi/12.2.1/../../../../arm-none-eabi/lib/thumb/v7e-m+fp/hard/libcr_nohost_nf.a(_cr__main.o)
                0x0000000000002174                __main
 *fill*         0x0000000000002182        0x6 ff
 .text.atan2    0x0000000000002188      0x120 /Applications/MCUXpressoIDE_11.8.0_1165/ide/plugins/com.nxp.mcuxpresso.tools.macosx_11.8.0.202306131047/tools/bin/../lib/gcc/arm-none-eabi/12.2.1/../../../../arm-none-eabi/lib/thumb/v7e-m+fp/hard/libcr_c.a(atan2.o)
                0x0000000000002188                atan2
 .text.fabs     0x00000000000022a8       0x20 /Applications/MCUXpressoIDE_11.8.0_1165/ide/plugins/com.nxp.mcuxpresso.tools.macosx_11.8.0.202306131047/tools/bin/../lib/gcc/arm-none-eabi/12.2.1/../../../../arm-none-eabi/lib/thumb/v7e-m+fp/hard/libcr_c.a(fabs.o)
                0x00000000000022a8                fabs
 .text._initio  0x00000000000022c8       0x78 /Applications/MCUXpressoIDE_11.8.0_1165/ide/plugins/com.nxp.mcuxpresso.tools.macosx_11.8.0.202306131047/tools/bin/../lib/gcc/arm-none-eabi/12.2.1/../../../../arm-none-eabi/lib/thumb/v7e-m+fp/hard/libcr_c.a(initio.o)
                0x00000000000022c8                _initio
 .text.setvbuf  0x0000000000002340       0x3e /Applications/MCUXpressoIDE_11.8.0_1165/ide/plugins/com.nxp.mcuxpresso.tools.macosx_11.8.0.202306131047/tools/bin/../lib/gcc/arm-none-eabi/12.2.1/../../../../arm-none-eabi/lib/thumb/v7e-m+fp/hard/libcr_c.a(setvbuf.o)
                0x0000000000002340                setvbuf
 .text._fdopen  0x000000000000237e       0x68 /Applications/MCUXpressoIDE_11.8.0_1165/ide/plugins/com.nxp.mcuxpresso.tools.macosx_11.8.0.202306131047/tools/bin/../lib/gcc/arm-none-eabi/12.2.1/../../../../arm-none-eabi/lib/thumb/v7e-m+fp/hard/libcr_c.a(_fdopen.o)
                0x000000000000237e                _fdopen
 *fill*         0x00000000000023e6        0x2 ff
 .text.atan     0x00000000000023e8      0x21c /Applications/MCUXpressoIDE_11.8.0_1165/ide/plugins/com.nxp.mcuxpresso.tools.macosx_11.8.0.202306131047/tools/bin/../lib/gcc/arm-none-eabi/12.2.1/../../../../arm-none-eabi/lib/thumb/v7e-m+fp/hard/libcr_c.a(atan.o)
                0x00000000000023e8                atan
 .text.fclose   0x0000000000002604       0x58 /Applications/MCUXpressoIDE_11.8.0_1165/ide/plugins/com.nxp.mcuxpresso.tools.macosx_11.8.0.202306131047/tools/bin/../lib/gcc/arm-none-eabi/12.2.1/../../../../arm-none-eabi/lib/thumb/v7e-m+fp/hard/libcr_c.a(fclose.o)
                0x0000000000002604                fclose
 .text.fflush   0x000000000000265c       0x3c /Applications/MCUXpressoIDE_11.8.0_1165/ide/plugins/com.nxp.mcuxpresso.tools.macosx_11.8.0.202306131047/tools/bin/../lib/gcc/arm-none-eabi/12.2.1/../../../../arm-none-eabi/lib/thumb/v7e-m+fp/hard/libcr_c.a(fflush.o)
                0x000000000000265c                fflush
 .text.fseek    0x0000000000002698       0xf8 /Applications/MCUXpressoIDE_11.8.0_1165/ide/plugins/com.nxp.mcuxpresso.tools.macosx_11.8.0.202306131047/tools/bin/../lib/gcc/arm-none-eabi/12.2.1/../../../../arm-none-eabi/lib/thumb/v7e-m+fp/hard/libcr_c.a(fseek.o)
                0x0000000000002698                fseek
 .text.ftell    0x0000000000002790       0x44 /Applications/MCUXpressoIDE_11.8.0_1165/ide/plugins/com.nxp.mcuxpresso.tools.macosx_11.8.0.202306131047/tools/bin/../lib/gcc/arm-none-eabi/12.2.1/../../../../arm-none-eabi/lib/thumb/v7e-m+fp/hard/libcr_c.a(ftell.o)
                0x0000000000002790                ftell
 .text.remove   0x00000000000027d4       0x14 /Applications/MCUXpressoIDE_11.8.0_1165/ide/plugins/com.nxp.mcuxpresso.tools.macosx_11.8.0.202306131047/tools/bin/../lib/gcc/arm-none-eabi/12.2.1/../../../../arm-none-eabi/lib/thumb/v7e-m+fp/hard/libcr_c.a(remove.o)
                0x00000000000027d4                remove
 .text.strlen   0x00000000000027e8       0x4e /Applications/MCUXpressoIDE_11.8.0_1165/ide/plugins/com.nxp.mcuxpresso.tools.macosx_11.8.0.202306131047/tools/bin/../lib/gcc/arm-none-eabi/12.2.1/../../../../arm-none-eabi/lib/thumb/v7e-m+fp/hard/libcr_c.a(strlen.o)
                0x00000000000027e8                strlen
 .text.memset   0x0000000000002836        0x4 /Applications/MCUXpressoIDE_11.8.0_1165/ide/plugins/com.nxp.mcuxpresso.tools.macosx_11.8.0.202306131047/tools/bin/../lib/gcc/arm-none-eabi/12.2.1/../../../../arm-none-eabi/lib/thumb/v7e-m+fp/hard/libcr_c.a(memset.o)
                0x0000000000002836                memset
 .text._do_fflush
                0x000000000000283a       0x40 /Applications/MCUXpressoIDE_11.8.0_1165/ide/plugins/com.nxp.mcuxpresso.tools.macosx_11.8.0.202306131047/tools/bin/../lib/gcc/arm-none-eabi/12.2.1/../../../../arm-none-eabi/lib/thumb/v7e-m+fp/hard/libcr_c.a(_do_fflush.o)
                0x000000000000283a                _do_fflush
 .text._fflush  0x000000000000287a       0x52 /Applications/MCUXpressoIDE_11.8.0_1165/ide/plugins/com.nxp.mcuxpresso.tools.macosx_11.8.0.202306131047/tools/bin/../lib/gcc/arm-none-eabi/12.2.1/../../../../arm-none-eabi/lib/thumb/v7e-m+fp/hard/libcr_c.a(_fflush.o)
                0x000000000000287a                _fflush
 .text._Cwritebuf
                0x00000000000028cc       0x6c /Applications/MCUXpressoIDE_11.8.0_1165/ide/plugins/com.nxp.mcuxpresso.tools.macosx_11.8.0.202306131047/tools/bin/../lib/gcc/arm-none-eabi/12.2.1/../../../../arm-none-eabi/lib/thumb/v7e-m+fp/hard/libcr_c.a(_writebuf.o)
                0x00000000000028cc                _Cwritebuf
 .text.free     0x0000000000002938       0x30 /Applications/MCUXpressoIDE_11.8.0_1165/ide/plugins/com.nxp.mcuxpresso.tools.macosx_11.8.0.202306131047/tools/bin/../lib/gcc/arm-none-eabi/12.2.1/../../../../arm-none-eabi/lib/thumb/v7e-m+fp/hard/libcr_c.a(alloc.o)
                0x0000000000002938                free
 .text._deferredlazyseek
                0x0000000000002968       0x40 /Applications/MCUXpressoIDE_11.8.0_1165/ide/plugins/com.nxp.mcuxpresso.tools.macosx_11.8.0.202306131047/tools/bin/../lib/gcc/arm-none-eabi/12.2.1/../../../../arm-none-eabi/lib/thumb/v7e-m+fp/hard/libcr_c.a(_deferredlazyseek.o)
                0x0000000000002968                _deferredlazyseek
 .text.__aeabi_dmul
                0x00000000000029a8       0xfc /Applications/MCUXpressoIDE_11.8.0_1165/ide/plugins/com.nxp.mcuxpresso.tools.macosx_11.8.0.202306131047/tools/bin/../lib/gcc/arm-none-eabi/12.2.1/thumb/v7e-m+fp/hard/libcr_eabihelpers.a(double.o)
                0x00000000000029a8                __aeabi_dmul
 .text.__aeabi_ddiv
                0x0000000000002aa4      0x12c /Applications/MCUXpressoIDE_11.8.0_1165/ide/plugins/com.nxp.mcuxpresso.tools.macosx_11.8.0.202306131047/tools/bin/../lib/gcc/arm-none-eabi/12.2.1/thumb/v7e-m+fp/hard/libcr_eabihelpers.a(double.o)
                0x0000000000002aa4                __aeabi_ddiv
 .text.__aeabi_dsub
                0x0000000000002bd0      0x1b4 /Applications/MCUXpressoIDE_11.8.0_1165/ide/plugins/com.nxp.mcuxpresso.tools.macosx_11.8.0.202306131047/tools/bin/../lib/gcc/arm-none-eabi/12.2.1/thumb/v7e-m+fp/hard/libcr_eabihelpers.a(double.o)
                0x0000000000002bd0                __aeabi_dsub
 .text.__aeabi_dadd
                0x0000000000002d84      0x138 /Applications/MCUXpressoIDE_11.8.0_1165/ide/plugins/com.nxp.mcuxpresso.tools.macosx_11.8.0.202306131047/tools/bin/../lib/gcc/arm-none-eabi/12.2.1/thumb/v7e-m+fp/hard/libcr_eabihelpers.a(double.o)
                0x0000000000002d84                __aeabi_dadd
 .text.__aeabi_d2f
                0x0000000000002ebc       0x58 /Applications/MCUXpressoIDE_11.8.0_1165/ide/plugins/com.nxp.mcuxpresso.tools.macosx_11.8.0.202306131047/tools/bin/../lib/gcc/arm-none-eabi/12.2.1/thumb/v7e-m+fp/hard/libcr_eabihelpers.a(double.o)
                0x0000000000002ebc                __aeabi_d2f
 .text.__aeabi_d2iz
                0x0000000000002f14       0x42 /Applications/MCUXpressoIDE_11.8.0_1165/ide/plugins/com.nxp.mcuxpresso.tools.macosx_11.8.0.202306131047/tools/bin/../lib/gcc/arm-none-eabi/12.2.1/thumb/v7e-m+fp/hard/libcr_eabihelpers.a(double.o)
                0x0000000000002f14                __aeabi_d2iz
 .text.__bhs_ui2d
                0x0000000000002f56       0x46 /Applications/MCUXpressoIDE_11.8.0_1165/ide/plugins/com.nxp.mcuxpresso.tools.macosx_11.8.0.202306131047/tools/bin/../lib/gcc/arm-none-eabi/12.2.1/thumb/v7e-m+fp/hard/libcr_eabihelpers.a(double.o)
                0x0000000000002f56                __bhs_ui2d
 .text.__aeabi_i2d
                0x0000000000002f9c       0x10 /Applications/MCUXpressoIDE_11.8.0_1165/ide/plugins/com.nxp.mcuxpresso.tools.macosx_11.8.0.202306131047/tools/bin/../lib/gcc/arm-none-eabi/12.2.1/thumb/v7e-m+fp/hard/libcr_eabihelpers.a(double.o)
                0x0000000000002f9c                __aeabi_i2d
 .text.__aeabi_dcmpeq
                0x0000000000002fac       0x3e /Applications/MCUXpressoIDE_11.8.0_1165/ide/plugins/com.nxp.mcuxpresso.tools.macosx_11.8.0.202306131047/tools/bin/../lib/gcc/arm-none-eabi/12.2.1/thumb/v7e-m+fp/hard/libcr_eabihelpers.a(double.o)
                0x0000000000002fac                __aeabi_dcmpeq
 .text.__aeabi_dcmplt
                0x0000000000002fea       0x5a /Applications/MCUXpressoIDE_11.8.0_1165/ide/plugins/com.nxp.mcuxpresso.tools.macosx_11.8.0.202306131047/tools/bin/../lib/gcc/arm-none-eabi/12.2.1/thumb/v7e-m+fp/hard/libcr_eabihelpers.a(double.o)
                0x0000000000002fea                __aeabi_dcmplt
 .text.__aeabi_dcmpgt
                0x0000000000003044       0x56 /Applications/MCUXpressoIDE_11.8.0_1165/ide/plugins/com.nxp.mcuxpresso.tools.macosx_11.8.0.202306131047/tools/bin/../lib/gcc/arm-none-eabi/12.2.1/thumb/v7e-m+fp/hard/libcr_eabihelpers.a(double.o)
                0x0000000000003044                __aeabi_dcmpgt
 .text.__aeabi_memset_lowlevel
                0x000000000000309a       0x32 /Applications/MCUXpressoIDE_11.8.0_1165/ide/plugins/com.nxp.mcuxpresso.tools.macosx_11.8.0.202306131047/tools/bin/../lib/gcc/arm-none-eabi/12.2.1/thumb/v7e-m+fp/hard/libcr_eabihelpers.a(memcpy.o)
                0x000000000000309a                __aeabi_lowlevel_memset
 .text.__sys_close
                0x00000000000030cc        0x6 /Applications/MCUXpressoIDE_11.8.0_1165/ide/plugins/com.nxp.mcuxpresso.tools.macosx_11.8.0.202306131047/tools/bin/../lib/gcc/arm-none-eabi/12.2.1/../../../../arm-none-eabi/lib/thumb/v7e-m+fp/hard/libcr_nohost_nf.a(__sys_close.o)
                0x00000000000030cc                __sys_close
 .text.__sys_flen
                0x00000000000030d2        0x6 /Applications/MCUXpressoIDE_11.8.0_1165/ide/plugins/com.nxp.mcuxpresso.tools.macosx_11.8.0.202306131047/tools/bin/../lib/gcc/arm-none-eabi/12.2.1/../../../../arm-none-eabi/lib/thumb/v7e-m+fp/hard/libcr_nohost_nf.a(__sys_flen.o)
                0x00000000000030d2                __sys_flen
 .text.__sys_istty
                0x00000000000030d8        0x6 /Applications/MCUXpressoIDE_11.8.0_1165/ide/plugins/com.nxp.mcuxpresso.tools.macosx_11.8.0.202306131047/tools/bin/../lib/gcc/arm-none-eabi/12.2.1/../../../../arm-none-eabi/lib/thumb/v7e-m+fp/hard/libcr_nohost_nf.a(__sys_istty.o)
                0x00000000000030d8                __sys_istty
 .text.__sys_remove
                0x00000000000030de        0x6 /Applications/MCUXpressoIDE_11.8.0_1165/ide/plugins/com.nxp.mcuxpresso.tools.macosx_11.8.0.202306131047/tools/bin/../lib/gcc/arm-none-eabi/12.2.1/../../../../arm-none-eabi/lib/thumb/v7e-m+fp/hard/libcr_nohost_nf.a(__sys_remove.o)
                0x00000000000030de                __sys_remove
 .text.__sys_seek
                0x00000000000030e4        0x6 /Applications/MCUXpressoIDE_11.8.0_1165/ide/plugins/com.nxp.mcuxpresso.tools.macosx_11.8.0.202306131047/tools/bin/../lib/gcc/arm-none-eabi/12.2.1/../../../../arm-none-eabi/lib/thumb/v7e-m+fp/hard/libcr_nohost_nf.a(__sys_seek.o)
                0x00000000000030e4                __sys_seek
 .text.__sys_tmpnam
                0x00000000000030ea        0x6 /Applications/MCUXpressoIDE_11.8.0_1165/ide/plugins/com.nxp.mcuxpresso.tools.macosx_11.8.0.202306131047/tools/bin/../lib/gcc/arm-none-eabi/12.2.1/../../../../arm-none-eabi/lib/thumb/v7e-m+fp/hard/libcr_nohost_nf.a(__sys_tmpnam.o)
                0x00000000000030ea                __sys_tmpnam
 .text.__sys_write
                0x00000000000030f0        0x4 /Applications/MCUXpressoIDE_11.8.0_1165/ide/plugins/com.nxp.mcuxpresso.tools.macosx_11.8.0.202306131047/tools/bin/../lib/gcc/arm-none-eabi/12.2.1/../../../../arm-none-eabi/lib/thumb/v7e-m+fp/hard/libcr_nohost_nf.a(__sys_write.o)
                0x00000000000030f0                __sys_write
 *(.rodata .rodata.* .constdata .constdata.*)
 .rodata        0x00000000000030f4        0x3 ./source/drv/i2c.o
 *fill*         0x00000000000030f7        0x1 ff
 .rodata        0x00000000000030f8        0x8 ./source/comunicationHandler.o
 .rodata._initio.str1.1
                0x0000000000003100        0x4 /Applications/MCUXpressoIDE_11.8.0_1165/ide/plugins/com.nxp.mcuxpresso.tools.macosx_11.8.0.202306131047/tools/bin/../lib/gcc/arm-none-eabi/12.2.1/../../../../arm-none-eabi/lib/thumb/v7e-m+fp/hard/libcr_c.a(initio.o)
 *fill*         0x0000000000003104        0x4 ff
 .rodata.a.0    0x0000000000003108       0x20 /Applications/MCUXpressoIDE_11.8.0_1165/ide/plugins/com.nxp.mcuxpresso.tools.macosx_11.8.0.202306131047/tools/bin/../lib/gcc/arm-none-eabi/12.2.1/../../../../arm-none-eabi/lib/thumb/v7e-m+fp/hard/libcr_c.a(atan.o)
 .rodata.__num_Ciob_streams
                0x0000000000003128        0x4 /Applications/MCUXpressoIDE_11.8.0_1165/ide/plugins/com.nxp.mcuxpresso.tools.macosx_11.8.0.202306131047/tools/bin/../lib/gcc/arm-none-eabi/12.2.1/../../../../arm-none-eabi/lib/thumb/v7e-m+fp/hard/libcr_nohost_nf.a(__ciob.o)
                0x0000000000003128                __num_Ciob_streams
                0x0000000000003130                . = ALIGN (0x8)
 *fill*         0x000000000000312c        0x4 ff

.glue_7         0x0000000000003130        0x0
 .glue_7        0x0000000000003130        0x0 linker stubs

.glue_7t        0x0000000000003130        0x0
 .glue_7t       0x0000000000003130        0x0 linker stubs

.vfp11_veneer   0x0000000000003130        0x0
 .vfp11_veneer  0x0000000000003130        0x0 linker stubs

.v4_bx          0x0000000000003130        0x0
 .v4_bx         0x0000000000003130        0x0 linker stubs

.iplt           0x0000000000003130        0x0
 .iplt          0x0000000000003130        0x0 ./source/drv/SysTick.o

.rel.dyn        0x0000000000003130        0x0
 .rel.iplt      0x0000000000003130        0x0 ./source/drv/SysTick.o

.ARM.extab
 *(.ARM.extab* .gnu.linkonce.armextab.*)

.ARM.exidx      0x0000000000003130        0x0
                0x0000000000003130                __exidx_start = .
 *(.ARM.exidx* .gnu.linkonce.armexidx.*)
                0x0000000000003130                __exidx_end = .
                0x0000000000003130                _etext = .

.m_usb_data
 *(m_usb_bdt)

.data_RAM2      0x000000001fff0000        0x0 load address 0x0000000000003130
 FILL mask 0xff
                [!provide]                        PROVIDE (__start_data_RAM2 = .)
                [!provide]                        PROVIDE (__start_data_SRAM_LOWER = .)
 *(.ramfunc.$RAM2)
 *(.ramfunc.$SRAM_LOWER)
 *(.data.$RAM2)
 *(.data.$SRAM_LOWER)
 *(.data.$RAM2.*)
 *(.data.$SRAM_LOWER.*)
                0x000000001fff0000                . = ALIGN (0x8)
                [!provide]                        PROVIDE (__end_data_RAM2 = .)
                [!provide]                        PROVIDE (__end_data_SRAM_LOWER = .)

.data_RAM3      0x0000000014000000        0x0 load address 0x0000000000003130
 FILL mask 0xff
                [!provide]                        PROVIDE (__start_data_RAM3 = .)
                [!provide]                        PROVIDE (__start_data_FLEX_RAM = .)
 *(.ramfunc.$RAM3)
 *(.ramfunc.$FLEX_RAM)
 *(.data.$RAM3)
 *(.data.$FLEX_RAM)
 *(.data.$RAM3.*)
 *(.data.$FLEX_RAM.*)
                0x0000000014000000                . = ALIGN (0x8)
                [!provide]                        PROVIDE (__end_data_RAM3 = .)
                [!provide]                        PROVIDE (__end_data_FLEX_RAM = .)

.uninit_RESERVED
                0x0000000020000000        0x0
                0x0000000020000000                _start_uninit_RESERVED = .
 *(.bss.$RESERVED*)
                0x0000000020000000                . = ALIGN (0x8)
                0x0000000020000000                _end_uninit_RESERVED = .

.data           0x0000000020000000      0x118 load address 0x0000000000003130
 FILL mask 0xff
                0x0000000020000000                _data = .
                [!provide]                        PROVIDE (__start_data_RAM = .)
                [!provide]                        PROVIDE (__start_data_SRAM_UPPER = .)
 *(vtable)
 *(.ramfunc*)
 *(CodeQuickAccess)
 *(DataQuickAccess)
 *(RamFunction)
 *(.data*)
 .data.I2C_array
                0x0000000020000000        0xc ./source/drv/i2c.o
                0x0000000020000000                I2C_array
 .data.ICR2SCLDivider
                0x000000002000000c      0x100 ./source/drv/i2c.o
 .data.bufferPC
                0x000000002000010c        0x7 ./source/comunicationHandler.o
                0x0000000020000118                . = ALIGN (0x8)
 *fill*         0x0000000020000113        0x5 ff
                0x0000000020000118                _edata = .
                [!provide]                        PROVIDE (__end_data_RAM = .)
                [!provide]                        PROVIDE (__end_data_SRAM_UPPER = .)

.igot.plt       0x0000000020000118        0x0 load address 0x0000000000003248
 .igot.plt      0x0000000020000118        0x0 ./source/drv/SysTick.o

.bss_RAM2       0x000000001fff0000        0x0
                [!provide]                        PROVIDE (__start_bss_RAM2 = .)
                [!provide]                        PROVIDE (__start_bss_SRAM_LOWER = .)
 *(.bss.$RAM2)
 *(.bss.$SRAM_LOWER)
 *(.bss.$RAM2.*)
 *(.bss.$SRAM_LOWER.*)
                0x000000001fff0000                . = ALIGN ((. != 0x0)?0x8:0x1)
                [!provide]                        PROVIDE (__end_bss_RAM2 = .)
                [!provide]                        PROVIDE (__end_bss_SRAM_LOWER = .)

.bss_RAM3       0x0000000014000000        0x0
                [!provide]                        PROVIDE (__start_bss_RAM3 = .)
                [!provide]                        PROVIDE (__start_bss_FLEX_RAM = .)
 *(.bss.$RAM3)
 *(.bss.$FLEX_RAM)
 *(.bss.$RAM3.*)
 *(.bss.$FLEX_RAM.*)
                0x0000000014000000                . = ALIGN ((. != 0x0)?0x8:0x1)
                [!provide]                        PROVIDE (__end_bss_RAM3 = .)
                [!provide]                        PROVIDE (__end_bss_FLEX_RAM = .)

.bss            0x0000000020000118      0x5d8
                0x0000000020000118                _bss = .
                [!provide]                        PROVIDE (__start_bss_RAM = .)
                [!provide]                        PROVIDE (__start_bss_SRAM_UPPER = .)
 *(.bss*)
 .bss.systick_Callback_Array
                0x0000000020000118       0xb4 ./source/drv/SysTick.o
 .bss.num_Callbacks
                0x00000000200001cc        0x4 ./source/drv/SysTick.o
 .bss.uart_buffers
                0x00000000200001d0      0x360 ./source/drv/UART.o
                0x00000000200001d0                uart_buffers
 .bss.Accel     0x0000000020000530       0x44 ./source/drv/accel.o
 .bss.I2C_Objects
                0x0000000020000574       0x60 ./source/drv/i2c.o
                0x0000000020000574                I2C_Objects
 .bss.fsm       0x00000000200005d4        0x1 ./source/App.o
                0x00000000200005d4                fsm
 *fill*         0x00000000200005d5        0x3 
 .bss.AppBoard  0x00000000200005d8        0xc ./source/App.o
                0x00000000200005d8                AppBoard
 .bss.Boards    0x00000000200005e4       0x48 ./source/comunicationHandler.o
 .bss.myGroup   0x000000002000062c        0x1 ./source/comunicationHandler.o
 *fill*         0x000000002000062d        0x3 
 .bss.__LDM_interruptDisableCount
                0x0000000020000630        0x4 ./SDK/startup/hardware.o
 .bss.errno     0x0000000020000634        0x4 /Applications/MCUXpressoIDE_11.8.0_1165/ide/plugins/com.nxp.mcuxpresso.tools.macosx_11.8.0.202306131047/tools/bin/../lib/gcc/arm-none-eabi/12.2.1/../../../../arm-none-eabi/lib/thumb/v7e-m+fp/hard/libcr_c.a(errno.o)
                0x0000000020000634                errno
 .bss.__Ciob    0x0000000020000638       0xb4 /Applications/MCUXpressoIDE_11.8.0_1165/ide/plugins/com.nxp.mcuxpresso.tools.macosx_11.8.0.202306131047/tools/bin/../lib/gcc/arm-none-eabi/12.2.1/../../../../arm-none-eabi/lib/thumb/v7e-m+fp/hard/libcr_nohost_nf.a(__ciob.o)
                0x0000000020000638                __Ciob
 *(COMMON)
                0x00000000200006f0                . = ALIGN (0x8)
 *fill*         0x00000000200006ec        0x4 
                0x00000000200006f0                _ebss = .
                [!provide]                        PROVIDE (__end_bss_RAM = .)
                [!provide]                        PROVIDE (__end_bss_SRAM_UPPER = .)
                [!provide]                        PROVIDE (end = .)

.noinit_RAM2    0x000000001fff0000        0x0
                [!provide]                        PROVIDE (__start_noinit_RAM2 = .)
                [!provide]                        PROVIDE (__start_noinit_SRAM_LOWER = .)
 *(.noinit.$RAM2)
 *(.noinit.$SRAM_LOWER)
 *(.noinit.$RAM2.*)
 *(.noinit.$SRAM_LOWER.*)
                0x000000001fff0000                . = ALIGN (0x8)
                [!provide]                        PROVIDE (__end_noinit_RAM2 = .)
                [!provide]                        PROVIDE (__end_noinit_SRAM_LOWER = .)

.noinit_RAM3    0x0000000014000000        0x0
                [!provide]                        PROVIDE (__start_noinit_RAM3 = .)
                [!provide]                        PROVIDE (__start_noinit_FLEX_RAM = .)
 *(.noinit.$RAM3)
 *(.noinit.$FLEX_RAM)
 *(.noinit.$RAM3.*)
 *(.noinit.$FLEX_RAM.*)
                0x0000000014000000                . = ALIGN (0x8)
                [!provide]                        PROVIDE (__end_noinit_RAM3 = .)
                [!provide]                        PROVIDE (__end_noinit_FLEX_RAM = .)

.noinit         0x00000000200006f0        0x0
                0x00000000200006f0                _noinit = .
                [!provide]                        PROVIDE (__start_noinit_RAM = .)
                [!provide]                        PROVIDE (__start_noinit_SRAM_UPPER = .)
 *(.noinit*)
                0x00000000200006f0                . = ALIGN (0x8)
                0x00000000200006f0                _end_noinit = .
                [!provide]                        PROVIDE (__end_noinit_RAM = .)
                [!provide]                        PROVIDE (__end_noinit_SRAM_UPPER = .)
                0x0000000000001000                _HeapSize = 0x1000

.heap           0x00000000200006f0     0x1000
                0x00000000200006f0                _pvHeapStart = .
                0x00000000200016f0                . = (. + _HeapSize)
 *fill*         0x00000000200006f0     0x1000 
                0x00000000200016f0                . = ALIGN (0x8)
                0x00000000200016f0                _pvHeapLimit = .
                0x0000000000001000                _StackSize = 0x1000

.heap2stackfill
                0x00000000200016f0     0x1000
                0x00000000200026f0                . = (. + _StackSize)
 *fill*         0x00000000200016f0     0x1000 

.stack          0x000000002002f000        0x0
                0x000000002002f000                _vStackBase = .
                0x000000002002f000                . = ALIGN (0x8)
                0x0000000020030000                _vStackTop = (. + _StackSize)
                0x0000000000000000                _image_start = LOADADDR (.text)
                0x0000000000003248                _image_end = (LOADADDR (.data) + SIZEOF (.data))
                0x0000000000003248                _image_size = (_image_end - _image_start)
OUTPUT(I2C.axf elf32-littlearm)
LOAD linker stubs

.debug_info     0x0000000000000000     0x484b
 .debug_info    0x0000000000000000      0x1e2 ./source/drv/SysTick.o
 .debug_info    0x00000000000001e2      0xccc ./source/drv/UART.o
 .debug_info    0x0000000000000eae      0x3ed ./source/drv/accel.o
 .debug_info    0x000000000000129b      0x912 ./source/drv/gpio.o
 .debug_info    0x0000000000001bad      0xc32 ./source/drv/i2c.o
 .debug_info    0x00000000000027df      0x31f ./source/App.o
 .debug_info    0x0000000000002afe      0x3ae ./source/comunicationHandler.o
 .debug_info    0x0000000000002eac      0x682 ./SDK/startup/hardware.o
 .debug_info    0x000000000000352e       0xaa ./SDK/startup/main.o
 .debug_info    0x00000000000035d8      0xc6f ./SDK/startup/startup_mk64f12.o
 .debug_info    0x0000000000004247      0x604 ./SDK/CMSIS/system_MK64F12.o

.debug_abbrev   0x0000000000000000     0x127c
 .debug_abbrev  0x0000000000000000      0x15d ./source/drv/SysTick.o
 .debug_abbrev  0x000000000000015d      0x302 ./source/drv/UART.o
 .debug_abbrev  0x000000000000045f      0x1cd ./source/drv/accel.o
 .debug_abbrev  0x000000000000062c      0x1ca ./source/drv/gpio.o
 .debug_abbrev  0x00000000000007f6      0x298 ./source/drv/i2c.o
 .debug_abbrev  0x0000000000000a8e      0x1e1 ./source/App.o
 .debug_abbrev  0x0000000000000c6f      0x1ce ./source/comunicationHandler.o
 .debug_abbrev  0x0000000000000e3d      0x135 ./SDK/startup/hardware.o
 .debug_abbrev  0x0000000000000f72       0x5b ./SDK/startup/main.o
 .debug_abbrev  0x0000000000000fcd      0x17e ./SDK/startup/startup_mk64f12.o
 .debug_abbrev  0x000000000000114b      0x131 ./SDK/CMSIS/system_MK64F12.o

.debug_aranges  0x0000000000000000      0x610
 .debug_aranges
                0x0000000000000000       0x30 ./source/drv/SysTick.o
 .debug_aranges
                0x0000000000000030       0xa0 ./source/drv/UART.o
 .debug_aranges
                0x00000000000000d0       0x58 ./source/drv/accel.o
 .debug_aranges
                0x0000000000000128       0x50 ./source/drv/gpio.o
 .debug_aranges
                0x0000000000000178       0x58 ./source/drv/i2c.o
 .debug_aranges
                0x00000000000001d0       0x58 ./source/App.o
 .debug_aranges
                0x0000000000000228       0x40 ./source/comunicationHandler.o
 .debug_aranges
                0x0000000000000268       0x30 ./SDK/startup/hardware.o
 .debug_aranges
                0x0000000000000298       0x20 ./SDK/startup/main.o
 .debug_aranges
                0x00000000000002b8      0x330 ./SDK/startup/startup_mk64f12.o
 .debug_aranges
                0x00000000000005e8       0x28 ./SDK/CMSIS/system_MK64F12.o

.debug_rnglists
                0x0000000000000000      0x468
 .debug_rnglists
                0x0000000000000000       0x20 ./source/drv/SysTick.o
 .debug_rnglists
                0x0000000000000020       0x77 ./source/drv/UART.o
 .debug_rnglists
                0x0000000000000097       0x3f ./source/drv/accel.o
 .debug_rnglists
                0x00000000000000d6       0x38 ./source/drv/gpio.o
 .debug_rnglists
                0x000000000000010e       0x41 ./source/drv/i2c.o
 .debug_rnglists
                0x000000000000014f       0x3e ./source/App.o
 .debug_rnglists
                0x000000000000018d       0x2f ./source/comunicationHandler.o
 .debug_rnglists
                0x00000000000001bc       0x20 ./SDK/startup/hardware.o
 .debug_rnglists
                0x00000000000001dc       0x13 ./SDK/startup/main.o
 .debug_rnglists
                0x00000000000001ef      0x25f ./SDK/startup/startup_mk64f12.o
 .debug_rnglists
                0x000000000000044e       0x1a ./SDK/CMSIS/system_MK64F12.o

.debug_macro    0x0000000000000000    0x12300
 .debug_macro   0x0000000000000000       0xe9 ./source/drv/SysTick.o
 .debug_macro   0x00000000000000e9      0xad8 ./source/drv/SysTick.o
 .debug_macro   0x0000000000000bc1       0x22 ./source/drv/SysTick.o
 .debug_macro   0x0000000000000be3       0x10 ./source/drv/SysTick.o
 .debug_macro   0x0000000000000bf3      0x12e ./source/drv/SysTick.o
 .debug_macro   0x0000000000000d21      0x5b3 ./source/drv/SysTick.o
 .debug_macro   0x00000000000012d4       0x1c ./source/drv/SysTick.o
 .debug_macro   0x00000000000012f0       0x10 ./source/drv/SysTick.o
 .debug_macro   0x0000000000001300       0x5b ./source/drv/SysTick.o
 .debug_macro   0x000000000000135b       0x3b ./source/drv/SysTick.o
 .debug_macro   0x0000000000001396       0x50 ./source/drv/SysTick.o
 .debug_macro   0x00000000000013e6      0xd40 ./source/drv/SysTick.o
 .debug_macro   0x0000000000002126       0x44 ./source/drv/SysTick.o
 .debug_macro   0x000000000000216a     0xe07b ./source/drv/SysTick.o
 .debug_macro   0x00000000000101e5     0x13c7 ./source/drv/SysTick.o
 .debug_macro   0x00000000000115ac       0x16 ./source/drv/SysTick.o
 .debug_macro   0x00000000000115c2       0x52 ./source/drv/SysTick.o
 .debug_macro   0x0000000000011614       0xff ./source/drv/UART.o
 .debug_macro   0x0000000000011713       0xf8 ./source/drv/accel.o
 .debug_macro   0x000000000001180b      0x2f5 ./source/drv/accel.o
 .debug_macro   0x0000000000011b00       0x22 ./source/drv/accel.o
 .debug_macro   0x0000000000011b22       0xc4 ./source/drv/accel.o
 .debug_macro   0x0000000000011be6       0xc3 ./source/drv/gpio.o
 .debug_macro   0x0000000000011ca9      0x1bb ./source/drv/i2c.o
 .debug_macro   0x0000000000011e64       0x58 ./source/drv/i2c.o
 .debug_macro   0x0000000000011ebc       0x40 ./source/drv/i2c.o
 .debug_macro   0x0000000000011efc       0xde ./source/App.o
 .debug_macro   0x0000000000011fda       0x10 ./source/App.o
 .debug_macro   0x0000000000011fea       0xd8 ./source/comunicationHandler.o
 .debug_macro   0x00000000000120c2       0xbb ./SDK/startup/hardware.o
 .debug_macro   0x000000000001217d       0xbb ./SDK/startup/main.o
 .debug_macro   0x0000000000012238       0x29 ./SDK/startup/startup_mk64f12.o
 .debug_macro   0x0000000000012261       0x9f ./SDK/CMSIS/system_MK64F12.o

.debug_line     0x0000000000000000     0x36ae
 .debug_line    0x0000000000000000      0x36a ./source/drv/SysTick.o
 .debug_line    0x000000000000036a      0x668 ./source/drv/UART.o
 .debug_line    0x00000000000009d2      0x4af ./source/drv/accel.o
 .debug_line    0x0000000000000e81      0x3fb ./source/drv/gpio.o
 .debug_line    0x000000000000127c      0x688 ./source/drv/i2c.o
 .debug_line    0x0000000000001904      0x3e9 ./source/App.o
 .debug_line    0x0000000000001ced      0x564 ./source/comunicationHandler.o
 .debug_line    0x0000000000002251      0x37d ./SDK/startup/hardware.o
 .debug_line    0x00000000000025ce      0x28c ./SDK/startup/main.o
 .debug_line    0x000000000000285a      0xaa1 ./SDK/startup/startup_mk64f12.o
 .debug_line    0x00000000000032fb      0x3b3 ./SDK/CMSIS/system_MK64F12.o

.debug_str      0x0000000000000000    0x7aa3d
 .debug_str     0x0000000000000000    0x7780e ./source/drv/SysTick.o
                                      0x7789a (size before relaxing)
 .debug_str     0x000000000007780e      0xa30 ./source/drv/UART.o
                                      0x78076 (size before relaxing)
 .debug_str     0x000000000007823e     0x1116 ./source/drv/accel.o
                                      0x7160d (size before relaxing)
 .debug_str     0x0000000000079354      0x229 ./source/drv/gpio.o
                                      0x70df2 (size before relaxing)
 .debug_str     0x000000000007957d      0x916 ./source/drv/i2c.o
                                      0x7886b (size before relaxing)
 .debug_str     0x0000000000079e93      0x156 ./source/App.o
                                      0x71051 (size before relaxing)
 .debug_str     0x0000000000079fe9       0xe5 ./source/comunicationHandler.o
                                      0x7052a (size before relaxing)
 .debug_str     0x000000000007a0ce      0x167 ./SDK/startup/hardware.o
                                      0x7783a (size before relaxing)
 .debug_str     0x000000000007a235       0x16 ./SDK/startup/main.o
                                      0x77647 (size before relaxing)
 .debug_str     0x000000000007a24b      0x7a2 ./SDK/startup/startup_mk64f12.o
                                       0x3706 (size before relaxing)
 .debug_str     0x000000000007a9ed       0x50 ./SDK/CMSIS/system_MK64F12.o
                                      0x7774a (size before relaxing)

.comment        0x0000000000000000       0x85
 .comment       0x0000000000000000       0x40 ./source/drv/SysTick.o
                                         0x41 (size before relaxing)
 .comment       0x0000000000000040       0x41 ./source/drv/UART.o
 .comment       0x0000000000000040       0x41 ./source/drv/accel.o
 .comment       0x0000000000000040       0x41 ./source/drv/gpio.o
 .comment       0x0000000000000040       0x41 ./source/drv/i2c.o
 .comment       0x0000000000000040       0x41 ./source/App.o
 .comment       0x0000000000000040       0x41 ./source/comunicationHandler.o
 .comment       0x0000000000000040       0x41 ./SDK/startup/hardware.o
 .comment       0x0000000000000040       0x41 ./SDK/startup/main.o
 .comment       0x0000000000000040       0x41 ./SDK/startup/startup_mk64f12.o
 .comment       0x0000000000000040       0x41 ./SDK/CMSIS/system_MK64F12.o
 .comment       0x0000000000000040       0x45 /Applications/MCUXpressoIDE_11.8.0_1165/ide/plugins/com.nxp.mcuxpresso.tools.macosx_11.8.0.202306131047/tools/bin/../lib/gcc/arm-none-eabi/12.2.1/../../../../arm-none-eabi/lib/thumb/v7e-m+fp/hard/libcr_nohost_nf.a(_cr__main.o)
                                         0x46 (size before relaxing)
 .comment       0x0000000000000085       0x46 /Applications/MCUXpressoIDE_11.8.0_1165/ide/plugins/com.nxp.mcuxpresso.tools.macosx_11.8.0.202306131047/tools/bin/../lib/gcc/arm-none-eabi/12.2.1/../../../../arm-none-eabi/lib/thumb/v7e-m+fp/hard/libcr_c.a(atan2.o)
 .comment       0x0000000000000085       0x46 /Applications/MCUXpressoIDE_11.8.0_1165/ide/plugins/com.nxp.mcuxpresso.tools.macosx_11.8.0.202306131047/tools/bin/../lib/gcc/arm-none-eabi/12.2.1/../../../../arm-none-eabi/lib/thumb/v7e-m+fp/hard/libcr_c.a(errno.o)
 .comment       0x0000000000000085       0x46 /Applications/MCUXpressoIDE_11.8.0_1165/ide/plugins/com.nxp.mcuxpresso.tools.macosx_11.8.0.202306131047/tools/bin/../lib/gcc/arm-none-eabi/12.2.1/../../../../arm-none-eabi/lib/thumb/v7e-m+fp/hard/libcr_c.a(fabs.o)
 .comment       0x0000000000000085       0x46 /Applications/MCUXpressoIDE_11.8.0_1165/ide/plugins/com.nxp.mcuxpresso.tools.macosx_11.8.0.202306131047/tools/bin/../lib/gcc/arm-none-eabi/12.2.1/../../../../arm-none-eabi/lib/thumb/v7e-m+fp/hard/libcr_c.a(initio.o)
 .comment       0x0000000000000085       0x46 /Applications/MCUXpressoIDE_11.8.0_1165/ide/plugins/com.nxp.mcuxpresso.tools.macosx_11.8.0.202306131047/tools/bin/../lib/gcc/arm-none-eabi/12.2.1/../../../../arm-none-eabi/lib/thumb/v7e-m+fp/hard/libcr_c.a(setvbuf.o)
 .comment       0x0000000000000085       0x46 /Applications/MCUXpressoIDE_11.8.0_1165/ide/plugins/com.nxp.mcuxpresso.tools.macosx_11.8.0.202306131047/tools/bin/../lib/gcc/arm-none-eabi/12.2.1/../../../../arm-none-eabi/lib/thumb/v7e-m+fp/hard/libcr_c.a(_fdopen.o)
 .comment       0x0000000000000085       0x46 /Applications/MCUXpressoIDE_11.8.0_1165/ide/plugins/com.nxp.mcuxpresso.tools.macosx_11.8.0.202306131047/tools/bin/../lib/gcc/arm-none-eabi/12.2.1/../../../../arm-none-eabi/lib/thumb/v7e-m+fp/hard/libcr_c.a(atan.o)
 .comment       0x0000000000000085       0x46 /Applications/MCUXpressoIDE_11.8.0_1165/ide/plugins/com.nxp.mcuxpresso.tools.macosx_11.8.0.202306131047/tools/bin/../lib/gcc/arm-none-eabi/12.2.1/../../../../arm-none-eabi/lib/thumb/v7e-m+fp/hard/libcr_c.a(fclose.o)
 .comment       0x0000000000000085       0x46 /Applications/MCUXpressoIDE_11.8.0_1165/ide/plugins/com.nxp.mcuxpresso.tools.macosx_11.8.0.202306131047/tools/bin/../lib/gcc/arm-none-eabi/12.2.1/../../../../arm-none-eabi/lib/thumb/v7e-m+fp/hard/libcr_c.a(fflush.o)
 .comment       0x0000000000000085       0x46 /Applications/MCUXpressoIDE_11.8.0_1165/ide/plugins/com.nxp.mcuxpresso.tools.macosx_11.8.0.202306131047/tools/bin/../lib/gcc/arm-none-eabi/12.2.1/../../../../arm-none-eabi/lib/thumb/v7e-m+fp/hard/libcr_c.a(fseek.o)
 .comment       0x0000000000000085       0x46 /Applications/MCUXpressoIDE_11.8.0_1165/ide/plugins/com.nxp.mcuxpresso.tools.macosx_11.8.0.202306131047/tools/bin/../lib/gcc/arm-none-eabi/12.2.1/../../../../arm-none-eabi/lib/thumb/v7e-m+fp/hard/libcr_c.a(ftell.o)
 .comment       0x0000000000000085       0x46 /Applications/MCUXpressoIDE_11.8.0_1165/ide/plugins/com.nxp.mcuxpresso.tools.macosx_11.8.0.202306131047/tools/bin/../lib/gcc/arm-none-eabi/12.2.1/../../../../arm-none-eabi/lib/thumb/v7e-m+fp/hard/libcr_c.a(remove.o)
 .comment       0x0000000000000085       0x46 /Applications/MCUXpressoIDE_11.8.0_1165/ide/plugins/com.nxp.mcuxpresso.tools.macosx_11.8.0.202306131047/tools/bin/../lib/gcc/arm-none-eabi/12.2.1/../../../../arm-none-eabi/lib/thumb/v7e-m+fp/hard/libcr_c.a(strlen.o)
 .comment       0x0000000000000085       0x46 /Applications/MCUXpressoIDE_11.8.0_1165/ide/plugins/com.nxp.mcuxpresso.tools.macosx_11.8.0.202306131047/tools/bin/../lib/gcc/arm-none-eabi/12.2.1/../../../../arm-none-eabi/lib/thumb/v7e-m+fp/hard/libcr_c.a(memset.o)
 .comment       0x0000000000000085       0x46 /Applications/MCUXpressoIDE_11.8.0_1165/ide/plugins/com.nxp.mcuxpresso.tools.macosx_11.8.0.202306131047/tools/bin/../lib/gcc/arm-none-eabi/12.2.1/../../../../arm-none-eabi/lib/thumb/v7e-m+fp/hard/libcr_c.a(_do_fflush.o)
 .comment       0x0000000000000085       0x46 /Applications/MCUXpressoIDE_11.8.0_1165/ide/plugins/com.nxp.mcuxpresso.tools.macosx_11.8.0.202306131047/tools/bin/../lib/gcc/arm-none-eabi/12.2.1/../../../../arm-none-eabi/lib/thumb/v7e-m+fp/hard/libcr_c.a(_fflush.o)
 .comment       0x0000000000000085       0x46 /Applications/MCUXpressoIDE_11.8.0_1165/ide/plugins/com.nxp.mcuxpresso.tools.macosx_11.8.0.202306131047/tools/bin/../lib/gcc/arm-none-eabi/12.2.1/../../../../arm-none-eabi/lib/thumb/v7e-m+fp/hard/libcr_c.a(_writebuf.o)
 .comment       0x0000000000000085       0x46 /Applications/MCUXpressoIDE_11.8.0_1165/ide/plugins/com.nxp.mcuxpresso.tools.macosx_11.8.0.202306131047/tools/bin/../lib/gcc/arm-none-eabi/12.2.1/../../../../arm-none-eabi/lib/thumb/v7e-m+fp/hard/libcr_c.a(alloc.o)
 .comment       0x0000000000000085       0x46 /Applications/MCUXpressoIDE_11.8.0_1165/ide/plugins/com.nxp.mcuxpresso.tools.macosx_11.8.0.202306131047/tools/bin/../lib/gcc/arm-none-eabi/12.2.1/../../../../arm-none-eabi/lib/thumb/v7e-m+fp/hard/libcr_c.a(_deferredlazyseek.o)
 .comment       0x0000000000000085       0x46 /Applications/MCUXpressoIDE_11.8.0_1165/ide/plugins/com.nxp.mcuxpresso.tools.macosx_11.8.0.202306131047/tools/bin/../lib/gcc/arm-none-eabi/12.2.1/thumb/v7e-m+fp/hard/libcr_eabihelpers.a(double.o)
 .comment       0x0000000000000085       0x46 /Applications/MCUXpressoIDE_11.8.0_1165/ide/plugins/com.nxp.mcuxpresso.tools.macosx_11.8.0.202306131047/tools/bin/../lib/gcc/arm-none-eabi/12.2.1/../../../../arm-none-eabi/lib/thumb/v7e-m+fp/hard/libcr_nohost_nf.a(__ciob.o)
 .comment       0x0000000000000085       0x46 /Applications/MCUXpressoIDE_11.8.0_1165/ide/plugins/com.nxp.mcuxpresso.tools.macosx_11.8.0.202306131047/tools/bin/../lib/gcc/arm-none-eabi/12.2.1/../../../../arm-none-eabi/lib/thumb/v7e-m+fp/hard/libcr_nohost_nf.a(__sys_close.o)
 .comment       0x0000000000000085       0x46 /Applications/MCUXpressoIDE_11.8.0_1165/ide/plugins/com.nxp.mcuxpresso.tools.macosx_11.8.0.202306131047/tools/bin/../lib/gcc/arm-none-eabi/12.2.1/../../../../arm-none-eabi/lib/thumb/v7e-m+fp/hard/libcr_nohost_nf.a(__sys_flen.o)
 .comment       0x0000000000000085       0x46 /Applications/MCUXpressoIDE_11.8.0_1165/ide/plugins/com.nxp.mcuxpresso.tools.macosx_11.8.0.202306131047/tools/bin/../lib/gcc/arm-none-eabi/12.2.1/../../../../arm-none-eabi/lib/thumb/v7e-m+fp/hard/libcr_nohost_nf.a(__sys_istty.o)
 .comment       0x0000000000000085       0x46 /Applications/MCUXpressoIDE_11.8.0_1165/ide/plugins/com.nxp.mcuxpresso.tools.macosx_11.8.0.202306131047/tools/bin/../lib/gcc/arm-none-eabi/12.2.1/../../../../arm-none-eabi/lib/thumb/v7e-m+fp/hard/libcr_nohost_nf.a(__sys_remove.o)
 .comment       0x0000000000000085       0x46 /Applications/MCUXpressoIDE_11.8.0_1165/ide/plugins/com.nxp.mcuxpresso.tools.macosx_11.8.0.202306131047/tools/bin/../lib/gcc/arm-none-eabi/12.2.1/../../../../arm-none-eabi/lib/thumb/v7e-m+fp/hard/libcr_nohost_nf.a(__sys_seek.o)
 .comment       0x0000000000000085       0x46 /Applications/MCUXpressoIDE_11.8.0_1165/ide/plugins/com.nxp.mcuxpresso.tools.macosx_11.8.0.202306131047/tools/bin/../lib/gcc/arm-none-eabi/12.2.1/../../../../arm-none-eabi/lib/thumb/v7e-m+fp/hard/libcr_nohost_nf.a(__sys_tmpnam.o)
 .comment       0x0000000000000085       0x46 /Applications/MCUXpressoIDE_11.8.0_1165/ide/plugins/com.nxp.mcuxpresso.tools.macosx_11.8.0.202306131047/tools/bin/../lib/gcc/arm-none-eabi/12.2.1/../../../../arm-none-eabi/lib/thumb/v7e-m+fp/hard/libcr_nohost_nf.a(__sys_write.o)

.ARM.attributes
                0x0000000000000000       0x32
 .ARM.attributes
                0x0000000000000000       0x34 ./source/drv/SysTick.o
 .ARM.attributes
                0x0000000000000034       0x34 ./source/drv/UART.o
 .ARM.attributes
                0x0000000000000068       0x34 ./source/drv/accel.o
 .ARM.attributes
                0x000000000000009c       0x34 ./source/drv/gpio.o
 .ARM.attributes
                0x00000000000000d0       0x34 ./source/drv/i2c.o
 .ARM.attributes
                0x0000000000000104       0x34 ./source/App.o
 .ARM.attributes
                0x0000000000000138       0x34 ./source/comunicationHandler.o
 .ARM.attributes
                0x000000000000016c       0x34 ./SDK/startup/hardware.o
 .ARM.attributes
                0x00000000000001a0       0x34 ./SDK/startup/main.o
 .ARM.attributes
                0x00000000000001d4       0x34 ./SDK/startup/startup_mk64f12.o
 .ARM.attributes
                0x0000000000000208       0x34 ./SDK/CMSIS/system_MK64F12.o
 .ARM.attributes
                0x000000000000023c       0x34 /Applications/MCUXpressoIDE_11.8.0_1165/ide/plugins/com.nxp.mcuxpresso.tools.macosx_11.8.0.202306131047/tools/bin/../lib/gcc/arm-none-eabi/12.2.1/../../../../arm-none-eabi/lib/thumb/v7e-m+fp/hard/libcr_nohost_nf.a(_cr__main.o)
 .ARM.attributes
                0x0000000000000270       0x34 /Applications/MCUXpressoIDE_11.8.0_1165/ide/plugins/com.nxp.mcuxpresso.tools.macosx_11.8.0.202306131047/tools/bin/../lib/gcc/arm-none-eabi/12.2.1/../../../../arm-none-eabi/lib/thumb/v7e-m+fp/hard/libcr_c.a(atan2.o)
 .ARM.attributes
                0x00000000000002a4       0x34 /Applications/MCUXpressoIDE_11.8.0_1165/ide/plugins/com.nxp.mcuxpresso.tools.macosx_11.8.0.202306131047/tools/bin/../lib/gcc/arm-none-eabi/12.2.1/../../../../arm-none-eabi/lib/thumb/v7e-m+fp/hard/libcr_c.a(errno.o)
 .ARM.attributes
                0x00000000000002d8       0x34 /Applications/MCUXpressoIDE_11.8.0_1165/ide/plugins/com.nxp.mcuxpresso.tools.macosx_11.8.0.202306131047/tools/bin/../lib/gcc/arm-none-eabi/12.2.1/../../../../arm-none-eabi/lib/thumb/v7e-m+fp/hard/libcr_c.a(fabs.o)
 .ARM.attributes
                0x000000000000030c       0x34 /Applications/MCUXpressoIDE_11.8.0_1165/ide/plugins/com.nxp.mcuxpresso.tools.macosx_11.8.0.202306131047/tools/bin/../lib/gcc/arm-none-eabi/12.2.1/../../../../arm-none-eabi/lib/thumb/v7e-m+fp/hard/libcr_c.a(initio.o)
 .ARM.attributes
                0x0000000000000340       0x34 /Applications/MCUXpressoIDE_11.8.0_1165/ide/plugins/com.nxp.mcuxpresso.tools.macosx_11.8.0.202306131047/tools/bin/../lib/gcc/arm-none-eabi/12.2.1/../../../../arm-none-eabi/lib/thumb/v7e-m+fp/hard/libcr_c.a(setvbuf.o)
 .ARM.attributes
                0x0000000000000374       0x34 /Applications/MCUXpressoIDE_11.8.0_1165/ide/plugins/com.nxp.mcuxpresso.tools.macosx_11.8.0.202306131047/tools/bin/../lib/gcc/arm-none-eabi/12.2.1/../../../../arm-none-eabi/lib/thumb/v7e-m+fp/hard/libcr_c.a(_fdopen.o)
 .ARM.attributes
                0x00000000000003a8       0x34 /Applications/MCUXpressoIDE_11.8.0_1165/ide/plugins/com.nxp.mcuxpresso.tools.macosx_11.8.0.202306131047/tools/bin/../lib/gcc/arm-none-eabi/12.2.1/../../../../arm-none-eabi/lib/thumb/v7e-m+fp/hard/libcr_c.a(atan.o)
 .ARM.attributes
                0x00000000000003dc       0x34 /Applications/MCUXpressoIDE_11.8.0_1165/ide/plugins/com.nxp.mcuxpresso.tools.macosx_11.8.0.202306131047/tools/bin/../lib/gcc/arm-none-eabi/12.2.1/../../../../arm-none-eabi/lib/thumb/v7e-m+fp/hard/libcr_c.a(fclose.o)
 .ARM.attributes
                0x0000000000000410       0x34 /Applications/MCUXpressoIDE_11.8.0_1165/ide/plugins/com.nxp.mcuxpresso.tools.macosx_11.8.0.202306131047/tools/bin/../lib/gcc/arm-none-eabi/12.2.1/../../../../arm-none-eabi/lib/thumb/v7e-m+fp/hard/libcr_c.a(fflush.o)
 .ARM.attributes
                0x0000000000000444       0x34 /Applications/MCUXpressoIDE_11.8.0_1165/ide/plugins/com.nxp.mcuxpresso.tools.macosx_11.8.0.202306131047/tools/bin/../lib/gcc/arm-none-eabi/12.2.1/../../../../arm-none-eabi/lib/thumb/v7e-m+fp/hard/libcr_c.a(fseek.o)
 .ARM.attributes
                0x0000000000000478       0x34 /Applications/MCUXpressoIDE_11.8.0_1165/ide/plugins/com.nxp.mcuxpresso.tools.macosx_11.8.0.202306131047/tools/bin/../lib/gcc/arm-none-eabi/12.2.1/../../../../arm-none-eabi/lib/thumb/v7e-m+fp/hard/libcr_c.a(ftell.o)
 .ARM.attributes
                0x00000000000004ac       0x34 /Applications/MCUXpressoIDE_11.8.0_1165/ide/plugins/com.nxp.mcuxpresso.tools.macosx_11.8.0.202306131047/tools/bin/../lib/gcc/arm-none-eabi/12.2.1/../../../../arm-none-eabi/lib/thumb/v7e-m+fp/hard/libcr_c.a(remove.o)
 .ARM.attributes
                0x00000000000004e0       0x34 /Applications/MCUXpressoIDE_11.8.0_1165/ide/plugins/com.nxp.mcuxpresso.tools.macosx_11.8.0.202306131047/tools/bin/../lib/gcc/arm-none-eabi/12.2.1/../../../../arm-none-eabi/lib/thumb/v7e-m+fp/hard/libcr_c.a(strlen.o)
 .ARM.attributes
                0x0000000000000514       0x34 /Applications/MCUXpressoIDE_11.8.0_1165/ide/plugins/com.nxp.mcuxpresso.tools.macosx_11.8.0.202306131047/tools/bin/../lib/gcc/arm-none-eabi/12.2.1/../../../../arm-none-eabi/lib/thumb/v7e-m+fp/hard/libcr_c.a(memset.o)
 .ARM.attributes
                0x0000000000000548       0x34 /Applications/MCUXpressoIDE_11.8.0_1165/ide/plugins/com.nxp.mcuxpresso.tools.macosx_11.8.0.202306131047/tools/bin/../lib/gcc/arm-none-eabi/12.2.1/../../../../arm-none-eabi/lib/thumb/v7e-m+fp/hard/libcr_c.a(_do_fflush.o)
 .ARM.attributes
                0x000000000000057c       0x34 /Applications/MCUXpressoIDE_11.8.0_1165/ide/plugins/com.nxp.mcuxpresso.tools.macosx_11.8.0.202306131047/tools/bin/../lib/gcc/arm-none-eabi/12.2.1/../../../../arm-none-eabi/lib/thumb/v7e-m+fp/hard/libcr_c.a(_fflush.o)
 .ARM.attributes
                0x00000000000005b0       0x34 /Applications/MCUXpressoIDE_11.8.0_1165/ide/plugins/com.nxp.mcuxpresso.tools.macosx_11.8.0.202306131047/tools/bin/../lib/gcc/arm-none-eabi/12.2.1/../../../../arm-none-eabi/lib/thumb/v7e-m+fp/hard/libcr_c.a(_writebuf.o)
 .ARM.attributes
                0x00000000000005e4       0x34 /Applications/MCUXpressoIDE_11.8.0_1165/ide/plugins/com.nxp.mcuxpresso.tools.macosx_11.8.0.202306131047/tools/bin/../lib/gcc/arm-none-eabi/12.2.1/../../../../arm-none-eabi/lib/thumb/v7e-m+fp/hard/libcr_c.a(alloc.o)
 .ARM.attributes
                0x0000000000000618       0x34 /Applications/MCUXpressoIDE_11.8.0_1165/ide/plugins/com.nxp.mcuxpresso.tools.macosx_11.8.0.202306131047/tools/bin/../lib/gcc/arm-none-eabi/12.2.1/../../../../arm-none-eabi/lib/thumb/v7e-m+fp/hard/libcr_c.a(_deferredlazyseek.o)
 .ARM.attributes
                0x000000000000064c       0x34 /Applications/MCUXpressoIDE_11.8.0_1165/ide/plugins/com.nxp.mcuxpresso.tools.macosx_11.8.0.202306131047/tools/bin/../lib/gcc/arm-none-eabi/12.2.1/thumb/v7e-m+fp/hard/libcr_eabihelpers.a(double.o)
 .ARM.attributes
                0x0000000000000680       0x20 /Applications/MCUXpressoIDE_11.8.0_1165/ide/plugins/com.nxp.mcuxpresso.tools.macosx_11.8.0.202306131047/tools/bin/../lib/gcc/arm-none-eabi/12.2.1/thumb/v7e-m+fp/hard/libcr_eabihelpers.a(memcpy.o)
 .ARM.attributes
                0x00000000000006a0       0x34 /Applications/MCUXpressoIDE_11.8.0_1165/ide/plugins/com.nxp.mcuxpresso.tools.macosx_11.8.0.202306131047/tools/bin/../lib/gcc/arm-none-eabi/12.2.1/../../../../arm-none-eabi/lib/thumb/v7e-m+fp/hard/libcr_nohost_nf.a(__ciob.o)
 .ARM.attributes
                0x00000000000006d4       0x34 /Applications/MCUXpressoIDE_11.8.0_1165/ide/plugins/com.nxp.mcuxpresso.tools.macosx_11.8.0.202306131047/tools/bin/../lib/gcc/arm-none-eabi/12.2.1/../../../../arm-none-eabi/lib/thumb/v7e-m+fp/hard/libcr_nohost_nf.a(__sys_close.o)
 .ARM.attributes
                0x0000000000000708       0x34 /Applications/MCUXpressoIDE_11.8.0_1165/ide/plugins/com.nxp.mcuxpresso.tools.macosx_11.8.0.202306131047/tools/bin/../lib/gcc/arm-none-eabi/12.2.1/../../../../arm-none-eabi/lib/thumb/v7e-m+fp/hard/libcr_nohost_nf.a(__sys_flen.o)
 .ARM.attributes
                0x000000000000073c       0x34 /Applications/MCUXpressoIDE_11.8.0_1165/ide/plugins/com.nxp.mcuxpresso.tools.macosx_11.8.0.202306131047/tools/bin/../lib/gcc/arm-none-eabi/12.2.1/../../../../arm-none-eabi/lib/thumb/v7e-m+fp/hard/libcr_nohost_nf.a(__sys_istty.o)
 .ARM.attributes
                0x0000000000000770       0x34 /Applications/MCUXpressoIDE_11.8.0_1165/ide/plugins/com.nxp.mcuxpresso.tools.macosx_11.8.0.202306131047/tools/bin/../lib/gcc/arm-none-eabi/12.2.1/../../../../arm-none-eabi/lib/thumb/v7e-m+fp/hard/libcr_nohost_nf.a(__sys_remove.o)
 .ARM.attributes
                0x00000000000007a4       0x34 /Applications/MCUXpressoIDE_11.8.0_1165/ide/plugins/com.nxp.mcuxpresso.tools.macosx_11.8.0.202306131047/tools/bin/../lib/gcc/arm-none-eabi/12.2.1/../../../../arm-none-eabi/lib/thumb/v7e-m+fp/hard/libcr_nohost_nf.a(__sys_seek.o)
 .ARM.attributes
                0x00000000000007d8       0x34 /Applications/MCUXpressoIDE_11.8.0_1165/ide/plugins/com.nxp.mcuxpresso.tools.macosx_11.8.0.202306131047/tools/bin/../lib/gcc/arm-none-eabi/12.2.1/../../../../arm-none-eabi/lib/thumb/v7e-m+fp/hard/libcr_nohost_nf.a(__sys_tmpnam.o)
 .ARM.attributes
                0x000000000000080c       0x34 /Applications/MCUXpressoIDE_11.8.0_1165/ide/plugins/com.nxp.mcuxpresso.tools.macosx_11.8.0.202306131047/tools/bin/../lib/gcc/arm-none-eabi/12.2.1/../../../../arm-none-eabi/lib/thumb/v7e-m+fp/hard/libcr_nohost_nf.a(__sys_write.o)

.debug_frame    0x0000000000000000     0x12c8
 .debug_frame   0x0000000000000000       0x88 ./source/drv/SysTick.o
 .debug_frame   0x0000000000000088      0x2b8 ./source/drv/UART.o
 .debug_frame   0x0000000000000340      0x12c ./source/drv/accel.o
 .debug_frame   0x000000000000046c      0x124 ./source/drv/gpio.o
 .debug_frame   0x0000000000000590      0x134 ./source/drv/i2c.o
 .debug_frame   0x00000000000006c4      0x130 ./source/App.o
 .debug_frame   0x00000000000007f4       0xdc ./source/comunicationHandler.o
 .debug_frame   0x00000000000008d0       0x70 ./SDK/startup/hardware.o
 .debug_frame   0x0000000000000940       0x2c ./SDK/startup/main.o
 .debug_frame   0x000000000000096c      0x904 ./SDK/startup/startup_mk64f12.o
 .debug_frame   0x0000000000001270       0x58 ./SDK/CMSIS/system_MK64F12.o

.debug_loclists
                0x0000000000000000      0x113
 .debug_loclists
                0x0000000000000000      0x113 ./SDK/startup/startup_mk64f12.o
