Archive member included to satisfy reference by file (symbol)

/Applications/MCUXpressoIDE_11.8.0_1165/ide/plugins/com.nxp.mcuxpresso.tools.macosx_11.8.0.202306131047/tools/bin/../lib/gcc/arm-none-eabi/12.2.1/../../../../arm-none-eabi/lib/thumb/v7e-m+fp/hard/libcr_nohost_nf.a(_cr__main.o)
                              ./SDK/startup/startup_mk64f12.o (__main)
/Applications/MCUXpressoIDE_11.8.0_1165/ide/plugins/com.nxp.mcuxpresso.tools.macosx_11.8.0.202306131047/tools/bin/../lib/gcc/arm-none-eabi/12.2.1/../../../../arm-none-eabi/lib/thumb/v7e-m+fp/hard/libcr_c.a(atan2.o)
                              ./source/drv/accel.o (atan2)
/Applications/MCUXpressoIDE_11.8.0_1165/ide/plugins/com.nxp.mcuxpresso.tools.macosx_11.8.0.202306131047/tools/bin/../lib/gcc/arm-none-eabi/12.2.1/../../../../arm-none-eabi/lib/thumb/v7e-m+fp/hard/libcr_c.a(errno.o)
                              /Applications/MCUXpressoIDE_11.8.0_1165/ide/plugins/com.nxp.mcuxpresso.tools.macosx_11.8.0.202306131047/tools/bin/../lib/gcc/arm-none-eabi/12.2.1/../../../../arm-none-eabi/lib/thumb/v7e-m+fp/hard/libcr_c.a(atan2.o) (errno)
/Applications/MCUXpressoIDE_11.8.0_1165/ide/plugins/com.nxp.mcuxpresso.tools.macosx_11.8.0.202306131047/tools/bin/../lib/gcc/arm-none-eabi/12.2.1/../../../../arm-none-eabi/lib/thumb/v7e-m+fp/hard/libcr_c.a(fabs.o)
                              ./source/App.o (fabs)
/Applications/MCUXpressoIDE_11.8.0_1165/ide/plugins/com.nxp.mcuxpresso.tools.macosx_11.8.0.202306131047/tools/bin/../lib/gcc/arm-none-eabi/12.2.1/../../../../arm-none-eabi/lib/thumb/v7e-m+fp/hard/libcr_c.a(initio.o)
                              /Applications/MCUXpressoIDE_11.8.0_1165/ide/plugins/com.nxp.mcuxpresso.tools.macosx_11.8.0.202306131047/tools/bin/../lib/gcc/arm-none-eabi/12.2.1/../../../../arm-none-eabi/lib/thumb/v7e-m+fp/hard/libcr_nohost_nf.a(_cr__main.o) (_initio)
/Applications/MCUXpressoIDE_11.8.0_1165/ide/plugins/com.nxp.mcuxpresso.tools.macosx_11.8.0.202306131047/tools/bin/../lib/gcc/arm-none-eabi/12.2.1/../../../../arm-none-eabi/lib/thumb/v7e-m+fp/hard/libcr_c.a(setvbuf.o)
                              /Applications/MCUXpressoIDE_11.8.0_1165/ide/plugins/com.nxp.mcuxpresso.tools.macosx_11.8.0.202306131047/tools/bin/../lib/gcc/arm-none-eabi/12.2.1/../../../../arm-none-eabi/lib/thumb/v7e-m+fp/hard/libcr_c.a(initio.o) (setvbuf)
/Applications/MCUXpressoIDE_11.8.0_1165/ide/plugins/com.nxp.mcuxpresso.tools.macosx_11.8.0.202306131047/tools/bin/../lib/gcc/arm-none-eabi/12.2.1/../../../../arm-none-eabi/lib/thumb/v7e-m+fp/hard/libcr_c.a(_fdopen.o)
                              /Applications/MCUXpressoIDE_11.8.0_1165/ide/plugins/com.nxp.mcuxpresso.tools.macosx_11.8.0.202306131047/tools/bin/../lib/gcc/arm-none-eabi/12.2.1/../../../../arm-none-eabi/lib/thumb/v7e-m+fp/hard/libcr_c.a(initio.o) (_fdopen)
/Applications/MCUXpressoIDE_11.8.0_1165/ide/plugins/com.nxp.mcuxpresso.tools.macosx_11.8.0.202306131047/tools/bin/../lib/gcc/arm-none-eabi/12.2.1/../../../../arm-none-eabi/lib/thumb/v7e-m+fp/hard/libcr_c.a(atan.o)
                              /Applications/MCUXpressoIDE_11.8.0_1165/ide/plugins/com.nxp.mcuxpresso.tools.macosx_11.8.0.202306131047/tools/bin/../lib/gcc/arm-none-eabi/12.2.1/../../../../arm-none-eabi/lib/thumb/v7e-m+fp/hard/libcr_c.a(atan2.o) (atan)
/Applications/MCUXpressoIDE_11.8.0_1165/ide/plugins/com.nxp.mcuxpresso.tools.macosx_11.8.0.202306131047/tools/bin/../lib/gcc/arm-none-eabi/12.2.1/../../../../arm-none-eabi/lib/thumb/v7e-m+fp/hard/libcr_c.a(fclose.o)
                              /Applications/MCUXpressoIDE_11.8.0_1165/ide/plugins/com.nxp.mcuxpresso.tools.macosx_11.8.0.202306131047/tools/bin/../lib/gcc/arm-none-eabi/12.2.1/../../../../arm-none-eabi/lib/thumb/v7e-m+fp/hard/libcr_c.a(initio.o) (fclose)
/Applications/MCUXpressoIDE_11.8.0_1165/ide/plugins/com.nxp.mcuxpresso.tools.macosx_11.8.0.202306131047/tools/bin/../lib/gcc/arm-none-eabi/12.2.1/../../../../arm-none-eabi/lib/thumb/v7e-m+fp/hard/libcr_c.a(fflush.o)
                              /Applications/MCUXpressoIDE_11.8.0_1165/ide/plugins/com.nxp.mcuxpresso.tools.macosx_11.8.0.202306131047/tools/bin/../lib/gcc/arm-none-eabi/12.2.1/../../../../arm-none-eabi/lib/thumb/v7e-m+fp/hard/libcr_c.a(fclose.o) (fflush)
/Applications/MCUXpressoIDE_11.8.0_1165/ide/plugins/com.nxp.mcuxpresso.tools.macosx_11.8.0.202306131047/tools/bin/../lib/gcc/arm-none-eabi/12.2.1/../../../../arm-none-eabi/lib/thumb/v7e-m+fp/hard/libcr_c.a(fseek.o)
                              /Applications/MCUXpressoIDE_11.8.0_1165/ide/plugins/com.nxp.mcuxpresso.tools.macosx_11.8.0.202306131047/tools/bin/../lib/gcc/arm-none-eabi/12.2.1/../../../../arm-none-eabi/lib/thumb/v7e-m+fp/hard/libcr_c.a(_fdopen.o) (fseek)
/Applications/MCUXpressoIDE_11.8.0_1165/ide/plugins/com.nxp.mcuxpresso.tools.macosx_11.8.0.202306131047/tools/bin/../lib/gcc/arm-none-eabi/12.2.1/../../../../arm-none-eabi/lib/thumb/v7e-m+fp/hard/libcr_c.a(ftell.o)
[...]
Memory Configuration

Name             Origin             Length             Attributes
PROGRAM_FLASH    0x0000000000000000 0x0000000000100000 xr
SRAM_UPPER       0x0000000020000000 0x0000000000030000 xrw
SRAM_LOWER       0x000000001fff0000 0x0000000000010000 xrw
FLEX_RAM         0x0000000014000000 0x0000000000001000 xrw
*default*        0x0000000000000000 0xffffffffffffffff

Linker script and memory map

LOAD ./source/drv/CAN_SPI.o
LOAD ./source/drv/SPI.o
LOAD ./source/drv/SysTick.o
LOAD ./source/drv/UART.o
LOAD ./source/drv/accel.o
LOAD ./source/drv/gpio.o
LOAD ./source/drv/i2c.o
LOAD ./source/App.o
LOAD ./source/comunicationHandler.o
LOAD ./SDK/startup/hardware.o
LOAD ./SDK/startup/main.o
LOAD ./SDK/startup/startup_mk64f12.o
LOAD ./SDK/CMSIS/system_MK64F12.o
START GROUP
LOAD /Applications/MCUXpressoIDE_11.8.0_1165/ide/plugins/com.nxp.mcuxpresso.tools.macosx_11.8.0.202306131047/tools/bin/../lib/gcc/arm-none-eabi/12.2.1/../../../../arm-none-eabi/lib/thumb/v7e-m+fp/hard/libcr_nohost_nf.a
LOAD /Applications/MCUXpressoIDE_11.8.0_1165/ide/plugins/com.nxp.mcuxpresso.tools.macosx_11.8.0.202306131047/tools/bin/../lib/gcc/arm-none-eabi/12.2.1/../../../../arm-none-eabi/lib/thumb/v7e-m+fp/hard/libcr_c.a
LOAD /Applications/MCUXpressoIDE_11.8.0_1165/ide/plugins/com.nxp.mcuxpresso.tools.macosx_11.8.0.202306131047/tools/bin/../lib/gcc/arm-none-eabi/12.2.1/thumb/v7e-m+fp/hard/libcr_eabihelpers.a
LOAD /Applications/MCUXpressoIDE_11.8.0_1165/ide/plugins/com.nxp.mcuxpresso.tools.macosx_11.8.0.202306131047/tools/bin/../lib/gcc/arm-none-eabi/12.2.1/thumb/v7e-m+fp/hard/libgcc.a
END GROUP
                0x0000000000000000                __base_PROGRAM_FLASH = 0x0
                0x0000000000000000                __base_Flash = 0x0
                0x0000000000100000                __top_PROGRAM_FLASH = 0x100000
                0x0000000000100000                __top_Flash = 0x100000
                0x0000000020000000                __base_SRAM_UPPER = 0x20000000
                0x0000000020000000                __base_RAM = 0x20000000
                0x0000000020030000                __top_SRAM_UPPER = 0x20030000
                0x0000000020030000                __top_RAM = 0x20030000
                0x000000001fff0000                __base_SRAM_LOWER = 0x1fff0000
                0x000000001fff0000                __base_RAM2 = 0x1fff0000
                0x0000000020000000                __top_SRAM_LOWER = 0x20000000
                0x0000000020000000                __top_RAM2 = 0x20000000
                0x0000000014000000                __base_FLEX_RAM = 0x14000000
                0x0000000014000000                __base_RAM3 = 0x14000000
                0x0000000014001000                __top_FLEX_RAM = 0x14001000
                0x0000000014001000                __top_RAM3 = 0x14001000

.text           0x0000000000000000     0x42b0
 FILL mask 0xff
                0x0000000000000000                __vectors_start__ = ABSOLUTE (.)
 *(.isr_vector)
 .isr_vector    0x0000000000000000      0x198 ./SDK/startup/startup_mk64f12.o
                0x0000000000000000                __Vectors
                0x0000000000000000                g_pfnVectors
                0x0000000000000198                . = ALIGN (0x4)
                0x0000000000000198                __section_table_start = .
                0x0000000000000198                __data_section_table = .
                0x0000000000000198        0x4 LONG 0x42b0 LOADADDR (.data)
                0x000000000000019c        0x4 LONG 0x20000000 ADDR (.data)
                0x00000000000001a0        0x4 LONG 0x118 SIZEOF (.data)
                0x00000000000001a4        0x4 LONG 0x42b0 LOADADDR (.data_RAM2)
                0x00000000000001a8        0x4 LONG 0x1fff0000 ADDR (.data_RAM2)
                0x00000000000001ac        0x4 LONG 0x0 SIZEOF (.data_RAM2)
                0x00000000000001b0        0x4 LONG 0x42b0 LOADADDR (.data_RAM3)
                0x00000000000001b4        0x4 LONG 0x14000000 ADDR (.data_RAM3)
                0x00000000000001b8        0x4 LONG 0x0 SIZEOF (.data_RAM3)
                0x00000000000001bc                __data_section_table_end = .
                0x00000000000001bc                __bss_section_table = .
                0x00000000000001bc        0x4 LONG 0x20000118 ADDR (.bss)
                0x00000000000001c0        0x4 LONG 0x938 SIZEOF (.bss)
                0x00000000000001c4        0x4 LONG 0x1fff0000 ADDR (.bss_RAM2)
                0x00000000000001c8        0x4 LONG 0x0 SIZEOF (.bss_RAM2)
                0x00000000000001cc        0x4 LONG 0x14000000 ADDR (.bss_RAM3)
                0x00000000000001d0        0x4 LONG 0x0 SIZEOF (.bss_RAM3)
                0x00000000000001d4                __bss_section_table_end = .
                0x00000000000001d4                __section_table_end = .
 *(.after_vectors*)
 .after_vectors.init_data
                0x00000000000001d4       0x1e ./SDK/startup/startup_mk64f12.o
                0x00000000000001d4                data_init
 .after_vectors.init_bss
                0x00000000000001f2       0x12 ./SDK/startup/startup_mk64f12.o
                0x00000000000001f2                bss_init
 .after_vectors.reset
                0x0000000000000204       0x4c ./SDK/startup/startup_mk64f12.o
                0x0000000000000204                ResetISR
 .after_vectors
                0x0000000000000250       0x14 ./SDK/startup/startup_mk64f12.o
                0x0000000000000250                NMI_Handler
                0x0000000000000252                HardFault_Handler
                0x0000000000000254                MemManage_Handler
                0x0000000000000256                BusFault_Handler
                0x0000000000000258                UsageFault_Handler
                0x000000000000025a                SVC_Handler
                0x000000000000025c                DebugMon_Handler
                0x000000000000025e                PendSV_Handler
                0x0000000000000262                FTM2_DriverIRQHandler
                0x0000000000000262                PIT2_DriverIRQHandler
                0x0000000000000262                SDHC_DriverIRQHandler
                0x0000000000000262                I2S0_Tx_DriverIRQHandler
                0x0000000000000262                RTC_Seconds_DriverIRQHandler
                0x0000000000000262                DMA6_DriverIRQHandler
                0x0000000000000262                LLWU_DriverIRQHandler
                0x0000000000000262                MCM_DriverIRQHandler
                0x0000000000000262                MCG_DriverIRQHandler
                0x0000000000000262                ENET_1588_Timer_DriverIRQHandler
                0x0000000000000262                I2C2_DriverIRQHandler
                0x0000000000000262                DAC1_DriverIRQHandler
                0x0000000000000262                CMP1_DriverIRQHandler
                0x0000000000000262                UART5_RX_TX_DriverIRQHandler
                0x0000000000000262                FTM0_DriverIRQHandler
                0x0000000000000262                IntDefaultHandler
                0x0000000000000262                USB0_DriverIRQHandler
                0x0000000000000262                UART5_ERR_DriverIRQHandler
                0x0000000000000262                PORTC_DriverIRQHandler
                0x0000000000000262                DMA11_DriverIRQHandler
                0x0000000000000262                DAC0_DriverIRQHandler
                0x0000000000000262                DMA10_DriverIRQHandler
                0x0000000000000262                CMP2_DriverIRQHandler
                0x0000000000000262                UART2_ERR_DriverIRQHandler
                0x0000000000000262                SPI2_DriverIRQHandler
                0x0000000000000262                LVD_LVW_DriverIRQHandler
                0x0000000000000262                PIT0_DriverIRQHandler
                0x0000000000000262                RNG_DriverIRQHandler
                0x0000000000000262                DMA5_DriverIRQHandler
                0x0000000000000262                DMA4_DriverIRQHandler
                0x0000000000000262                UART2_RX_TX_DriverIRQHandler
                0x0000000000000262                USBDCD_DriverIRQHandler
                0x0000000000000262                UART3_ERR_DriverIRQHandler
                0x0000000000000262                DMA3_DriverIRQHandler
                0x0000000000000262                DMA8_DriverIRQHandler
                0x0000000000000262                DMA9_DriverIRQHandler
                0x0000000000000262                UART0_ERR_DriverIRQHandler
                0x0000000000000262                CMT_DriverIRQHandler
                0x0000000000000262                Reserved71_DriverIRQHandler
                0x0000000000000262                ADC1_DriverIRQHandler
                0x0000000000000262                PORTA_DriverIRQHandler
                0x0000000000000262                DMA14_DriverIRQHandler
                0x0000000000000262                PIT3_DriverIRQHandler
                0x0000000000000262                PIT1_DriverIRQHandler
                0x0000000000000262                WDOG_EWM_DriverIRQHandler
                0x0000000000000262                PDB0_DriverIRQHandler
                0x0000000000000262                RTC_DriverIRQHandler
                0x0000000000000262                I2S0_Rx_DriverIRQHandler
                0x0000000000000262                Read_Collision_DriverIRQHandler
                0x0000000000000262                SWI_DriverIRQHandler
                0x0000000000000262                UART4_RX_TX_DriverIRQHandler
                0x0000000000000262                UART4_ERR_DriverIRQHandler
                0x0000000000000262                UART0_LON_DriverIRQHandler
                0x0000000000000262                DMA1_DriverIRQHandler
                0x0000000000000262                I2C1_DriverIRQHandler
                0x0000000000000262                UART3_RX_TX_DriverIRQHandler
                0x0000000000000262                ENET_Receive_DriverIRQHandler
                0x0000000000000262                DMA13_DriverIRQHandler
                0x0000000000000262                ENET_Error_DriverIRQHandler
                0x0000000000000262                DMA15_DriverIRQHandler
                0x0000000000000262                UART0_RX_TX_DriverIRQHandler
                0x0000000000000262                SPI0_DriverIRQHandler
                0x0000000000000262                ADC0_DriverIRQHandler
                0x0000000000000262                CMP0_DriverIRQHandler
                0x0000000000000262                CAN0_DriverIRQHandler
                0x0000000000000262                FTM3_DriverIRQHandler
                0x0000000000000262                UART1_ERR_DriverIRQHandler
                0x0000000000000262                DMA2_DriverIRQHandler
                0x0000000000000262                ENET_Transmit_DriverIRQHandler
                0x0000000000000262                PORTD_DriverIRQHandler
                0x0000000000000262                PORTE_DriverIRQHandler
                0x0000000000000262                FTFE_DriverIRQHandler
                0x0000000000000262                I2C0_DriverIRQHandler
                0x0000000000000262                DMA7_DriverIRQHandler
                0x0000000000000262                UART1_RX_TX_DriverIRQHandler
                0x0000000000000262                DMA0_DriverIRQHandler
                0x0000000000000262                PORTB_DriverIRQHandler
                0x0000000000000262                DMA12_DriverIRQHandler
                0x0000000000000262                SPI1_DriverIRQHandler
                0x0000000000000262                LPTMR0_DriverIRQHandler
                0x0000000000000262                DMA_Error_DriverIRQHandler
                0x0000000000000262                FTM1_DriverIRQHandler
                0x0000000000000400                . = 0x400
 *fill*         0x0000000000000264      0x19c ff
                0x0000000000000400                PROVIDE (__FLASH_CONFIG_START__ = .)
 *(.FlashConfig)
 .FlashConfig   0x0000000000000400       0x10 ./SDK/startup/startup_mk64f12.o
                0x0000000000000400                Flash_Config
                0x0000000000000410                PROVIDE (__FLASH_CONFIG_END__ = .)
                0x0000000000000001                ASSERT (! ((__FLASH_CONFIG_START__ == __FLASH_CONFIG_END__)), Linker Flash Config Support Enabled, but no .FlashConfig section provided within application)
 *(.text*)
 .text.CAN_SPI_Init
                0x0000000000000410      0x1fa ./source/drv/CAN_SPI.o
                0x0000000000000410                CAN_SPI_Init
 .text.CAN_SPI_Get_Data
                0x000000000000060a       0x1a ./source/drv/CAN_SPI.o
                0x000000000000060a                CAN_SPI_Get_Data
 .text.CAN_SPI_ReceiveInfo
                0x0000000000000624      0x110 ./source/drv/CAN_SPI.o
                0x0000000000000624                CAN_SPI_ReceiveInfo
 .text.write_SPICAN
                0x0000000000000734       0x5c ./source/drv/CAN_SPI.o
 .text.read_SPICAN
                0x0000000000000790       0x54 ./source/drv/CAN_SPI.o
 .text.read_RX_buffer
                0x00000000000007e4       0x56 ./source/drv/CAN_SPI.o
 *fill*         0x000000000000083a        0x2 ff
 .text.checkDoubleBuffers
                0x000000000000083c       0xa4 ./source/drv/CAN_SPI.o
 .text.PORTC_IRQHandler
                0x00000000000008e0       0x2c ./source/drv/CAN_SPI.o
                0x00000000000008e0                PORTC_IRQHandler
 .text.queue_Init
                0x000000000000090c       0x74 ./source/drv/CAN_SPI.o
 .text.push_Queue_Element
                0x0000000000000980       0xf8 ./source/drv/CAN_SPI.o
 .text.pull_Queue_Element
                0x0000000000000a78      0x120 ./source/drv/CAN_SPI.o
 .text.NVIC_EnableIRQ
                0x0000000000000b98       0x34 ./source/drv/SPI.o
 .text.SPI_Init
                0x0000000000000bcc      0x118 ./source/drv/SPI.o
                0x0000000000000bcc                SPI_Init
 .text.SPI_Get_Status
                0x0000000000000ce4       0x10 ./source/drv/SPI.o
                0x0000000000000ce4                SPI_Get_Status
 .text.SPI_Get_DataBytes
                0x0000000000000cf4       0x3c ./source/drv/SPI.o
                0x0000000000000cf4                SPI_Get_DataBytes
 .text.SPI_SendData
                0x0000000000000d30       0xbc ./source/drv/SPI.o
                0x0000000000000d30                SPI_SendData
 .text.SPI_Transmission_In_Process
                0x0000000000000dec       0x20 ./source/drv/SPI.o
                0x0000000000000dec                SPI_Transmission_In_Process
 .text.SPI0_IRQHandler
                0x0000000000000e0c       0xb8 ./source/drv/SPI.o
                0x0000000000000e0c                SPI0_IRQHandler
 .text.queue_Init
                0x0000000000000ec4       0x70 ./source/drv/SPI.o
 .text.push_Queue_Element
                0x0000000000000f34       0xe0 ./source/drv/SPI.o
 .text.pull_Queue_Element
                0x0000000000001014      0x100 ./source/drv/SPI.o
 .text.get_Queue_Status
                0x0000000000001114       0x2c ./source/drv/SPI.o
 .text.flush_Queue
                0x0000000000001140       0x50 ./source/drv/SPI.o
 .text.SysTick_Init
                0x0000000000001190       0x30 ./source/drv/SysTick.o
                0x0000000000001190                SysTick_Init
 .text.SysTick_Reg_Callback
                0x00000000000011c0       0x70 ./source/drv/SysTick.o
                0x00000000000011c0                SysTick_Reg_Callback
 .text.SysTick_Handler
                0x0000000000001230       0xb0 ./source/drv/SysTick.o
                0x0000000000001230                SysTick_Handler
 .text.NVIC_EnableIRQ
                0x00000000000012e0       0x34 ./source/drv/UART.o
 .text.UART_Init
                0x0000000000001314      0x144 ./source/drv/UART.o
                0x0000000000001314                UART_Init
 .text.UART_SetBaudRate
                0x0000000000001458       0xb8 ./source/drv/UART.o
                0x0000000000001458                UART_SetBaudRate
 .text.UART_rx_tx_irq_handler
                0x0000000000001510       0x78 ./source/drv/UART.o
                0x0000000000001510                UART_rx_tx_irq_handler
 .text.UART_SendMsg
                0x0000000000001588       0x68 ./source/drv/UART.o
                0x0000000000001588                UART_SendMsg
 .text.queue_Init
                0x00000000000015f0       0x70 ./source/drv/UART.o
 .text.push_Queue_Element
                0x0000000000001660       0xe0 ./source/drv/UART.o
 .text.pull_Queue_Element
                0x0000000000001740       0xe4 ./source/drv/UART.o
 .text.get_Queue_Status
                0x0000000000001824       0x2c ./source/drv/UART.o
 .text.UART0_RX_TX_IRQHandler
                0x0000000000001850       0x24 ./source/drv/UART.o
                0x0000000000001850                UART0_RX_TX_IRQHandler
 .text.UART1_RX_TX_IRQHandler
                0x0000000000001874       0x24 ./source/drv/UART.o
                0x0000000000001874                UART1_RX_TX_IRQHandler
 .text.UART2_RX_TX_IRQHandler
                0x0000000000001898       0x24 ./source/drv/UART.o
                0x0000000000001898                UART2_RX_TX_IRQHandler
 .text.UART3_RX_TX_IRQHandler
                0x00000000000018bc       0x24 ./source/drv/UART.o
                0x00000000000018bc                UART3_RX_TX_IRQHandler
 .text.UART4_RX_TX_IRQHandler
                0x00000000000018e0       0x24 ./source/drv/UART.o
                0x00000000000018e0                UART4_RX_TX_IRQHandler
 .text.FX_ReadReg
                0x0000000000001904       0x5c ./source/drv/accel.o
 .text.FX_WriteReg
                0x0000000000001960       0x40 ./source/drv/accel.o
 .text.FX_I2C_Init
                0x00000000000019a0       0x38 ./source/drv/accel.o
                0x00000000000019a0                FX_I2C_Init
 .text.FX_InitSequence
                0x00000000000019d8       0xe0 ./source/drv/accel.o
                0x00000000000019d8                FX_InitSequence
 .text.FX_RunningSequence
                0x0000000000001ab8      0x25c ./source/drv/accel.o
 .text.FX_PISR  0x0000000000001d14       0x2c ./source/drv/accel.o
                0x0000000000001d14                FX_PISR
 .text.FX_I2C_Finished
                0x0000000000001d40       0x44 ./source/drv/accel.o
                0x0000000000001d40                FX_I2C_Finished
 .text.getAccelData
                0x0000000000001d84       0x28 ./source/drv/accel.o
                0x0000000000001d84                getAccelData
 .text.NVIC_EnableIRQ
                0x0000000000001dac       0x34 ./source/drv/gpio.o
 .text.gpioMode
                0x0000000000001de0      0x224 ./source/drv/gpio.o
                0x0000000000001de0                gpioMode
 .text.gpioWrite
                0x0000000000002004       0x64 ./source/drv/gpio.o
                0x0000000000002004                gpioWrite
 .text.gpioIRQ_Config
                0x0000000000002068       0x70 ./source/drv/gpio.o
                0x0000000000002068                gpioIRQ_Config
 .text.NVIC_EnableIRQ
                0x00000000000020d8       0x34 ./source/drv/i2c.o
 .text.I2C_InitModule
                0x000000000000210c      0x114 ./source/drv/i2c.o
                0x000000000000210c                I2C_InitModule
 .text.I2C_InitObject
                0x0000000000002220      0x15c ./source/drv/i2c.o
                0x0000000000002220                I2C_InitObject
 .text.I2C_IRQHandler
                0x000000000000237c      0x388 ./source/drv/i2c.o
                0x000000000000237c                I2C_IRQHandler
 .text.SetBaudRate
                0x0000000000002704       0xbc ./source/drv/i2c.o
 .text.I2C0_IRQHandler
                0x00000000000027c0       0x1e ./source/drv/i2c.o
                0x00000000000027c0                I2C0_IRQHandler
 .text.I2C1_IRQHandler
                0x00000000000027de        0xe ./source/drv/i2c.o
                0x00000000000027de                I2C1_IRQHandler
 .text.I2C2_IRQHandler
                0x00000000000027ec        0xe ./source/drv/i2c.o
                0x00000000000027ec                I2C2_IRQHandler
 *fill*         0x00000000000027fa        0x2 ff
 .text.periodicRefresh
                0x00000000000027fc      0x12c ./source/App.o
                0x00000000000027fc                periodicRefresh
 .text.App_Init
                0x0000000000002928       0x34 ./source/App.o
                0x0000000000002928                App_Init
 .text.App_Run  0x000000000000295c       0x16 ./source/App.o
                0x000000000000295c                App_Run
 .text.getCAN_Event
                0x0000000000002972       0x10 ./source/App.o
                0x0000000000002972                getCAN_Event
 .text.enableSend
                0x0000000000002982       0x20 ./source/App.o
                0x0000000000002982                enableSend
 *fill*         0x00000000000029a2        0x2 ff
 .text.comunicationHandler_init
                0x00000000000029a4       0x24 ./source/comunicationHandler.o
                0x00000000000029a4                comunicationHandler_init
 .text.Com_EventHandler
                0x00000000000029c8      0x1c8 ./source/comunicationHandler.o
                0x00000000000029c8                Com_EventHandler
 .text.ComHandler_CAN_Parser
                0x0000000000002b90      0x188 ./source/comunicationHandler.o
                0x0000000000002b90                ComHandler_CAN_Parser
 .text.comunicationHandler_send2Ext
                0x0000000000002d18      0x144 ./source/comunicationHandler.o
                0x0000000000002d18                comunicationHandler_send2Ext
 .text.isWriteAvailable
                0x0000000000002e5c       0x20 ./source/comunicationHandler.o
                0x0000000000002e5c                isWriteAvailable
 .text.setWriteAvailable
                0x0000000000002e7c       0x28 ./source/comunicationHandler.o
                0x0000000000002e7c                setWriteAvailable
 .text.hw_Init  0x0000000000002ea4       0xf4 ./SDK/startup/hardware.o
                0x0000000000002ea4                hw_Init
 .text.hw_EnableInterrupts
                0x0000000000002f98       0x30 ./SDK/startup/hardware.o
                0x0000000000002f98                hw_EnableInterrupts
 .text.hw_DisableInterrupts
                0x0000000000002fc8       0x20 ./SDK/startup/hardware.o
                0x0000000000002fc8                hw_DisableInterrupts
 .text.main     0x0000000000002fe8       0x1a ./SDK/startup/main.o
                0x0000000000002fe8                main
 .text.DMA0_IRQHandler
                0x0000000000003002        0x8 ./SDK/startup/startup_mk64f12.o
                0x0000000000003002                DMA0_IRQHandler
 .text.DMA1_IRQHandler
                0x000000000000300a        0x8 ./SDK/startup/startup_mk64f12.o
                0x000000000000300a                DMA1_IRQHandler
 .text.DMA2_IRQHandler
                0x0000000000003012        0x8 ./SDK/startup/startup_mk64f12.o
                0x0000000000003012                DMA2_IRQHandler
 .text.DMA3_IRQHandler
                0x000000000000301a        0x8 ./SDK/startup/startup_mk64f12.o
                0x000000000000301a                DMA3_IRQHandler
 .text.DMA4_IRQHandler
                0x0000000000003022        0x8 ./SDK/startup/startup_mk64f12.o
                0x0000000000003022                DMA4_IRQHandler
 .text.DMA5_IRQHandler
                0x000000000000302a        0x8 ./SDK/startup/startup_mk64f12.o
                0x000000000000302a                DMA5_IRQHandler
 .text.DMA6_IRQHandler
                0x0000000000003032        0x8 ./SDK/startup/startup_mk64f12.o
                0x0000000000003032                DMA6_IRQHandler
 .text.DMA7_IRQHandler
                0x000000000000303a        0x8 ./SDK/startup/startup_mk64f12.o
                0x000000000000303a                DMA7_IRQHandler
 .text.DMA8_IRQHandler
                0x0000000000003042        0x8 ./SDK/startup/startup_mk64f12.o
                0x0000000000003042                DMA8_IRQHandler
 .text.DMA9_IRQHandler
                0x000000000000304a        0x8 ./SDK/startup/startup_mk64f12.o
                0x000000000000304a                DMA9_IRQHandler
 .text.DMA10_IRQHandler
                0x0000000000003052        0x8 ./SDK/startup/startup_mk64f12.o
                0x0000000000003052                DMA10_IRQHandler
 .text.DMA11_IRQHandler
                0x000000000000305a        0x8 ./SDK/startup/startup_mk64f12.o
                0x000000000000305a                DMA11_IRQHandler
 .text.DMA12_IRQHandler
                0x0000000000003062        0x8 ./SDK/startup/startup_mk64f12.o
                0x0000000000003062                DMA12_IRQHandler
 .text.DMA13_IRQHandler
                0x000000000000306a        0x8 ./SDK/startup/startup_mk64f12.o
                0x000000000000306a                DMA13_IRQHandler
 .text.DMA14_IRQHandler
                0x0000000000003072        0x8 ./SDK/startup/startup_mk64f12.o
                0x0000000000003072                DMA14_IRQHandler
 .text.DMA15_IRQHandler
                0x000000000000307a        0x8 ./SDK/startup/startup_mk64f12.o
                0x000000000000307a                DMA15_IRQHandler
 .text.DMA_Error_IRQHandler
                0x0000000000003082        0x8 ./SDK/startup/startup_mk64f12.o
                0x0000000000003082                DMA_Error_IRQHandler
 .text.MCM_IRQHandler
                0x000000000000308a        0x8 ./SDK/startup/startup_mk64f12.o
                0x000000000000308a                MCM_IRQHandler
 .text.FTFE_IRQHandler
                0x0000000000003092        0x8 ./SDK/startup/startup_mk64f12.o
                0x0000000000003092                FTFE_IRQHandler
 .text.Read_Collision_IRQHandler
                0x000000000000309a        0x8 ./SDK/startup/startup_mk64f12.o
                0x000000000000309a                Read_Collision_IRQHandler
 .text.LVD_LVW_IRQHandler
                0x00000000000030a2        0x8 ./SDK/startup/startup_mk64f12.o
                0x00000000000030a2                LVD_LVW_IRQHandler
 .text.LLWU_IRQHandler
                0x00000000000030aa        0x8 ./SDK/startup/startup_mk64f12.o
                0x00000000000030aa                LLWU_IRQHandler
 .text.WDOG_EWM_IRQHandler
                0x00000000000030b2        0x8 ./SDK/startup/startup_mk64f12.o
                0x00000000000030b2                WDOG_EWM_IRQHandler
 .text.RNG_IRQHandler
                0x00000000000030ba        0x8 ./SDK/startup/startup_mk64f12.o
                0x00000000000030ba                RNG_IRQHandler
 .text.SPI1_IRQHandler
                0x00000000000030c2        0x8 ./SDK/startup/startup_mk64f12.o
                0x00000000000030c2                SPI1_IRQHandler
 .text.I2S0_Tx_IRQHandler
                0x00000000000030ca        0x8 ./SDK/startup/startup_mk64f12.o
                0x00000000000030ca                I2S0_Tx_IRQHandler
 .text.I2S0_Rx_IRQHandler
                0x00000000000030d2        0x8 ./SDK/startup/startup_mk64f12.o
                0x00000000000030d2                I2S0_Rx_IRQHandler
 .text.UART0_LON_IRQHandler
                0x00000000000030da        0x8 ./SDK/startup/startup_mk64f12.o
                0x00000000000030da                UART0_LON_IRQHandler
 .text.UART0_ERR_IRQHandler
                0x00000000000030e2        0x8 ./SDK/startup/startup_mk64f12.o
                0x00000000000030e2                UART0_ERR_IRQHandler
 .text.UART1_ERR_IRQHandler
                0x00000000000030ea        0x8 ./SDK/startup/startup_mk64f12.o
                0x00000000000030ea                UART1_ERR_IRQHandler
 .text.UART2_ERR_IRQHandler
                0x00000000000030f2        0x8 ./SDK/startup/startup_mk64f12.o
                0x00000000000030f2                UART2_ERR_IRQHandler
 .text.UART3_ERR_IRQHandler
                0x00000000000030fa        0x8 ./SDK/startup/startup_mk64f12.o
                0x00000000000030fa                UART3_ERR_IRQHandler
 .text.ADC0_IRQHandler
                0x0000000000003102        0x8 ./SDK/startup/startup_mk64f12.o
                0x0000000000003102                ADC0_IRQHandler
 .text.CMP0_IRQHandler
                0x000000000000310a        0x8 ./SDK/startup/startup_mk64f12.o
                0x000000000000310a                CMP0_IRQHandler
 .text.CMP1_IRQHandler
                0x0000000000003112        0x8 ./SDK/startup/startup_mk64f12.o
                0x0000000000003112                CMP1_IRQHandler
 .text.FTM0_IRQHandler
                0x000000000000311a        0x8 ./SDK/startup/startup_mk64f12.o
                0x000000000000311a                FTM0_IRQHandler
 .text.FTM1_IRQHandler
                0x0000000000003122        0x8 ./SDK/startup/startup_mk64f12.o
                0x0000000000003122                FTM1_IRQHandler
 .text.FTM2_IRQHandler
                0x000000000000312a        0x8 ./SDK/startup/startup_mk64f12.o
                0x000000000000312a                FTM2_IRQHandler
 .text.CMT_IRQHandler
                0x0000000000003132        0x8 ./SDK/startup/startup_mk64f12.o
                0x0000000000003132                CMT_IRQHandler
 .text.RTC_IRQHandler
                0x000000000000313a        0x8 ./SDK/startup/startup_mk64f12.o
                0x000000000000313a                RTC_IRQHandler
 .text.RTC_Seconds_IRQHandler
                0x0000000000003142        0x8 ./SDK/startup/startup_mk64f12.o
                0x0000000000003142                RTC_Seconds_IRQHandler
 .text.PIT0_IRQHandler
                0x000000000000314a        0x8 ./SDK/startup/startup_mk64f12.o
                0x000000000000314a                PIT0_IRQHandler
 .text.PIT1_IRQHandler
                0x0000000000003152        0x8 ./SDK/startup/startup_mk64f12.o
                0x0000000000003152                PIT1_IRQHandler
 .text.PIT2_IRQHandler
                0x000000000000315a        0x8 ./SDK/startup/startup_mk64f12.o
                0x000000000000315a                PIT2_IRQHandler
 .text.PIT3_IRQHandler
                0x0000000000003162        0x8 ./SDK/startup/startup_mk64f12.o
                0x0000000000003162                PIT3_IRQHandler
 .text.PDB0_IRQHandler
                0x000000000000316a        0x8 ./SDK/startup/startup_mk64f12.o
                0x000000000000316a                PDB0_IRQHandler
 .text.USB0_IRQHandler
                0x0000000000003172        0x8 ./SDK/startup/startup_mk64f12.o
                0x0000000000003172                USB0_IRQHandler
 .text.USBDCD_IRQHandler
                0x000000000000317a        0x8 ./SDK/startup/startup_mk64f12.o
                0x000000000000317a                USBDCD_IRQHandler
 .text.Reserved71_IRQHandler
                0x0000000000003182        0x8 ./SDK/startup/startup_mk64f12.o
                0x0000000000003182                Reserved71_IRQHandler
 .text.DAC0_IRQHandler
                0x000000000000318a        0x8 ./SDK/startup/startup_mk64f12.o
                0x000000000000318a                DAC0_IRQHandler
 .text.MCG_IRQHandler
                0x0000000000003192        0x8 ./SDK/startup/startup_mk64f12.o
                0x0000000000003192                MCG_IRQHandler
 .text.LPTMR0_IRQHandler
                0x000000000000319a        0x8 ./SDK/startup/startup_mk64f12.o
                0x000000000000319a                LPTMR0_IRQHandler
 .text.PORTA_IRQHandler
                0x00000000000031a2        0x8 ./SDK/startup/startup_mk64f12.o
                0x00000000000031a2                PORTA_IRQHandler
 .text.PORTB_IRQHandler
                0x00000000000031aa        0x8 ./SDK/startup/startup_mk64f12.o
                0x00000000000031aa                PORTB_IRQHandler
 .text.PORTD_IRQHandler
                0x00000000000031b2        0x8 ./SDK/startup/startup_mk64f12.o
                0x00000000000031b2                PORTD_IRQHandler
 .text.PORTE_IRQHandler
                0x00000000000031ba        0x8 ./SDK/startup/startup_mk64f12.o
                0x00000000000031ba                PORTE_IRQHandler
 .text.SWI_IRQHandler
                0x00000000000031c2        0x8 ./SDK/startup/startup_mk64f12.o
                0x00000000000031c2                SWI_IRQHandler
 .text.SPI2_IRQHandler
                0x00000000000031ca        0x8 ./SDK/startup/startup_mk64f12.o
                0x00000000000031ca                SPI2_IRQHandler
 .text.UART4_ERR_IRQHandler
                0x00000000000031d2        0x8 ./SDK/startup/startup_mk64f12.o
                0x00000000000031d2                UART4_ERR_IRQHandler
 .text.UART5_RX_TX_IRQHandler
                0x00000000000031da        0x8 ./SDK/startup/startup_mk64f12.o
                0x00000000000031da                UART5_RX_TX_IRQHandler
 .text.UART5_ERR_IRQHandler
                0x00000000000031e2        0x8 ./SDK/startup/startup_mk64f12.o
                0x00000000000031e2                UART5_ERR_IRQHandler
 .text.CMP2_IRQHandler
                0x00000000000031ea        0x8 ./SDK/startup/startup_mk64f12.o
                0x00000000000031ea                CMP2_IRQHandler
 .text.FTM3_IRQHandler
                0x00000000000031f2        0x8 ./SDK/startup/startup_mk64f12.o
                0x00000000000031f2                FTM3_IRQHandler
 .text.DAC1_IRQHandler
                0x00000000000031fa        0x8 ./SDK/startup/startup_mk64f12.o
                0x00000000000031fa                DAC1_IRQHandler
 .text.ADC1_IRQHandler
                0x0000000000003202        0x8 ./SDK/startup/startup_mk64f12.o
                0x0000000000003202                ADC1_IRQHandler
 .text.CAN0_ORed_Message_buffer_IRQHandler
                0x000000000000320a        0x8 ./SDK/startup/startup_mk64f12.o
                0x000000000000320a                CAN0_ORed_Message_buffer_IRQHandler
 .text.CAN0_Bus_Off_IRQHandler
                0x0000000000003212        0x8 ./SDK/startup/startup_mk64f12.o
                0x0000000000003212                CAN0_Bus_Off_IRQHandler
 .text.CAN0_Error_IRQHandler
                0x000000000000321a        0x8 ./SDK/startup/startup_mk64f12.o
                0x000000000000321a                CAN0_Error_IRQHandler
 .text.CAN0_Tx_Warning_IRQHandler
                0x0000000000003222        0x8 ./SDK/startup/startup_mk64f12.o
                0x0000000000003222                CAN0_Tx_Warning_IRQHandler
 .text.CAN0_Rx_Warning_IRQHandler
                0x000000000000322a        0x8 ./SDK/startup/startup_mk64f12.o
                0x000000000000322a                CAN0_Rx_Warning_IRQHandler
 .text.CAN0_Wake_Up_IRQHandler
                0x0000000000003232        0x8 ./SDK/startup/startup_mk64f12.o
                0x0000000000003232                CAN0_Wake_Up_IRQHandler
 .text.SDHC_IRQHandler
                0x000000000000323a        0x8 ./SDK/startup/startup_mk64f12.o
                0x000000000000323a                SDHC_IRQHandler
 .text.ENET_1588_Timer_IRQHandler
                0x0000000000003242        0x8 ./SDK/startup/startup_mk64f12.o
                0x0000000000003242                ENET_1588_Timer_IRQHandler
 .text.ENET_Transmit_IRQHandler
                0x000000000000324a        0x8 ./SDK/startup/startup_mk64f12.o
                0x000000000000324a                ENET_Transmit_IRQHandler
 .text.ENET_Receive_IRQHandler
                0x0000000000003252        0x8 ./SDK/startup/startup_mk64f12.o
                0x0000000000003252                ENET_Receive_IRQHandler
 .text.ENET_Error_IRQHandler
                0x000000000000325a        0x8 ./SDK/startup/startup_mk64f12.o
                0x000000000000325a                ENET_Error_IRQHandler
 *fill*         0x0000000000003262        0x2 ff
 .text.SystemInit
                0x0000000000003264       0x40 ./SDK/CMSIS/system_MK64F12.o
                0x0000000000003264                SystemInit
 .text.__main   0x00000000000032a4        0xe /Applications/MCUXpressoIDE_11.8.0_1165/ide/plugins/com.nxp.mcuxpresso.tools.macosx_11.8.0.202306131047/tools/bin/../lib/gcc/arm-none-eabi/12.2.1/../../../../arm-none-eabi/lib/thumb/v7e-m+fp/hard/libcr_nohost_nf.a(_cr__main.o)
                0x00000000000032a4                __main
 *fill*         0x00000000000032b2        0x6 ff
 .text.atan2    0x00000000000032b8      0x120 /Applications/MCUXpressoIDE_11.8.0_1165/ide/plugins/com.nxp.mcuxpresso.tools.macosx_11.8.0.202306131047/tools/bin/../lib/gcc/arm-none-eabi/12.2.1/../../../../arm-none-eabi/lib/thumb/v7e-m+fp/hard/libcr_c.a(atan2.o)
                0x00000000000032b8                atan2
 .text.fabs     0x00000000000033d8       0x20 /Applications/MCUXpressoIDE_11.8.0_1165/ide/plugins/com.nxp.mcuxpresso.tools.macosx_11.8.0.202306131047/tools/bin/../lib/gcc/arm-none-eabi/12.2.1/../../../../arm-none-eabi/lib/thumb/v7e-m+fp/hard/libcr_c.a(fabs.o)
                0x00000000000033d8                fabs
 .text._initio  0x00000000000033f8       0x78 /Applications/MCUXpressoIDE_11.8.0_1165/ide/plugins/com.nxp.mcuxpresso.tools.macosx_11.8.0.202306131047/tools/bin/../lib/gcc/arm-none-eabi/12.2.1/../../../../arm-none-eabi/lib/thumb/v7e-m+fp/hard/libcr_c.a(initio.o)
                0x00000000000033f8                _initio
 .text.setvbuf  0x0000000000003470       0x3e /Applications/MCUXpressoIDE_11.8.0_1165/ide/plugins/com.nxp.mcuxpresso.tools.macosx_11.8.0.202306131047/tools/bin/../lib/gcc/arm-none-eabi/12.2.1/../../../../arm-none-eabi/lib/thumb/v7e-m+fp/hard/libcr_c.a(setvbuf.o)
                0x0000000000003470                setvbuf
 .text._fdopen  0x00000000000034ae       0x68 /Applications/MCUXpressoIDE_11.8.0_1165/ide/plugins/com.nxp.mcuxpresso.tools.macosx_11.8.0.202306131047/tools/bin/../lib/gcc/arm-none-eabi/12.2.1/../../../../arm-none-eabi/lib/thumb/v7e-m+fp/hard/libcr_c.a(_fdopen.o)
                0x00000000000034ae                _fdopen
 *fill*         0x0000000000003516        0x2 ff
 .text.atan     0x0000000000003518      0x21c /Applications/MCUXpressoIDE_11.8.0_1165/ide/plugins/com.nxp.mcuxpresso.tools.macosx_11.8.0.202306131047/tools/bin/../lib/gcc/arm-none-eabi/12.2.1/../../../../arm-none-eabi/lib/thumb/v7e-m+fp/hard/libcr_c.a(atan.o)
                0x0000000000003518                atan
 .text.fclose   0x0000000000003734       0x58 /Applications/MCUXpressoIDE_11.8.0_1165/ide/plugins/com.nxp.mcuxpresso.tools.macosx_11.8.0.202306131047/tools/bin/../lib/gcc/arm-none-eabi/12.2.1/../../../../arm-none-eabi/lib/thumb/v7e-m+fp/hard/libcr_c.a(fclose.o)
                0x0000000000003734                fclose
 .text.fflush   0x000000000000378c       0x3c /Applications/MCUXpressoIDE_11.8.0_1165/ide/plugins/com.nxp.mcuxpresso.tools.macosx_11.8.0.202306131047/tools/bin/../lib/gcc/arm-none-eabi/12.2.1/../../../../arm-none-eabi/lib/thumb/v7e-m+fp/hard/libcr_c.a(fflush.o)
                0x000000000000378c                fflush
 .text.fseek    0x00000000000037c8       0xf8 /Applications/MCUXpressoIDE_11.8.0_1165/ide/plugins/com.nxp.mcuxpresso.tools.macosx_11.8.0.202306131047/tools/bin/../lib/gcc/arm-none-eabi/12.2.1/../../../../arm-none-eabi/lib/thumb/v7e-m+fp/hard/libcr_c.a(fseek.o)
                0x00000000000037c8                fseek
 .text.ftell    0x00000000000038c0       0x44 /Applications/MCUXpressoIDE_11.8.0_1165/ide/plugins/com.nxp.mcuxpresso.tools.macosx_11.8.0.202306131047/tools/bin/../lib/gcc/arm-none-eabi/12.2.1/../../../../arm-none-eabi/lib/thumb/v7e-m+fp/hard/libcr_c.a(ftell.o)
                0x00000000000038c0                ftell
 .text.remove   0x0000000000003904       0x14 /Applications/MCUXpressoIDE_11.8.0_1165/ide/plugins/com.nxp.mcuxpresso.tools.macosx_11.8.0.202306131047/tools/bin/../lib/gcc/arm-none-eabi/12.2.1/../../../../arm-none-eabi/lib/thumb/v7e-m+fp/hard/libcr_c.a(remove.o)
                0x0000000000003904                remove
 .text.strlen   0x0000000000003918       0x4e /Applications/MCUXpressoIDE_11.8.0_1165/ide/plugins/com.nxp.mcuxpresso.tools.macosx_11.8.0.202306131047/tools/bin/../lib/gcc/arm-none-eabi/12.2.1/../../../../arm-none-eabi/lib/thumb/v7e-m+fp/hard/libcr_c.a(strlen.o)
                0x0000000000003918                strlen
 .text.memset   0x0000000000003966        0x4 /Applications/MCUXpressoIDE_11.8.0_1165/ide/plugins/com.nxp.mcuxpresso.tools.macosx_11.8.0.202306131047/tools/bin/../lib/gcc/arm-none-eabi/12.2.1/../../../../arm-none-eabi/lib/thumb/v7e-m+fp/hard/libcr_c.a(memset.o)
                0x0000000000003966                memset
 .text._do_fflush
                0x000000000000396a       0x40 /Applications/MCUXpressoIDE_11.8.0_1165/ide/plugins/com.nxp.mcuxpresso.tools.macosx_11.8.0.202306131047/tools/bin/../lib/gcc/arm-none-eabi/12.2.1/../../../../arm-none-eabi/lib/thumb/v7e-m+fp/hard/libcr_c.a(_do_fflush.o)
                0x000000000000396a                _do_fflush
 .text._fflush  0x00000000000039aa       0x52 /Applications/MCUXpressoIDE_11.8.0_1165/ide/plugins/com.nxp.mcuxpresso.tools.macosx_11.8.0.202306131047/tools/bin/../lib/gcc/arm-none-eabi/12.2.1/../../../../arm-none-eabi/lib/thumb/v7e-m+fp/hard/libcr_c.a(_fflush.o)
                0x00000000000039aa                _fflush
 .text._Cwritebuf
                0x00000000000039fc       0x6c /Applications/MCUXpressoIDE_11.8.0_1165/ide/plugins/com.nxp.mcuxpresso.tools.macosx_11.8.0.202306131047/tools/bin/../lib/gcc/arm-none-eabi/12.2.1/../../../../arm-none-eabi/lib/thumb/v7e-m+fp/hard/libcr_c.a(_writebuf.o)
                0x00000000000039fc                _Cwritebuf
 .text.free     0x0000000000003a68       0x30 /Applications/MCUXpressoIDE_11.8.0_1165/ide/plugins/com.nxp.mcuxpresso.tools.macosx_11.8.0.202306131047/tools/bin/../lib/gcc/arm-none-eabi/12.2.1/../../../../arm-none-eabi/lib/thumb/v7e-m+fp/hard/libcr_c.a(alloc.o)
                0x0000000000003a68                free
 .text._deferredlazyseek
                0x0000000000003a98       0x40 /Applications/MCUXpressoIDE_11.8.0_1165/ide/plugins/com.nxp.mcuxpresso.tools.macosx_11.8.0.202306131047/tools/bin/../lib/gcc/arm-none-eabi/12.2.1/../../../../arm-none-eabi/lib/thumb/v7e-m+fp/hard/libcr_c.a(_deferredlazyseek.o)
                0x0000000000003a98                _deferredlazyseek
 .text.__aeabi_dmul
                0x0000000000003ad8       0xfc /Applications/MCUXpressoIDE_11.8.0_1165/ide/plugins/com.nxp.mcuxpresso.tools.macosx_11.8.0.202306131047/tools/bin/../lib/gcc/arm-none-eabi/12.2.1/thumb/v7e-m+fp/hard/libcr_eabihelpers.a(double.o)
                0x0000000000003ad8                __aeabi_dmul
 .text.__aeabi_ddiv
                0x0000000000003bd4      0x12c /Applications/MCUXpressoIDE_11.8.0_1165/ide/plugins/com.nxp.mcuxpresso.tools.macosx_11.8.0.202306131047/tools/bin/../lib/gcc/arm-none-eabi/12.2.1/thumb/v7e-m+fp/hard/libcr_eabihelpers.a(double.o)
                0x0000000000003bd4                __aeabi_ddiv
 .text.__aeabi_dsub
                0x0000000000003d00      0x1b4 /Applications/MCUXpressoIDE_11.8.0_1165/ide/plugins/com.nxp.mcuxpresso.tools.macosx_11.8.0.202306131047/tools/bin/../lib/gcc/arm-none-eabi/12.2.1/thumb/v7e-m+fp/hard/libcr_eabihelpers.a(double.o)
                0x0000000000003d00                __aeabi_dsub
 .text.__aeabi_dadd
                0x0000000000003eb4      0x138 /Applications/MCUXpressoIDE_11.8.0_1165/ide/plugins/com.nxp.mcuxpresso.tools.macosx_11.8.0.202306131047/tools/bin/../lib/gcc/arm-none-eabi/12.2.1/thumb/v7e-m+fp/hard/libcr_eabihelpers.a(double.o)
                0x0000000000003eb4                __aeabi_dadd
 .text.__aeabi_d2f
                0x0000000000003fec       0x58 /Applications/MCUXpressoIDE_11.8.0_1165/ide/plugins/com.nxp.mcuxpresso.tools.macosx_11.8.0.202306131047/tools/bin/../lib/gcc/arm-none-eabi/12.2.1/thumb/v7e-m+fp/hard/libcr_eabihelpers.a(double.o)
                0x0000000000003fec                __aeabi_d2f
 .text.__aeabi_d2iz
                0x0000000000004044       0x42 /Applications/MCUXpressoIDE_11.8.0_1165/ide/plugins/com.nxp.mcuxpresso.tools.macosx_11.8.0.202306131047/tools/bin/../lib/gcc/arm-none-eabi/12.2.1/thumb/v7e-m+fp/hard/libcr_eabihelpers.a(double.o)
                0x0000000000004044                __aeabi_d2iz
 .text.__bhs_ui2d
                0x0000000000004086       0x46 /Applications/MCUXpressoIDE_11.8.0_1165/ide/plugins/com.nxp.mcuxpresso.tools.macosx_11.8.0.202306131047/tools/bin/../lib/gcc/arm-none-eabi/12.2.1/thumb/v7e-m+fp/hard/libcr_eabihelpers.a(double.o)
                0x0000000000004086                __bhs_ui2d
 .text.__aeabi_i2d
                0x00000000000040cc       0x10 /Applications/MCUXpressoIDE_11.8.0_1165/ide/plugins/com.nxp.mcuxpresso.tools.macosx_11.8.0.202306131047/tools/bin/../lib/gcc/arm-none-eabi/12.2.1/thumb/v7e-m+fp/hard/libcr_eabihelpers.a(double.o)
                0x00000000000040cc                __aeabi_i2d
 .text.__aeabi_dcmpeq
                0x00000000000040dc       0x3e /Applications/MCUXpressoIDE_11.8.0_1165/ide/plugins/com.nxp.mcuxpresso.tools.macosx_11.8.0.202306131047/tools/bin/../lib/gcc/arm-none-eabi/12.2.1/thumb/v7e-m+fp/hard/libcr_eabihelpers.a(double.o)
                0x00000000000040dc                __aeabi_dcmpeq
 .text.__aeabi_dcmplt
                0x000000000000411a       0x5a /Applications/MCUXpressoIDE_11.8.0_1165/ide/plugins/com.nxp.mcuxpresso.tools.macosx_11.8.0.202306131047/tools/bin/../lib/gcc/arm-none-eabi/12.2.1/thumb/v7e-m+fp/hard/libcr_eabihelpers.a(double.o)
                0x000000000000411a                __aeabi_dcmplt
 .text.__aeabi_dcmpgt
                0x0000000000004174       0x56 /Applications/MCUXpressoIDE_11.8.0_1165/ide/plugins/com.nxp.mcuxpresso.tools.macosx_11.8.0.202306131047/tools/bin/../lib/gcc/arm-none-eabi/12.2.1/thumb/v7e-m+fp/hard/libcr_eabihelpers.a(double.o)
                0x0000000000004174                __aeabi_dcmpgt
 .text.__aeabi_dcmpge
                0x00000000000041ca       0x5a /Applications/MCUXpressoIDE_11.8.0_1165/ide/plugins/com.nxp.mcuxpresso.tools.macosx_11.8.0.202306131047/tools/bin/../lib/gcc/arm-none-eabi/12.2.1/thumb/v7e-m+fp/hard/libcr_eabihelpers.a(double.o)
                0x00000000000041ca                __aeabi_dcmpge
 .text.__aeabi_memset_lowlevel
                0x0000000000004224       0x32 /Applications/MCUXpressoIDE_11.8.0_1165/ide/plugins/com.nxp.mcuxpresso.tools.macosx_11.8.0.202306131047/tools/bin/../lib/gcc/arm-none-eabi/12.2.1/thumb/v7e-m+fp/hard/libcr_eabihelpers.a(memcpy.o)
                0x0000000000004224                __aeabi_lowlevel_memset
 .text.__sys_close
                0x0000000000004256        0x6 /Applications/MCUXpressoIDE_11.8.0_1165/ide/plugins/com.nxp.mcuxpresso.tools.macosx_11.8.0.202306131047/tools/bin/../lib/gcc/arm-none-eabi/12.2.1/../../../../arm-none-eabi/lib/thumb/v7e-m+fp/hard/libcr_nohost_nf.a(__sys_close.o)
                0x0000000000004256                __sys_close
 .text.__sys_flen
                0x000000000000425c        0x6 /Applications/MCUXpressoIDE_11.8.0_1165/ide/plugins/com.nxp.mcuxpresso.tools.macosx_11.8.0.202306131047/tools/bin/../lib/gcc/arm-none-eabi/12.2.1/../../../../arm-none-eabi/lib/thumb/v7e-m+fp/hard/libcr_nohost_nf.a(__sys_flen.o)
                0x000000000000425c                __sys_flen
 .text.__sys_istty
                0x0000000000004262        0x6 /Applications/MCUXpressoIDE_11.8.0_1165/ide/plugins/com.nxp.mcuxpresso.tools.macosx_11.8.0.202306131047/tools/bin/../lib/gcc/arm-none-eabi/12.2.1/../../../../arm-none-eabi/lib/thumb/v7e-m+fp/hard/libcr_nohost_nf.a(__sys_istty.o)
                0x0000000000004262                __sys_istty
 .text.__sys_remove
                0x0000000000004268        0x6 /Applications/MCUXpressoIDE_11.8.0_1165/ide/plugins/com.nxp.mcuxpresso.tools.macosx_11.8.0.202306131047/tools/bin/../lib/gcc/arm-none-eabi/12.2.1/../../../../arm-none-eabi/lib/thumb/v7e-m+fp/hard/libcr_nohost_nf.a(__sys_remove.o)
                0x0000000000004268                __sys_remove
 .text.__sys_seek
                0x000000000000426e        0x6 /Applications/MCUXpressoIDE_11.8.0_1165/ide/plugins/com.nxp.mcuxpresso.tools.macosx_11.8.0.202306131047/tools/bin/../lib/gcc/arm-none-eabi/12.2.1/../../../../arm-none-eabi/lib/thumb/v7e-m+fp/hard/libcr_nohost_nf.a(__sys_seek.o)
                0x000000000000426e                __sys_seek
 .text.__sys_tmpnam
                0x0000000000004274        0x6 /Applications/MCUXpressoIDE_11.8.0_1165/ide/plugins/com.nxp.mcuxpresso.tools.macosx_11.8.0.202306131047/tools/bin/../lib/gcc/arm-none-eabi/12.2.1/../../../../arm-none-eabi/lib/thumb/v7e-m+fp/hard/libcr_nohost_nf.a(__sys_tmpnam.o)
                0x0000000000004274                __sys_tmpnam
 .text.__sys_write
                0x000000000000427a        0x4 /Applications/MCUXpressoIDE_11.8.0_1165/ide/plugins/com.nxp.mcuxpresso.tools.macosx_11.8.0.202306131047/tools/bin/../lib/gcc/arm-none-eabi/12.2.1/../../../../arm-none-eabi/lib/thumb/v7e-m+fp/hard/libcr_nohost_nf.a(__sys_write.o)
                0x000000000000427a                __sys_write
 *(.rodata .rodata.* .constdata .constdata.*)
 *fill*         0x000000000000427e        0x2 ff
 .rodata        0x0000000000004280        0x3 ./source/drv/i2c.o
 .rodata._initio.str1.1
                0x0000000000004283        0x4 /Applications/MCUXpressoIDE_11.8.0_1165/ide/plugins/com.nxp.mcuxpresso.tools.macosx_11.8.0.202306131047/tools/bin/../lib/gcc/arm-none-eabi/12.2.1/../../../../arm-none-eabi/lib/thumb/v7e-m+fp/hard/libcr_c.a(initio.o)
 *fill*         0x0000000000004287        0x1 ff
 .rodata.a.0    0x0000000000004288       0x20 /Applications/MCUXpressoIDE_11.8.0_1165/ide/plugins/com.nxp.mcuxpresso.tools.macosx_11.8.0.202306131047/tools/bin/../lib/gcc/arm-none-eabi/12.2.1/../../../../arm-none-eabi/lib/thumb/v7e-m+fp/hard/libcr_c.a(atan.o)
 .rodata.__num_Ciob_streams
                0x00000000000042a8        0x4 /Applications/MCUXpressoIDE_11.8.0_1165/ide/plugins/com.nxp.mcuxpresso.tools.macosx_11.8.0.202306131047/tools/bin/../lib/gcc/arm-none-eabi/12.2.1/../../../../arm-none-eabi/lib/thumb/v7e-m+fp/hard/libcr_nohost_nf.a(__ciob.o)
                0x00000000000042a8                __num_Ciob_streams
                0x00000000000042b0                . = ALIGN (0x8)
 *fill*         0x00000000000042ac        0x4 ff

.glue_7         0x00000000000042b0        0x0
 .glue_7        0x00000000000042b0        0x0 linker stubs

.glue_7t        0x00000000000042b0        0x0
 .glue_7t       0x00000000000042b0        0x0 linker stubs

.vfp11_veneer   0x00000000000042b0        0x0
 .vfp11_veneer  0x00000000000042b0        0x0 linker stubs

.v4_bx          0x00000000000042b0        0x0
 .v4_bx         0x00000000000042b0        0x0 linker stubs

.iplt           0x00000000000042b0        0x0
 .iplt          0x00000000000042b0        0x0 ./source/drv/CAN_SPI.o

.rel.dyn        0x00000000000042b0        0x0
 .rel.iplt      0x00000000000042b0        0x0 ./source/drv/CAN_SPI.o

.ARM.extab
 *(.ARM.extab* .gnu.linkonce.armextab.*)

.ARM.exidx      0x00000000000042b0        0x0
                0x00000000000042b0                __exidx_start = .
 *(.ARM.exidx* .gnu.linkonce.armexidx.*)
                0x00000000000042b0                __exidx_end = .
                0x00000000000042b0                _etext = .

.m_usb_data
 *(m_usb_bdt)

.data_RAM2      0x000000001fff0000        0x0 load address 0x00000000000042b0
 FILL mask 0xff
                [!provide]                        PROVIDE (__start_data_RAM2 = .)
                [!provide]                        PROVIDE (__start_data_SRAM_LOWER = .)
 *(.ramfunc.$RAM2)
 *(.ramfunc.$SRAM_LOWER)
 *(.data.$RAM2)
 *(.data.$SRAM_LOWER)
 *(.data.$RAM2.*)
 *(.data.$SRAM_LOWER.*)
                0x000000001fff0000                . = ALIGN (0x8)
                [!provide]                        PROVIDE (__end_data_RAM2 = .)
                [!provide]                        PROVIDE (__end_data_SRAM_LOWER = .)

.data_RAM3      0x0000000014000000        0x0 load address 0x00000000000042b0
 FILL mask 0xff
                [!provide]                        PROVIDE (__start_data_RAM3 = .)
                [!provide]                        PROVIDE (__start_data_FLEX_RAM = .)
 *(.ramfunc.$RAM3)
 *(.ramfunc.$FLEX_RAM)
 *(.data.$RAM3)
 *(.data.$FLEX_RAM)
 *(.data.$RAM3.*)
 *(.data.$FLEX_RAM.*)
                0x0000000014000000                . = ALIGN (0x8)
                [!provide]                        PROVIDE (__end_data_RAM3 = .)
                [!provide]                        PROVIDE (__end_data_FLEX_RAM = .)

.uninit_RESERVED
                0x0000000020000000        0x0
                0x0000000020000000                _start_uninit_RESERVED = .
 *(.bss.$RESERVED*)
                0x0000000020000000                . = ALIGN (0x8)
                0x0000000020000000                _end_uninit_RESERVED = .

.data           0x0000000020000000      0x118 load address 0x00000000000042b0
 FILL mask 0xff
                0x0000000020000000                _data = .
                [!provide]                        PROVIDE (__start_data_RAM = .)
                [!provide]                        PROVIDE (__start_data_SRAM_UPPER = .)
 *(vtable)
 *(.ramfunc*)
 *(CodeQuickAccess)
 *(DataQuickAccess)
 *(RamFunction)
 *(.data*)
 .data.I2C_array
                0x0000000020000000        0xc ./source/drv/i2c.o
                0x0000000020000000                I2C_array
 .data.ICR2SCLDivider
                0x000000002000000c      0x100 ./source/drv/i2c.o
 .data.bufferPC
                0x000000002000010c        0x7 ./source/comunicationHandler.o
 *fill*         0x0000000020000113        0x1 ff
 .data.writeAvailable
                0x0000000020000114        0x3 ./source/comunicationHandler.o
                0x0000000020000114                writeAvailable
                0x0000000020000118                . = ALIGN (0x8)
 *fill*         0x0000000020000117        0x1 ff
                0x0000000020000118                _edata = .
                [!provide]                        PROVIDE (__end_data_RAM = .)
                [!provide]                        PROVIDE (__end_data_SRAM_UPPER = .)

.igot.plt       0x0000000020000118        0x0 load address 0x00000000000043c8
 .igot.plt      0x0000000020000118        0x0 ./source/drv/CAN_SPI.o

.bss_RAM2       0x000000001fff0000        0x0
                [!provide]                        PROVIDE (__start_bss_RAM2 = .)
                [!provide]                        PROVIDE (__start_bss_SRAM_LOWER = .)
 *(.bss.$RAM2)
 *(.bss.$SRAM_LOWER)
 *(.bss.$RAM2.*)
 *(.bss.$SRAM_LOWER.*)
                0x000000001fff0000                . = ALIGN ((. != 0x0)?0x8:0x1)
                [!provide]                        PROVIDE (__end_bss_RAM2 = .)
                [!provide]                        PROVIDE (__end_bss_SRAM_LOWER = .)

.bss_RAM3       0x0000000014000000        0x0
                [!provide]                        PROVIDE (__start_bss_RAM3 = .)
                [!provide]                        PROVIDE (__start_bss_FLEX_RAM = .)
 *(.bss.$RAM3)
 *(.bss.$FLEX_RAM)
 *(.bss.$RAM3.*)
 *(.bss.$FLEX_RAM.*)
                0x0000000014000000                . = ALIGN ((. != 0x0)?0x8:0x1)
                [!provide]                        PROVIDE (__end_bss_RAM3 = .)
                [!provide]                        PROVIDE (__end_bss_FLEX_RAM = .)

.bss            0x0000000020000118      0x938
                0x0000000020000118                _bss = .
                [!provide]                        PROVIDE (__start_bss_RAM = .)
                [!provide]                        PROVIDE (__start_bss_SRAM_UPPER = .)
 *(.bss*)
 .bss.can_spi_buffers
                0x0000000020000118      0x264 ./source/drv/CAN_SPI.o
                0x0000000020000118                can_spi_buffers
 .bss.receiving
                0x000000002000037c        0x1 ./source/drv/CAN_SPI.o
 .bss.receiveState.7
                0x000000002000037d        0x1 ./source/drv/CAN_SPI.o
 *fill*         0x000000002000037e        0x2 
 .bss.aux.6     0x0000000020000380       0x10 ./source/drv/CAN_SPI.o
 .bss.intStatus.5
                0x0000000020000390        0x1 ./source/drv/CAN_SPI.o
 *fill*         0x0000000020000391        0x3 
 .bss.spi_buffers
                0x0000000020000394       0xe0 ./source/drv/SPI.o
                0x0000000020000394                spi_buffers
 .bss.transfer_complete
                0x0000000020000474        0x1 ./source/drv/SPI.o
 *fill*         0x0000000020000475        0x3 
 .bss.externalCB
                0x0000000020000478        0x4 ./source/drv/SPI.o
 .bss.systick_Callback_Array
                0x000000002000047c       0xb4 ./source/drv/SysTick.o
 .bss.num_Callbacks
                0x0000000020000530        0x4 ./source/drv/SysTick.o
 .bss.uart_buffers
                0x0000000020000534      0x360 ./source/drv/UART.o
                0x0000000020000534                uart_buffers
 .bss.Accel     0x0000000020000894       0x44 ./source/drv/accel.o
 .bss.I2C_Objects
                0x00000000200008d8       0x60 ./source/drv/i2c.o
                0x00000000200008d8                I2C_Objects
 .bss.fsm       0x0000000020000938        0x1 ./source/App.o
                0x0000000020000938                fsm
 *fill*         0x0000000020000939        0x3 
 .bss.AppBoard  0x000000002000093c        0xc ./source/App.o
                0x000000002000093c                AppBoard
 .bss.Boards    0x0000000020000948       0x48 ./source/comunicationHandler.o
 .bss.myGroup   0x0000000020000990        0x1 ./source/comunicationHandler.o
 *fill*         0x0000000020000991        0x3 
 .bss.__LDM_interruptDisableCount
                0x0000000020000994        0x4 ./SDK/startup/hardware.o
 .bss.errno     0x0000000020000998        0x4 /Applications/MCUXpressoIDE_11.8.0_1165/ide/plugins/com.nxp.mcuxpresso.tools.macosx_11.8.0.202306131047/tools/bin/../lib/gcc/arm-none-eabi/12.2.1/../../../../arm-none-eabi/lib/thumb/v7e-m+fp/hard/libcr_c.a(errno.o)
                0x0000000020000998                errno
 .bss.__Ciob    0x000000002000099c       0xb4 /Applications/MCUXpressoIDE_11.8.0_1165/ide/plugins/com.nxp.mcuxpresso.tools.macosx_11.8.0.202306131047/tools/bin/../lib/gcc/arm-none-eabi/12.2.1/../../../../arm-none-eabi/lib/thumb/v7e-m+fp/hard/libcr_nohost_nf.a(__ciob.o)
                0x000000002000099c                __Ciob
 *(COMMON)
                0x0000000020000a50                . = ALIGN (0x8)
                0x0000000020000a50                _ebss = .
                [!provide]                        PROVIDE (__end_bss_RAM = .)
                [!provide]                        PROVIDE (__end_bss_SRAM_UPPER = .)
                [!provide]                        PROVIDE (end = .)

.noinit_RAM2    0x000000001fff0000        0x0
                [!provide]                        PROVIDE (__start_noinit_RAM2 = .)
                [!provide]                        PROVIDE (__start_noinit_SRAM_LOWER = .)
 *(.noinit.$RAM2)
 *(.noinit.$SRAM_LOWER)
 *(.noinit.$RAM2.*)
 *(.noinit.$SRAM_LOWER.*)
                0x000000001fff0000                . = ALIGN (0x8)
                [!provide]                        PROVIDE (__end_noinit_RAM2 = .)
                [!provide]                        PROVIDE (__end_noinit_SRAM_LOWER = .)

.noinit_RAM3    0x0000000014000000        0x0
                [!provide]                        PROVIDE (__start_noinit_RAM3 = .)
                [!provide]                        PROVIDE (__start_noinit_FLEX_RAM = .)
 *(.noinit.$RAM3)
 *(.noinit.$FLEX_RAM)
 *(.noinit.$RAM3.*)
 *(.noinit.$FLEX_RAM.*)
                0x0000000014000000                . = ALIGN (0x8)
                [!provide]                        PROVIDE (__end_noinit_RAM3 = .)
                [!provide]                        PROVIDE (__end_noinit_FLEX_RAM = .)

.noinit         0x0000000020000a50        0x0
                0x0000000020000a50                _noinit = .
                [!provide]                        PROVIDE (__start_noinit_RAM = .)
                [!provide]                        PROVIDE (__start_noinit_SRAM_UPPER = .)
 *(.noinit*)
                0x0000000020000a50                . = ALIGN (0x8)
                0x0000000020000a50                _end_noinit = .
                [!provide]                        PROVIDE (__end_noinit_RAM = .)
                [!provide]                        PROVIDE (__end_noinit_SRAM_UPPER = .)
                0x0000000000001000                _HeapSize = 0x1000

.heap           0x0000000020000a50     0x1000
                0x0000000020000a50                _pvHeapStart = .
                0x0000000020001a50                . = (. + _HeapSize)
 *fill*         0x0000000020000a50     0x1000 
                0x0000000020001a50                . = ALIGN (0x8)
                0x0000000020001a50                _pvHeapLimit = .
                0x0000000000001000                _StackSize = 0x1000

.heap2stackfill
                0x0000000020001a50     0x1000
                0x0000000020002a50                . = (. + _StackSize)
 *fill*         0x0000000020001a50     0x1000 

.stack          0x000000002002f000        0x0
                0x000000002002f000                _vStackBase = .
                0x000000002002f000                . = ALIGN (0x8)
                0x0000000020030000                _vStackTop = (. + _StackSize)
                0x0000000000000000                _image_start = LOADADDR (.text)
                0x00000000000043c8                _image_end = (LOADADDR (.data) + SIZEOF (.data))
                0x00000000000043c8                _image_size = (_image_end - _image_start)
OUTPUT(I2C.axf elf32-littlearm)
LOAD linker stubs

.debug_info     0x0000000000000000     0x5d20
 .debug_info    0x0000000000000000      0x864 ./source/drv/CAN_SPI.o
 .debug_info    0x0000000000000864      0xd57 ./source/drv/SPI.o
 .debug_info    0x00000000000015bb      0x1e2 ./source/drv/SysTick.o
 .debug_info    0x000000000000179d      0xcaa ./source/drv/UART.o
 .debug_info    0x0000000000002447      0x3ed ./source/drv/accel.o
 .debug_info    0x0000000000002834      0x912 ./source/drv/gpio.o
 .debug_info    0x0000000000003146      0xc32 ./source/drv/i2c.o
 .debug_info    0x0000000000003d78      0x247 ./source/App.o
 .debug_info    0x0000000000003fbf      0x3c2 ./source/comunicationHandler.o
 .debug_info    0x0000000000004381      0x682 ./SDK/startup/hardware.o
 .debug_info    0x0000000000004a03       0xaa ./SDK/startup/main.o
 .debug_info    0x0000000000004aad      0xc6f ./SDK/startup/startup_mk64f12.o
 .debug_info    0x000000000000571c      0x604 ./SDK/CMSIS/system_MK64F12.o

.debug_abbrev   0x0000000000000000     0x185b
 .debug_abbrev  0x0000000000000000      0x2d8 ./source/drv/CAN_SPI.o
 .debug_abbrev  0x00000000000002d8      0x31b ./source/drv/SPI.o
 .debug_abbrev  0x00000000000005f3      0x15d ./source/drv/SysTick.o
 .debug_abbrev  0x0000000000000750      0x302 ./source/drv/UART.o
 .debug_abbrev  0x0000000000000a52      0x1cd ./source/drv/accel.o
 .debug_abbrev  0x0000000000000c1f      0x1ca ./source/drv/gpio.o
 .debug_abbrev  0x0000000000000de9      0x298 ./source/drv/i2c.o
 .debug_abbrev  0x0000000000001081      0x19d ./source/App.o
 .debug_abbrev  0x000000000000121e      0x1fe ./source/comunicationHandler.o
 .debug_abbrev  0x000000000000141c      0x135 ./SDK/startup/hardware.o
 .debug_abbrev  0x0000000000001551       0x5b ./SDK/startup/main.o
 .debug_abbrev  0x00000000000015ac      0x17e ./SDK/startup/startup_mk64f12.o
 .debug_abbrev  0x000000000000172a      0x131 ./SDK/CMSIS/system_MK64F12.o

.debug_aranges  0x0000000000000000      0x748
 .debug_aranges
                0x0000000000000000       0xb0 ./source/drv/CAN_SPI.o
 .debug_aranges
                0x00000000000000b0       0x98 ./source/drv/SPI.o
 .debug_aranges
                0x0000000000000148       0x30 ./source/drv/SysTick.o
 .debug_aranges
                0x0000000000000178       0xa0 ./source/drv/UART.o
 .debug_aranges
                0x0000000000000218       0x58 ./source/drv/accel.o
 .debug_aranges
                0x0000000000000270       0x50 ./source/drv/gpio.o
 .debug_aranges
                0x00000000000002c0       0x58 ./source/drv/i2c.o
 .debug_aranges
                0x0000000000000318       0x40 ./source/App.o
 .debug_aranges
                0x0000000000000358       0x48 ./source/comunicationHandler.o
 .debug_aranges
                0x00000000000003a0       0x30 ./SDK/startup/hardware.o
 .debug_aranges
                0x00000000000003d0       0x20 ./SDK/startup/main.o
 .debug_aranges
                0x00000000000003f0      0x330 ./SDK/startup/startup_mk64f12.o
 .debug_aranges
                0x0000000000000720       0x28 ./SDK/CMSIS/system_MK64F12.o

.debug_rnglists
                0x0000000000000000      0x560
 .debug_rnglists
                0x0000000000000000       0x85 ./source/drv/CAN_SPI.o
 .debug_rnglists
                0x0000000000000085       0x80 ./source/drv/SPI.o
 .debug_rnglists
                0x0000000000000105       0x20 ./source/drv/SysTick.o
 .debug_rnglists
                0x0000000000000125       0x77 ./source/drv/UART.o
 .debug_rnglists
                0x000000000000019c       0x3f ./source/drv/accel.o
 .debug_rnglists
                0x00000000000001db       0x38 ./source/drv/gpio.o
 .debug_rnglists
                0x0000000000000213       0x41 ./source/drv/i2c.o
 .debug_rnglists
                0x0000000000000254       0x2c ./source/App.o
 .debug_rnglists
                0x0000000000000280       0x34 ./source/comunicationHandler.o
 .debug_rnglists
                0x00000000000002b4       0x20 ./SDK/startup/hardware.o
 .debug_rnglists
                0x00000000000002d4       0x13 ./SDK/startup/main.o
 .debug_rnglists
                0x00000000000002e7      0x25f ./SDK/startup/startup_mk64f12.o
 .debug_rnglists
                0x0000000000000546       0x1a ./SDK/CMSIS/system_MK64F12.o

.debug_macro    0x0000000000000000    0x125d0
 .debug_macro   0x0000000000000000      0x1ad ./source/drv/CAN_SPI.o
 .debug_macro   0x00000000000001ad      0xad8 ./source/drv/CAN_SPI.o
 .debug_macro   0x0000000000000c85       0x10 ./source/drv/CAN_SPI.o
 .debug_macro   0x0000000000000c95      0x12e ./source/drv/CAN_SPI.o
 .debug_macro   0x0000000000000dc3      0x5b3 ./source/drv/CAN_SPI.o
 .debug_macro   0x0000000000001376       0x22 ./source/drv/CAN_SPI.o
 .debug_macro   0x0000000000001398       0x10 ./source/drv/CAN_SPI.o
 .debug_macro   0x00000000000013a8       0x5b ./source/drv/CAN_SPI.o
 .debug_macro   0x0000000000001403       0x3b ./source/drv/CAN_SPI.o
 .debug_macro   0x000000000000143e       0x50 ./source/drv/CAN_SPI.o
 .debug_macro   0x000000000000148e      0xd40 ./source/drv/CAN_SPI.o
 .debug_macro   0x00000000000021ce       0x44 ./source/drv/CAN_SPI.o
 .debug_macro   0x0000000000002212     0xe07b ./source/drv/CAN_SPI.o
 .debug_macro   0x000000000001028d     0x13c7 ./source/drv/CAN_SPI.o
 .debug_macro   0x0000000000011654       0x16 ./source/drv/CAN_SPI.o
 .debug_macro   0x000000000001166a       0x10 ./source/drv/CAN_SPI.o
 .debug_macro   0x000000000001167a       0x52 ./source/drv/CAN_SPI.o
 .debug_macro   0x00000000000116cc      0x101 ./source/drv/SPI.o
 .debug_macro   0x00000000000117cd       0xe9 ./source/drv/SysTick.o
 .debug_macro   0x00000000000118b6       0x1c ./source/drv/SysTick.o
 .debug_macro   0x00000000000118d2       0xff ./source/drv/UART.o
 .debug_macro   0x00000000000119d1       0xf8 ./source/drv/accel.o
 .debug_macro   0x0000000000011ac9      0x2f5 ./source/drv/accel.o
 .debug_macro   0x0000000000011dbe       0x22 ./source/drv/accel.o
 .debug_macro   0x0000000000011de0       0xc4 ./source/drv/accel.o
 .debug_macro   0x0000000000011ea4       0xc3 ./source/drv/gpio.o
 .debug_macro   0x0000000000011f67      0x1bb ./source/drv/i2c.o
 .debug_macro   0x0000000000012122       0x58 ./source/drv/i2c.o
 .debug_macro   0x000000000001217a       0x40 ./source/drv/i2c.o
 .debug_macro   0x00000000000121ba       0xe7 ./source/App.o
 .debug_macro   0x00000000000122a1       0x10 ./source/App.o
 .debug_macro   0x00000000000122b1       0xe1 ./source/comunicationHandler.o
 .debug_macro   0x0000000000012392       0xbb ./SDK/startup/hardware.o
 .debug_macro   0x000000000001244d       0xbb ./SDK/startup/main.o
 .debug_macro   0x0000000000012508       0x29 ./SDK/startup/startup_mk64f12.o
 .debug_macro   0x0000000000012531       0x9f ./SDK/CMSIS/system_MK64F12.o

.debug_line     0x0000000000000000     0x4647
 .debug_line    0x0000000000000000      0x8e9 ./source/drv/CAN_SPI.o
 .debug_line    0x00000000000008e9      0x720 ./source/drv/SPI.o
 .debug_line    0x0000000000001009      0x36a ./source/drv/SysTick.o
 .debug_line    0x0000000000001373      0x668 ./source/drv/UART.o
 .debug_line    0x00000000000019db      0x4af ./source/drv/accel.o
 .debug_line    0x0000000000001e8a      0x3fb ./source/drv/gpio.o
 .debug_line    0x0000000000002285      0x688 ./source/drv/i2c.o
 .debug_line    0x000000000000290d      0x3c4 ./source/App.o
 .debug_line    0x0000000000002cd1      0x519 ./source/comunicationHandler.o
 .debug_line    0x00000000000031ea      0x37d ./SDK/startup/hardware.o
 .debug_line    0x0000000000003567      0x28c ./SDK/startup/main.o
 .debug_line    0x00000000000037f3      0xaa1 ./SDK/startup/startup_mk64f12.o
 .debug_line    0x0000000000004294      0x3b3 ./SDK/CMSIS/system_MK64F12.o

.debug_str      0x0000000000000000    0x7b0f0
 .debug_str     0x0000000000000000    0x77cee ./source/drv/CAN_SPI.o
                                      0x77dab (size before relaxing)
 .debug_str     0x0000000000077cee      0x85f ./source/drv/SPI.o
                                      0x780a8 (size before relaxing)
 .debug_str     0x000000000007854d      0x17b ./source/drv/SysTick.o
                                      0x7789a (size before relaxing)
 .debug_str     0x00000000000786c8      0x28a ./source/drv/UART.o
                                      0x78066 (size before relaxing)
 .debug_str     0x0000000000078952     0x110f ./source/drv/accel.o
                                      0x7160d (size before relaxing)
 .debug_str     0x0000000000079a61      0x1ff ./source/drv/gpio.o
                                      0x70df2 (size before relaxing)
 .debug_str     0x0000000000079c60      0x916 ./source/drv/i2c.o
                                      0x7886b (size before relaxing)
 .debug_str     0x000000000007a576      0x12c ./source/App.o
                                      0x71519 (size before relaxing)
 .debug_str     0x000000000007a6a2      0x100 ./source/comunicationHandler.o
                                      0x705a1 (size before relaxing)
 .debug_str     0x000000000007a7a2      0x167 ./SDK/startup/hardware.o
                                      0x7783a (size before relaxing)
 .debug_str     0x000000000007a909       0x16 ./SDK/startup/main.o
                                      0x77647 (size before relaxing)
 .debug_str     0x000000000007a91f      0x781 ./SDK/startup/startup_mk64f12.o
                                       0x3706 (size before relaxing)
 .debug_str     0x000000000007b0a0       0x50 ./SDK/CMSIS/system_MK64F12.o
                                      0x7774a (size before relaxing)

.comment        0x0000000000000000       0x85
 .comment       0x0000000000000000       0x40 ./source/drv/CAN_SPI.o
                                         0x41 (size before relaxing)
 .comment       0x0000000000000040       0x41 ./source/drv/SPI.o
 .comment       0x0000000000000040       0x41 ./source/drv/SysTick.o
 .comment       0x0000000000000040       0x41 ./source/drv/UART.o
 .comment       0x0000000000000040       0x41 ./source/drv/accel.o
 .comment       0x0000000000000040       0x41 ./source/drv/gpio.o
 .comment       0x0000000000000040       0x41 ./source/drv/i2c.o
 .comment       0x0000000000000040       0x41 ./source/App.o
 .comment       0x0000000000000040       0x41 ./source/comunicationHandler.o
 .comment       0x0000000000000040       0x41 ./SDK/startup/hardware.o
 .comment       0x0000000000000040       0x41 ./SDK/startup/main.o
 .comment       0x0000000000000040       0x41 ./SDK/startup/startup_mk64f12.o
 .comment       0x0000000000000040       0x41 ./SDK/CMSIS/system_MK64F12.o
 .comment       0x0000000000000040       0x45 /Applications/MCUXpressoIDE_11.8.0_1165/ide/plugins/com.nxp.mcuxpresso.tools.macosx_11.8.0.202306131047/tools/bin/../lib/gcc/arm-none-eabi/12.2.1/../../../../arm-none-eabi/lib/thumb/v7e-m+fp/hard/libcr_nohost_nf.a(_cr__main.o)
                                         0x46 (size before relaxing)
 .comment       0x0000000000000085       0x46 /Applications/MCUXpressoIDE_11.8.0_1165/ide/plugins/com.nxp.mcuxpresso.tools.macosx_11.8.0.202306131047/tools/bin/../lib/gcc/arm-none-eabi/12.2.1/../../../../arm-none-eabi/lib/thumb/v7e-m+fp/hard/libcr_c.a(atan2.o)
 .comment       0x0000000000000085       0x46 /Applications/MCUXpressoIDE_11.8.0_1165/ide/plugins/com.nxp.mcuxpresso.tools.macosx_11.8.0.202306131047/tools/bin/../lib/gcc/arm-none-eabi/12.2.1/../../../../arm-none-eabi/lib/thumb/v7e-m+fp/hard/libcr_c.a(errno.o)
 .comment       0x0000000000000085       0x46 /Applications/MCUXpressoIDE_11.8.0_1165/ide/plugins/com.nxp.mcuxpresso.tools.macosx_11.8.0.202306131047/tools/bin/../lib/gcc/arm-none-eabi/12.2.1/../../../../arm-none-eabi/lib/thumb/v7e-m+fp/hard/libcr_c.a(fabs.o)
 .comment       0x0000000000000085       0x46 /Applications/MCUXpressoIDE_11.8.0_1165/ide/plugins/com.nxp.mcuxpresso.tools.macosx_11.8.0.202306131047/tools/bin/../lib/gcc/arm-none-eabi/12.2.1/../../../../arm-none-eabi/lib/thumb/v7e-m+fp/hard/libcr_c.a(initio.o)
 .comment       0x0000000000000085       0x46 /Applications/MCUXpressoIDE_11.8.0_1165/ide/plugins/com.nxp.mcuxpresso.tools.macosx_11.8.0.202306131047/tools/bin/../lib/gcc/arm-none-eabi/12.2.1/../../../../arm-none-eabi/lib/thumb/v7e-m+fp/hard/libcr_c.a(setvbuf.o)
 .comment       0x0000000000000085       0x46 /Applications/MCUXpressoIDE_11.8.0_1165/ide/plugins/com.nxp.mcuxpresso.tools.macosx_11.8.0.202306131047/tools/bin/../lib/gcc/arm-none-eabi/12.2.1/../../../../arm-none-eabi/lib/thumb/v7e-m+fp/hard/libcr_c.a(_fdopen.o)
 .comment       0x0000000000000085       0x46 /Applications/MCUXpressoIDE_11.8.0_1165/ide/plugins/com.nxp.mcuxpresso.tools.macosx_11.8.0.202306131047/tools/bin/../lib/gcc/arm-none-eabi/12.2.1/../../../../arm-none-eabi/lib/thumb/v7e-m+fp/hard/libcr_c.a(atan.o)
 .comment       0x0000000000000085       0x46 /Applications/MCUXpressoIDE_11.8.0_1165/ide/plugins/com.nxp.mcuxpresso.tools.macosx_11.8.0.202306131047/tools/bin/../lib/gcc/arm-none-eabi/12.2.1/../../../../arm-none-eabi/lib/thumb/v7e-m+fp/hard/libcr_c.a(fclose.o)
 .comment       0x0000000000000085       0x46 /Applications/MCUXpressoIDE_11.8.0_1165/ide/plugins/com.nxp.mcuxpresso.tools.macosx_11.8.0.202306131047/tools/bin/../lib/gcc/arm-none-eabi/12.2.1/../../../../arm-none-eabi/lib/thumb/v7e-m+fp/hard/libcr_c.a(fflush.o)
 .comment       0x0000000000000085       0x46 /Applications/MCUXpressoIDE_11.8.0_1165/ide/plugins/com.nxp.mcuxpresso.tools.macosx_11.8.0.202306131047/tools/bin/../lib/gcc/arm-none-eabi/12.2.1/../../../../arm-none-eabi/lib/thumb/v7e-m+fp/hard/libcr_c.a(fseek.o)
 .comment       0x0000000000000085       0x46 /Applications/MCUXpressoIDE_11.8.0_1165/ide/plugins/com.nxp.mcuxpresso.tools.macosx_11.8.0.202306131047/tools/bin/../lib/gcc/arm-none-eabi/12.2.1/../../../../arm-none-eabi/lib/thumb/v7e-m+fp/hard/libcr_c.a(ftell.o)
 .comment       0x0000000000000085       0x46 /Applications/MCUXpressoIDE_11.8.0_1165/ide/plugins/com.nxp.mcuxpresso.tools.macosx_11.8.0.202306131047/tools/bin/../lib/gcc/arm-none-eabi/12.2.1/../../../../arm-none-eabi/lib/thumb/v7e-m+fp/hard/libcr_c.a(remove.o)
 .comment       0x0000000000000085       0x46 /Applications/MCUXpressoIDE_11.8.0_1165/ide/plugins/com.nxp.mcuxpresso.tools.macosx_11.8.0.202306131047/tools/bin/../lib/gcc/arm-none-eabi/12.2.1/../../../../arm-none-eabi/lib/thumb/v7e-m+fp/hard/libcr_c.a(strlen.o)
 .comment       0x0000000000000085       0x46 /Applications/MCUXpressoIDE_11.8.0_1165/ide/plugins/com.nxp.mcuxpresso.tools.macosx_11.8.0.202306131047/tools/bin/../lib/gcc/arm-none-eabi/12.2.1/../../../../arm-none-eabi/lib/thumb/v7e-m+fp/hard/libcr_c.a(memset.o)
 .comment       0x0000000000000085       0x46 /Applications/MCUXpressoIDE_11.8.0_1165/ide/plugins/com.nxp.mcuxpresso.tools.macosx_11.8.0.202306131047/tools/bin/../lib/gcc/arm-none-eabi/12.2.1/../../../../arm-none-eabi/lib/thumb/v7e-m+fp/hard/libcr_c.a(_do_fflush.o)
 .comment       0x0000000000000085       0x46 /Applications/MCUXpressoIDE_11.8.0_1165/ide/plugins/com.nxp.mcuxpresso.tools.macosx_11.8.0.202306131047/tools/bin/../lib/gcc/arm-none-eabi/12.2.1/../../../../arm-none-eabi/lib/thumb/v7e-m+fp/hard/libcr_c.a(_fflush.o)
 .comment       0x0000000000000085       0x46 /Applications/MCUXpressoIDE_11.8.0_1165/ide/plugins/com.nxp.mcuxpresso.tools.macosx_11.8.0.202306131047/tools/bin/../lib/gcc/arm-none-eabi/12.2.1/../../../../arm-none-eabi/lib/thumb/v7e-m+fp/hard/libcr_c.a(_writebuf.o)
 .comment       0x0000000000000085       0x46 /Applications/MCUXpressoIDE_11.8.0_1165/ide/plugins/com.nxp.mcuxpresso.tools.macosx_11.8.0.202306131047/tools/bin/../lib/gcc/arm-none-eabi/12.2.1/../../../../arm-none-eabi/lib/thumb/v7e-m+fp/hard/libcr_c.a(alloc.o)
 .comment       0x0000000000000085       0x46 /Applications/MCUXpressoIDE_11.8.0_1165/ide/plugins/com.nxp.mcuxpresso.tools.macosx_11.8.0.202306131047/tools/bin/../lib/gcc/arm-none-eabi/12.2.1/../../../../arm-none-eabi/lib/thumb/v7e-m+fp/hard/libcr_c.a(_deferredlazyseek.o)
 .comment       0x0000000000000085       0x46 /Applications/MCUXpressoIDE_11.8.0_1165/ide/plugins/com.nxp.mcuxpresso.tools.macosx_11.8.0.202306131047/tools/bin/../lib/gcc/arm-none-eabi/12.2.1/thumb/v7e-m+fp/hard/libcr_eabihelpers.a(double.o)
 .comment       0x0000000000000085       0x46 /Applications/MCUXpressoIDE_11.8.0_1165/ide/plugins/com.nxp.mcuxpresso.tools.macosx_11.8.0.202306131047/tools/bin/../lib/gcc/arm-none-eabi/12.2.1/../../../../arm-none-eabi/lib/thumb/v7e-m+fp/hard/libcr_nohost_nf.a(__ciob.o)
 .comment       0x0000000000000085       0x46 /Applications/MCUXpressoIDE_11.8.0_1165/ide/plugins/com.nxp.mcuxpresso.tools.macosx_11.8.0.202306131047/tools/bin/../lib/gcc/arm-none-eabi/12.2.1/../../../../arm-none-eabi/lib/thumb/v7e-m+fp/hard/libcr_nohost_nf.a(__sys_close.o)
 .comment       0x0000000000000085       0x46 /Applications/MCUXpressoIDE_11.8.0_1165/ide/plugins/com.nxp.mcuxpresso.tools.macosx_11.8.0.202306131047/tools/bin/../lib/gcc/arm-none-eabi/12.2.1/../../../../arm-none-eabi/lib/thumb/v7e-m+fp/hard/libcr_nohost_nf.a(__sys_flen.o)
 .comment       0x0000000000000085       0x46 /Applications/MCUXpressoIDE_11.8.0_1165/ide/plugins/com.nxp.mcuxpresso.tools.macosx_11.8.0.202306131047/tools/bin/../lib/gcc/arm-none-eabi/12.2.1/../../../../arm-none-eabi/lib/thumb/v7e-m+fp/hard/libcr_nohost_nf.a(__sys_istty.o)
 .comment       0x0000000000000085       0x46 /Applications/MCUXpressoIDE_11.8.0_1165/ide/plugins/com.nxp.mcuxpresso.tools.macosx_11.8.0.202306131047/tools/bin/../lib/gcc/arm-none-eabi/12.2.1/../../../../arm-none-eabi/lib/thumb/v7e-m+fp/hard/libcr_nohost_nf.a(__sys_remove.o)
 .comment       0x0000000000000085       0x46 /Applications/MCUXpressoIDE_11.8.0_1165/ide/plugins/com.nxp.mcuxpresso.tools.macosx_11.8.0.202306131047/tools/bin/../lib/gcc/arm-none-eabi/12.2.1/../../../../arm-none-eabi/lib/thumb/v7e-m+fp/hard/libcr_nohost_nf.a(__sys_seek.o)
 .comment       0x0000000000000085       0x46 /Applications/MCUXpressoIDE_11.8.0_1165/ide/plugins/com.nxp.mcuxpresso.tools.macosx_11.8.0.202306131047/tools/bin/../lib/gcc/arm-none-eabi/12.2.1/../../../../arm-none-eabi/lib/thumb/v7e-m+fp/hard/libcr_nohost_nf.a(__sys_tmpnam.o)
 .comment       0x0000000000000085       0x46 /Applications/MCUXpressoIDE_11.8.0_1165/ide/plugins/com.nxp.mcuxpresso.tools.macosx_11.8.0.202306131047/tools/bin/../lib/gcc/arm-none-eabi/12.2.1/../../../../arm-none-eabi/lib/thumb/v7e-m+fp/hard/libcr_nohost_nf.a(__sys_write.o)

.ARM.attributes
                0x0000000000000000       0x32
 .ARM.attributes
                0x0000000000000000       0x34 ./source/drv/CAN_SPI.o
 .ARM.attributes
                0x0000000000000034       0x34 ./source/drv/SPI.o
 .ARM.attributes
                0x0000000000000068       0x34 ./source/drv/SysTick.o
 .ARM.attributes
                0x000000000000009c       0x34 ./source/drv/UART.o
 .ARM.attributes
                0x00000000000000d0       0x34 ./source/drv/accel.o
 .ARM.attributes
                0x0000000000000104       0x34 ./source/drv/gpio.o
 .ARM.attributes
                0x0000000000000138       0x34 ./source/drv/i2c.o
 .ARM.attributes
                0x000000000000016c       0x34 ./source/App.o
 .ARM.attributes
                0x00000000000001a0       0x34 ./source/comunicationHandler.o
 .ARM.attributes
                0x00000000000001d4       0x34 ./SDK/startup/hardware.o
 .ARM.attributes
                0x0000000000000208       0x34 ./SDK/startup/main.o
 .ARM.attributes
                0x000000000000023c       0x34 ./SDK/startup/startup_mk64f12.o
 .ARM.attributes
                0x0000000000000270       0x34 ./SDK/CMSIS/system_MK64F12.o
 .ARM.attributes
                0x00000000000002a4       0x34 /Applications/MCUXpressoIDE_11.8.0_1165/ide/plugins/com.nxp.mcuxpresso.tools.macosx_11.8.0.202306131047/tools/bin/../lib/gcc/arm-none-eabi/12.2.1/../../../../arm-none-eabi/lib/thumb/v7e-m+fp/hard/libcr_nohost_nf.a(_cr__main.o)
 .ARM.attributes
                0x00000000000002d8       0x34 /Applications/MCUXpressoIDE_11.8.0_1165/ide/plugins/com.nxp.mcuxpresso.tools.macosx_11.8.0.202306131047/tools/bin/../lib/gcc/arm-none-eabi/12.2.1/../../../../arm-none-eabi/lib/thumb/v7e-m+fp/hard/libcr_c.a(atan2.o)
 .ARM.attributes
                0x000000000000030c       0x34 /Applications/MCUXpressoIDE_11.8.0_1165/ide/plugins/com.nxp.mcuxpresso.tools.macosx_11.8.0.202306131047/tools/bin/../lib/gcc/arm-none-eabi/12.2.1/../../../../arm-none-eabi/lib/thumb/v7e-m+fp/hard/libcr_c.a(errno.o)
 .ARM.attributes
                0x0000000000000340       0x34 /Applications/MCUXpressoIDE_11.8.0_1165/ide/plugins/com.nxp.mcuxpresso.tools.macosx_11.8.0.202306131047/tools/bin/../lib/gcc/arm-none-eabi/12.2.1/../../../../arm-none-eabi/lib/thumb/v7e-m+fp/hard/libcr_c.a(fabs.o)
 .ARM.attributes
                0x0000000000000374       0x34 /Applications/MCUXpressoIDE_11.8.0_1165/ide/plugins/com.nxp.mcuxpresso.tools.macosx_11.8.0.202306131047/tools/bin/../lib/gcc/arm-none-eabi/12.2.1/../../../../arm-none-eabi/lib/thumb/v7e-m+fp/hard/libcr_c.a(initio.o)
 .ARM.attributes
                0x00000000000003a8       0x34 /Applications/MCUXpressoIDE_11.8.0_1165/ide/plugins/com.nxp.mcuxpresso.tools.macosx_11.8.0.202306131047/tools/bin/../lib/gcc/arm-none-eabi/12.2.1/../../../../arm-none-eabi/lib/thumb/v7e-m+fp/hard/libcr_c.a(setvbuf.o)
 .ARM.attributes
                0x00000000000003dc       0x34 /Applications/MCUXpressoIDE_11.8.0_1165/ide/plugins/com.nxp.mcuxpresso.tools.macosx_11.8.0.202306131047/tools/bin/../lib/gcc/arm-none-eabi/12.2.1/../../../../arm-none-eabi/lib/thumb/v7e-m+fp/hard/libcr_c.a(_fdopen.o)
 .ARM.attributes
                0x0000000000000410       0x34 /Applications/MCUXpressoIDE_11.8.0_1165/ide/plugins/com.nxp.mcuxpresso.tools.macosx_11.8.0.202306131047/tools/bin/../lib/gcc/arm-none-eabi/12.2.1/../../../../arm-none-eabi/lib/thumb/v7e-m+fp/hard/libcr_c.a(atan.o)
 .ARM.attributes
                0x0000000000000444       0x34 /Applications/MCUXpressoIDE_11.8.0_1165/ide/plugins/com.nxp.mcuxpresso.tools.macosx_11.8.0.202306131047/tools/bin/../lib/gcc/arm-none-eabi/12.2.1/../../../../arm-none-eabi/lib/thumb/v7e-m+fp/hard/libcr_c.a(fclose.o)
 .ARM.attributes
                0x0000000000000478       0x34 /Applications/MCUXpressoIDE_11.8.0_1165/ide/plugins/com.nxp.mcuxpresso.tools.macosx_11.8.0.202306131047/tools/bin/../lib/gcc/arm-none-eabi/12.2.1/../../../../arm-none-eabi/lib/thumb/v7e-m+fp/hard/libcr_c.a(fflush.o)
 .ARM.attributes
                0x00000000000004ac       0x34 /Applications/MCUXpressoIDE_11.8.0_1165/ide/plugins/com.nxp.mcuxpresso.tools.macosx_11.8.0.202306131047/tools/bin/../lib/gcc/arm-none-eabi/12.2.1/../../../../arm-none-eabi/lib/thumb/v7e-m+fp/hard/libcr_c.a(fseek.o)
 .ARM.attributes
                0x00000000000004e0       0x34 /Applications/MCUXpressoIDE_11.8.0_1165/ide/plugins/com.nxp.mcuxpresso.tools.macosx_11.8.0.202306131047/tools/bin/../lib/gcc/arm-none-eabi/12.2.1/../../../../arm-none-eabi/lib/thumb/v7e-m+fp/hard/libcr_c.a(ftell.o)
 .ARM.attributes
                0x0000000000000514       0x34 /Applications/MCUXpressoIDE_11.8.0_1165/ide/plugins/com.nxp.mcuxpresso.tools.macosx_11.8.0.202306131047/tools/bin/../lib/gcc/arm-none-eabi/12.2.1/../../../../arm-none-eabi/lib/thumb/v7e-m+fp/hard/libcr_c.a(remove.o)
 .ARM.attributes
                0x0000000000000548       0x34 /Applications/MCUXpressoIDE_11.8.0_1165/ide/plugins/com.nxp.mcuxpresso.tools.macosx_11.8.0.202306131047/tools/bin/../lib/gcc/arm-none-eabi/12.2.1/../../../../arm-none-eabi/lib/thumb/v7e-m+fp/hard/libcr_c.a(strlen.o)
 .ARM.attributes
                0x000000000000057c       0x34 /Applications/MCUXpressoIDE_11.8.0_1165/ide/plugins/com.nxp.mcuxpresso.tools.macosx_11.8.0.202306131047/tools/bin/../lib/gcc/arm-none-eabi/12.2.1/../../../../arm-none-eabi/lib/thumb/v7e-m+fp/hard/libcr_c.a(memset.o)
 .ARM.attributes
                0x00000000000005b0       0x34 /Applications/MCUXpressoIDE_11.8.0_1165/ide/plugins/com.nxp.mcuxpresso.tools.macosx_11.8.0.202306131047/tools/bin/../lib/gcc/arm-none-eabi/12.2.1/../../../../arm-none-eabi/lib/thumb/v7e-m+fp/hard/libcr_c.a(_do_fflush.o)
 .ARM.attributes
                0x00000000000005e4       0x34 /Applications/MCUXpressoIDE_11.8.0_1165/ide/plugins/com.nxp.mcuxpresso.tools.macosx_11.8.0.202306131047/tools/bin/../lib/gcc/arm-none-eabi/12.2.1/../../../../arm-none-eabi/lib/thumb/v7e-m+fp/hard/libcr_c.a(_fflush.o)
 .ARM.attributes
                0x0000000000000618       0x34 /Applications/MCUXpressoIDE_11.8.0_1165/ide/plugins/com.nxp.mcuxpresso.tools.macosx_11.8.0.202306131047/tools/bin/../lib/gcc/arm-none-eabi/12.2.1/../../../../arm-none-eabi/lib/thumb/v7e-m+fp/hard/libcr_c.a(_writebuf.o)
 .ARM.attributes
                0x000000000000064c       0x34 /Applications/MCUXpressoIDE_11.8.0_1165/ide/plugins/com.nxp.mcuxpresso.tools.macosx_11.8.0.202306131047/tools/bin/../lib/gcc/arm-none-eabi/12.2.1/../../../../arm-none-eabi/lib/thumb/v7e-m+fp/hard/libcr_c.a(alloc.o)
 .ARM.attributes
                0x0000000000000680       0x34 /Applications/MCUXpressoIDE_11.8.0_1165/ide/plugins/com.nxp.mcuxpresso.tools.macosx_11.8.0.202306131047/tools/bin/../lib/gcc/arm-none-eabi/12.2.1/../../../../arm-none-eabi/lib/thumb/v7e-m+fp/hard/libcr_c.a(_deferredlazyseek.o)
 .ARM.attributes
                0x00000000000006b4       0x34 /Applications/MCUXpressoIDE_11.8.0_1165/ide/plugins/com.nxp.mcuxpresso.tools.macosx_11.8.0.202306131047/tools/bin/../lib/gcc/arm-none-eabi/12.2.1/thumb/v7e-m+fp/hard/libcr_eabihelpers.a(double.o)
 .ARM.attributes
                0x00000000000006e8       0x20 /Applications/MCUXpressoIDE_11.8.0_1165/ide/plugins/com.nxp.mcuxpresso.tools.macosx_11.8.0.202306131047/tools/bin/../lib/gcc/arm-none-eabi/12.2.1/thumb/v7e-m+fp/hard/libcr_eabihelpers.a(memcpy.o)
 .ARM.attributes
                0x0000000000000708       0x34 /Applications/MCUXpressoIDE_11.8.0_1165/ide/plugins/com.nxp.mcuxpresso.tools.macosx_11.8.0.202306131047/tools/bin/../lib/gcc/arm-none-eabi/12.2.1/../../../../arm-none-eabi/lib/thumb/v7e-m+fp/hard/libcr_nohost_nf.a(__ciob.o)
 .ARM.attributes
                0x000000000000073c       0x34 /Applications/MCUXpressoIDE_11.8.0_1165/ide/plugins/com.nxp.mcuxpresso.tools.macosx_11.8.0.202306131047/tools/bin/../lib/gcc/arm-none-eabi/12.2.1/../../../../arm-none-eabi/lib/thumb/v7e-m+fp/hard/libcr_nohost_nf.a(__sys_close.o)
 .ARM.attributes
                0x0000000000000770       0x34 /Applications/MCUXpressoIDE_11.8.0_1165/ide/plugins/com.nxp.mcuxpresso.tools.macosx_11.8.0.202306131047/tools/bin/../lib/gcc/arm-none-eabi/12.2.1/../../../../arm-none-eabi/lib/thumb/v7e-m+fp/hard/libcr_nohost_nf.a(__sys_flen.o)
 .ARM.attributes
                0x00000000000007a4       0x34 /Applications/MCUXpressoIDE_11.8.0_1165/ide/plugins/com.nxp.mcuxpresso.tools.macosx_11.8.0.202306131047/tools/bin/../lib/gcc/arm-none-eabi/12.2.1/../../../../arm-none-eabi/lib/thumb/v7e-m+fp/hard/libcr_nohost_nf.a(__sys_istty.o)
 .ARM.attributes
                0x00000000000007d8       0x34 /Applications/MCUXpressoIDE_11.8.0_1165/ide/plugins/com.nxp.mcuxpresso.tools.macosx_11.8.0.202306131047/tools/bin/../lib/gcc/arm-none-eabi/12.2.1/../../../../arm-none-eabi/lib/thumb/v7e-m+fp/hard/libcr_nohost_nf.a(__sys_remove.o)
 .ARM.attributes
                0x000000000000080c       0x34 /Applications/MCUXpressoIDE_11.8.0_1165/ide/plugins/com.nxp.mcuxpresso.tools.macosx_11.8.0.202306131047/tools/bin/../lib/gcc/arm-none-eabi/12.2.1/../../../../arm-none-eabi/lib/thumb/v7e-m+fp/hard/libcr_nohost_nf.a(__sys_seek.o)
 .ARM.attributes
                0x0000000000000840       0x34 /Applications/MCUXpressoIDE_11.8.0_1165/ide/plugins/com.nxp.mcuxpresso.tools.macosx_11.8.0.202306131047/tools/bin/../lib/gcc/arm-none-eabi/12.2.1/../../../../arm-none-eabi/lib/thumb/v7e-m+fp/hard/libcr_nohost_nf.a(__sys_tmpnam.o)
 .ARM.attributes
                0x0000000000000874       0x34 /Applications/MCUXpressoIDE_11.8.0_1165/ide/plugins/com.nxp.mcuxpresso.tools.macosx_11.8.0.202306131047/tools/bin/../lib/gcc/arm-none-eabi/12.2.1/../../../../arm-none-eabi/lib/thumb/v7e-m+fp/hard/libcr_nohost_nf.a(__sys_write.o)

.debug_frame    0x0000000000000000     0x1794
 .debug_frame   0x0000000000000000      0x2d4 ./source/drv/CAN_SPI.o
 .debug_frame   0x00000000000002d4      0x25c ./source/drv/SPI.o
 .debug_frame   0x0000000000000530       0x88 ./source/drv/SysTick.o
 .debug_frame   0x00000000000005b8      0x2b8 ./source/drv/UART.o
 .debug_frame   0x0000000000000870      0x12c ./source/drv/accel.o
 .debug_frame   0x000000000000099c      0x124 ./source/drv/gpio.o
 .debug_frame   0x0000000000000ac0      0x134 ./source/drv/i2c.o
 .debug_frame   0x0000000000000bf4       0xa8 ./source/App.o
 .debug_frame   0x0000000000000c9c      0x100 ./source/comunicationHandler.o
 .debug_frame   0x0000000000000d9c       0x70 ./SDK/startup/hardware.o
 .debug_frame   0x0000000000000e0c       0x2c ./SDK/startup/main.o
 .debug_frame   0x0000000000000e38      0x904 ./SDK/startup/startup_mk64f12.o
 .debug_frame   0x000000000000173c       0x58 ./SDK/CMSIS/system_MK64F12.o

.debug_loclists
                0x0000000000000000      0x113
 .debug_loclists
                0x0000000000000000      0x113 ./SDK/startup/startup_mk64f12.o
