Archive member included to satisfy reference by file (symbol)

c:/nxp/mcuxpressoide_10.2.0_759/ide/tools/bin/../lib/gcc/arm-none-eabi/7.2.1/../../../../arm-none-eabi/lib/thumb/v7e-m/fpv4-sp/hard\libcr_nohost_nf.a(_cr__main.o)
                              ./SDK/startup/startup_mk64f12.o (__main)
c:/nxp/mcuxpressoide_10.2.0_759/ide/tools/bin/../lib/gcc/arm-none-eabi/7.2.1/../../../../arm-none-eabi/lib/thumb/v7e-m/fpv4-sp/hard\libcr_c.a(atan2.o)
                              ./source/drv/accel.o (atan2)
c:/nxp/mcuxpressoide_10.2.0_759/ide/tools/bin/../lib/gcc/arm-none-eabi/7.2.1/../../../../arm-none-eabi/lib/thumb/v7e-m/fpv4-sp/hard\libcr_c.a(errno.o)
                              c:/nxp/mcuxpressoide_10.2.0_759/ide/tools/bin/../lib/gcc/arm-none-eabi/7.2.1/../../../../arm-none-eabi/lib/thumb/v7e-m/fpv4-sp/hard\libcr_c.a(atan2.o) (errno)
c:/nxp/mcuxpressoide_10.2.0_759/ide/tools/bin/../lib/gcc/arm-none-eabi/7.2.1/../../../../arm-none-eabi/lib/thumb/v7e-m/fpv4-sp/hard\libcr_c.a(fabs.o)
                              ./source/App.o (fabs)
c:/nxp/mcuxpressoide_10.2.0_759/ide/tools/bin/../lib/gcc/arm-none-eabi/7.2.1/../../../../arm-none-eabi/lib/thumb/v7e-m/fpv4-sp/hard\libcr_c.a(initio.o)
                              c:/nxp/mcuxpressoide_10.2.0_759/ide/tools/bin/../lib/gcc/arm-none-eabi/7.2.1/../../../../arm-none-eabi/lib/thumb/v7e-m/fpv4-sp/hard\libcr_nohost_nf.a(_cr__main.o) (_initio)
c:/nxp/mcuxpressoide_10.2.0_759/ide/tools/bin/../lib/gcc/arm-none-eabi/7.2.1/../../../../arm-none-eabi/lib/thumb/v7e-m/fpv4-sp/hard\libcr_c.a(setvbuf.o)
                              c:/nxp/mcuxpressoide_10.2.0_759/ide/tools/bin/../lib/gcc/arm-none-eabi/7.2.1/../../../../arm-none-eabi/lib/thumb/v7e-m/fpv4-sp/hard\libcr_c.a(initio.o) (setvbuf)
c:/nxp/mcuxpressoide_10.2.0_759/ide/tools/bin/../lib/gcc/arm-none-eabi/7.2.1/../../../../arm-none-eabi/lib/thumb/v7e-m/fpv4-sp/hard\libcr_c.a(_fdopen.o)
                              c:/nxp/mcuxpressoide_10.2.0_759/ide/tools/bin/../lib/gcc/arm-none-eabi/7.2.1/../../../../arm-none-eabi/lib/thumb/v7e-m/fpv4-sp/hard\libcr_c.a(initio.o) (_fdopen)
c:/nxp/mcuxpressoide_10.2.0_759/ide/tools/bin/../lib/gcc/arm-none-eabi/7.2.1/../../../../arm-none-eabi/lib/thumb/v7e-m/fpv4-sp/hard\libcr_c.a(_hugeval.o)
                              c:/nxp/mcuxpressoide_10.2.0_759/ide/tools/bin/../lib/gcc/arm-none-eabi/7.2.1/../../../../arm-none-eabi/lib/thumb/v7e-m/fpv4-sp/hard\libcr_c.a(atan2.o) (__huge_val)
c:/nxp/mcuxpressoide_10.2.0_759/ide/tools/bin/../lib/gcc/arm-none-eabi/7.2.1/../../../../arm-none-eabi/lib/thumb/v7e-m/fpv4-sp/hard\libcr_c.a(atan.o)
                              c:/nxp/mcuxpressoide_10.2.0_759/ide/tools/bin/../lib/gcc/arm-none-eabi/7.2.1/../../../../arm-none-eabi/lib/thumb/v7e-m/fpv4-sp/hard\libcr_c.a(atan2.o) (atan)
c:/nxp/mcuxpressoide_10.2.0_759/ide/tools/bin/../lib/gcc/arm-none-eabi/7.2.1/../../../../arm-none-eabi/lib/thumb/v7e-m/fpv4-sp/hard\libcr_c.a(fclose.o)
                              c:/nxp/mcuxpressoide_10.2.0_759/ide/tools/bin/../lib/gcc/arm-none-eabi/7.2.1/../../../../arm-none-eabi/lib/thumb/v7e-m/fpv4-sp/hard\libcr_c.a(initio.o) (fclose)
c:/nxp/mcuxpressoide_10.2.0_759/ide/tools/bin/../lib/gcc/arm-none-eabi/7.2.1/../../../../arm-none-eabi/lib/thumb/v7e-m/fpv4-sp/hard\libcr_c.a(fflush.o)
                              c:/nxp/mcuxpressoide_10.2.0_759/ide/tools/bin/../lib/gcc/arm-none-eabi/7.2.1/../../../../arm-none-eabi/lib/thumb/v7e-m/fpv4-sp/hard\libcr_c.a(fclose.o) (fflush)
c:/nxp/mcuxpressoide_10.2.0_759/ide/tools/bin/../lib/gcc/arm-none-eabi/7.2.1/../../../../arm-none-eabi/lib/thumb/v7e-m/fpv4-sp/hard\libcr_c.a(fseek.o)
                              c:/nxp/mcuxpressoide_10.2.0_759/ide/tools/bin/../lib/gcc/arm-none-eabi/7.2.1/../../../../arm-none-eabi/lib/thumb/v7e-m/fpv4-sp/hard\libcr_c.a(_fdopen.o) (fseek)
c:/nxp/mcuxpressoide_10.2.0_759/ide/tools/bin/../lib/gcc/arm-none-eabi/7.2.1/../../../../arm-none-eabi/lib/thumb/v7e-m/fpv4-sp/hard\libcr_c.a(ftell.o)
                              c:/nxp/mcuxpressoide_10.2.0_759/ide/tools/bin/../lib/gcc/arm-none-eabi/7.2.1/../../../../arm-none-eabi/lib/thumb/v7e-m/fpv4-sp/hard\libcr_c.a(fseek.o) (ftell)
c:/nxp/mcuxpressoide_10.2.0_759/ide/tools/bin/../lib/gcc/arm-none-eabi/7.2.1/../../../../arm-none-eabi/lib/thumb/v7e-m/fpv4-sp/hard\libcr_c.a(remove.o)
                              c:/nxp/mcuxpressoide_10.2.0_759/ide/tools/bin/../lib/gcc/arm-none-eabi/7.2.1/../../../../arm-none-eabi/lib/thumb/v7e-m/fpv4-sp/hard\libcr_c.a(fclose.o) (remove)
c:/nxp/mcuxpressoide_10.2.0_759/ide/tools/bin/../lib/gcc/arm-none-eabi/7.2.1/../../../../arm-none-eabi/lib/thumb/v7e-m/fpv4-sp/hard\libcr_c.a(strlen.o)
                              c:/nxp/mcuxpressoide_10.2.0_759/ide/tools/bin/../lib/gcc/arm-none-eabi/7.2.1/../../../../arm-none-eabi/lib/thumb/v7e-m/fpv4-sp/hard\libcr_c.a(remove.o) (strlen)
c:/nxp/mcuxpressoide_10.2.0_759/ide/tools/bin/../lib/gcc/arm-none-eabi/7.2.1/../../../../arm-none-eabi/lib/thumb/v7e-m/fpv4-sp/hard\libcr_c.a(memset.o)
[...]
Memory Configuration

Name             Origin             Length             Attributes
PROGRAM_FLASH    0x00000000         0x00100000         xr
SRAM_UPPER       0x20000000         0x00030000         xrw
SRAM_LOWER       0x1fff0000         0x00010000         xrw
FLEX_RAM         0x14000000         0x00001000         xrw
*default*        0x00000000         0xffffffff

Linker script and memory map

LOAD ./source/drv/CAN_SPI.o
LOAD ./source/drv/SPI.o
LOAD ./source/drv/SysTick.o
LOAD ./source/drv/UART.o
LOAD ./source/drv/accel.o
LOAD ./source/drv/gpio.o
LOAD ./source/drv/i2c.o
LOAD ./source/App.o
LOAD ./source/comunicationHandler.o
LOAD ./SDK/startup/hardware.o
LOAD ./SDK/startup/main.o
LOAD ./SDK/startup/startup_mk64f12.o
LOAD ./SDK/CMSIS/system_MK64F12.o
START GROUP
LOAD c:/nxp/mcuxpressoide_10.2.0_759/ide/tools/bin/../lib/gcc/arm-none-eabi/7.2.1/../../../../arm-none-eabi/lib/thumb/v7e-m/fpv4-sp/hard\libcr_nohost_nf.a
LOAD c:/nxp/mcuxpressoide_10.2.0_759/ide/tools/bin/../lib/gcc/arm-none-eabi/7.2.1/../../../../arm-none-eabi/lib/thumb/v7e-m/fpv4-sp/hard\libcr_c.a
LOAD c:/nxp/mcuxpressoide_10.2.0_759/ide/tools/bin/../lib/gcc/arm-none-eabi/7.2.1/thumb/v7e-m/fpv4-sp/hard\libcr_eabihelpers.a
END GROUP
                0x00000000                __base_PROGRAM_FLASH = 0x0
                0x00000000                __base_Flash = 0x0
                0x00100000                __top_PROGRAM_FLASH = 0x100000
                0x00100000                __top_Flash = 0x100000
                0x20000000                __base_SRAM_UPPER = 0x20000000
                0x20000000                __base_RAM = 0x20000000
                0x20030000                __top_SRAM_UPPER = 0x20030000
                0x20030000                __top_RAM = 0x20030000
                0x1fff0000                __base_SRAM_LOWER = 0x1fff0000
                0x1fff0000                __base_RAM2 = 0x1fff0000
                0x20000000                __top_SRAM_LOWER = 0x20000000
                0x20000000                __top_RAM2 = 0x20000000
                0x14000000                __base_FLEX_RAM = 0x14000000
                0x14000000                __base_RAM3 = 0x14000000
                0x14001000                __top_FLEX_RAM = 0x14001000
                0x14001000                __top_RAM3 = 0x14001000

.text           0x00000000     0x4678
 FILL mask 0xff
                0x00000000                __vectors_start__ = ABSOLUTE (.)
 *(.isr_vector)
 .isr_vector    0x00000000      0x198 ./SDK/startup/startup_mk64f12.o
                0x00000000                g_pfnVectors
                0x00000000                __Vectors
                0x00000198                . = ALIGN (0x4)
                0x00000198                __section_table_start = .
                0x00000198                __data_section_table = .
                0x00000198        0x4 LONG 0x4678 LOADADDR (.data)
                0x0000019c        0x4 LONG 0x20000000 ADDR (.data)
                0x000001a0        0x4 LONG 0x118 SIZEOF (.data)
                0x000001a4        0x4 LONG 0x4678 LOADADDR (.data_RAM2)
                0x000001a8        0x4 LONG 0x1fff0000 ADDR (.data_RAM2)
                0x000001ac        0x4 LONG 0x0 SIZEOF (.data_RAM2)
                0x000001b0        0x4 LONG 0x4678 LOADADDR (.data_RAM3)
                0x000001b4        0x4 LONG 0x14000000 ADDR (.data_RAM3)
                0x000001b8        0x4 LONG 0x0 SIZEOF (.data_RAM3)
                0x000001bc                __data_section_table_end = .
                0x000001bc                __bss_section_table = .
                0x000001bc        0x4 LONG 0x20000118 ADDR (.bss)
                0x000001c0        0x4 LONG 0x960 SIZEOF (.bss)
                0x000001c4        0x4 LONG 0x1fff0000 ADDR (.bss_RAM2)
                0x000001c8        0x4 LONG 0x0 SIZEOF (.bss_RAM2)
                0x000001cc        0x4 LONG 0x14000000 ADDR (.bss_RAM3)
                0x000001d0        0x4 LONG 0x0 SIZEOF (.bss_RAM3)
                0x000001d4                __bss_section_table_end = .
                0x000001d4                __section_table_end = .
 *(.after_vectors*)
 .after_vectors.init_data
                0x000001d4       0x1e ./SDK/startup/startup_mk64f12.o
                0x000001d4                data_init
 .after_vectors.init_bss
                0x000001f2       0x12 ./SDK/startup/startup_mk64f12.o
                0x000001f2                bss_init
 .after_vectors.reset
                0x00000204       0x4c ./SDK/startup/startup_mk64f12.o
                0x00000204                ResetISR
 .after_vectors
                0x00000250       0x14 ./SDK/startup/startup_mk64f12.o
                0x00000250                NMI_Handler
                0x00000252                HardFault_Handler
                0x00000254                MemManage_Handler
                0x00000256                BusFault_Handler
                0x00000258                UsageFault_Handler
                0x0000025a                SVC_Handler
                0x0000025c                DebugMon_Handler
                0x0000025e                PendSV_Handler
                0x00000262                DMA_Error_DriverIRQHandler
                0x00000262                LPTMR0_DriverIRQHandler
                0x00000262                FTM1_DriverIRQHandler
                0x00000262                FTM2_DriverIRQHandler
                0x00000262                PIT2_DriverIRQHandler
                0x00000262                SDHC_DriverIRQHandler
                0x00000262                I2S0_Tx_DriverIRQHandler
                0x00000262                RTC_Seconds_DriverIRQHandler
                0x00000262                DMA6_DriverIRQHandler
                0x00000262                LLWU_DriverIRQHandler
                0x00000262                MCM_DriverIRQHandler
                0x00000262                MCG_DriverIRQHandler
                0x00000262                ENET_1588_Timer_DriverIRQHandler
                0x00000262                I2C2_DriverIRQHandler
                0x00000262                DAC1_DriverIRQHandler
                0x00000262                SPI1_DriverIRQHandler
                0x00000262                CMP1_DriverIRQHandler
                0x00000262                UART5_RX_TX_DriverIRQHandler
                0x00000262                FTM0_DriverIRQHandler
                0x00000262                IntDefaultHandler
                0x00000262                USB0_DriverIRQHandler
                0x00000262                UART5_ERR_DriverIRQHandler
                0x00000262                PORTC_DriverIRQHandler
                0x00000262                DMA11_DriverIRQHandler
                0x00000262                DAC0_DriverIRQHandler
                0x00000262                DMA10_DriverIRQHandler
                0x00000262                CMP2_DriverIRQHandler
                0x00000262                UART2_ERR_DriverIRQHandler
                0x00000262                SPI2_DriverIRQHandler
                0x00000262                LVD_LVW_DriverIRQHandler
                0x00000262                PIT0_DriverIRQHandler
                0x00000262                RNG_DriverIRQHandler
                0x00000262                DMA12_DriverIRQHandler
                0x00000262                DMA4_DriverIRQHandler
                0x00000262                UART2_RX_TX_DriverIRQHandler
                0x00000262                USBDCD_DriverIRQHandler
                0x00000262                UART3_ERR_DriverIRQHandler
                0x00000262                DMA3_DriverIRQHandler
                0x00000262                DMA8_DriverIRQHandler
                0x00000262                DMA9_DriverIRQHandler
                0x00000262                UART0_ERR_DriverIRQHandler
                0x00000262                CMT_DriverIRQHandler
                0x00000262                Reserved71_DriverIRQHandler
                0x00000262                ADC1_DriverIRQHandler
                0x00000262                PORTA_DriverIRQHandler
                0x00000262                DMA14_DriverIRQHandler
                0x00000262                PIT3_DriverIRQHandler
                0x00000262                PIT1_DriverIRQHandler
                0x00000262                WDOG_EWM_DriverIRQHandler
                0x00000262                PDB0_DriverIRQHandler
                0x00000262                RTC_DriverIRQHandler
                0x00000262                I2S0_Rx_DriverIRQHandler
                0x00000262                Read_Collision_DriverIRQHandler
                0x00000262                SWI_DriverIRQHandler
                0x00000262                UART4_RX_TX_DriverIRQHandler
                0x00000262                UART4_ERR_DriverIRQHandler
                0x00000262                PORTB_DriverIRQHandler
                0x00000262                UART0_LON_DriverIRQHandler
                0x00000262                DMA0_DriverIRQHandler
                0x00000262                DMA1_DriverIRQHandler
                0x00000262                I2C1_DriverIRQHandler
                0x00000262                UART3_RX_TX_DriverIRQHandler
                0x00000262                ENET_Receive_DriverIRQHandler
                0x00000262                DMA13_DriverIRQHandler
                0x00000262                ENET_Error_DriverIRQHandler
                0x00000262                DMA15_DriverIRQHandler
                0x00000262                UART0_RX_TX_DriverIRQHandler
                0x00000262                SPI0_DriverIRQHandler
                0x00000262                ADC0_DriverIRQHandler
                0x00000262                CMP0_DriverIRQHandler
                0x00000262                CAN0_DriverIRQHandler
                0x00000262                FTM3_DriverIRQHandler
                0x00000262                DMA5_DriverIRQHandler
                0x00000262                UART1_ERR_DriverIRQHandler
                0x00000262                DMA2_DriverIRQHandler
                0x00000262                ENET_Transmit_DriverIRQHandler
                0x00000262                PORTD_DriverIRQHandler
                0x00000262                PORTE_DriverIRQHandler
                0x00000262                FTFE_DriverIRQHandler
                0x00000262                I2C0_DriverIRQHandler
                0x00000262                DMA7_DriverIRQHandler
                0x00000262                UART1_RX_TX_DriverIRQHandler
                0x00000400                . = 0x400
 *fill*         0x00000264      0x19c ff
                0x00000400                PROVIDE (__FLASH_CONFIG_START__, .)
 *(.FlashConfig)
 .FlashConfig   0x00000400       0x10 ./SDK/startup/startup_mk64f12.o
                0x00000400                Flash_Config
                0x00000410                PROVIDE (__FLASH_CONFIG_END__, .)
                0x00000001                ASSERT (! ((__FLASH_CONFIG_START__ == __FLASH_CONFIG_END__)), Linker Flash Config Support Enabled, but no .FlashConfig section provided within application)
 *(.text*)
 .text.CAN_SPI_Init
                0x00000410      0x200 ./source/drv/CAN_SPI.o
                0x00000410                CAN_SPI_Init
 .text.CAN_SPI_Is_Read_Ready
                0x00000610       0x28 ./source/drv/CAN_SPI.o
                0x00000610                CAN_SPI_Is_Read_Ready
 .text.CAN_SPI_Get_Data
                0x00000638       0x1a ./source/drv/CAN_SPI.o
                0x00000638                CAN_SPI_Get_Data
 *fill*         0x00000652        0x2 ff
 .text.CAN_SPI_ReceiveInfo
                0x00000654      0x138 ./source/drv/CAN_SPI.o
                0x00000654                CAN_SPI_ReceiveInfo
 .text.CAN_SPI_SendInfo
                0x0000078c      0x128 ./source/drv/CAN_SPI.o
                0x0000078c                CAN_SPI_SendInfo
 .text.load_TX_buffer
                0x000008b4       0x60 ./source/drv/CAN_SPI.o
 .text.write_SPICAN
                0x00000914       0x5e ./source/drv/CAN_SPI.o
 .text.read_SPICAN
                0x00000972       0x56 ./source/drv/CAN_SPI.o
 .text.read_RX_buffer
                0x000009c8       0x58 ./source/drv/CAN_SPI.o
 .text.read_status
                0x00000a20       0x44 ./source/drv/CAN_SPI.o
 .text.RTS      0x00000a64       0x36 ./source/drv/CAN_SPI.o
 .text.parseData
                0x00000a9a       0x76 ./source/drv/CAN_SPI.o
 .text.checkDoubleBuffers
                0x00000b10       0xa4 ./source/drv/CAN_SPI.o
 .text.PORTC_IRQHandler
                0x00000bb4       0x2c ./source/drv/CAN_SPI.o
                0x00000bb4                PORTC_IRQHandler
 .text.queue_Init
                0x00000be0       0x74 ./source/drv/CAN_SPI.o
 .text.push_Queue_Element
                0x00000c54       0xf8 ./source/drv/CAN_SPI.o
 .text.pull_Queue_Element
                0x00000d4c      0x120 ./source/drv/CAN_SPI.o
 .text.get_Queue_Status
                0x00000e6c       0x30 ./source/drv/CAN_SPI.o
 .text.NVIC_EnableIRQ
                0x00000e9c       0x34 ./source/drv/SPI.o
 .text.SPI_Init
                0x00000ed0      0x128 ./source/drv/SPI.o
                0x00000ed0                SPI_Init
 .text.SPI_Get_Status
                0x00000ff8       0x10 ./source/drv/SPI.o
                0x00000ff8                SPI_Get_Status
 .text.SPI_Get_DataBytes
                0x00001008       0x3a ./source/drv/SPI.o
                0x00001008                SPI_Get_DataBytes
 *fill*         0x00001042        0x2 ff
 .text.SPI_SendData
                0x00001044       0xbc ./source/drv/SPI.o
                0x00001044                SPI_SendData
 .text.SPI_Transmission_In_Process
                0x00001100       0x20 ./source/drv/SPI.o
                0x00001100                SPI_Transmission_In_Process
 .text.SPI0_IRQHandler
                0x00001120       0xb8 ./source/drv/SPI.o
                0x00001120                SPI0_IRQHandler
 .text.queue_Init
                0x000011d8       0x70 ./source/drv/SPI.o
 .text.push_Queue_Element
                0x00001248       0xe0 ./source/drv/SPI.o
 .text.pull_Queue_Element
                0x00001328      0x100 ./source/drv/SPI.o
 .text.get_Queue_Status
                0x00001428       0x2c ./source/drv/SPI.o
 .text.flush_Queue
                0x00001454       0x50 ./source/drv/SPI.o
 .text.SysTick_Init
                0x000014a4       0x30 ./source/drv/SysTick.o
                0x000014a4                SysTick_Init
 .text.SysTick_Reg_Callback
                0x000014d4       0x70 ./source/drv/SysTick.o
                0x000014d4                SysTick_Reg_Callback
 .text.SysTick_Handler
                0x00001544       0xac ./source/drv/SysTick.o
                0x00001544                SysTick_Handler
 .text.NVIC_EnableIRQ
                0x000015f0       0x34 ./source/drv/UART.o
 .text.UART_Init
                0x00001624      0x160 ./source/drv/UART.o
                0x00001624                UART_Init
 .text.UART_SetBaudRate
                0x00001784       0xb8 ./source/drv/UART.o
                0x00001784                UART_SetBaudRate
 .text.UART_rx_tx_irq_handler
                0x0000183c       0x78 ./source/drv/UART.o
                0x0000183c                UART_rx_tx_irq_handler
 .text.UART_SendMsg
                0x000018b4       0x68 ./source/drv/UART.o
                0x000018b4                UART_SendMsg
 .text.queue_Init
                0x0000191c       0x70 ./source/drv/UART.o
 .text.push_Queue_Element
                0x0000198c       0xe0 ./source/drv/UART.o
 .text.pull_Queue_Element
                0x00001a6c       0xe4 ./source/drv/UART.o
 .text.get_Queue_Status
                0x00001b50       0x2c ./source/drv/UART.o
 .text.UART0_RX_TX_IRQHandler
                0x00001b7c       0x24 ./source/drv/UART.o
                0x00001b7c                UART0_RX_TX_IRQHandler
 .text.UART1_RX_TX_IRQHandler
                0x00001ba0       0x24 ./source/drv/UART.o
                0x00001ba0                UART1_RX_TX_IRQHandler
 .text.UART2_RX_TX_IRQHandler
                0x00001bc4       0x24 ./source/drv/UART.o
                0x00001bc4                UART2_RX_TX_IRQHandler
 .text.UART3_RX_TX_IRQHandler
                0x00001be8       0x24 ./source/drv/UART.o
                0x00001be8                UART3_RX_TX_IRQHandler
 .text.UART4_RX_TX_IRQHandler
                0x00001c0c       0x24 ./source/drv/UART.o
                0x00001c0c                UART4_RX_TX_IRQHandler
 .text.FX_ReadReg
                0x00001c30       0x5c ./source/drv/accel.o
 .text.FX_WriteReg
                0x00001c8c       0x40 ./source/drv/accel.o
 .text.FX_I2C_Init
                0x00001ccc       0x38 ./source/drv/accel.o
                0x00001ccc                FX_I2C_Init
 .text.FX_InitSequence
                0x00001d04       0xe0 ./source/drv/accel.o
                0x00001d04                FX_InitSequence
 *fill*         0x00001de4        0x4 ff
 .text.FX_RunningSequence
                0x00001de8      0x25c ./source/drv/accel.o
 .text.FX_PISR  0x00002044       0x2c ./source/drv/accel.o
                0x00002044                FX_PISR
 .text.FX_I2C_Finished
                0x00002070       0x44 ./source/drv/accel.o
                0x00002070                FX_I2C_Finished
 .text.getAccelData
                0x000020b4       0x28 ./source/drv/accel.o
                0x000020b4                getAccelData
 .text.NVIC_EnableIRQ
                0x000020dc       0x34 ./source/drv/gpio.o
 .text.gpioMode
                0x00002110      0x228 ./source/drv/gpio.o
                0x00002110                gpioMode
 .text.gpioWrite
                0x00002338       0x64 ./source/drv/gpio.o
                0x00002338                gpioWrite
 .text.gpioIRQ_Config
                0x0000239c       0x70 ./source/drv/gpio.o
                0x0000239c                gpioIRQ_Config
 .text.NVIC_EnableIRQ
                0x0000240c       0x34 ./source/drv/i2c.o
 .text.I2C_InitModule
                0x00002440      0x124 ./source/drv/i2c.o
                0x00002440                I2C_InitModule
 .text.I2C_InitObject
                0x00002564      0x15c ./source/drv/i2c.o
                0x00002564                I2C_InitObject
 .text.I2C_IRQHandler
                0x000026c0      0x388 ./source/drv/i2c.o
                0x000026c0                I2C_IRQHandler
 .text.SetBaudRate
                0x00002a48       0xbc ./source/drv/i2c.o
 .text.I2C0_IRQHandler
                0x00002b04       0x1e ./source/drv/i2c.o
                0x00002b04                I2C0_IRQHandler
 .text.I2C1_IRQHandler
                0x00002b22        0xe ./source/drv/i2c.o
                0x00002b22                I2C1_IRQHandler
 .text.I2C2_IRQHandler
                0x00002b30        0xe ./source/drv/i2c.o
                0x00002b30                I2C2_IRQHandler
 *fill*         0x00002b3e        0x2 ff
 .text.periodicRefresh
                0x00002b40      0x128 ./source/App.o
                0x00002b40                periodicRefresh
 .text.App_Init
                0x00002c68       0x34 ./source/App.o
                0x00002c68                App_Init
 .text.App_Run  0x00002c9c       0x16 ./source/App.o
                0x00002c9c                App_Run
 .text.getCAN_Event
                0x00002cb2       0x2e ./source/App.o
                0x00002cb2                getCAN_Event
 .text.enableSend
                0x00002ce0       0x20 ./source/App.o
                0x00002ce0                enableSend
 .text.comunicationHandler_init
                0x00002d00       0x20 ./source/comunicationHandler.o
                0x00002d00                comunicationHandler_init
 .text.Com_EventHandler
                0x00002d20      0x1c4 ./source/comunicationHandler.o
                0x00002d20                Com_EventHandler
 .text.ComHandler_CAN_Parser
                0x00002ee4      0x180 ./source/comunicationHandler.o
                0x00002ee4                ComHandler_CAN_Parser
 .text.comunicationHandler_send2Ext
                0x00003064      0x1a4 ./source/comunicationHandler.o
                0x00003064                comunicationHandler_send2Ext
 .text.isWriteAvailable
                0x00003208       0x20 ./source/comunicationHandler.o
                0x00003208                isWriteAvailable
 .text.setWriteAvailable
                0x00003228       0x28 ./source/comunicationHandler.o
                0x00003228                setWriteAvailable
 .text.hw_Init  0x00003250       0xf4 ./SDK/startup/hardware.o
                0x00003250                hw_Init
 .text.hw_EnableInterrupts
                0x00003344       0x30 ./SDK/startup/hardware.o
                0x00003344                hw_EnableInterrupts
 .text.hw_DisableInterrupts
                0x00003374       0x20 ./SDK/startup/hardware.o
                0x00003374                hw_DisableInterrupts
 .text.main     0x00003394       0x1e ./SDK/startup/main.o
                0x00003394                main
 .text.DMA0_IRQHandler
                0x000033b2        0x8 ./SDK/startup/startup_mk64f12.o
                0x000033b2                DMA0_IRQHandler
 .text.DMA1_IRQHandler
                0x000033ba        0x8 ./SDK/startup/startup_mk64f12.o
                0x000033ba                DMA1_IRQHandler
 .text.DMA2_IRQHandler
                0x000033c2        0x8 ./SDK/startup/startup_mk64f12.o
                0x000033c2                DMA2_IRQHandler
 .text.DMA3_IRQHandler
                0x000033ca        0x8 ./SDK/startup/startup_mk64f12.o
                0x000033ca                DMA3_IRQHandler
 .text.DMA4_IRQHandler
                0x000033d2        0x8 ./SDK/startup/startup_mk64f12.o
                0x000033d2                DMA4_IRQHandler
 .text.DMA5_IRQHandler
                0x000033da        0x8 ./SDK/startup/startup_mk64f12.o
                0x000033da                DMA5_IRQHandler
 .text.DMA6_IRQHandler
                0x000033e2        0x8 ./SDK/startup/startup_mk64f12.o
                0x000033e2                DMA6_IRQHandler
 .text.DMA7_IRQHandler
                0x000033ea        0x8 ./SDK/startup/startup_mk64f12.o
                0x000033ea                DMA7_IRQHandler
 .text.DMA8_IRQHandler
                0x000033f2        0x8 ./SDK/startup/startup_mk64f12.o
                0x000033f2                DMA8_IRQHandler
 .text.DMA9_IRQHandler
                0x000033fa        0x8 ./SDK/startup/startup_mk64f12.o
                0x000033fa                DMA9_IRQHandler
 .text.DMA10_IRQHandler
                0x00003402        0x8 ./SDK/startup/startup_mk64f12.o
                0x00003402                DMA10_IRQHandler
 .text.DMA11_IRQHandler
                0x0000340a        0x8 ./SDK/startup/startup_mk64f12.o
                0x0000340a                DMA11_IRQHandler
 .text.DMA12_IRQHandler
                0x00003412        0x8 ./SDK/startup/startup_mk64f12.o
                0x00003412                DMA12_IRQHandler
 .text.DMA13_IRQHandler
                0x0000341a        0x8 ./SDK/startup/startup_mk64f12.o
                0x0000341a                DMA13_IRQHandler
 .text.DMA14_IRQHandler
                0x00003422        0x8 ./SDK/startup/startup_mk64f12.o
                0x00003422                DMA14_IRQHandler
 .text.DMA15_IRQHandler
                0x0000342a        0x8 ./SDK/startup/startup_mk64f12.o
                0x0000342a                DMA15_IRQHandler
 .text.DMA_Error_IRQHandler
                0x00003432        0x8 ./SDK/startup/startup_mk64f12.o
                0x00003432                DMA_Error_IRQHandler
 .text.MCM_IRQHandler
                0x0000343a        0x8 ./SDK/startup/startup_mk64f12.o
                0x0000343a                MCM_IRQHandler
 .text.FTFE_IRQHandler
                0x00003442        0x8 ./SDK/startup/startup_mk64f12.o
                0x00003442                FTFE_IRQHandler
 .text.Read_Collision_IRQHandler
                0x0000344a        0x8 ./SDK/startup/startup_mk64f12.o
                0x0000344a                Read_Collision_IRQHandler
 .text.LVD_LVW_IRQHandler
                0x00003452        0x8 ./SDK/startup/startup_mk64f12.o
                0x00003452                LVD_LVW_IRQHandler
 .text.LLWU_IRQHandler
                0x0000345a        0x8 ./SDK/startup/startup_mk64f12.o
                0x0000345a                LLWU_IRQHandler
 .text.WDOG_EWM_IRQHandler
                0x00003462        0x8 ./SDK/startup/startup_mk64f12.o
                0x00003462                WDOG_EWM_IRQHandler
 .text.RNG_IRQHandler
                0x0000346a        0x8 ./SDK/startup/startup_mk64f12.o
                0x0000346a                RNG_IRQHandler
 .text.SPI1_IRQHandler
                0x00003472        0x8 ./SDK/startup/startup_mk64f12.o
                0x00003472                SPI1_IRQHandler
 .text.I2S0_Tx_IRQHandler
                0x0000347a        0x8 ./SDK/startup/startup_mk64f12.o
                0x0000347a                I2S0_Tx_IRQHandler
 .text.I2S0_Rx_IRQHandler
                0x00003482        0x8 ./SDK/startup/startup_mk64f12.o
                0x00003482                I2S0_Rx_IRQHandler
 .text.UART0_LON_IRQHandler
                0x0000348a        0x8 ./SDK/startup/startup_mk64f12.o
                0x0000348a                UART0_LON_IRQHandler
 .text.UART0_ERR_IRQHandler
                0x00003492        0x8 ./SDK/startup/startup_mk64f12.o
                0x00003492                UART0_ERR_IRQHandler
 .text.UART1_ERR_IRQHandler
                0x0000349a        0x8 ./SDK/startup/startup_mk64f12.o
                0x0000349a                UART1_ERR_IRQHandler
 .text.UART2_ERR_IRQHandler
                0x000034a2        0x8 ./SDK/startup/startup_mk64f12.o
                0x000034a2                UART2_ERR_IRQHandler
 .text.UART3_ERR_IRQHandler
                0x000034aa        0x8 ./SDK/startup/startup_mk64f12.o
                0x000034aa                UART3_ERR_IRQHandler
 .text.ADC0_IRQHandler
                0x000034b2        0x8 ./SDK/startup/startup_mk64f12.o
                0x000034b2                ADC0_IRQHandler
 .text.CMP0_IRQHandler
                0x000034ba        0x8 ./SDK/startup/startup_mk64f12.o
                0x000034ba                CMP0_IRQHandler
 .text.CMP1_IRQHandler
                0x000034c2        0x8 ./SDK/startup/startup_mk64f12.o
                0x000034c2                CMP1_IRQHandler
 .text.FTM0_IRQHandler
                0x000034ca        0x8 ./SDK/startup/startup_mk64f12.o
                0x000034ca                FTM0_IRQHandler
 .text.FTM1_IRQHandler
                0x000034d2        0x8 ./SDK/startup/startup_mk64f12.o
                0x000034d2                FTM1_IRQHandler
 .text.FTM2_IRQHandler
                0x000034da        0x8 ./SDK/startup/startup_mk64f12.o
                0x000034da                FTM2_IRQHandler
 .text.CMT_IRQHandler
                0x000034e2        0x8 ./SDK/startup/startup_mk64f12.o
                0x000034e2                CMT_IRQHandler
 .text.RTC_IRQHandler
                0x000034ea        0x8 ./SDK/startup/startup_mk64f12.o
                0x000034ea                RTC_IRQHandler
 .text.RTC_Seconds_IRQHandler
                0x000034f2        0x8 ./SDK/startup/startup_mk64f12.o
                0x000034f2                RTC_Seconds_IRQHandler
 .text.PIT0_IRQHandler
                0x000034fa        0x8 ./SDK/startup/startup_mk64f12.o
                0x000034fa                PIT0_IRQHandler
 .text.PIT1_IRQHandler
                0x00003502        0x8 ./SDK/startup/startup_mk64f12.o
                0x00003502                PIT1_IRQHandler
 .text.PIT2_IRQHandler
                0x0000350a        0x8 ./SDK/startup/startup_mk64f12.o
                0x0000350a                PIT2_IRQHandler
 .text.PIT3_IRQHandler
                0x00003512        0x8 ./SDK/startup/startup_mk64f12.o
                0x00003512                PIT3_IRQHandler
 .text.PDB0_IRQHandler
                0x0000351a        0x8 ./SDK/startup/startup_mk64f12.o
                0x0000351a                PDB0_IRQHandler
 .text.USB0_IRQHandler
                0x00003522        0x8 ./SDK/startup/startup_mk64f12.o
                0x00003522                USB0_IRQHandler
 .text.USBDCD_IRQHandler
                0x0000352a        0x8 ./SDK/startup/startup_mk64f12.o
                0x0000352a                USBDCD_IRQHandler
 .text.Reserved71_IRQHandler
                0x00003532        0x8 ./SDK/startup/startup_mk64f12.o
                0x00003532                Reserved71_IRQHandler
 .text.DAC0_IRQHandler
                0x0000353a        0x8 ./SDK/startup/startup_mk64f12.o
                0x0000353a                DAC0_IRQHandler
 .text.MCG_IRQHandler
                0x00003542        0x8 ./SDK/startup/startup_mk64f12.o
                0x00003542                MCG_IRQHandler
 .text.LPTMR0_IRQHandler
                0x0000354a        0x8 ./SDK/startup/startup_mk64f12.o
                0x0000354a                LPTMR0_IRQHandler
 .text.PORTA_IRQHandler
                0x00003552        0x8 ./SDK/startup/startup_mk64f12.o
                0x00003552                PORTA_IRQHandler
 .text.PORTB_IRQHandler
                0x0000355a        0x8 ./SDK/startup/startup_mk64f12.o
                0x0000355a                PORTB_IRQHandler
 .text.PORTD_IRQHandler
                0x00003562        0x8 ./SDK/startup/startup_mk64f12.o
                0x00003562                PORTD_IRQHandler
 .text.PORTE_IRQHandler
                0x0000356a        0x8 ./SDK/startup/startup_mk64f12.o
                0x0000356a                PORTE_IRQHandler
 .text.SWI_IRQHandler
                0x00003572        0x8 ./SDK/startup/startup_mk64f12.o
                0x00003572                SWI_IRQHandler
 .text.SPI2_IRQHandler
                0x0000357a        0x8 ./SDK/startup/startup_mk64f12.o
                0x0000357a                SPI2_IRQHandler
 .text.UART4_ERR_IRQHandler
                0x00003582        0x8 ./SDK/startup/startup_mk64f12.o
                0x00003582                UART4_ERR_IRQHandler
 .text.UART5_RX_TX_IRQHandler
                0x0000358a        0x8 ./SDK/startup/startup_mk64f12.o
                0x0000358a                UART5_RX_TX_IRQHandler
 .text.UART5_ERR_IRQHandler
                0x00003592        0x8 ./SDK/startup/startup_mk64f12.o
                0x00003592                UART5_ERR_IRQHandler
 .text.CMP2_IRQHandler
                0x0000359a        0x8 ./SDK/startup/startup_mk64f12.o
                0x0000359a                CMP2_IRQHandler
 .text.FTM3_IRQHandler
                0x000035a2        0x8 ./SDK/startup/startup_mk64f12.o
                0x000035a2                FTM3_IRQHandler
 .text.DAC1_IRQHandler
                0x000035aa        0x8 ./SDK/startup/startup_mk64f12.o
                0x000035aa                DAC1_IRQHandler
 .text.ADC1_IRQHandler
                0x000035b2        0x8 ./SDK/startup/startup_mk64f12.o
                0x000035b2                ADC1_IRQHandler
 .text.CAN0_ORed_Message_buffer_IRQHandler
                0x000035ba        0x8 ./SDK/startup/startup_mk64f12.o
                0x000035ba                CAN0_ORed_Message_buffer_IRQHandler
 .text.CAN0_Bus_Off_IRQHandler
                0x000035c2        0x8 ./SDK/startup/startup_mk64f12.o
                0x000035c2                CAN0_Bus_Off_IRQHandler
 .text.CAN0_Error_IRQHandler
                0x000035ca        0x8 ./SDK/startup/startup_mk64f12.o
                0x000035ca                CAN0_Error_IRQHandler
 .text.CAN0_Tx_Warning_IRQHandler
                0x000035d2        0x8 ./SDK/startup/startup_mk64f12.o
                0x000035d2                CAN0_Tx_Warning_IRQHandler
 .text.CAN0_Rx_Warning_IRQHandler
                0x000035da        0x8 ./SDK/startup/startup_mk64f12.o
                0x000035da                CAN0_Rx_Warning_IRQHandler
 .text.CAN0_Wake_Up_IRQHandler
                0x000035e2        0x8 ./SDK/startup/startup_mk64f12.o
                0x000035e2                CAN0_Wake_Up_IRQHandler
 .text.SDHC_IRQHandler
                0x000035ea        0x8 ./SDK/startup/startup_mk64f12.o
                0x000035ea                SDHC_IRQHandler
 .text.ENET_1588_Timer_IRQHandler
                0x000035f2        0x8 ./SDK/startup/startup_mk64f12.o
                0x000035f2                ENET_1588_Timer_IRQHandler
 .text.ENET_Transmit_IRQHandler
                0x000035fa        0x8 ./SDK/startup/startup_mk64f12.o
                0x000035fa                ENET_Transmit_IRQHandler
 .text.ENET_Receive_IRQHandler
                0x00003602        0x8 ./SDK/startup/startup_mk64f12.o
                0x00003602                ENET_Receive_IRQHandler
 .text.ENET_Error_IRQHandler
                0x0000360a        0x8 ./SDK/startup/startup_mk64f12.o
                0x0000360a                ENET_Error_IRQHandler
 *fill*         0x00003612        0x2 ff
 .text.SystemInit
                0x00003614       0x40 ./SDK/CMSIS/system_MK64F12.o
                0x00003614                SystemInit
 .text.__main   0x00003654        0xe c:/nxp/mcuxpressoide_10.2.0_759/ide/tools/bin/../lib/gcc/arm-none-eabi/7.2.1/../../../../arm-none-eabi/lib/thumb/v7e-m/fpv4-sp/hard\libcr_nohost_nf.a(_cr__main.o)
                0x00003654                __main
 *fill*         0x00003662        0x6 ff
 .text.atan2    0x00003668      0x128 c:/nxp/mcuxpressoide_10.2.0_759/ide/tools/bin/../lib/gcc/arm-none-eabi/7.2.1/../../../../arm-none-eabi/lib/thumb/v7e-m/fpv4-sp/hard\libcr_c.a(atan2.o)
                0x00003668                atan2
 .text.fabs     0x00003790       0x22 c:/nxp/mcuxpressoide_10.2.0_759/ide/tools/bin/../lib/gcc/arm-none-eabi/7.2.1/../../../../arm-none-eabi/lib/thumb/v7e-m/fpv4-sp/hard\libcr_c.a(fabs.o)
                0x00003790                fabs
 *fill*         0x000037b2        0x2 ff
 .text._initio  0x000037b4       0x78 c:/nxp/mcuxpressoide_10.2.0_759/ide/tools/bin/../lib/gcc/arm-none-eabi/7.2.1/../../../../arm-none-eabi/lib/thumb/v7e-m/fpv4-sp/hard\libcr_c.a(initio.o)
                0x000037b4                _initio
 .text.setvbuf  0x0000382c       0x40 c:/nxp/mcuxpressoide_10.2.0_759/ide/tools/bin/../lib/gcc/arm-none-eabi/7.2.1/../../../../arm-none-eabi/lib/thumb/v7e-m/fpv4-sp/hard\libcr_c.a(setvbuf.o)
                0x0000382c                setvbuf
 .text._fdopen  0x0000386c       0x68 c:/nxp/mcuxpressoide_10.2.0_759/ide/tools/bin/../lib/gcc/arm-none-eabi/7.2.1/../../../../arm-none-eabi/lib/thumb/v7e-m/fpv4-sp/hard\libcr_c.a(_fdopen.o)
                0x0000386c                _fdopen
 *fill*         0x000038d4        0x4 ff
 .text.atan     0x000038d8      0x224 c:/nxp/mcuxpressoide_10.2.0_759/ide/tools/bin/../lib/gcc/arm-none-eabi/7.2.1/../../../../arm-none-eabi/lib/thumb/v7e-m/fpv4-sp/hard\libcr_c.a(atan.o)
                0x000038d8                atan
 .text.fclose   0x00003afc       0x58 c:/nxp/mcuxpressoide_10.2.0_759/ide/tools/bin/../lib/gcc/arm-none-eabi/7.2.1/../../../../arm-none-eabi/lib/thumb/v7e-m/fpv4-sp/hard\libcr_c.a(fclose.o)
                0x00003afc                fclose
 .text.fflush   0x00003b54       0x44 c:/nxp/mcuxpressoide_10.2.0_759/ide/tools/bin/../lib/gcc/arm-none-eabi/7.2.1/../../../../arm-none-eabi/lib/thumb/v7e-m/fpv4-sp/hard\libcr_c.a(fflush.o)
                0x00003b54                fflush
 .text.fseek    0x00003b98      0x100 c:/nxp/mcuxpressoide_10.2.0_759/ide/tools/bin/../lib/gcc/arm-none-eabi/7.2.1/../../../../arm-none-eabi/lib/thumb/v7e-m/fpv4-sp/hard\libcr_c.a(fseek.o)
                0x00003b98                fseek
 .text.ftell    0x00003c98       0x44 c:/nxp/mcuxpressoide_10.2.0_759/ide/tools/bin/../lib/gcc/arm-none-eabi/7.2.1/../../../../arm-none-eabi/lib/thumb/v7e-m/fpv4-sp/hard\libcr_c.a(ftell.o)
                0x00003c98                ftell
 .text.remove   0x00003cdc       0x14 c:/nxp/mcuxpressoide_10.2.0_759/ide/tools/bin/../lib/gcc/arm-none-eabi/7.2.1/../../../../arm-none-eabi/lib/thumb/v7e-m/fpv4-sp/hard\libcr_c.a(remove.o)
                0x00003cdc                remove
 .text.strlen   0x00003cf0       0x4a c:/nxp/mcuxpressoide_10.2.0_759/ide/tools/bin/../lib/gcc/arm-none-eabi/7.2.1/../../../../arm-none-eabi/lib/thumb/v7e-m/fpv4-sp/hard\libcr_c.a(strlen.o)
                0x00003cf0                strlen
 .text.memset   0x00003d3a        0x4 c:/nxp/mcuxpressoide_10.2.0_759/ide/tools/bin/../lib/gcc/arm-none-eabi/7.2.1/../../../../arm-none-eabi/lib/thumb/v7e-m/fpv4-sp/hard\libcr_c.a(memset.o)
                0x00003d3a                memset
 .text._do_fflush
                0x00003d3e       0x40 c:/nxp/mcuxpressoide_10.2.0_759/ide/tools/bin/../lib/gcc/arm-none-eabi/7.2.1/../../../../arm-none-eabi/lib/thumb/v7e-m/fpv4-sp/hard\libcr_c.a(_do_fflush.o)
                0x00003d3e                _do_fflush
 .text._fflush  0x00003d7e       0x52 c:/nxp/mcuxpressoide_10.2.0_759/ide/tools/bin/../lib/gcc/arm-none-eabi/7.2.1/../../../../arm-none-eabi/lib/thumb/v7e-m/fpv4-sp/hard\libcr_c.a(_fflush.o)
                0x00003d7e                _fflush
 .text._Cwritebuf
                0x00003dd0       0x6c c:/nxp/mcuxpressoide_10.2.0_759/ide/tools/bin/../lib/gcc/arm-none-eabi/7.2.1/../../../../arm-none-eabi/lib/thumb/v7e-m/fpv4-sp/hard\libcr_c.a(_writebuf.o)
                0x00003dd0                _Cwritebuf
 .text.free     0x00003e3c       0x30 c:/nxp/mcuxpressoide_10.2.0_759/ide/tools/bin/../lib/gcc/arm-none-eabi/7.2.1/../../../../arm-none-eabi/lib/thumb/v7e-m/fpv4-sp/hard\libcr_c.a(alloc.o)
                0x00003e3c                free
 .text._deferredlazyseek
                0x00003e6c       0x40 c:/nxp/mcuxpressoide_10.2.0_759/ide/tools/bin/../lib/gcc/arm-none-eabi/7.2.1/../../../../arm-none-eabi/lib/thumb/v7e-m/fpv4-sp/hard\libcr_c.a(_deferredlazyseek.o)
                0x00003e6c                _deferredlazyseek
 .text.__aeabi_dmul
                0x00003eac      0x11c c:/nxp/mcuxpressoide_10.2.0_759/ide/tools/bin/../lib/gcc/arm-none-eabi/7.2.1/thumb/v7e-m/fpv4-sp/hard\libcr_eabihelpers.a(double.o)
                0x00003eac                __aeabi_dmul
 .text.__aeabi_ddiv
                0x00003fc8      0x138 c:/nxp/mcuxpressoide_10.2.0_759/ide/tools/bin/../lib/gcc/arm-none-eabi/7.2.1/thumb/v7e-m/fpv4-sp/hard\libcr_eabihelpers.a(double.o)
                0x00003fc8                __aeabi_ddiv
 .text.__aeabi_dsub
                0x00004100      0x1b4 c:/nxp/mcuxpressoide_10.2.0_759/ide/tools/bin/../lib/gcc/arm-none-eabi/7.2.1/thumb/v7e-m/fpv4-sp/hard\libcr_eabihelpers.a(double.o)
                0x00004100                __aeabi_dsub
 .text.__aeabi_dadd
                0x000042b4      0x10c c:/nxp/mcuxpressoide_10.2.0_759/ide/tools/bin/../lib/gcc/arm-none-eabi/7.2.1/thumb/v7e-m/fpv4-sp/hard\libcr_eabihelpers.a(double.o)
                0x000042b4                __aeabi_dadd
 .text.__aeabi_d2f
                0x000043c0       0x54 c:/nxp/mcuxpressoide_10.2.0_759/ide/tools/bin/../lib/gcc/arm-none-eabi/7.2.1/thumb/v7e-m/fpv4-sp/hard\libcr_eabihelpers.a(double.o)
                0x000043c0                __aeabi_d2f
 .text.__aeabi_d2iz
                0x00004414       0x40 c:/nxp/mcuxpressoide_10.2.0_759/ide/tools/bin/../lib/gcc/arm-none-eabi/7.2.1/thumb/v7e-m/fpv4-sp/hard\libcr_eabihelpers.a(double.o)
                0x00004414                __aeabi_d2iz
 .text.__bhs_ui2d
                0x00004454       0x46 c:/nxp/mcuxpressoide_10.2.0_759/ide/tools/bin/../lib/gcc/arm-none-eabi/7.2.1/thumb/v7e-m/fpv4-sp/hard\libcr_eabihelpers.a(double.o)
                0x00004454                __bhs_ui2d
 .text.__aeabi_i2d
                0x0000449a       0x12 c:/nxp/mcuxpressoide_10.2.0_759/ide/tools/bin/../lib/gcc/arm-none-eabi/7.2.1/thumb/v7e-m/fpv4-sp/hard\libcr_eabihelpers.a(double.o)
                0x0000449a                __aeabi_i2d
 .text.__aeabi_dcmpeq
                0x000044ac       0x30 c:/nxp/mcuxpressoide_10.2.0_759/ide/tools/bin/../lib/gcc/arm-none-eabi/7.2.1/thumb/v7e-m/fpv4-sp/hard\libcr_eabihelpers.a(double.o)
                0x000044ac                __aeabi_dcmpeq
 .text.__aeabi_dcmplt
                0x000044dc       0x58 c:/nxp/mcuxpressoide_10.2.0_759/ide/tools/bin/../lib/gcc/arm-none-eabi/7.2.1/thumb/v7e-m/fpv4-sp/hard\libcr_eabihelpers.a(double.o)
                0x000044dc                __aeabi_dcmplt
 .text.__aeabi_dcmpgt
                0x00004534       0x58 c:/nxp/mcuxpressoide_10.2.0_759/ide/tools/bin/../lib/gcc/arm-none-eabi/7.2.1/thumb/v7e-m/fpv4-sp/hard\libcr_eabihelpers.a(double.o)
                0x00004534                __aeabi_dcmpgt
 .text.__aeabi_dcmpge
                0x0000458c       0x58 c:/nxp/mcuxpressoide_10.2.0_759/ide/tools/bin/../lib/gcc/arm-none-eabi/7.2.1/thumb/v7e-m/fpv4-sp/hard\libcr_eabihelpers.a(double.o)
                0x0000458c                __aeabi_dcmpge
 .text.__aeabi_memset_lowlevel
                0x000045e4       0x32 c:/nxp/mcuxpressoide_10.2.0_759/ide/tools/bin/../lib/gcc/arm-none-eabi/7.2.1/thumb/v7e-m/fpv4-sp/hard\libcr_eabihelpers.a(memcpy.o)
                0x000045e4                __aeabi_lowlevel_memset
 .text.__sys_close
                0x00004616        0x6 c:/nxp/mcuxpressoide_10.2.0_759/ide/tools/bin/../lib/gcc/arm-none-eabi/7.2.1/../../../../arm-none-eabi/lib/thumb/v7e-m/fpv4-sp/hard\libcr_nohost_nf.a(__sys_close.o)
                0x00004616                __sys_close
 .text.__sys_flen
                0x0000461c        0x6 c:/nxp/mcuxpressoide_10.2.0_759/ide/tools/bin/../lib/gcc/arm-none-eabi/7.2.1/../../../../arm-none-eabi/lib/thumb/v7e-m/fpv4-sp/hard\libcr_nohost_nf.a(__sys_flen.o)
                0x0000461c                __sys_flen
 .text.__sys_istty
                0x00004622        0x6 c:/nxp/mcuxpressoide_10.2.0_759/ide/tools/bin/../lib/gcc/arm-none-eabi/7.2.1/../../../../arm-none-eabi/lib/thumb/v7e-m/fpv4-sp/hard\libcr_nohost_nf.a(__sys_istty.o)
                0x00004622                __sys_istty
 .text.__sys_remove
                0x00004628        0x6 c:/nxp/mcuxpressoide_10.2.0_759/ide/tools/bin/../lib/gcc/arm-none-eabi/7.2.1/../../../../arm-none-eabi/lib/thumb/v7e-m/fpv4-sp/hard\libcr_nohost_nf.a(__sys_remove.o)
                0x00004628                __sys_remove
 .text.__sys_seek
                0x0000462e        0x6 c:/nxp/mcuxpressoide_10.2.0_759/ide/tools/bin/../lib/gcc/arm-none-eabi/7.2.1/../../../../arm-none-eabi/lib/thumb/v7e-m/fpv4-sp/hard\libcr_nohost_nf.a(__sys_seek.o)
                0x0000462e                __sys_seek
 .text.__sys_tmpnam
                0x00004634        0x6 c:/nxp/mcuxpressoide_10.2.0_759/ide/tools/bin/../lib/gcc/arm-none-eabi/7.2.1/../../../../arm-none-eabi/lib/thumb/v7e-m/fpv4-sp/hard\libcr_nohost_nf.a(__sys_tmpnam.o)
                0x00004634                __sys_tmpnam
 .text.__sys_write
                0x0000463a        0x4 c:/nxp/mcuxpressoide_10.2.0_759/ide/tools/bin/../lib/gcc/arm-none-eabi/7.2.1/../../../../arm-none-eabi/lib/thumb/v7e-m/fpv4-sp/hard\libcr_nohost_nf.a(__sys_write.o)
                0x0000463a                __sys_write
 *(.rodata .rodata.* .constdata .constdata.*)
 *fill*         0x0000463e        0x2 ff
 .rodata        0x00004640        0x3 ./source/drv/i2c.o
 .rodata._initio.str1.1
                0x00004643        0x4 c:/nxp/mcuxpressoide_10.2.0_759/ide/tools/bin/../lib/gcc/arm-none-eabi/7.2.1/../../../../arm-none-eabi/lib/thumb/v7e-m/fpv4-sp/hard\libcr_c.a(initio.o)
 *fill*         0x00004647        0x1 ff
 .rodata.__huge_val
                0x00004648        0x8 c:/nxp/mcuxpressoide_10.2.0_759/ide/tools/bin/../lib/gcc/arm-none-eabi/7.2.1/../../../../arm-none-eabi/lib/thumb/v7e-m/fpv4-sp/hard\libcr_c.a(_hugeval.o)
                0x00004648                __huge_val
 .rodata.a.5195
                0x00004650       0x20 c:/nxp/mcuxpressoide_10.2.0_759/ide/tools/bin/../lib/gcc/arm-none-eabi/7.2.1/../../../../arm-none-eabi/lib/thumb/v7e-m/fpv4-sp/hard\libcr_c.a(atan.o)
 .rodata.__num_Ciob_streams
                0x00004670        0x4 c:/nxp/mcuxpressoide_10.2.0_759/ide/tools/bin/../lib/gcc/arm-none-eabi/7.2.1/../../../../arm-none-eabi/lib/thumb/v7e-m/fpv4-sp/hard\libcr_nohost_nf.a(__ciob.o)
                0x00004670                __num_Ciob_streams
                0x00004678                . = ALIGN (0x8)
 *fill*         0x00004674        0x4 ff

.glue_7         0x00004678        0x0
 .glue_7        0x00004678        0x0 linker stubs

.glue_7t        0x00004678        0x0
 .glue_7t       0x00004678        0x0 linker stubs

.vfp11_veneer   0x00004678        0x0
 .vfp11_veneer  0x00004678        0x0 linker stubs

.v4_bx          0x00004678        0x0
 .v4_bx         0x00004678        0x0 linker stubs

.iplt           0x00004678        0x0
 .iplt          0x00004678        0x0 ./source/drv/CAN_SPI.o

.rel.dyn        0x00004678        0x0
 .rel.iplt      0x00004678        0x0 ./source/drv/CAN_SPI.o

.ARM.extab
 *(.ARM.extab* .gnu.linkonce.armextab.*)
                0x00004678                __exidx_start = .

.ARM.exidx
 *(.ARM.exidx* .gnu.linkonce.armexidx.*)
                0x00004678                __exidx_end = .
                0x00004678                _etext = .

.m_usb_data
 *(m_usb_bdt)

.data_RAM2      0x1fff0000        0x0 load address 0x00004678
 FILL mask 0xff
                [!provide]                PROVIDE (__start_data_RAM2, .)
 *(.ramfunc.$RAM2)
 *(.ramfunc.$SRAM_LOWER)
 *(.data.$RAM2*)
 *(.data.$SRAM_LOWER*)
                0x1fff0000                . = ALIGN (0x8)
                [!provide]                PROVIDE (__end_data_RAM2, .)

.data_RAM3      0x14000000        0x0 load address 0x00004678
 FILL mask 0xff
                [!provide]                PROVIDE (__start_data_RAM3, .)
 *(.ramfunc.$RAM3)
 *(.ramfunc.$FLEX_RAM)
 *(.data.$RAM3*)
 *(.data.$FLEX_RAM*)
                0x14000000                . = ALIGN (0x8)
                [!provide]                PROVIDE (__end_data_RAM3, .)

.uninit_RESERVED
                0x20000000        0x0
 *(.bss.$RESERVED*)
                0x20000000                . = ALIGN (0x4)
                0x20000000                _end_uninit_RESERVED = .

.data           0x20000000      0x118 load address 0x00004678
 FILL mask 0xff
                0x20000000                _data = .
 *(vtable)
 *(.ramfunc*)
 *(.data*)
 .data.I2C_array
                0x20000000        0xc ./source/drv/i2c.o
                0x20000000                I2C_array
 .data.ICR2SCLDivider
                0x2000000c      0x100 ./source/drv/i2c.o
 .data.bufferPC
                0x2000010c        0x7 ./source/comunicationHandler.o
 *fill*         0x20000113        0x1 ff
 .data.writeAvailable
                0x20000114        0x4 ./source/comunicationHandler.o
                0x20000114                writeAvailable
                0x20000118                . = ALIGN (0x8)
                0x20000118                _edata = .

.igot.plt       0x20000118        0x0 load address 0x00004790
 .igot.plt      0x20000118        0x0 ./source/drv/CAN_SPI.o

.bss_RAM2       0x1fff0000        0x0
                [!provide]                PROVIDE (__start_bss_RAM2, .)
 *(.bss.$RAM2*)
 *(.bss.$SRAM_LOWER*)
                0x1fff0000                . = ALIGN ((. != 0x0)?0x8:0x1)
                [!provide]                PROVIDE (__end_bss_RAM2, .)

.bss_RAM3       0x14000000        0x0
                [!provide]                PROVIDE (__start_bss_RAM3, .)
 *(.bss.$RAM3*)
 *(.bss.$FLEX_RAM*)
                0x14000000                . = ALIGN ((. != 0x0)?0x8:0x1)
                [!provide]                PROVIDE (__end_bss_RAM3, .)

.bss            0x20000118      0x960
                0x20000118                _bss = .
 *(.bss*)
 .bss.can_spi_buffers
                0x20000118      0x264 ./source/drv/CAN_SPI.o
                0x20000118                can_spi_buffers
 .bss.transmitting
                0x2000037c        0x1 ./source/drv/CAN_SPI.o
 .bss.receiving
                0x2000037d        0x1 ./source/drv/CAN_SPI.o
 .bss.receiveState.7084
                0x2000037e        0x1 ./source/drv/CAN_SPI.o
 *fill*         0x2000037f        0x1 
 .bss.aux.7085  0x20000380       0x10 ./source/drv/CAN_SPI.o
 .bss.intStatus.7086
                0x20000390        0x1 ./source/drv/CAN_SPI.o
 .bss.sendState.7102
                0x20000391        0x1 ./source/drv/CAN_SPI.o
 *fill*         0x20000392        0x2 
 .bss.data_to_send.7104
                0x20000394       0x10 ./source/drv/CAN_SPI.o
 .bss.aux.7103  0x200003a4       0x10 ./source/drv/CAN_SPI.o
 .bss.rxStatus.7106
                0x200003b4        0x1 ./source/drv/CAN_SPI.o
 .bss.number_buffer.7105
                0x200003b5        0x1 ./source/drv/CAN_SPI.o
 *fill*         0x200003b6        0x2 
 .bss.spi_buffers
                0x200003b8       0xe0 ./source/drv/SPI.o
                0x200003b8                spi_buffers
 .bss.transfer_complete
                0x20000498        0x1 ./source/drv/SPI.o
 *fill*         0x20000499        0x3 
 .bss.externalCB
                0x2000049c        0x4 ./source/drv/SPI.o
 .bss.systick_Callback_Array
                0x200004a0       0xb4 ./source/drv/SysTick.o
 .bss.num_Callbacks
                0x20000554        0x4 ./source/drv/SysTick.o
 .bss.uart_buffers
                0x20000558      0x360 ./source/drv/UART.o
                0x20000558                uart_buffers
 .bss.Accel     0x200008b8       0x44 ./source/drv/accel.o
 .bss.I2C_Objects
                0x200008fc       0x60 ./source/drv/i2c.o
                0x200008fc                I2C_Objects
 .bss.fsm       0x2000095c        0x1 ./source/App.o
                0x2000095c                fsm
 *fill*         0x2000095d        0x3 
 .bss.AppBoard  0x20000960        0xc ./source/App.o
                0x20000960                AppBoard
 .bss.Boards    0x2000096c       0x48 ./source/comunicationHandler.o
 .bss.myGroup   0x200009b4        0x1 ./source/comunicationHandler.o
 *fill*         0x200009b5        0x3 
 .bss.__LDM_interruptDisableCount
                0x200009b8        0x4 ./SDK/startup/hardware.o
 .bss.errno     0x200009bc        0x4 c:/nxp/mcuxpressoide_10.2.0_759/ide/tools/bin/../lib/gcc/arm-none-eabi/7.2.1/../../../../arm-none-eabi/lib/thumb/v7e-m/fpv4-sp/hard\libcr_c.a(errno.o)
                0x200009bc                errno
 .bss.__Ciob    0x200009c0       0xb4 c:/nxp/mcuxpressoide_10.2.0_759/ide/tools/bin/../lib/gcc/arm-none-eabi/7.2.1/../../../../arm-none-eabi/lib/thumb/v7e-m/fpv4-sp/hard\libcr_nohost_nf.a(__ciob.o)
                0x200009c0                __Ciob
 *(COMMON)
                0x20000a78                . = ALIGN (0x8)
 *fill*         0x20000a74        0x4 
                0x20000a78                _ebss = .
                [!provide]                PROVIDE (end, .)

.noinit_RAM2    0x1fff0000        0x0
 *(.noinit.$RAM2*)
 *(.noinit.$SRAM_LOWER*)
                0x1fff0000                . = ALIGN (0x8)

.noinit_RAM3    0x14000000        0x0
 *(.noinit.$RAM3*)
 *(.noinit.$FLEX_RAM*)
                0x14000000                . = ALIGN (0x8)

.noinit         0x20000a78        0x0
                0x20000a78                _noinit = .
 *(.noinit*)
                0x20000a78                . = ALIGN (0x8)
                0x20000a78                _end_noinit = .
                0x00001000                _HeapSize = 0x1000

.heap           0x20000a78     0x1000
                0x20000a78                _pvHeapStart = .
                0x20001a78                . = (. + _HeapSize)
 *fill*         0x20000a78     0x1000 
                0x20001a78                . = ALIGN (0x8)
                0x20001a78                _pvHeapLimit = .
                0x00001000                _StackSize = 0x1000

.heap2stackfill
                0x20001a78     0x1000
                0x20002a78                . = (. + _StackSize)
 *fill*         0x20001a78     0x1000 

.stack          0x2002f000        0x0
                0x2002f000                _vStackBase = .
                0x2002f000                . = ALIGN (0x8)
                0x20030000                _vStackTop = (. + _StackSize)
                0x00000000                _image_start = LOADADDR (.text)
                0x00004790                _image_end = (LOADADDR (.data) + SIZEOF (.data))
                0x00004790                _image_size = (_image_end - _image_start)
OUTPUT(I2C.axf elf32-littlearm)

.debug_info     0x00000000     0x59db
 .debug_info    0x00000000      0x856 ./source/drv/CAN_SPI.o
 .debug_info    0x00000856      0xd6c ./source/drv/SPI.o
 .debug_info    0x000015c2      0x22f ./source/drv/SysTick.o
 .debug_info    0x000017f1      0xcbb ./source/drv/UART.o
 .debug_info    0x000024ac      0x364 ./source/drv/accel.o
 .debug_info    0x00002810      0x92b ./source/drv/gpio.o
 .debug_info    0x0000313b      0xc0d ./source/drv/i2c.o
 .debug_info    0x00003d48      0x222 ./source/App.o
 .debug_info    0x00003f6a      0x40c ./source/comunicationHandler.o
 .debug_info    0x00004376      0x6aa ./SDK/startup/hardware.o
 .debug_info    0x00004a20       0xec ./SDK/startup/main.o
 .debug_info    0x00004b0c      0x8b0 ./SDK/startup/startup_mk64f12.o
 .debug_info    0x000053bc      0x61f ./SDK/CMSIS/system_MK64F12.o

.debug_abbrev   0x00000000     0x1719
 .debug_abbrev  0x00000000      0x264 ./source/drv/CAN_SPI.o
 .debug_abbrev  0x00000264      0x2ed ./source/drv/SPI.o
 .debug_abbrev  0x00000551      0x169 ./source/drv/SysTick.o
 .debug_abbrev  0x000006ba      0x2df ./source/drv/UART.o
 .debug_abbrev  0x00000999      0x1ab ./source/drv/accel.o
 .debug_abbrev  0x00000b44      0x1d5 ./source/drv/gpio.o
 .debug_abbrev  0x00000d19      0x259 ./source/drv/i2c.o
 .debug_abbrev  0x00000f72      0x160 ./source/App.o
 .debug_abbrev  0x000010d2      0x1c7 ./source/comunicationHandler.o
 .debug_abbrev  0x00001299      0x14d ./SDK/startup/hardware.o
 .debug_abbrev  0x000013e6       0x9b ./SDK/startup/main.o
 .debug_abbrev  0x00001481      0x15c ./SDK/startup/startup_mk64f12.o
 .debug_abbrev  0x000015dd      0x13c ./SDK/CMSIS/system_MK64F12.o

.debug_aranges  0x00000000      0x750
 .debug_aranges
                0x00000000       0xb8 ./source/drv/CAN_SPI.o
 .debug_aranges
                0x000000b8       0x98 ./source/drv/SPI.o
 .debug_aranges
                0x00000150       0x30 ./source/drv/SysTick.o
 .debug_aranges
                0x00000180       0xa0 ./source/drv/UART.o
 .debug_aranges
                0x00000220       0x58 ./source/drv/accel.o
 .debug_aranges
                0x00000278       0x50 ./source/drv/gpio.o
 .debug_aranges
                0x000002c8       0x58 ./source/drv/i2c.o
 .debug_aranges
                0x00000320       0x40 ./source/App.o
 .debug_aranges
                0x00000360       0x48 ./source/comunicationHandler.o
 .debug_aranges
                0x000003a8       0x30 ./SDK/startup/hardware.o
 .debug_aranges
                0x000003d8       0x20 ./SDK/startup/main.o
 .debug_aranges
                0x000003f8      0x330 ./SDK/startup/startup_mk64f12.o
 .debug_aranges
                0x00000728       0x28 ./SDK/CMSIS/system_MK64F12.o

.debug_ranges   0x00000000      0x698
 .debug_ranges  0x00000000       0xa8 ./source/drv/CAN_SPI.o
 .debug_ranges  0x000000a8       0xa0 ./source/drv/SPI.o
 .debug_ranges  0x00000148       0x20 ./source/drv/SysTick.o
 .debug_ranges  0x00000168       0x90 ./source/drv/UART.o
 .debug_ranges  0x000001f8       0x48 ./source/drv/accel.o
 .debug_ranges  0x00000240       0x40 ./source/drv/gpio.o
 .debug_ranges  0x00000280       0x48 ./source/drv/i2c.o
 .debug_ranges  0x000002c8       0x30 ./source/App.o
 .debug_ranges  0x000002f8       0x38 ./source/comunicationHandler.o
 .debug_ranges  0x00000330       0x20 ./SDK/startup/hardware.o
 .debug_ranges  0x00000350       0x10 ./SDK/startup/main.o
 .debug_ranges  0x00000360      0x320 ./SDK/startup/startup_mk64f12.o
 .debug_ranges  0x00000680       0x18 ./SDK/CMSIS/system_MK64F12.o

.debug_macro    0x00000000    0x12596
 .debug_macro   0x00000000      0x1ad ./source/drv/CAN_SPI.o
 .debug_macro   0x000001ad      0xa7e ./source/drv/CAN_SPI.o
 .debug_macro   0x00000c2b       0x10 ./source/drv/CAN_SPI.o
 .debug_macro   0x00000c3b      0x12d ./source/drv/CAN_SPI.o
 .debug_macro   0x00000d68      0x5b2 ./source/drv/CAN_SPI.o
 .debug_macro   0x0000131a       0x22 ./source/drv/CAN_SPI.o
 .debug_macro   0x0000133c       0x10 ./source/drv/CAN_SPI.o
 .debug_macro   0x0000134c       0x5b ./source/drv/CAN_SPI.o
 .debug_macro   0x000013a7       0x3b ./source/drv/CAN_SPI.o
 .debug_macro   0x000013e2       0x50 ./source/drv/CAN_SPI.o
 .debug_macro   0x00001432      0xd40 ./source/drv/CAN_SPI.o
 .debug_macro   0x00002172       0x44 ./source/drv/CAN_SPI.o
 .debug_macro   0x000021b6     0xe07b ./source/drv/CAN_SPI.o
 .debug_macro   0x00010231     0x13c7 ./source/drv/CAN_SPI.o
 .debug_macro   0x000115f8       0x16 ./source/drv/CAN_SPI.o
 .debug_macro   0x0001160e       0x10 ./source/drv/CAN_SPI.o
 .debug_macro   0x0001161e       0x52 ./source/drv/CAN_SPI.o
 .debug_macro   0x00011670      0x101 ./source/drv/SPI.o
 .debug_macro   0x00011771       0xe9 ./source/drv/SysTick.o
 .debug_macro   0x0001185a       0x1c ./source/drv/SysTick.o
 .debug_macro   0x00011876       0xff ./source/drv/UART.o
 .debug_macro   0x00011975       0xf8 ./source/drv/accel.o
 .debug_macro   0x00011a6d      0x2f5 ./source/drv/accel.o
 .debug_macro   0x00011d62       0x22 ./source/drv/accel.o
 .debug_macro   0x00011d84       0xc4 ./source/drv/accel.o
 .debug_macro   0x00011e48       0xc3 ./source/drv/gpio.o
 .debug_macro   0x00011f0b      0x1bb ./source/drv/i2c.o
 .debug_macro   0x000120c6       0x58 ./source/drv/i2c.o
 .debug_macro   0x0001211e       0x40 ./source/drv/i2c.o
 .debug_macro   0x0001215e       0xf0 ./source/App.o
 .debug_macro   0x0001224e       0x10 ./source/App.o
 .debug_macro   0x0001225e       0xe1 ./source/comunicationHandler.o
 .debug_macro   0x0001233f       0xbb ./SDK/startup/hardware.o
 .debug_macro   0x000123fa       0xc4 ./SDK/startup/main.o
 .debug_macro   0x000124be       0x10 ./SDK/startup/main.o
 .debug_macro   0x000124ce       0x29 ./SDK/startup/startup_mk64f12.o
 .debug_macro   0x000124f7       0x9f ./SDK/CMSIS/system_MK64F12.o

.debug_line     0x00000000     0x303c
 .debug_line    0x00000000      0x5d2 ./source/drv/CAN_SPI.o
 .debug_line    0x000005d2      0x474 ./source/drv/SPI.o
 .debug_line    0x00000a46      0x2e1 ./source/drv/SysTick.o
 .debug_line    0x00000d27      0x463 ./source/drv/UART.o
 .debug_line    0x0000118a      0x2f7 ./source/drv/accel.o
 .debug_line    0x00001481      0x282 ./source/drv/gpio.o
 .debug_line    0x00001703      0x4c3 ./source/drv/i2c.o
 .debug_line    0x00001bc6      0x31f ./source/App.o
 .debug_line    0x00001ee5      0x36b ./source/comunicationHandler.o
 .debug_line    0x00002250      0x276 ./SDK/startup/hardware.o
 .debug_line    0x000024c6      0x28e ./SDK/startup/main.o
 .debug_line    0x00002754      0x6d8 ./SDK/startup/startup_mk64f12.o
 .debug_line    0x00002e2c      0x210 ./SDK/CMSIS/system_MK64F12.o

.debug_str      0x00000000    0x7b02b
 .debug_str     0x00000000    0x77bff ./source/drv/CAN_SPI.o
                              0x77cbb (size before relaxing)
 .debug_str     0x00077bff      0x8a9 ./source/drv/SPI.o
                              0x78010 (size before relaxing)
 .debug_str     0x000784a8      0x17b ./source/drv/SysTick.o
                              0x7780a (size before relaxing)
 .debug_str     0x00078623      0x28a ./source/drv/UART.o
                              0x77fce (size before relaxing)
 .debug_str     0x000788ad     0x1040 ./source/drv/accel.o
                              0x714bc (size before relaxing)
 .debug_str     0x000798ed      0x229 ./source/drv/gpio.o
                              0x70d5a (size before relaxing)
 .debug_str     0x00079b16      0x9a9 ./source/drv/i2c.o
                              0x787ad (size before relaxing)
 .debug_str     0x0007a4bf       0xce ./source/App.o
                              0x713f2 (size before relaxing)
 .debug_str     0x0007a58d      0x159 ./source/comunicationHandler.o
                              0x704f2 (size before relaxing)
 .debug_str     0x0007a6e6      0x167 ./SDK/startup/hardware.o
                              0x777aa (size before relaxing)
 .debug_str     0x0007a84d       0x1b ./SDK/startup/main.o
                              0x77599 (size before relaxing)
 .debug_str     0x0007a868      0x778 ./SDK/startup/startup_mk64f12.o
                               0x3612 (size before relaxing)
 .debug_str     0x0007afe0       0x4b ./SDK/CMSIS/system_MK64F12.o
                              0x776aa (size before relaxing)

.comment        0x00000000       0x7e
 .comment       0x00000000       0x7e ./source/drv/CAN_SPI.o
                                 0x7f (size before relaxing)
 .comment       0x0000007e       0x7f ./source/drv/SPI.o
 .comment       0x0000007e       0x7f ./source/drv/SysTick.o
 .comment       0x0000007e       0x7f ./source/drv/UART.o
 .comment       0x0000007e       0x7f ./source/drv/accel.o
 .comment       0x0000007e       0x7f ./source/drv/gpio.o
 .comment       0x0000007e       0x7f ./source/drv/i2c.o
 .comment       0x0000007e       0x7f ./source/App.o
 .comment       0x0000007e       0x7f ./source/comunicationHandler.o
 .comment       0x0000007e       0x7f ./SDK/startup/hardware.o
 .comment       0x0000007e       0x7f ./SDK/startup/main.o
 .comment       0x0000007e       0x7f ./SDK/startup/startup_mk64f12.o
 .comment       0x0000007e       0x7f ./SDK/CMSIS/system_MK64F12.o
 .comment       0x0000007e       0x7f c:/nxp/mcuxpressoide_10.2.0_759/ide/tools/bin/../lib/gcc/arm-none-eabi/7.2.1/../../../../arm-none-eabi/lib/thumb/v7e-m/fpv4-sp/hard\libcr_nohost_nf.a(_cr__main.o)
 .comment       0x0000007e       0x7f c:/nxp/mcuxpressoide_10.2.0_759/ide/tools/bin/../lib/gcc/arm-none-eabi/7.2.1/../../../../arm-none-eabi/lib/thumb/v7e-m/fpv4-sp/hard\libcr_c.a(atan2.o)
 .comment       0x0000007e       0x7f c:/nxp/mcuxpressoide_10.2.0_759/ide/tools/bin/../lib/gcc/arm-none-eabi/7.2.1/../../../../arm-none-eabi/lib/thumb/v7e-m/fpv4-sp/hard\libcr_c.a(errno.o)
 .comment       0x0000007e       0x7f c:/nxp/mcuxpressoide_10.2.0_759/ide/tools/bin/../lib/gcc/arm-none-eabi/7.2.1/../../../../arm-none-eabi/lib/thumb/v7e-m/fpv4-sp/hard\libcr_c.a(fabs.o)
 .comment       0x0000007e       0x7f c:/nxp/mcuxpressoide_10.2.0_759/ide/tools/bin/../lib/gcc/arm-none-eabi/7.2.1/../../../../arm-none-eabi/lib/thumb/v7e-m/fpv4-sp/hard\libcr_c.a(initio.o)
 .comment       0x0000007e       0x7f c:/nxp/mcuxpressoide_10.2.0_759/ide/tools/bin/../lib/gcc/arm-none-eabi/7.2.1/../../../../arm-none-eabi/lib/thumb/v7e-m/fpv4-sp/hard\libcr_c.a(setvbuf.o)
 .comment       0x0000007e       0x7f c:/nxp/mcuxpressoide_10.2.0_759/ide/tools/bin/../lib/gcc/arm-none-eabi/7.2.1/../../../../arm-none-eabi/lib/thumb/v7e-m/fpv4-sp/hard\libcr_c.a(_fdopen.o)
 .comment       0x0000007e       0x7f c:/nxp/mcuxpressoide_10.2.0_759/ide/tools/bin/../lib/gcc/arm-none-eabi/7.2.1/../../../../arm-none-eabi/lib/thumb/v7e-m/fpv4-sp/hard\libcr_c.a(_hugeval.o)
 .comment       0x0000007e       0x7f c:/nxp/mcuxpressoide_10.2.0_759/ide/tools/bin/../lib/gcc/arm-none-eabi/7.2.1/../../../../arm-none-eabi/lib/thumb/v7e-m/fpv4-sp/hard\libcr_c.a(atan.o)
 .comment       0x0000007e       0x7f c:/nxp/mcuxpressoide_10.2.0_759/ide/tools/bin/../lib/gcc/arm-none-eabi/7.2.1/../../../../arm-none-eabi/lib/thumb/v7e-m/fpv4-sp/hard\libcr_c.a(fclose.o)
 .comment       0x0000007e       0x7f c:/nxp/mcuxpressoide_10.2.0_759/ide/tools/bin/../lib/gcc/arm-none-eabi/7.2.1/../../../../arm-none-eabi/lib/thumb/v7e-m/fpv4-sp/hard\libcr_c.a(fflush.o)
 .comment       0x0000007e       0x7f c:/nxp/mcuxpressoide_10.2.0_759/ide/tools/bin/../lib/gcc/arm-none-eabi/7.2.1/../../../../arm-none-eabi/lib/thumb/v7e-m/fpv4-sp/hard\libcr_c.a(fseek.o)
 .comment       0x0000007e       0x7f c:/nxp/mcuxpressoide_10.2.0_759/ide/tools/bin/../lib/gcc/arm-none-eabi/7.2.1/../../../../arm-none-eabi/lib/thumb/v7e-m/fpv4-sp/hard\libcr_c.a(ftell.o)
 .comment       0x0000007e       0x7f c:/nxp/mcuxpressoide_10.2.0_759/ide/tools/bin/../lib/gcc/arm-none-eabi/7.2.1/../../../../arm-none-eabi/lib/thumb/v7e-m/fpv4-sp/hard\libcr_c.a(remove.o)
 .comment       0x0000007e       0x7f c:/nxp/mcuxpressoide_10.2.0_759/ide/tools/bin/../lib/gcc/arm-none-eabi/7.2.1/../../../../arm-none-eabi/lib/thumb/v7e-m/fpv4-sp/hard\libcr_c.a(strlen.o)
 .comment       0x0000007e       0x7f c:/nxp/mcuxpressoide_10.2.0_759/ide/tools/bin/../lib/gcc/arm-none-eabi/7.2.1/../../../../arm-none-eabi/lib/thumb/v7e-m/fpv4-sp/hard\libcr_c.a(memset.o)
 .comment       0x0000007e       0x7f c:/nxp/mcuxpressoide_10.2.0_759/ide/tools/bin/../lib/gcc/arm-none-eabi/7.2.1/../../../../arm-none-eabi/lib/thumb/v7e-m/fpv4-sp/hard\libcr_c.a(_do_fflush.o)
 .comment       0x0000007e       0x7f c:/nxp/mcuxpressoide_10.2.0_759/ide/tools/bin/../lib/gcc/arm-none-eabi/7.2.1/../../../../arm-none-eabi/lib/thumb/v7e-m/fpv4-sp/hard\libcr_c.a(_fflush.o)
 .comment       0x0000007e       0x7f c:/nxp/mcuxpressoide_10.2.0_759/ide/tools/bin/../lib/gcc/arm-none-eabi/7.2.1/../../../../arm-none-eabi/lib/thumb/v7e-m/fpv4-sp/hard\libcr_c.a(_writebuf.o)
 .comment       0x0000007e       0x7f c:/nxp/mcuxpressoide_10.2.0_759/ide/tools/bin/../lib/gcc/arm-none-eabi/7.2.1/../../../../arm-none-eabi/lib/thumb/v7e-m/fpv4-sp/hard\libcr_c.a(alloc.o)
 .comment       0x0000007e       0x7f c:/nxp/mcuxpressoide_10.2.0_759/ide/tools/bin/../lib/gcc/arm-none-eabi/7.2.1/../../../../arm-none-eabi/lib/thumb/v7e-m/fpv4-sp/hard\libcr_c.a(_deferredlazyseek.o)
 .comment       0x0000007e       0x7f c:/nxp/mcuxpressoide_10.2.0_759/ide/tools/bin/../lib/gcc/arm-none-eabi/7.2.1/thumb/v7e-m/fpv4-sp/hard\libcr_eabihelpers.a(double.o)
 .comment       0x0000007e       0x7f c:/nxp/mcuxpressoide_10.2.0_759/ide/tools/bin/../lib/gcc/arm-none-eabi/7.2.1/../../../../arm-none-eabi/lib/thumb/v7e-m/fpv4-sp/hard\libcr_nohost_nf.a(__ciob.o)
 .comment       0x0000007e       0x7f c:/nxp/mcuxpressoide_10.2.0_759/ide/tools/bin/../lib/gcc/arm-none-eabi/7.2.1/../../../../arm-none-eabi/lib/thumb/v7e-m/fpv4-sp/hard\libcr_nohost_nf.a(__sys_close.o)
 .comment       0x0000007e       0x7f c:/nxp/mcuxpressoide_10.2.0_759/ide/tools/bin/../lib/gcc/arm-none-eabi/7.2.1/../../../../arm-none-eabi/lib/thumb/v7e-m/fpv4-sp/hard\libcr_nohost_nf.a(__sys_flen.o)
 .comment       0x0000007e       0x7f c:/nxp/mcuxpressoide_10.2.0_759/ide/tools/bin/../lib/gcc/arm-none-eabi/7.2.1/../../../../arm-none-eabi/lib/thumb/v7e-m/fpv4-sp/hard\libcr_nohost_nf.a(__sys_istty.o)
 .comment       0x0000007e       0x7f c:/nxp/mcuxpressoide_10.2.0_759/ide/tools/bin/../lib/gcc/arm-none-eabi/7.2.1/../../../../arm-none-eabi/lib/thumb/v7e-m/fpv4-sp/hard\libcr_nohost_nf.a(__sys_remove.o)
 .comment       0x0000007e       0x7f c:/nxp/mcuxpressoide_10.2.0_759/ide/tools/bin/../lib/gcc/arm-none-eabi/7.2.1/../../../../arm-none-eabi/lib/thumb/v7e-m/fpv4-sp/hard\libcr_nohost_nf.a(__sys_seek.o)
 .comment       0x0000007e       0x7f c:/nxp/mcuxpressoide_10.2.0_759/ide/tools/bin/../lib/gcc/arm-none-eabi/7.2.1/../../../../arm-none-eabi/lib/thumb/v7e-m/fpv4-sp/hard\libcr_nohost_nf.a(__sys_tmpnam.o)
 .comment       0x0000007e       0x7f c:/nxp/mcuxpressoide_10.2.0_759/ide/tools/bin/../lib/gcc/arm-none-eabi/7.2.1/../../../../arm-none-eabi/lib/thumb/v7e-m/fpv4-sp/hard\libcr_nohost_nf.a(__sys_write.o)

.ARM.attributes
                0x00000000       0x37
 .ARM.attributes
                0x00000000       0x39 ./source/drv/CAN_SPI.o
 .ARM.attributes
                0x00000039       0x39 ./source/drv/SPI.o
 .ARM.attributes
                0x00000072       0x39 ./source/drv/SysTick.o
 .ARM.attributes
                0x000000ab       0x39 ./source/drv/UART.o
 .ARM.attributes
                0x000000e4       0x39 ./source/drv/accel.o
 .ARM.attributes
                0x0000011d       0x39 ./source/drv/gpio.o
 .ARM.attributes
                0x00000156       0x39 ./source/drv/i2c.o
 .ARM.attributes
                0x0000018f       0x39 ./source/App.o
 .ARM.attributes
                0x000001c8       0x39 ./source/comunicationHandler.o
 .ARM.attributes
                0x00000201       0x39 ./SDK/startup/hardware.o
 .ARM.attributes
                0x0000023a       0x39 ./SDK/startup/main.o
 .ARM.attributes
                0x00000273       0x39 ./SDK/startup/startup_mk64f12.o
 .ARM.attributes
                0x000002ac       0x39 ./SDK/CMSIS/system_MK64F12.o
 .ARM.attributes
                0x000002e5       0x39 c:/nxp/mcuxpressoide_10.2.0_759/ide/tools/bin/../lib/gcc/arm-none-eabi/7.2.1/../../../../arm-none-eabi/lib/thumb/v7e-m/fpv4-sp/hard\libcr_nohost_nf.a(_cr__main.o)
 .ARM.attributes
                0x0000031e       0x39 c:/nxp/mcuxpressoide_10.2.0_759/ide/tools/bin/../lib/gcc/arm-none-eabi/7.2.1/../../../../arm-none-eabi/lib/thumb/v7e-m/fpv4-sp/hard\libcr_c.a(atan2.o)
 .ARM.attributes
                0x00000357       0x39 c:/nxp/mcuxpressoide_10.2.0_759/ide/tools/bin/../lib/gcc/arm-none-eabi/7.2.1/../../../../arm-none-eabi/lib/thumb/v7e-m/fpv4-sp/hard\libcr_c.a(errno.o)
 .ARM.attributes
                0x00000390       0x39 c:/nxp/mcuxpressoide_10.2.0_759/ide/tools/bin/../lib/gcc/arm-none-eabi/7.2.1/../../../../arm-none-eabi/lib/thumb/v7e-m/fpv4-sp/hard\libcr_c.a(fabs.o)
 .ARM.attributes
                0x000003c9       0x39 c:/nxp/mcuxpressoide_10.2.0_759/ide/tools/bin/../lib/gcc/arm-none-eabi/7.2.1/../../../../arm-none-eabi/lib/thumb/v7e-m/fpv4-sp/hard\libcr_c.a(initio.o)
 .ARM.attributes
                0x00000402       0x39 c:/nxp/mcuxpressoide_10.2.0_759/ide/tools/bin/../lib/gcc/arm-none-eabi/7.2.1/../../../../arm-none-eabi/lib/thumb/v7e-m/fpv4-sp/hard\libcr_c.a(setvbuf.o)
 .ARM.attributes
                0x0000043b       0x39 c:/nxp/mcuxpressoide_10.2.0_759/ide/tools/bin/../lib/gcc/arm-none-eabi/7.2.1/../../../../arm-none-eabi/lib/thumb/v7e-m/fpv4-sp/hard\libcr_c.a(_fdopen.o)
 .ARM.attributes
                0x00000474       0x39 c:/nxp/mcuxpressoide_10.2.0_759/ide/tools/bin/../lib/gcc/arm-none-eabi/7.2.1/../../../../arm-none-eabi/lib/thumb/v7e-m/fpv4-sp/hard\libcr_c.a(_hugeval.o)
 .ARM.attributes
                0x000004ad       0x39 c:/nxp/mcuxpressoide_10.2.0_759/ide/tools/bin/../lib/gcc/arm-none-eabi/7.2.1/../../../../arm-none-eabi/lib/thumb/v7e-m/fpv4-sp/hard\libcr_c.a(atan.o)
 .ARM.attributes
                0x000004e6       0x39 c:/nxp/mcuxpressoide_10.2.0_759/ide/tools/bin/../lib/gcc/arm-none-eabi/7.2.1/../../../../arm-none-eabi/lib/thumb/v7e-m/fpv4-sp/hard\libcr_c.a(fclose.o)
 .ARM.attributes
                0x0000051f       0x39 c:/nxp/mcuxpressoide_10.2.0_759/ide/tools/bin/../lib/gcc/arm-none-eabi/7.2.1/../../../../arm-none-eabi/lib/thumb/v7e-m/fpv4-sp/hard\libcr_c.a(fflush.o)
 .ARM.attributes
                0x00000558       0x39 c:/nxp/mcuxpressoide_10.2.0_759/ide/tools/bin/../lib/gcc/arm-none-eabi/7.2.1/../../../../arm-none-eabi/lib/thumb/v7e-m/fpv4-sp/hard\libcr_c.a(fseek.o)
 .ARM.attributes
                0x00000591       0x39 c:/nxp/mcuxpressoide_10.2.0_759/ide/tools/bin/../lib/gcc/arm-none-eabi/7.2.1/../../../../arm-none-eabi/lib/thumb/v7e-m/fpv4-sp/hard\libcr_c.a(ftell.o)
 .ARM.attributes
                0x000005ca       0x39 c:/nxp/mcuxpressoide_10.2.0_759/ide/tools/bin/../lib/gcc/arm-none-eabi/7.2.1/../../../../arm-none-eabi/lib/thumb/v7e-m/fpv4-sp/hard\libcr_c.a(remove.o)
 .ARM.attributes
                0x00000603       0x39 c:/nxp/mcuxpressoide_10.2.0_759/ide/tools/bin/../lib/gcc/arm-none-eabi/7.2.1/../../../../arm-none-eabi/lib/thumb/v7e-m/fpv4-sp/hard\libcr_c.a(strlen.o)
 .ARM.attributes
                0x0000063c       0x39 c:/nxp/mcuxpressoide_10.2.0_759/ide/tools/bin/../lib/gcc/arm-none-eabi/7.2.1/../../../../arm-none-eabi/lib/thumb/v7e-m/fpv4-sp/hard\libcr_c.a(memset.o)
 .ARM.attributes
                0x00000675       0x39 c:/nxp/mcuxpressoide_10.2.0_759/ide/tools/bin/../lib/gcc/arm-none-eabi/7.2.1/../../../../arm-none-eabi/lib/thumb/v7e-m/fpv4-sp/hard\libcr_c.a(_do_fflush.o)
 .ARM.attributes
                0x000006ae       0x39 c:/nxp/mcuxpressoide_10.2.0_759/ide/tools/bin/../lib/gcc/arm-none-eabi/7.2.1/../../../../arm-none-eabi/lib/thumb/v7e-m/fpv4-sp/hard\libcr_c.a(_fflush.o)
 .ARM.attributes
                0x000006e7       0x39 c:/nxp/mcuxpressoide_10.2.0_759/ide/tools/bin/../lib/gcc/arm-none-eabi/7.2.1/../../../../arm-none-eabi/lib/thumb/v7e-m/fpv4-sp/hard\libcr_c.a(_writebuf.o)
 .ARM.attributes
                0x00000720       0x39 c:/nxp/mcuxpressoide_10.2.0_759/ide/tools/bin/../lib/gcc/arm-none-eabi/7.2.1/../../../../arm-none-eabi/lib/thumb/v7e-m/fpv4-sp/hard\libcr_c.a(alloc.o)
 .ARM.attributes
                0x00000759       0x39 c:/nxp/mcuxpressoide_10.2.0_759/ide/tools/bin/../lib/gcc/arm-none-eabi/7.2.1/../../../../arm-none-eabi/lib/thumb/v7e-m/fpv4-sp/hard\libcr_c.a(_deferredlazyseek.o)
 .ARM.attributes
                0x00000792       0x39 c:/nxp/mcuxpressoide_10.2.0_759/ide/tools/bin/../lib/gcc/arm-none-eabi/7.2.1/thumb/v7e-m/fpv4-sp/hard\libcr_eabihelpers.a(double.o)
 .ARM.attributes
                0x000007cb       0x25 c:/nxp/mcuxpressoide_10.2.0_759/ide/tools/bin/../lib/gcc/arm-none-eabi/7.2.1/thumb/v7e-m/fpv4-sp/hard\libcr_eabihelpers.a(memcpy.o)
 .ARM.attributes
                0x000007f0       0x39 c:/nxp/mcuxpressoide_10.2.0_759/ide/tools/bin/../lib/gcc/arm-none-eabi/7.2.1/../../../../arm-none-eabi/lib/thumb/v7e-m/fpv4-sp/hard\libcr_nohost_nf.a(__ciob.o)
 .ARM.attributes
                0x00000829       0x39 c:/nxp/mcuxpressoide_10.2.0_759/ide/tools/bin/../lib/gcc/arm-none-eabi/7.2.1/../../../../arm-none-eabi/lib/thumb/v7e-m/fpv4-sp/hard\libcr_nohost_nf.a(__sys_close.o)
 .ARM.attributes
                0x00000862       0x39 c:/nxp/mcuxpressoide_10.2.0_759/ide/tools/bin/../lib/gcc/arm-none-eabi/7.2.1/../../../../arm-none-eabi/lib/thumb/v7e-m/fpv4-sp/hard\libcr_nohost_nf.a(__sys_flen.o)
 .ARM.attributes
                0x0000089b       0x39 c:/nxp/mcuxpressoide_10.2.0_759/ide/tools/bin/../lib/gcc/arm-none-eabi/7.2.1/../../../../arm-none-eabi/lib/thumb/v7e-m/fpv4-sp/hard\libcr_nohost_nf.a(__sys_istty.o)
 .ARM.attributes
                0x000008d4       0x39 c:/nxp/mcuxpressoide_10.2.0_759/ide/tools/bin/../lib/gcc/arm-none-eabi/7.2.1/../../../../arm-none-eabi/lib/thumb/v7e-m/fpv4-sp/hard\libcr_nohost_nf.a(__sys_remove.o)
 .ARM.attributes
                0x0000090d       0x39 c:/nxp/mcuxpressoide_10.2.0_759/ide/tools/bin/../lib/gcc/arm-none-eabi/7.2.1/../../../../arm-none-eabi/lib/thumb/v7e-m/fpv4-sp/hard\libcr_nohost_nf.a(__sys_seek.o)
 .ARM.attributes
                0x00000946       0x39 c:/nxp/mcuxpressoide_10.2.0_759/ide/tools/bin/../lib/gcc/arm-none-eabi/7.2.1/../../../../arm-none-eabi/lib/thumb/v7e-m/fpv4-sp/hard\libcr_nohost_nf.a(__sys_tmpnam.o)
 .ARM.attributes
                0x0000097f       0x39 c:/nxp/mcuxpressoide_10.2.0_759/ide/tools/bin/../lib/gcc/arm-none-eabi/7.2.1/../../../../arm-none-eabi/lib/thumb/v7e-m/fpv4-sp/hard\libcr_nohost_nf.a(__sys_write.o)

.debug_frame    0x00000000     0x1a2c
 .debug_frame   0x00000000      0x334 ./source/drv/CAN_SPI.o
 .debug_frame   0x00000334      0x280 ./source/drv/SPI.o
 .debug_frame   0x000005b4       0x98 ./source/drv/SysTick.o
 .debug_frame   0x0000064c      0x2fc ./source/drv/UART.o
 .debug_frame   0x00000948      0x144 ./source/drv/accel.o
 .debug_frame   0x00000a8c      0x12c ./source/drv/gpio.o
 .debug_frame   0x00000bb8      0x144 ./source/drv/i2c.o
 .debug_frame   0x00000cfc       0xb8 ./source/App.o
 .debug_frame   0x00000db4      0x110 ./source/comunicationHandler.o
 .debug_frame   0x00000ec4       0x7c ./SDK/startup/hardware.o
 .debug_frame   0x00000f40       0x2c ./SDK/startup/main.o
 .debug_frame   0x00000f6c      0xa60 ./SDK/startup/startup_mk64f12.o
 .debug_frame   0x000019cc       0x60 ./SDK/CMSIS/system_MK64F12.o
