Archive member included to satisfy reference by file (symbol)

/Applications/MCUXpressoIDE_11.8.0_1165/ide/plugins/com.nxp.mcuxpresso.tools.macosx_11.8.0.202306131047/tools/bin/../lib/gcc/arm-none-eabi/12.2.1/../../../../arm-none-eabi/lib/thumb/v7e-m+fp/hard/libcr_nohost_nf.a(_cr__main.o)
                              ./SDK/startup/startup_mk64f12.o (__main)
/Applications/MCUXpressoIDE_11.8.0_1165/ide/plugins/com.nxp.mcuxpresso.tools.macosx_11.8.0.202306131047/tools/bin/../lib/gcc/arm-none-eabi/12.2.1/../../../../arm-none-eabi/lib/thumb/v7e-m+fp/hard/libcr_c.a(atan2.o)
                              ./source/drv/accel.o (atan2)
/Applications/MCUXpressoIDE_11.8.0_1165/ide/plugins/com.nxp.mcuxpresso.tools.macosx_11.8.0.202306131047/tools/bin/../lib/gcc/arm-none-eabi/12.2.1/../../../../arm-none-eabi/lib/thumb/v7e-m+fp/hard/libcr_c.a(errno.o)
                              /Applications/MCUXpressoIDE_11.8.0_1165/ide/plugins/com.nxp.mcuxpresso.tools.macosx_11.8.0.202306131047/tools/bin/../lib/gcc/arm-none-eabi/12.2.1/../../../../arm-none-eabi/lib/thumb/v7e-m+fp/hard/libcr_c.a(atan2.o) (errno)
/Applications/MCUXpressoIDE_11.8.0_1165/ide/plugins/com.nxp.mcuxpresso.tools.macosx_11.8.0.202306131047/tools/bin/../lib/gcc/arm-none-eabi/12.2.1/../../../../arm-none-eabi/lib/thumb/v7e-m+fp/hard/libcr_c.a(fabs.o)
                              ./source/App.o (fabs)
/Applications/MCUXpressoIDE_11.8.0_1165/ide/plugins/com.nxp.mcuxpresso.tools.macosx_11.8.0.202306131047/tools/bin/../lib/gcc/arm-none-eabi/12.2.1/../../../../arm-none-eabi/lib/thumb/v7e-m+fp/hard/libcr_c.a(initio.o)
                              /Applications/MCUXpressoIDE_11.8.0_1165/ide/plugins/com.nxp.mcuxpresso.tools.macosx_11.8.0.202306131047/tools/bin/../lib/gcc/arm-none-eabi/12.2.1/../../../../arm-none-eabi/lib/thumb/v7e-m+fp/hard/libcr_nohost_nf.a(_cr__main.o) (_initio)
/Applications/MCUXpressoIDE_11.8.0_1165/ide/plugins/com.nxp.mcuxpresso.tools.macosx_11.8.0.202306131047/tools/bin/../lib/gcc/arm-none-eabi/12.2.1/../../../../arm-none-eabi/lib/thumb/v7e-m+fp/hard/libcr_c.a(setvbuf.o)
                              /Applications/MCUXpressoIDE_11.8.0_1165/ide/plugins/com.nxp.mcuxpresso.tools.macosx_11.8.0.202306131047/tools/bin/../lib/gcc/arm-none-eabi/12.2.1/../../../../arm-none-eabi/lib/thumb/v7e-m+fp/hard/libcr_c.a(initio.o) (setvbuf)
/Applications/MCUXpressoIDE_11.8.0_1165/ide/plugins/com.nxp.mcuxpresso.tools.macosx_11.8.0.202306131047/tools/bin/../lib/gcc/arm-none-eabi/12.2.1/../../../../arm-none-eabi/lib/thumb/v7e-m+fp/hard/libcr_c.a(_fdopen.o)
                              /Applications/MCUXpressoIDE_11.8.0_1165/ide/plugins/com.nxp.mcuxpresso.tools.macosx_11.8.0.202306131047/tools/bin/../lib/gcc/arm-none-eabi/12.2.1/../../../../arm-none-eabi/lib/thumb/v7e-m+fp/hard/libcr_c.a(initio.o) (_fdopen)
/Applications/MCUXpressoIDE_11.8.0_1165/ide/plugins/com.nxp.mcuxpresso.tools.macosx_11.8.0.202306131047/tools/bin/../lib/gcc/arm-none-eabi/12.2.1/../../../../arm-none-eabi/lib/thumb/v7e-m+fp/hard/libcr_c.a(atan.o)
                              /Applications/MCUXpressoIDE_11.8.0_1165/ide/plugins/com.nxp.mcuxpresso.tools.macosx_11.8.0.202306131047/tools/bin/../lib/gcc/arm-none-eabi/12.2.1/../../../../arm-none-eabi/lib/thumb/v7e-m+fp/hard/libcr_c.a(atan2.o) (atan)
/Applications/MCUXpressoIDE_11.8.0_1165/ide/plugins/com.nxp.mcuxpresso.tools.macosx_11.8.0.202306131047/tools/bin/../lib/gcc/arm-none-eabi/12.2.1/../../../../arm-none-eabi/lib/thumb/v7e-m+fp/hard/libcr_c.a(fclose.o)
                              /Applications/MCUXpressoIDE_11.8.0_1165/ide/plugins/com.nxp.mcuxpresso.tools.macosx_11.8.0.202306131047/tools/bin/../lib/gcc/arm-none-eabi/12.2.1/../../../../arm-none-eabi/lib/thumb/v7e-m+fp/hard/libcr_c.a(initio.o) (fclose)
/Applications/MCUXpressoIDE_11.8.0_1165/ide/plugins/com.nxp.mcuxpresso.tools.macosx_11.8.0.202306131047/tools/bin/../lib/gcc/arm-none-eabi/12.2.1/../../../../arm-none-eabi/lib/thumb/v7e-m+fp/hard/libcr_c.a(fflush.o)
                              /Applications/MCUXpressoIDE_11.8.0_1165/ide/plugins/com.nxp.mcuxpresso.tools.macosx_11.8.0.202306131047/tools/bin/../lib/gcc/arm-none-eabi/12.2.1/../../../../arm-none-eabi/lib/thumb/v7e-m+fp/hard/libcr_c.a(fclose.o) (fflush)
/Applications/MCUXpressoIDE_11.8.0_1165/ide/plugins/com.nxp.mcuxpresso.tools.macosx_11.8.0.202306131047/tools/bin/../lib/gcc/arm-none-eabi/12.2.1/../../../../arm-none-eabi/lib/thumb/v7e-m+fp/hard/libcr_c.a(fseek.o)
                              /Applications/MCUXpressoIDE_11.8.0_1165/ide/plugins/com.nxp.mcuxpresso.tools.macosx_11.8.0.202306131047/tools/bin/../lib/gcc/arm-none-eabi/12.2.1/../../../../arm-none-eabi/lib/thumb/v7e-m+fp/hard/libcr_c.a(_fdopen.o) (fseek)
/Applications/MCUXpressoIDE_11.8.0_1165/ide/plugins/com.nxp.mcuxpresso.tools.macosx_11.8.0.202306131047/tools/bin/../lib/gcc/arm-none-eabi/12.2.1/../../../../arm-none-eabi/lib/thumb/v7e-m+fp/hard/libcr_c.a(ftell.o)
[...]
Memory Configuration

Name             Origin             Length             Attributes
PROGRAM_FLASH    0x0000000000000000 0x0000000000100000 xr
SRAM_UPPER       0x0000000020000000 0x0000000000030000 xrw
SRAM_LOWER       0x000000001fff0000 0x0000000000010000 xrw
FLEX_RAM         0x0000000014000000 0x0000000000001000 xrw
*default*        0x0000000000000000 0xffffffffffffffff

Linker script and memory map

LOAD ./source/drv/CAN_SPI.o
LOAD ./source/drv/SPI.o
LOAD ./source/drv/SysTick.o
LOAD ./source/drv/UART.o
LOAD ./source/drv/accel.o
LOAD ./source/drv/gpio.o
LOAD ./source/drv/i2c.o
LOAD ./source/App.o
LOAD ./source/comunicationHandler.o
LOAD ./SDK/startup/hardware.o
LOAD ./SDK/startup/main.o
LOAD ./SDK/startup/startup_mk64f12.o
LOAD ./SDK/CMSIS/system_MK64F12.o
START GROUP
LOAD /Applications/MCUXpressoIDE_11.8.0_1165/ide/plugins/com.nxp.mcuxpresso.tools.macosx_11.8.0.202306131047/tools/bin/../lib/gcc/arm-none-eabi/12.2.1/../../../../arm-none-eabi/lib/thumb/v7e-m+fp/hard/libcr_nohost_nf.a
LOAD /Applications/MCUXpressoIDE_11.8.0_1165/ide/plugins/com.nxp.mcuxpresso.tools.macosx_11.8.0.202306131047/tools/bin/../lib/gcc/arm-none-eabi/12.2.1/../../../../arm-none-eabi/lib/thumb/v7e-m+fp/hard/libcr_c.a
LOAD /Applications/MCUXpressoIDE_11.8.0_1165/ide/plugins/com.nxp.mcuxpresso.tools.macosx_11.8.0.202306131047/tools/bin/../lib/gcc/arm-none-eabi/12.2.1/thumb/v7e-m+fp/hard/libcr_eabihelpers.a
LOAD /Applications/MCUXpressoIDE_11.8.0_1165/ide/plugins/com.nxp.mcuxpresso.tools.macosx_11.8.0.202306131047/tools/bin/../lib/gcc/arm-none-eabi/12.2.1/thumb/v7e-m+fp/hard/libgcc.a
END GROUP
                0x0000000000000000                __base_PROGRAM_FLASH = 0x0
                0x0000000000000000                __base_Flash = 0x0
                0x0000000000100000                __top_PROGRAM_FLASH = 0x100000
                0x0000000000100000                __top_Flash = 0x100000
                0x0000000020000000                __base_SRAM_UPPER = 0x20000000
                0x0000000020000000                __base_RAM = 0x20000000
                0x0000000020030000                __top_SRAM_UPPER = 0x20030000
                0x0000000020030000                __top_RAM = 0x20030000
                0x000000001fff0000                __base_SRAM_LOWER = 0x1fff0000
                0x000000001fff0000                __base_RAM2 = 0x1fff0000
                0x0000000020000000                __top_SRAM_LOWER = 0x20000000
                0x0000000020000000                __top_RAM2 = 0x20000000
                0x0000000014000000                __base_FLEX_RAM = 0x14000000
                0x0000000014000000                __base_RAM3 = 0x14000000
                0x0000000014001000                __top_FLEX_RAM = 0x14001000
                0x0000000014001000                __top_RAM3 = 0x14001000

.text           0x0000000000000000     0x4650
 FILL mask 0xff
                0x0000000000000000                __vectors_start__ = ABSOLUTE (.)
 *(.isr_vector)
 .isr_vector    0x0000000000000000      0x198 ./SDK/startup/startup_mk64f12.o
                0x0000000000000000                __Vectors
                0x0000000000000000                g_pfnVectors
                0x0000000000000198                . = ALIGN (0x4)
                0x0000000000000198                __section_table_start = .
                0x0000000000000198                __data_section_table = .
                0x0000000000000198        0x4 LONG 0x4650 LOADADDR (.data)
                0x000000000000019c        0x4 LONG 0x20000000 ADDR (.data)
                0x00000000000001a0        0x4 LONG 0x120 SIZEOF (.data)
                0x00000000000001a4        0x4 LONG 0x4650 LOADADDR (.data_RAM2)
                0x00000000000001a8        0x4 LONG 0x1fff0000 ADDR (.data_RAM2)
                0x00000000000001ac        0x4 LONG 0x0 SIZEOF (.data_RAM2)
                0x00000000000001b0        0x4 LONG 0x4650 LOADADDR (.data_RAM3)
                0x00000000000001b4        0x4 LONG 0x14000000 ADDR (.data_RAM3)
                0x00000000000001b8        0x4 LONG 0x0 SIZEOF (.data_RAM3)
                0x00000000000001bc                __data_section_table_end = .
                0x00000000000001bc                __bss_section_table = .
                0x00000000000001bc        0x4 LONG 0x20000120 ADDR (.bss)
                0x00000000000001c0        0x4 LONG 0x968 SIZEOF (.bss)
                0x00000000000001c4        0x4 LONG 0x1fff0000 ADDR (.bss_RAM2)
                0x00000000000001c8        0x4 LONG 0x0 SIZEOF (.bss_RAM2)
                0x00000000000001cc        0x4 LONG 0x14000000 ADDR (.bss_RAM3)
                0x00000000000001d0        0x4 LONG 0x0 SIZEOF (.bss_RAM3)
                0x00000000000001d4                __bss_section_table_end = .
                0x00000000000001d4                __section_table_end = .
 *(.after_vectors*)
 .after_vectors.init_data
                0x00000000000001d4       0x1e ./SDK/startup/startup_mk64f12.o
                0x00000000000001d4                data_init
 .after_vectors.init_bss
                0x00000000000001f2       0x12 ./SDK/startup/startup_mk64f12.o
                0x00000000000001f2                bss_init
 .after_vectors.reset
                0x0000000000000204       0x4c ./SDK/startup/startup_mk64f12.o
                0x0000000000000204                ResetISR
 .after_vectors
                0x0000000000000250       0x14 ./SDK/startup/startup_mk64f12.o
                0x0000000000000250                NMI_Handler
                0x0000000000000252                HardFault_Handler
                0x0000000000000254                MemManage_Handler
                0x0000000000000256                BusFault_Handler
                0x0000000000000258                UsageFault_Handler
                0x000000000000025a                SVC_Handler
                0x000000000000025c                DebugMon_Handler
                0x000000000000025e                PendSV_Handler
                0x0000000000000262                FTM2_DriverIRQHandler
                0x0000000000000262                PIT2_DriverIRQHandler
                0x0000000000000262                SDHC_DriverIRQHandler
                0x0000000000000262                I2S0_Tx_DriverIRQHandler
                0x0000000000000262                RTC_Seconds_DriverIRQHandler
                0x0000000000000262                DMA6_DriverIRQHandler
                0x0000000000000262                LLWU_DriverIRQHandler
                0x0000000000000262                MCM_DriverIRQHandler
                0x0000000000000262                MCG_DriverIRQHandler
                0x0000000000000262                ENET_1588_Timer_DriverIRQHandler
                0x0000000000000262                I2C2_DriverIRQHandler
                0x0000000000000262                DAC1_DriverIRQHandler
                0x0000000000000262                CMP1_DriverIRQHandler
                0x0000000000000262                UART5_RX_TX_DriverIRQHandler
                0x0000000000000262                FTM0_DriverIRQHandler
                0x0000000000000262                IntDefaultHandler
                0x0000000000000262                USB0_DriverIRQHandler
                0x0000000000000262                UART5_ERR_DriverIRQHandler
                0x0000000000000262                PORTC_DriverIRQHandler
                0x0000000000000262                DMA11_DriverIRQHandler
                0x0000000000000262                DAC0_DriverIRQHandler
                0x0000000000000262                DMA10_DriverIRQHandler
                0x0000000000000262                CMP2_DriverIRQHandler
                0x0000000000000262                UART2_ERR_DriverIRQHandler
                0x0000000000000262                SPI2_DriverIRQHandler
                0x0000000000000262                LVD_LVW_DriverIRQHandler
                0x0000000000000262                PIT0_DriverIRQHandler
                0x0000000000000262                RNG_DriverIRQHandler
                0x0000000000000262                DMA5_DriverIRQHandler
                0x0000000000000262                DMA4_DriverIRQHandler
                0x0000000000000262                UART2_RX_TX_DriverIRQHandler
                0x0000000000000262                USBDCD_DriverIRQHandler
                0x0000000000000262                UART3_ERR_DriverIRQHandler
                0x0000000000000262                DMA3_DriverIRQHandler
                0x0000000000000262                DMA8_DriverIRQHandler
                0x0000000000000262                DMA9_DriverIRQHandler
                0x0000000000000262                UART0_ERR_DriverIRQHandler
                0x0000000000000262                CMT_DriverIRQHandler
                0x0000000000000262                Reserved71_DriverIRQHandler
                0x0000000000000262                ADC1_DriverIRQHandler
                0x0000000000000262                PORTA_DriverIRQHandler
                0x0000000000000262                DMA14_DriverIRQHandler
                0x0000000000000262                PIT3_DriverIRQHandler
                0x0000000000000262                PIT1_DriverIRQHandler
                0x0000000000000262                WDOG_EWM_DriverIRQHandler
                0x0000000000000262                PDB0_DriverIRQHandler
                0x0000000000000262                RTC_DriverIRQHandler
                0x0000000000000262                I2S0_Rx_DriverIRQHandler
                0x0000000000000262                Read_Collision_DriverIRQHandler
                0x0000000000000262                SWI_DriverIRQHandler
                0x0000000000000262                UART4_RX_TX_DriverIRQHandler
                0x0000000000000262                UART4_ERR_DriverIRQHandler
                0x0000000000000262                UART0_LON_DriverIRQHandler
                0x0000000000000262                DMA1_DriverIRQHandler
                0x0000000000000262                I2C1_DriverIRQHandler
                0x0000000000000262                UART3_RX_TX_DriverIRQHandler
                0x0000000000000262                ENET_Receive_DriverIRQHandler
                0x0000000000000262                DMA13_DriverIRQHandler
                0x0000000000000262                ENET_Error_DriverIRQHandler
                0x0000000000000262                DMA15_DriverIRQHandler
                0x0000000000000262                UART0_RX_TX_DriverIRQHandler
                0x0000000000000262                SPI0_DriverIRQHandler
                0x0000000000000262                ADC0_DriverIRQHandler
                0x0000000000000262                CMP0_DriverIRQHandler
                0x0000000000000262                CAN0_DriverIRQHandler
                0x0000000000000262                FTM3_DriverIRQHandler
                0x0000000000000262                UART1_ERR_DriverIRQHandler
                0x0000000000000262                DMA2_DriverIRQHandler
                0x0000000000000262                ENET_Transmit_DriverIRQHandler
                0x0000000000000262                PORTD_DriverIRQHandler
                0x0000000000000262                PORTE_DriverIRQHandler
                0x0000000000000262                FTFE_DriverIRQHandler
                0x0000000000000262                I2C0_DriverIRQHandler
                0x0000000000000262                DMA7_DriverIRQHandler
                0x0000000000000262                UART1_RX_TX_DriverIRQHandler
                0x0000000000000262                DMA0_DriverIRQHandler
                0x0000000000000262                PORTB_DriverIRQHandler
                0x0000000000000262                DMA12_DriverIRQHandler
                0x0000000000000262                SPI1_DriverIRQHandler
                0x0000000000000262                LPTMR0_DriverIRQHandler
                0x0000000000000262                DMA_Error_DriverIRQHandler
                0x0000000000000262                FTM1_DriverIRQHandler
                0x0000000000000400                . = 0x400
 *fill*         0x0000000000000264      0x19c ff
                0x0000000000000400                PROVIDE (__FLASH_CONFIG_START__ = .)
 *(.FlashConfig)
 .FlashConfig   0x0000000000000400       0x10 ./SDK/startup/startup_mk64f12.o
                0x0000000000000400                Flash_Config
                0x0000000000000410                PROVIDE (__FLASH_CONFIG_END__ = .)
                0x0000000000000001                ASSERT (! ((__FLASH_CONFIG_START__ == __FLASH_CONFIG_END__)), Linker Flash Config Support Enabled, but no .FlashConfig section provided within application)
 *(.text*)
 .text.CAN_SPI_Init
                0x0000000000000410      0x1f2 ./source/drv/CAN_SPI.o
                0x0000000000000410                CAN_SPI_Init
 *fill*         0x0000000000000602        0x2 ff
 .text.CAN_SPI_Is_Read_Ready
                0x0000000000000604       0x28 ./source/drv/CAN_SPI.o
                0x0000000000000604                CAN_SPI_Is_Read_Ready
 .text.CAN_SPI_Get_Data
                0x000000000000062c       0x1a ./source/drv/CAN_SPI.o
                0x000000000000062c                CAN_SPI_Get_Data
 *fill*         0x0000000000000646        0x2 ff
 .text.CAN_SPI_Attempt_to_read
                0x0000000000000648       0x3c ./source/drv/CAN_SPI.o
                0x0000000000000648                CAN_SPI_Attempt_to_read
 .text.CAN_SPI_ReceiveInfo
                0x0000000000000684      0x130 ./source/drv/CAN_SPI.o
                0x0000000000000684                CAN_SPI_ReceiveInfo
 .text.CAN_SPI_SendInfo
                0x00000000000007b4      0x128 ./source/drv/CAN_SPI.o
                0x00000000000007b4                CAN_SPI_SendInfo
 .text.load_TX_buffer
                0x00000000000008dc       0x5e ./source/drv/CAN_SPI.o
 .text.write_SPICAN
                0x000000000000093a       0x5c ./source/drv/CAN_SPI.o
 .text.read_SPICAN
                0x0000000000000996       0x54 ./source/drv/CAN_SPI.o
 .text.read_RX_buffer
                0x00000000000009ea       0x56 ./source/drv/CAN_SPI.o
 .text.read_status
                0x0000000000000a40       0x42 ./source/drv/CAN_SPI.o
 .text.RTS      0x0000000000000a82       0x36 ./source/drv/CAN_SPI.o
 .text.parseData
                0x0000000000000ab8       0x78 ./source/drv/CAN_SPI.o
 .text.checkDoubleBuffers
                0x0000000000000b30       0xa4 ./source/drv/CAN_SPI.o
 .text.PORTC_IRQHandler
                0x0000000000000bd4       0x2c ./source/drv/CAN_SPI.o
                0x0000000000000bd4                PORTC_IRQHandler
 .text.queue_Init
                0x0000000000000c00       0x74 ./source/drv/CAN_SPI.o
 .text.push_Queue_Element
                0x0000000000000c74       0xf8 ./source/drv/CAN_SPI.o
 .text.pull_Queue_Element
                0x0000000000000d6c      0x120 ./source/drv/CAN_SPI.o
 .text.get_Queue_Status
                0x0000000000000e8c       0x30 ./source/drv/CAN_SPI.o
 .text.NVIC_EnableIRQ
                0x0000000000000ebc       0x34 ./source/drv/SPI.o
 .text.SPI_Init
                0x0000000000000ef0      0x118 ./source/drv/SPI.o
                0x0000000000000ef0                SPI_Init
 .text.SPI_Get_Status
                0x0000000000001008       0x10 ./source/drv/SPI.o
                0x0000000000001008                SPI_Get_Status
 .text.SPI_Get_DataBytes
                0x0000000000001018       0x3c ./source/drv/SPI.o
                0x0000000000001018                SPI_Get_DataBytes
 .text.SPI_SendData
                0x0000000000001054       0xbc ./source/drv/SPI.o
                0x0000000000001054                SPI_SendData
 .text.SPI_Transmission_In_Process
                0x0000000000001110       0x20 ./source/drv/SPI.o
                0x0000000000001110                SPI_Transmission_In_Process
 .text.SPI0_IRQHandler
                0x0000000000001130       0xb8 ./source/drv/SPI.o
                0x0000000000001130                SPI0_IRQHandler
 .text.queue_Init
                0x00000000000011e8       0x70 ./source/drv/SPI.o
 .text.push_Queue_Element
                0x0000000000001258       0xe0 ./source/drv/SPI.o
 .text.pull_Queue_Element
                0x0000000000001338      0x100 ./source/drv/SPI.o
 .text.get_Queue_Status
                0x0000000000001438       0x2c ./source/drv/SPI.o
 .text.flush_Queue
                0x0000000000001464       0x50 ./source/drv/SPI.o
 .text.SysTick_Init
                0x00000000000014b4       0x30 ./source/drv/SysTick.o
                0x00000000000014b4                SysTick_Init
 .text.SysTick_Reg_Callback
                0x00000000000014e4       0x70 ./source/drv/SysTick.o
                0x00000000000014e4                SysTick_Reg_Callback
 .text.SysTick_Handler
                0x0000000000001554       0xb0 ./source/drv/SysTick.o
                0x0000000000001554                SysTick_Handler
 .text.NVIC_EnableIRQ
                0x0000000000001604       0x34 ./source/drv/UART.o
 .text.UART_Init
                0x0000000000001638      0x144 ./source/drv/UART.o
                0x0000000000001638                UART_Init
 .text.UART_SetBaudRate
                0x000000000000177c       0xb8 ./source/drv/UART.o
                0x000000000000177c                UART_SetBaudRate
 .text.UART_rx_tx_irq_handler
                0x0000000000001834       0x78 ./source/drv/UART.o
                0x0000000000001834                UART_rx_tx_irq_handler
 .text.UART_SendMsg
                0x00000000000018ac       0x68 ./source/drv/UART.o
                0x00000000000018ac                UART_SendMsg
 .text.queue_Init
                0x0000000000001914       0x70 ./source/drv/UART.o
 .text.push_Queue_Element
                0x0000000000001984       0xe0 ./source/drv/UART.o
 .text.pull_Queue_Element
                0x0000000000001a64       0xe4 ./source/drv/UART.o
 .text.get_Queue_Status
                0x0000000000001b48       0x2c ./source/drv/UART.o
 .text.UART0_RX_TX_IRQHandler
                0x0000000000001b74       0x24 ./source/drv/UART.o
                0x0000000000001b74                UART0_RX_TX_IRQHandler
 .text.UART1_RX_TX_IRQHandler
                0x0000000000001b98       0x24 ./source/drv/UART.o
                0x0000000000001b98                UART1_RX_TX_IRQHandler
 .text.UART2_RX_TX_IRQHandler
                0x0000000000001bbc       0x24 ./source/drv/UART.o
                0x0000000000001bbc                UART2_RX_TX_IRQHandler
 .text.UART3_RX_TX_IRQHandler
                0x0000000000001be0       0x24 ./source/drv/UART.o
                0x0000000000001be0                UART3_RX_TX_IRQHandler
 .text.UART4_RX_TX_IRQHandler
                0x0000000000001c04       0x24 ./source/drv/UART.o
                0x0000000000001c04                UART4_RX_TX_IRQHandler
 .text.FX_ReadReg
                0x0000000000001c28       0x5c ./source/drv/accel.o
 .text.FX_WriteReg
                0x0000000000001c84       0x40 ./source/drv/accel.o
 .text.FX_I2C_Init
                0x0000000000001cc4       0x38 ./source/drv/accel.o
                0x0000000000001cc4                FX_I2C_Init
 .text.FX_InitSequence
                0x0000000000001cfc       0xe0 ./source/drv/accel.o
                0x0000000000001cfc                FX_InitSequence
 *fill*         0x0000000000001ddc        0x4 ff
 .text.FX_RunningSequence
                0x0000000000001de0      0x25c ./source/drv/accel.o
 .text.FX_PISR  0x000000000000203c       0x2c ./source/drv/accel.o
                0x000000000000203c                FX_PISR
 .text.FX_I2C_Finished
                0x0000000000002068       0x44 ./source/drv/accel.o
                0x0000000000002068                FX_I2C_Finished
 .text.getAccelData
                0x00000000000020ac       0x28 ./source/drv/accel.o
                0x00000000000020ac                getAccelData
 .text.gpioMode
                0x00000000000020d4      0x224 ./source/drv/gpio.o
                0x00000000000020d4                gpioMode
 .text.gpioWrite
                0x00000000000022f8       0x64 ./source/drv/gpio.o
                0x00000000000022f8                gpioWrite
 .text.gpioRead
                0x000000000000235c       0x44 ./source/drv/gpio.o
                0x000000000000235c                gpioRead
 .text.NVIC_EnableIRQ
                0x00000000000023a0       0x34 ./source/drv/i2c.o
 .text.I2C_InitModule
                0x00000000000023d4      0x114 ./source/drv/i2c.o
                0x00000000000023d4                I2C_InitModule
 .text.I2C_InitObject
                0x00000000000024e8      0x15c ./source/drv/i2c.o
                0x00000000000024e8                I2C_InitObject
 .text.I2C_IRQHandler
                0x0000000000002644      0x388 ./source/drv/i2c.o
                0x0000000000002644                I2C_IRQHandler
 .text.SetBaudRate
                0x00000000000029cc       0xbc ./source/drv/i2c.o
 .text.I2C0_IRQHandler
                0x0000000000002a88       0x1e ./source/drv/i2c.o
                0x0000000000002a88                I2C0_IRQHandler
 .text.I2C1_IRQHandler
                0x0000000000002aa6        0xe ./source/drv/i2c.o
                0x0000000000002aa6                I2C1_IRQHandler
 .text.I2C2_IRQHandler
                0x0000000000002ab4        0xe ./source/drv/i2c.o
                0x0000000000002ab4                I2C2_IRQHandler
 *fill*         0x0000000000002ac2        0x2 ff
 .text.periodicRefresh
                0x0000000000002ac4      0x12c ./source/App.o
                0x0000000000002ac4                periodicRefresh
 .text.App_Init
                0x0000000000002bf0       0x34 ./source/App.o
                0x0000000000002bf0                App_Init
 .text.App_Run  0x0000000000002c24       0x34 ./source/App.o
                0x0000000000002c24                App_Run
 .text.getCAN_Event
                0x0000000000002c58       0x20 ./source/App.o
                0x0000000000002c58                getCAN_Event
 .text.enableSend
                0x0000000000002c78       0x20 ./source/App.o
                0x0000000000002c78                enableSend
 .text.comunicationHandler_init
                0x0000000000002c98       0x20 ./source/comunicationHandler.o
                0x0000000000002c98                comunicationHandler_init
 .text.Com_EventHandler
                0x0000000000002cb8      0x218 ./source/comunicationHandler.o
                0x0000000000002cb8                Com_EventHandler
 .text.ComHandler_CAN_Parser
                0x0000000000002ed0      0x188 ./source/comunicationHandler.o
                0x0000000000002ed0                ComHandler_CAN_Parser
 .text.comunicationHandler_send2Ext
                0x0000000000003058      0x1a4 ./source/comunicationHandler.o
                0x0000000000003058                comunicationHandler_send2Ext
 .text.isWriteAvailable
                0x00000000000031fc       0x20 ./source/comunicationHandler.o
                0x00000000000031fc                isWriteAvailable
 .text.setWriteAvailable
                0x000000000000321c       0x28 ./source/comunicationHandler.o
                0x000000000000321c                setWriteAvailable
 .text.hw_Init  0x0000000000003244       0xf4 ./SDK/startup/hardware.o
                0x0000000000003244                hw_Init
 .text.hw_EnableInterrupts
                0x0000000000003338       0x30 ./SDK/startup/hardware.o
                0x0000000000003338                hw_EnableInterrupts
 .text.hw_DisableInterrupts
                0x0000000000003368       0x20 ./SDK/startup/hardware.o
                0x0000000000003368                hw_DisableInterrupts
 .text.main     0x0000000000003388       0x1e ./SDK/startup/main.o
                0x0000000000003388                main
 .text.DMA0_IRQHandler
                0x00000000000033a6        0x8 ./SDK/startup/startup_mk64f12.o
                0x00000000000033a6                DMA0_IRQHandler
 .text.DMA1_IRQHandler
                0x00000000000033ae        0x8 ./SDK/startup/startup_mk64f12.o
                0x00000000000033ae                DMA1_IRQHandler
 .text.DMA2_IRQHandler
                0x00000000000033b6        0x8 ./SDK/startup/startup_mk64f12.o
                0x00000000000033b6                DMA2_IRQHandler
 .text.DMA3_IRQHandler
                0x00000000000033be        0x8 ./SDK/startup/startup_mk64f12.o
                0x00000000000033be                DMA3_IRQHandler
 .text.DMA4_IRQHandler
                0x00000000000033c6        0x8 ./SDK/startup/startup_mk64f12.o
                0x00000000000033c6                DMA4_IRQHandler
 .text.DMA5_IRQHandler
                0x00000000000033ce        0x8 ./SDK/startup/startup_mk64f12.o
                0x00000000000033ce                DMA5_IRQHandler
 .text.DMA6_IRQHandler
                0x00000000000033d6        0x8 ./SDK/startup/startup_mk64f12.o
                0x00000000000033d6                DMA6_IRQHandler
 .text.DMA7_IRQHandler
                0x00000000000033de        0x8 ./SDK/startup/startup_mk64f12.o
                0x00000000000033de                DMA7_IRQHandler
 .text.DMA8_IRQHandler
                0x00000000000033e6        0x8 ./SDK/startup/startup_mk64f12.o
                0x00000000000033e6                DMA8_IRQHandler
 .text.DMA9_IRQHandler
                0x00000000000033ee        0x8 ./SDK/startup/startup_mk64f12.o
                0x00000000000033ee                DMA9_IRQHandler
 .text.DMA10_IRQHandler
                0x00000000000033f6        0x8 ./SDK/startup/startup_mk64f12.o
                0x00000000000033f6                DMA10_IRQHandler
 .text.DMA11_IRQHandler
                0x00000000000033fe        0x8 ./SDK/startup/startup_mk64f12.o
                0x00000000000033fe                DMA11_IRQHandler
 .text.DMA12_IRQHandler
                0x0000000000003406        0x8 ./SDK/startup/startup_mk64f12.o
                0x0000000000003406                DMA12_IRQHandler
 .text.DMA13_IRQHandler
                0x000000000000340e        0x8 ./SDK/startup/startup_mk64f12.o
                0x000000000000340e                DMA13_IRQHandler
 .text.DMA14_IRQHandler
                0x0000000000003416        0x8 ./SDK/startup/startup_mk64f12.o
                0x0000000000003416                DMA14_IRQHandler
 .text.DMA15_IRQHandler
                0x000000000000341e        0x8 ./SDK/startup/startup_mk64f12.o
                0x000000000000341e                DMA15_IRQHandler
 .text.DMA_Error_IRQHandler
                0x0000000000003426        0x8 ./SDK/startup/startup_mk64f12.o
                0x0000000000003426                DMA_Error_IRQHandler
 .text.MCM_IRQHandler
                0x000000000000342e        0x8 ./SDK/startup/startup_mk64f12.o
                0x000000000000342e                MCM_IRQHandler
 .text.FTFE_IRQHandler
                0x0000000000003436        0x8 ./SDK/startup/startup_mk64f12.o
                0x0000000000003436                FTFE_IRQHandler
 .text.Read_Collision_IRQHandler
                0x000000000000343e        0x8 ./SDK/startup/startup_mk64f12.o
                0x000000000000343e                Read_Collision_IRQHandler
 .text.LVD_LVW_IRQHandler
                0x0000000000003446        0x8 ./SDK/startup/startup_mk64f12.o
                0x0000000000003446                LVD_LVW_IRQHandler
 .text.LLWU_IRQHandler
                0x000000000000344e        0x8 ./SDK/startup/startup_mk64f12.o
                0x000000000000344e                LLWU_IRQHandler
 .text.WDOG_EWM_IRQHandler
                0x0000000000003456        0x8 ./SDK/startup/startup_mk64f12.o
                0x0000000000003456                WDOG_EWM_IRQHandler
 .text.RNG_IRQHandler
                0x000000000000345e        0x8 ./SDK/startup/startup_mk64f12.o
                0x000000000000345e                RNG_IRQHandler
 .text.SPI1_IRQHandler
                0x0000000000003466        0x8 ./SDK/startup/startup_mk64f12.o
                0x0000000000003466                SPI1_IRQHandler
 .text.I2S0_Tx_IRQHandler
                0x000000000000346e        0x8 ./SDK/startup/startup_mk64f12.o
                0x000000000000346e                I2S0_Tx_IRQHandler
 .text.I2S0_Rx_IRQHandler
                0x0000000000003476        0x8 ./SDK/startup/startup_mk64f12.o
                0x0000000000003476                I2S0_Rx_IRQHandler
 .text.UART0_LON_IRQHandler
                0x000000000000347e        0x8 ./SDK/startup/startup_mk64f12.o
                0x000000000000347e                UART0_LON_IRQHandler
 .text.UART0_ERR_IRQHandler
                0x0000000000003486        0x8 ./SDK/startup/startup_mk64f12.o
                0x0000000000003486                UART0_ERR_IRQHandler
 .text.UART1_ERR_IRQHandler
                0x000000000000348e        0x8 ./SDK/startup/startup_mk64f12.o
                0x000000000000348e                UART1_ERR_IRQHandler
 .text.UART2_ERR_IRQHandler
                0x0000000000003496        0x8 ./SDK/startup/startup_mk64f12.o
                0x0000000000003496                UART2_ERR_IRQHandler
 .text.UART3_ERR_IRQHandler
                0x000000000000349e        0x8 ./SDK/startup/startup_mk64f12.o
                0x000000000000349e                UART3_ERR_IRQHandler
 .text.ADC0_IRQHandler
                0x00000000000034a6        0x8 ./SDK/startup/startup_mk64f12.o
                0x00000000000034a6                ADC0_IRQHandler
 .text.CMP0_IRQHandler
                0x00000000000034ae        0x8 ./SDK/startup/startup_mk64f12.o
                0x00000000000034ae                CMP0_IRQHandler
 .text.CMP1_IRQHandler
                0x00000000000034b6        0x8 ./SDK/startup/startup_mk64f12.o
                0x00000000000034b6                CMP1_IRQHandler
 .text.FTM0_IRQHandler
                0x00000000000034be        0x8 ./SDK/startup/startup_mk64f12.o
                0x00000000000034be                FTM0_IRQHandler
 .text.FTM1_IRQHandler
                0x00000000000034c6        0x8 ./SDK/startup/startup_mk64f12.o
                0x00000000000034c6                FTM1_IRQHandler
 .text.FTM2_IRQHandler
                0x00000000000034ce        0x8 ./SDK/startup/startup_mk64f12.o
                0x00000000000034ce                FTM2_IRQHandler
 .text.CMT_IRQHandler
                0x00000000000034d6        0x8 ./SDK/startup/startup_mk64f12.o
                0x00000000000034d6                CMT_IRQHandler
 .text.RTC_IRQHandler
                0x00000000000034de        0x8 ./SDK/startup/startup_mk64f12.o
                0x00000000000034de                RTC_IRQHandler
 .text.RTC_Seconds_IRQHandler
                0x00000000000034e6        0x8 ./SDK/startup/startup_mk64f12.o
                0x00000000000034e6                RTC_Seconds_IRQHandler
 .text.PIT0_IRQHandler
                0x00000000000034ee        0x8 ./SDK/startup/startup_mk64f12.o
                0x00000000000034ee                PIT0_IRQHandler
 .text.PIT1_IRQHandler
                0x00000000000034f6        0x8 ./SDK/startup/startup_mk64f12.o
                0x00000000000034f6                PIT1_IRQHandler
 .text.PIT2_IRQHandler
                0x00000000000034fe        0x8 ./SDK/startup/startup_mk64f12.o
                0x00000000000034fe                PIT2_IRQHandler
 .text.PIT3_IRQHandler
                0x0000000000003506        0x8 ./SDK/startup/startup_mk64f12.o
                0x0000000000003506                PIT3_IRQHandler
 .text.PDB0_IRQHandler
                0x000000000000350e        0x8 ./SDK/startup/startup_mk64f12.o
                0x000000000000350e                PDB0_IRQHandler
 .text.USB0_IRQHandler
                0x0000000000003516        0x8 ./SDK/startup/startup_mk64f12.o
                0x0000000000003516                USB0_IRQHandler
 .text.USBDCD_IRQHandler
                0x000000000000351e        0x8 ./SDK/startup/startup_mk64f12.o
                0x000000000000351e                USBDCD_IRQHandler
 .text.Reserved71_IRQHandler
                0x0000000000003526        0x8 ./SDK/startup/startup_mk64f12.o
                0x0000000000003526                Reserved71_IRQHandler
 .text.DAC0_IRQHandler
                0x000000000000352e        0x8 ./SDK/startup/startup_mk64f12.o
                0x000000000000352e                DAC0_IRQHandler
 .text.MCG_IRQHandler
                0x0000000000003536        0x8 ./SDK/startup/startup_mk64f12.o
                0x0000000000003536                MCG_IRQHandler
 .text.LPTMR0_IRQHandler
                0x000000000000353e        0x8 ./SDK/startup/startup_mk64f12.o
                0x000000000000353e                LPTMR0_IRQHandler
 .text.PORTA_IRQHandler
                0x0000000000003546        0x8 ./SDK/startup/startup_mk64f12.o
                0x0000000000003546                PORTA_IRQHandler
 .text.PORTB_IRQHandler
                0x000000000000354e        0x8 ./SDK/startup/startup_mk64f12.o
                0x000000000000354e                PORTB_IRQHandler
 .text.PORTD_IRQHandler
                0x0000000000003556        0x8 ./SDK/startup/startup_mk64f12.o
                0x0000000000003556                PORTD_IRQHandler
 .text.PORTE_IRQHandler
                0x000000000000355e        0x8 ./SDK/startup/startup_mk64f12.o
                0x000000000000355e                PORTE_IRQHandler
 .text.SWI_IRQHandler
                0x0000000000003566        0x8 ./SDK/startup/startup_mk64f12.o
                0x0000000000003566                SWI_IRQHandler
 .text.SPI2_IRQHandler
                0x000000000000356e        0x8 ./SDK/startup/startup_mk64f12.o
                0x000000000000356e                SPI2_IRQHandler
 .text.UART4_ERR_IRQHandler
                0x0000000000003576        0x8 ./SDK/startup/startup_mk64f12.o
                0x0000000000003576                UART4_ERR_IRQHandler
 .text.UART5_RX_TX_IRQHandler
                0x000000000000357e        0x8 ./SDK/startup/startup_mk64f12.o
                0x000000000000357e                UART5_RX_TX_IRQHandler
 .text.UART5_ERR_IRQHandler
                0x0000000000003586        0x8 ./SDK/startup/startup_mk64f12.o
                0x0000000000003586                UART5_ERR_IRQHandler
 .text.CMP2_IRQHandler
                0x000000000000358e        0x8 ./SDK/startup/startup_mk64f12.o
                0x000000000000358e                CMP2_IRQHandler
 .text.FTM3_IRQHandler
                0x0000000000003596        0x8 ./SDK/startup/startup_mk64f12.o
                0x0000000000003596                FTM3_IRQHandler
 .text.DAC1_IRQHandler
                0x000000000000359e        0x8 ./SDK/startup/startup_mk64f12.o
                0x000000000000359e                DAC1_IRQHandler
 .text.ADC1_IRQHandler
                0x00000000000035a6        0x8 ./SDK/startup/startup_mk64f12.o
                0x00000000000035a6                ADC1_IRQHandler
 .text.CAN0_ORed_Message_buffer_IRQHandler
                0x00000000000035ae        0x8 ./SDK/startup/startup_mk64f12.o
                0x00000000000035ae                CAN0_ORed_Message_buffer_IRQHandler
 .text.CAN0_Bus_Off_IRQHandler
                0x00000000000035b6        0x8 ./SDK/startup/startup_mk64f12.o
                0x00000000000035b6                CAN0_Bus_Off_IRQHandler
 .text.CAN0_Error_IRQHandler
                0x00000000000035be        0x8 ./SDK/startup/startup_mk64f12.o
                0x00000000000035be                CAN0_Error_IRQHandler
 .text.CAN0_Tx_Warning_IRQHandler
                0x00000000000035c6        0x8 ./SDK/startup/startup_mk64f12.o
                0x00000000000035c6                CAN0_Tx_Warning_IRQHandler
 .text.CAN0_Rx_Warning_IRQHandler
                0x00000000000035ce        0x8 ./SDK/startup/startup_mk64f12.o
                0x00000000000035ce                CAN0_Rx_Warning_IRQHandler
 .text.CAN0_Wake_Up_IRQHandler
                0x00000000000035d6        0x8 ./SDK/startup/startup_mk64f12.o
                0x00000000000035d6                CAN0_Wake_Up_IRQHandler
 .text.SDHC_IRQHandler
                0x00000000000035de        0x8 ./SDK/startup/startup_mk64f12.o
                0x00000000000035de                SDHC_IRQHandler
 .text.ENET_1588_Timer_IRQHandler
                0x00000000000035e6        0x8 ./SDK/startup/startup_mk64f12.o
                0x00000000000035e6                ENET_1588_Timer_IRQHandler
 .text.ENET_Transmit_IRQHandler
                0x00000000000035ee        0x8 ./SDK/startup/startup_mk64f12.o
                0x00000000000035ee                ENET_Transmit_IRQHandler
 .text.ENET_Receive_IRQHandler
                0x00000000000035f6        0x8 ./SDK/startup/startup_mk64f12.o
                0x00000000000035f6                ENET_Receive_IRQHandler
 .text.ENET_Error_IRQHandler
                0x00000000000035fe        0x8 ./SDK/startup/startup_mk64f12.o
                0x00000000000035fe                ENET_Error_IRQHandler
 *fill*         0x0000000000003606        0x2 ff
 .text.SystemInit
                0x0000000000003608       0x40 ./SDK/CMSIS/system_MK64F12.o
                0x0000000000003608                SystemInit
 .text.__main   0x0000000000003648        0xe /Applications/MCUXpressoIDE_11.8.0_1165/ide/plugins/com.nxp.mcuxpresso.tools.macosx_11.8.0.202306131047/tools/bin/../lib/gcc/arm-none-eabi/12.2.1/../../../../arm-none-eabi/lib/thumb/v7e-m+fp/hard/libcr_nohost_nf.a(_cr__main.o)
                0x0000000000003648                __main
 *fill*         0x0000000000003656        0x2 ff
 .text.atan2    0x0000000000003658      0x120 /Applications/MCUXpressoIDE_11.8.0_1165/ide/plugins/com.nxp.mcuxpresso.tools.macosx_11.8.0.202306131047/tools/bin/../lib/gcc/arm-none-eabi/12.2.1/../../../../arm-none-eabi/lib/thumb/v7e-m+fp/hard/libcr_c.a(atan2.o)
                0x0000000000003658                atan2
 .text.fabs     0x0000000000003778       0x20 /Applications/MCUXpressoIDE_11.8.0_1165/ide/plugins/com.nxp.mcuxpresso.tools.macosx_11.8.0.202306131047/tools/bin/../lib/gcc/arm-none-eabi/12.2.1/../../../../arm-none-eabi/lib/thumb/v7e-m+fp/hard/libcr_c.a(fabs.o)
                0x0000000000003778                fabs
 .text._initio  0x0000000000003798       0x78 /Applications/MCUXpressoIDE_11.8.0_1165/ide/plugins/com.nxp.mcuxpresso.tools.macosx_11.8.0.202306131047/tools/bin/../lib/gcc/arm-none-eabi/12.2.1/../../../../arm-none-eabi/lib/thumb/v7e-m+fp/hard/libcr_c.a(initio.o)
                0x0000000000003798                _initio
 .text.setvbuf  0x0000000000003810       0x3e /Applications/MCUXpressoIDE_11.8.0_1165/ide/plugins/com.nxp.mcuxpresso.tools.macosx_11.8.0.202306131047/tools/bin/../lib/gcc/arm-none-eabi/12.2.1/../../../../arm-none-eabi/lib/thumb/v7e-m+fp/hard/libcr_c.a(setvbuf.o)
                0x0000000000003810                setvbuf
 .text._fdopen  0x000000000000384e       0x68 /Applications/MCUXpressoIDE_11.8.0_1165/ide/plugins/com.nxp.mcuxpresso.tools.macosx_11.8.0.202306131047/tools/bin/../lib/gcc/arm-none-eabi/12.2.1/../../../../arm-none-eabi/lib/thumb/v7e-m+fp/hard/libcr_c.a(_fdopen.o)
                0x000000000000384e                _fdopen
 *fill*         0x00000000000038b6        0x2 ff
 .text.atan     0x00000000000038b8      0x21c /Applications/MCUXpressoIDE_11.8.0_1165/ide/plugins/com.nxp.mcuxpresso.tools.macosx_11.8.0.202306131047/tools/bin/../lib/gcc/arm-none-eabi/12.2.1/../../../../arm-none-eabi/lib/thumb/v7e-m+fp/hard/libcr_c.a(atan.o)
                0x00000000000038b8                atan
 .text.fclose   0x0000000000003ad4       0x58 /Applications/MCUXpressoIDE_11.8.0_1165/ide/plugins/com.nxp.mcuxpresso.tools.macosx_11.8.0.202306131047/tools/bin/../lib/gcc/arm-none-eabi/12.2.1/../../../../arm-none-eabi/lib/thumb/v7e-m+fp/hard/libcr_c.a(fclose.o)
                0x0000000000003ad4                fclose
 .text.fflush   0x0000000000003b2c       0x3c /Applications/MCUXpressoIDE_11.8.0_1165/ide/plugins/com.nxp.mcuxpresso.tools.macosx_11.8.0.202306131047/tools/bin/../lib/gcc/arm-none-eabi/12.2.1/../../../../arm-none-eabi/lib/thumb/v7e-m+fp/hard/libcr_c.a(fflush.o)
                0x0000000000003b2c                fflush
 .text.fseek    0x0000000000003b68       0xf8 /Applications/MCUXpressoIDE_11.8.0_1165/ide/plugins/com.nxp.mcuxpresso.tools.macosx_11.8.0.202306131047/tools/bin/../lib/gcc/arm-none-eabi/12.2.1/../../../../arm-none-eabi/lib/thumb/v7e-m+fp/hard/libcr_c.a(fseek.o)
                0x0000000000003b68                fseek
 .text.ftell    0x0000000000003c60       0x44 /Applications/MCUXpressoIDE_11.8.0_1165/ide/plugins/com.nxp.mcuxpresso.tools.macosx_11.8.0.202306131047/tools/bin/../lib/gcc/arm-none-eabi/12.2.1/../../../../arm-none-eabi/lib/thumb/v7e-m+fp/hard/libcr_c.a(ftell.o)
                0x0000000000003c60                ftell
 .text.remove   0x0000000000003ca4       0x14 /Applications/MCUXpressoIDE_11.8.0_1165/ide/plugins/com.nxp.mcuxpresso.tools.macosx_11.8.0.202306131047/tools/bin/../lib/gcc/arm-none-eabi/12.2.1/../../../../arm-none-eabi/lib/thumb/v7e-m+fp/hard/libcr_c.a(remove.o)
                0x0000000000003ca4                remove
 .text.strlen   0x0000000000003cb8       0x4e /Applications/MCUXpressoIDE_11.8.0_1165/ide/plugins/com.nxp.mcuxpresso.tools.macosx_11.8.0.202306131047/tools/bin/../lib/gcc/arm-none-eabi/12.2.1/../../../../arm-none-eabi/lib/thumb/v7e-m+fp/hard/libcr_c.a(strlen.o)
                0x0000000000003cb8                strlen
 .text.memset   0x0000000000003d06        0x4 /Applications/MCUXpressoIDE_11.8.0_1165/ide/plugins/com.nxp.mcuxpresso.tools.macosx_11.8.0.202306131047/tools/bin/../lib/gcc/arm-none-eabi/12.2.1/../../../../arm-none-eabi/lib/thumb/v7e-m+fp/hard/libcr_c.a(memset.o)
                0x0000000000003d06                memset
 .text._do_fflush
                0x0000000000003d0a       0x40 /Applications/MCUXpressoIDE_11.8.0_1165/ide/plugins/com.nxp.mcuxpresso.tools.macosx_11.8.0.202306131047/tools/bin/../lib/gcc/arm-none-eabi/12.2.1/../../../../arm-none-eabi/lib/thumb/v7e-m+fp/hard/libcr_c.a(_do_fflush.o)
                0x0000000000003d0a                _do_fflush
 .text._fflush  0x0000000000003d4a       0x52 /Applications/MCUXpressoIDE_11.8.0_1165/ide/plugins/com.nxp.mcuxpresso.tools.macosx_11.8.0.202306131047/tools/bin/../lib/gcc/arm-none-eabi/12.2.1/../../../../arm-none-eabi/lib/thumb/v7e-m+fp/hard/libcr_c.a(_fflush.o)
                0x0000000000003d4a                _fflush
 .text._Cwritebuf
                0x0000000000003d9c       0x6c /Applications/MCUXpressoIDE_11.8.0_1165/ide/plugins/com.nxp.mcuxpresso.tools.macosx_11.8.0.202306131047/tools/bin/../lib/gcc/arm-none-eabi/12.2.1/../../../../arm-none-eabi/lib/thumb/v7e-m+fp/hard/libcr_c.a(_writebuf.o)
                0x0000000000003d9c                _Cwritebuf
 .text.free     0x0000000000003e08       0x30 /Applications/MCUXpressoIDE_11.8.0_1165/ide/plugins/com.nxp.mcuxpresso.tools.macosx_11.8.0.202306131047/tools/bin/../lib/gcc/arm-none-eabi/12.2.1/../../../../arm-none-eabi/lib/thumb/v7e-m+fp/hard/libcr_c.a(alloc.o)
                0x0000000000003e08                free
 .text._deferredlazyseek
                0x0000000000003e38       0x40 /Applications/MCUXpressoIDE_11.8.0_1165/ide/plugins/com.nxp.mcuxpresso.tools.macosx_11.8.0.202306131047/tools/bin/../lib/gcc/arm-none-eabi/12.2.1/../../../../arm-none-eabi/lib/thumb/v7e-m+fp/hard/libcr_c.a(_deferredlazyseek.o)
                0x0000000000003e38                _deferredlazyseek
 .text.__aeabi_dmul
                0x0000000000003e78       0xfc /Applications/MCUXpressoIDE_11.8.0_1165/ide/plugins/com.nxp.mcuxpresso.tools.macosx_11.8.0.202306131047/tools/bin/../lib/gcc/arm-none-eabi/12.2.1/thumb/v7e-m+fp/hard/libcr_eabihelpers.a(double.o)
                0x0000000000003e78                __aeabi_dmul
 .text.__aeabi_ddiv
                0x0000000000003f74      0x12c /Applications/MCUXpressoIDE_11.8.0_1165/ide/plugins/com.nxp.mcuxpresso.tools.macosx_11.8.0.202306131047/tools/bin/../lib/gcc/arm-none-eabi/12.2.1/thumb/v7e-m+fp/hard/libcr_eabihelpers.a(double.o)
                0x0000000000003f74                __aeabi_ddiv
 .text.__aeabi_dsub
                0x00000000000040a0      0x1b4 /Applications/MCUXpressoIDE_11.8.0_1165/ide/plugins/com.nxp.mcuxpresso.tools.macosx_11.8.0.202306131047/tools/bin/../lib/gcc/arm-none-eabi/12.2.1/thumb/v7e-m+fp/hard/libcr_eabihelpers.a(double.o)
                0x00000000000040a0                __aeabi_dsub
 .text.__aeabi_dadd
                0x0000000000004254      0x138 /Applications/MCUXpressoIDE_11.8.0_1165/ide/plugins/com.nxp.mcuxpresso.tools.macosx_11.8.0.202306131047/tools/bin/../lib/gcc/arm-none-eabi/12.2.1/thumb/v7e-m+fp/hard/libcr_eabihelpers.a(double.o)
                0x0000000000004254                __aeabi_dadd
 .text.__aeabi_d2f
                0x000000000000438c       0x58 /Applications/MCUXpressoIDE_11.8.0_1165/ide/plugins/com.nxp.mcuxpresso.tools.macosx_11.8.0.202306131047/tools/bin/../lib/gcc/arm-none-eabi/12.2.1/thumb/v7e-m+fp/hard/libcr_eabihelpers.a(double.o)
                0x000000000000438c                __aeabi_d2f
 .text.__aeabi_d2iz
                0x00000000000043e4       0x42 /Applications/MCUXpressoIDE_11.8.0_1165/ide/plugins/com.nxp.mcuxpresso.tools.macosx_11.8.0.202306131047/tools/bin/../lib/gcc/arm-none-eabi/12.2.1/thumb/v7e-m+fp/hard/libcr_eabihelpers.a(double.o)
                0x00000000000043e4                __aeabi_d2iz
 .text.__bhs_ui2d
                0x0000000000004426       0x46 /Applications/MCUXpressoIDE_11.8.0_1165/ide/plugins/com.nxp.mcuxpresso.tools.macosx_11.8.0.202306131047/tools/bin/../lib/gcc/arm-none-eabi/12.2.1/thumb/v7e-m+fp/hard/libcr_eabihelpers.a(double.o)
                0x0000000000004426                __bhs_ui2d
 .text.__aeabi_i2d
                0x000000000000446c       0x10 /Applications/MCUXpressoIDE_11.8.0_1165/ide/plugins/com.nxp.mcuxpresso.tools.macosx_11.8.0.202306131047/tools/bin/../lib/gcc/arm-none-eabi/12.2.1/thumb/v7e-m+fp/hard/libcr_eabihelpers.a(double.o)
                0x000000000000446c                __aeabi_i2d
 .text.__aeabi_dcmpeq
                0x000000000000447c       0x3e /Applications/MCUXpressoIDE_11.8.0_1165/ide/plugins/com.nxp.mcuxpresso.tools.macosx_11.8.0.202306131047/tools/bin/../lib/gcc/arm-none-eabi/12.2.1/thumb/v7e-m+fp/hard/libcr_eabihelpers.a(double.o)
                0x000000000000447c                __aeabi_dcmpeq
 .text.__aeabi_dcmplt
                0x00000000000044ba       0x5a /Applications/MCUXpressoIDE_11.8.0_1165/ide/plugins/com.nxp.mcuxpresso.tools.macosx_11.8.0.202306131047/tools/bin/../lib/gcc/arm-none-eabi/12.2.1/thumb/v7e-m+fp/hard/libcr_eabihelpers.a(double.o)
                0x00000000000044ba                __aeabi_dcmplt
 .text.__aeabi_dcmpgt
                0x0000000000004514       0x56 /Applications/MCUXpressoIDE_11.8.0_1165/ide/plugins/com.nxp.mcuxpresso.tools.macosx_11.8.0.202306131047/tools/bin/../lib/gcc/arm-none-eabi/12.2.1/thumb/v7e-m+fp/hard/libcr_eabihelpers.a(double.o)
                0x0000000000004514                __aeabi_dcmpgt
 .text.__aeabi_dcmpge
                0x000000000000456a       0x5a /Applications/MCUXpressoIDE_11.8.0_1165/ide/plugins/com.nxp.mcuxpresso.tools.macosx_11.8.0.202306131047/tools/bin/../lib/gcc/arm-none-eabi/12.2.1/thumb/v7e-m+fp/hard/libcr_eabihelpers.a(double.o)
                0x000000000000456a                __aeabi_dcmpge
 .text.__aeabi_memset_lowlevel
                0x00000000000045c4       0x32 /Applications/MCUXpressoIDE_11.8.0_1165/ide/plugins/com.nxp.mcuxpresso.tools.macosx_11.8.0.202306131047/tools/bin/../lib/gcc/arm-none-eabi/12.2.1/thumb/v7e-m+fp/hard/libcr_eabihelpers.a(memcpy.o)
                0x00000000000045c4                __aeabi_lowlevel_memset
 .text.__sys_close
                0x00000000000045f6        0x6 /Applications/MCUXpressoIDE_11.8.0_1165/ide/plugins/com.nxp.mcuxpresso.tools.macosx_11.8.0.202306131047/tools/bin/../lib/gcc/arm-none-eabi/12.2.1/../../../../arm-none-eabi/lib/thumb/v7e-m+fp/hard/libcr_nohost_nf.a(__sys_close.o)
                0x00000000000045f6                __sys_close
 .text.__sys_flen
                0x00000000000045fc        0x6 /Applications/MCUXpressoIDE_11.8.0_1165/ide/plugins/com.nxp.mcuxpresso.tools.macosx_11.8.0.202306131047/tools/bin/../lib/gcc/arm-none-eabi/12.2.1/../../../../arm-none-eabi/lib/thumb/v7e-m+fp/hard/libcr_nohost_nf.a(__sys_flen.o)
                0x00000000000045fc                __sys_flen
 .text.__sys_istty
                0x0000000000004602        0x6 /Applications/MCUXpressoIDE_11.8.0_1165/ide/plugins/com.nxp.mcuxpresso.tools.macosx_11.8.0.202306131047/tools/bin/../lib/gcc/arm-none-eabi/12.2.1/../../../../arm-none-eabi/lib/thumb/v7e-m+fp/hard/libcr_nohost_nf.a(__sys_istty.o)
                0x0000000000004602                __sys_istty
 .text.__sys_remove
                0x0000000000004608        0x6 /Applications/MCUXpressoIDE_11.8.0_1165/ide/plugins/com.nxp.mcuxpresso.tools.macosx_11.8.0.202306131047/tools/bin/../lib/gcc/arm-none-eabi/12.2.1/../../../../arm-none-eabi/lib/thumb/v7e-m+fp/hard/libcr_nohost_nf.a(__sys_remove.o)
                0x0000000000004608                __sys_remove
 .text.__sys_seek
                0x000000000000460e        0x6 /Applications/MCUXpressoIDE_11.8.0_1165/ide/plugins/com.nxp.mcuxpresso.tools.macosx_11.8.0.202306131047/tools/bin/../lib/gcc/arm-none-eabi/12.2.1/../../../../arm-none-eabi/lib/thumb/v7e-m+fp/hard/libcr_nohost_nf.a(__sys_seek.o)
                0x000000000000460e                __sys_seek
 .text.__sys_tmpnam
                0x0000000000004614        0x6 /Applications/MCUXpressoIDE_11.8.0_1165/ide/plugins/com.nxp.mcuxpresso.tools.macosx_11.8.0.202306131047/tools/bin/../lib/gcc/arm-none-eabi/12.2.1/../../../../arm-none-eabi/lib/thumb/v7e-m+fp/hard/libcr_nohost_nf.a(__sys_tmpnam.o)
                0x0000000000004614                __sys_tmpnam
 .text.__sys_write
                0x000000000000461a        0x4 /Applications/MCUXpressoIDE_11.8.0_1165/ide/plugins/com.nxp.mcuxpresso.tools.macosx_11.8.0.202306131047/tools/bin/../lib/gcc/arm-none-eabi/12.2.1/../../../../arm-none-eabi/lib/thumb/v7e-m+fp/hard/libcr_nohost_nf.a(__sys_write.o)
                0x000000000000461a                __sys_write
 *(.rodata .rodata.* .constdata .constdata.*)
 *fill*         0x000000000000461e        0x2 ff
 .rodata        0x0000000000004620        0x3 ./source/drv/i2c.o
 .rodata._initio.str1.1
                0x0000000000004623        0x4 /Applications/MCUXpressoIDE_11.8.0_1165/ide/plugins/com.nxp.mcuxpresso.tools.macosx_11.8.0.202306131047/tools/bin/../lib/gcc/arm-none-eabi/12.2.1/../../../../arm-none-eabi/lib/thumb/v7e-m+fp/hard/libcr_c.a(initio.o)
 *fill*         0x0000000000004627        0x1 ff
 .rodata.a.0    0x0000000000004628       0x20 /Applications/MCUXpressoIDE_11.8.0_1165/ide/plugins/com.nxp.mcuxpresso.tools.macosx_11.8.0.202306131047/tools/bin/../lib/gcc/arm-none-eabi/12.2.1/../../../../arm-none-eabi/lib/thumb/v7e-m+fp/hard/libcr_c.a(atan.o)
 .rodata.__num_Ciob_streams
                0x0000000000004648        0x4 /Applications/MCUXpressoIDE_11.8.0_1165/ide/plugins/com.nxp.mcuxpresso.tools.macosx_11.8.0.202306131047/tools/bin/../lib/gcc/arm-none-eabi/12.2.1/../../../../arm-none-eabi/lib/thumb/v7e-m+fp/hard/libcr_nohost_nf.a(__ciob.o)
                0x0000000000004648                __num_Ciob_streams
                0x0000000000004650                . = ALIGN (0x8)
 *fill*         0x000000000000464c        0x4 ff

.glue_7         0x0000000000004650        0x0
 .glue_7        0x0000000000004650        0x0 linker stubs

.glue_7t        0x0000000000004650        0x0
 .glue_7t       0x0000000000004650        0x0 linker stubs

.vfp11_veneer   0x0000000000004650        0x0
 .vfp11_veneer  0x0000000000004650        0x0 linker stubs

.v4_bx          0x0000000000004650        0x0
 .v4_bx         0x0000000000004650        0x0 linker stubs

.iplt           0x0000000000004650        0x0
 .iplt          0x0000000000004650        0x0 ./source/drv/CAN_SPI.o

.rel.dyn        0x0000000000004650        0x0
 .rel.iplt      0x0000000000004650        0x0 ./source/drv/CAN_SPI.o

.ARM.extab
 *(.ARM.extab* .gnu.linkonce.armextab.*)

.ARM.exidx      0x0000000000004650        0x0
                0x0000000000004650                __exidx_start = .
 *(.ARM.exidx* .gnu.linkonce.armexidx.*)
                0x0000000000004650                __exidx_end = .
                0x0000000000004650                _etext = .

.m_usb_data
 *(m_usb_bdt)

.data_RAM2      0x000000001fff0000        0x0 load address 0x0000000000004650
 FILL mask 0xff
                [!provide]                        PROVIDE (__start_data_RAM2 = .)
                [!provide]                        PROVIDE (__start_data_SRAM_LOWER = .)
 *(.ramfunc.$RAM2)
 *(.ramfunc.$SRAM_LOWER)
 *(.data.$RAM2)
 *(.data.$SRAM_LOWER)
 *(.data.$RAM2.*)
 *(.data.$SRAM_LOWER.*)
                0x000000001fff0000                . = ALIGN (0x8)
                [!provide]                        PROVIDE (__end_data_RAM2 = .)
                [!provide]                        PROVIDE (__end_data_SRAM_LOWER = .)

.data_RAM3      0x0000000014000000        0x0 load address 0x0000000000004650
 FILL mask 0xff
                [!provide]                        PROVIDE (__start_data_RAM3 = .)
                [!provide]                        PROVIDE (__start_data_FLEX_RAM = .)
 *(.ramfunc.$RAM3)
 *(.ramfunc.$FLEX_RAM)
 *(.data.$RAM3)
 *(.data.$FLEX_RAM)
 *(.data.$RAM3.*)
 *(.data.$FLEX_RAM.*)
                0x0000000014000000                . = ALIGN (0x8)
                [!provide]                        PROVIDE (__end_data_RAM3 = .)
                [!provide]                        PROVIDE (__end_data_FLEX_RAM = .)

.uninit_RESERVED
                0x0000000020000000        0x0
                0x0000000020000000                _start_uninit_RESERVED = .
 *(.bss.$RESERVED*)
                0x0000000020000000                . = ALIGN (0x8)
                0x0000000020000000                _end_uninit_RESERVED = .

.data           0x0000000020000000      0x120 load address 0x0000000000004650
 FILL mask 0xff
                0x0000000020000000                _data = .
                [!provide]                        PROVIDE (__start_data_RAM = .)
                [!provide]                        PROVIDE (__start_data_SRAM_UPPER = .)
 *(vtable)
 *(.ramfunc*)
 *(CodeQuickAccess)
 *(DataQuickAccess)
 *(RamFunction)
 *(.data*)
 .data.I2C_array
                0x0000000020000000        0xc ./source/drv/i2c.o
                0x0000000020000000                I2C_array
 .data.ICR2SCLDivider
                0x000000002000000c      0x100 ./source/drv/i2c.o
 .data.flag     0x000000002000010c        0x1 ./source/App.o
                0x000000002000010c                flag
 *fill*         0x000000002000010d        0x3 ff
 .data.bufferPC
                0x0000000020000110        0x7 ./source/comunicationHandler.o
 *fill*         0x0000000020000117        0x1 ff
 .data.writeAvailable
                0x0000000020000118        0x4 ./source/comunicationHandler.o
                0x0000000020000118                writeAvailable
                0x0000000020000120                . = ALIGN (0x8)
 *fill*         0x000000002000011c        0x4 ff
                0x0000000020000120                _edata = .
                [!provide]                        PROVIDE (__end_data_RAM = .)
                [!provide]                        PROVIDE (__end_data_SRAM_UPPER = .)

.igot.plt       0x0000000020000120        0x0 load address 0x0000000000004770
 .igot.plt      0x0000000020000120        0x0 ./source/drv/CAN_SPI.o

.bss_RAM2       0x000000001fff0000        0x0
                [!provide]                        PROVIDE (__start_bss_RAM2 = .)
                [!provide]                        PROVIDE (__start_bss_SRAM_LOWER = .)
 *(.bss.$RAM2)
 *(.bss.$SRAM_LOWER)
 *(.bss.$RAM2.*)
 *(.bss.$SRAM_LOWER.*)
                0x000000001fff0000                . = ALIGN ((. != 0x0)?0x8:0x1)
                [!provide]                        PROVIDE (__end_bss_RAM2 = .)
                [!provide]                        PROVIDE (__end_bss_SRAM_LOWER = .)

.bss_RAM3       0x0000000014000000        0x0
                [!provide]                        PROVIDE (__start_bss_RAM3 = .)
                [!provide]                        PROVIDE (__start_bss_FLEX_RAM = .)
 *(.bss.$RAM3)
 *(.bss.$FLEX_RAM)
 *(.bss.$RAM3.*)
 *(.bss.$FLEX_RAM.*)
                0x0000000014000000                . = ALIGN ((. != 0x0)?0x8:0x1)
                [!provide]                        PROVIDE (__end_bss_RAM3 = .)
                [!provide]                        PROVIDE (__end_bss_FLEX_RAM = .)

.bss            0x0000000020000120      0x968
                0x0000000020000120                _bss = .
                [!provide]                        PROVIDE (__start_bss_RAM = .)
                [!provide]                        PROVIDE (__start_bss_SRAM_UPPER = .)
 *(.bss*)
 .bss.can_spi_buffers
                0x0000000020000120      0x264 ./source/drv/CAN_SPI.o
                0x0000000020000120                can_spi_buffers
 .bss.transmitting
                0x0000000020000384        0x1 ./source/drv/CAN_SPI.o
 .bss.receiving
                0x0000000020000385        0x1 ./source/drv/CAN_SPI.o
 .bss.receiveState.7
                0x0000000020000386        0x1 ./source/drv/CAN_SPI.o
 *fill*         0x0000000020000387        0x1 
 .bss.aux.6     0x0000000020000388       0x10 ./source/drv/CAN_SPI.o
 .bss.intStatus.5
                0x0000000020000398        0x1 ./source/drv/CAN_SPI.o
 .bss.sendState.4
                0x0000000020000399        0x1 ./source/drv/CAN_SPI.o
 *fill*         0x000000002000039a        0x2 
 .bss.data_to_send.3
                0x000000002000039c       0x10 ./source/drv/CAN_SPI.o
 .bss.aux.2     0x00000000200003ac       0x10 ./source/drv/CAN_SPI.o
 .bss.rxStatus.1
                0x00000000200003bc        0x1 ./source/drv/CAN_SPI.o
 .bss.number_buffer.0
                0x00000000200003bd        0x1 ./source/drv/CAN_SPI.o
 *fill*         0x00000000200003be        0x2 
 .bss.spi_buffers
                0x00000000200003c0       0xe0 ./source/drv/SPI.o
                0x00000000200003c0                spi_buffers
 .bss.transfer_complete
                0x00000000200004a0        0x1 ./source/drv/SPI.o
 *fill*         0x00000000200004a1        0x3 
 .bss.externalCB
                0x00000000200004a4        0x4 ./source/drv/SPI.o
 .bss.systick_Callback_Array
                0x00000000200004a8       0xb4 ./source/drv/SysTick.o
 .bss.num_Callbacks
                0x000000002000055c        0x4 ./source/drv/SysTick.o
 .bss.uart_buffers
                0x0000000020000560      0x360 ./source/drv/UART.o
                0x0000000020000560                uart_buffers
 .bss.Accel     0x00000000200008c0       0x44 ./source/drv/accel.o
 .bss.I2C_Objects
                0x0000000020000904       0x60 ./source/drv/i2c.o
                0x0000000020000904                I2C_Objects
 .bss.fsm       0x0000000020000964        0x1 ./source/App.o
                0x0000000020000964                fsm
 *fill*         0x0000000020000965        0x3 
 .bss.AppBoard  0x0000000020000968        0xc ./source/App.o
                0x0000000020000968                AppBoard
 .bss.Boards    0x0000000020000974       0x54 ./source/comunicationHandler.o
 .bss.myGroup   0x00000000200009c8        0x1 ./source/comunicationHandler.o
 *fill*         0x00000000200009c9        0x3 
 .bss.__LDM_interruptDisableCount
                0x00000000200009cc        0x4 ./SDK/startup/hardware.o
 .bss.errno     0x00000000200009d0        0x4 /Applications/MCUXpressoIDE_11.8.0_1165/ide/plugins/com.nxp.mcuxpresso.tools.macosx_11.8.0.202306131047/tools/bin/../lib/gcc/arm-none-eabi/12.2.1/../../../../arm-none-eabi/lib/thumb/v7e-m+fp/hard/libcr_c.a(errno.o)
                0x00000000200009d0                errno
 .bss.__Ciob    0x00000000200009d4       0xb4 /Applications/MCUXpressoIDE_11.8.0_1165/ide/plugins/com.nxp.mcuxpresso.tools.macosx_11.8.0.202306131047/tools/bin/../lib/gcc/arm-none-eabi/12.2.1/../../../../arm-none-eabi/lib/thumb/v7e-m+fp/hard/libcr_nohost_nf.a(__ciob.o)
                0x00000000200009d4                __Ciob
 *(COMMON)
                0x0000000020000a88                . = ALIGN (0x8)
                0x0000000020000a88                _ebss = .
                [!provide]                        PROVIDE (__end_bss_RAM = .)
                [!provide]                        PROVIDE (__end_bss_SRAM_UPPER = .)
                [!provide]                        PROVIDE (end = .)

.noinit_RAM2    0x000000001fff0000        0x0
                [!provide]                        PROVIDE (__start_noinit_RAM2 = .)
                [!provide]                        PROVIDE (__start_noinit_SRAM_LOWER = .)
 *(.noinit.$RAM2)
 *(.noinit.$SRAM_LOWER)
 *(.noinit.$RAM2.*)
 *(.noinit.$SRAM_LOWER.*)
                0x000000001fff0000                . = ALIGN (0x8)
                [!provide]                        PROVIDE (__end_noinit_RAM2 = .)
                [!provide]                        PROVIDE (__end_noinit_SRAM_LOWER = .)

.noinit_RAM3    0x0000000014000000        0x0
                [!provide]                        PROVIDE (__start_noinit_RAM3 = .)
                [!provide]                        PROVIDE (__start_noinit_FLEX_RAM = .)
 *(.noinit.$RAM3)
 *(.noinit.$FLEX_RAM)
 *(.noinit.$RAM3.*)
 *(.noinit.$FLEX_RAM.*)
                0x0000000014000000                . = ALIGN (0x8)
                [!provide]                        PROVIDE (__end_noinit_RAM3 = .)
                [!provide]                        PROVIDE (__end_noinit_FLEX_RAM = .)

.noinit         0x0000000020000a88        0x0
                0x0000000020000a88                _noinit = .
                [!provide]                        PROVIDE (__start_noinit_RAM = .)
                [!provide]                        PROVIDE (__start_noinit_SRAM_UPPER = .)
 *(.noinit*)
                0x0000000020000a88                . = ALIGN (0x8)
                0x0000000020000a88                _end_noinit = .
                [!provide]                        PROVIDE (__end_noinit_RAM = .)
                [!provide]                        PROVIDE (__end_noinit_SRAM_UPPER = .)
                0x0000000000001000                _HeapSize = 0x1000

.heap           0x0000000020000a88     0x1000
                0x0000000020000a88                _pvHeapStart = .
                0x0000000020001a88                . = (. + _HeapSize)
 *fill*         0x0000000020000a88     0x1000 
                0x0000000020001a88                . = ALIGN (0x8)
                0x0000000020001a88                _pvHeapLimit = .
                0x0000000000001000                _StackSize = 0x1000

.heap2stackfill
                0x0000000020001a88     0x1000
                0x0000000020002a88                . = (. + _StackSize)
 *fill*         0x0000000020001a88     0x1000 

.stack          0x000000002002f000        0x0
                0x000000002002f000                _vStackBase = .
                0x000000002002f000                . = ALIGN (0x8)
                0x0000000020030000                _vStackTop = (. + _StackSize)
                0x0000000000000000                _image_start = LOADADDR (.text)
                0x0000000000004770                _image_end = (LOADADDR (.data) + SIZEOF (.data))
                0x0000000000004770                _image_size = (_image_end - _image_start)
OUTPUT(I2C.axf elf32-littlearm)
LOAD linker stubs

.debug_info     0x0000000000000000     0x5dce
 .debug_info    0x0000000000000000      0x88d ./source/drv/CAN_SPI.o
 .debug_info    0x000000000000088d      0xd57 ./source/drv/SPI.o
 .debug_info    0x00000000000015e4      0x1e2 ./source/drv/SysTick.o
 .debug_info    0x00000000000017c6      0xcaa ./source/drv/UART.o
 .debug_info    0x0000000000002470      0x3ed ./source/drv/accel.o
 .debug_info    0x000000000000285d      0x912 ./source/drv/gpio.o
 .debug_info    0x000000000000316f      0xc32 ./source/drv/i2c.o
 .debug_info    0x0000000000003da1      0x27d ./source/App.o
 .debug_info    0x000000000000401e      0x40a ./source/comunicationHandler.o
 .debug_info    0x0000000000004428      0x682 ./SDK/startup/hardware.o
 .debug_info    0x0000000000004aaa       0xb1 ./SDK/startup/main.o
 .debug_info    0x0000000000004b5b      0xc6f ./SDK/startup/startup_mk64f12.o
 .debug_info    0x00000000000057ca      0x604 ./SDK/CMSIS/system_MK64F12.o

.debug_abbrev   0x0000000000000000     0x18bf
 .debug_abbrev  0x0000000000000000      0x313 ./source/drv/CAN_SPI.o
 .debug_abbrev  0x0000000000000313      0x31b ./source/drv/SPI.o
 .debug_abbrev  0x000000000000062e      0x15d ./source/drv/SysTick.o
 .debug_abbrev  0x000000000000078b      0x302 ./source/drv/UART.o
 .debug_abbrev  0x0000000000000a8d      0x1cd ./source/drv/accel.o
 .debug_abbrev  0x0000000000000c5a      0x1ca ./source/drv/gpio.o
 .debug_abbrev  0x0000000000000e24      0x298 ./source/drv/i2c.o
 .debug_abbrev  0x00000000000010bc      0x1c8 ./source/App.o
 .debug_abbrev  0x0000000000001284      0x1fc ./source/comunicationHandler.o
 .debug_abbrev  0x0000000000001480      0x135 ./SDK/startup/hardware.o
 .debug_abbrev  0x00000000000015b5       0x5b ./SDK/startup/main.o
 .debug_abbrev  0x0000000000001610      0x17e ./SDK/startup/startup_mk64f12.o
 .debug_abbrev  0x000000000000178e      0x131 ./SDK/CMSIS/system_MK64F12.o

.debug_aranges  0x0000000000000000      0x750
 .debug_aranges
                0x0000000000000000       0xb8 ./source/drv/CAN_SPI.o
 .debug_aranges
                0x00000000000000b8       0x98 ./source/drv/SPI.o
 .debug_aranges
                0x0000000000000150       0x30 ./source/drv/SysTick.o
 .debug_aranges
                0x0000000000000180       0xa0 ./source/drv/UART.o
 .debug_aranges
                0x0000000000000220       0x58 ./source/drv/accel.o
 .debug_aranges
                0x0000000000000278       0x50 ./source/drv/gpio.o
 .debug_aranges
                0x00000000000002c8       0x58 ./source/drv/i2c.o
 .debug_aranges
                0x0000000000000320       0x40 ./source/App.o
 .debug_aranges
                0x0000000000000360       0x48 ./source/comunicationHandler.o
 .debug_aranges
                0x00000000000003a8       0x30 ./SDK/startup/hardware.o
 .debug_aranges
                0x00000000000003d8       0x20 ./SDK/startup/main.o
 .debug_aranges
                0x00000000000003f8      0x330 ./SDK/startup/startup_mk64f12.o
 .debug_aranges
                0x0000000000000728       0x28 ./SDK/CMSIS/system_MK64F12.o

.debug_rnglists
                0x0000000000000000      0x566
 .debug_rnglists
                0x0000000000000000       0x8b ./source/drv/CAN_SPI.o
 .debug_rnglists
                0x000000000000008b       0x80 ./source/drv/SPI.o
 .debug_rnglists
                0x000000000000010b       0x20 ./source/drv/SysTick.o
 .debug_rnglists
                0x000000000000012b       0x77 ./source/drv/UART.o
 .debug_rnglists
                0x00000000000001a2       0x3f ./source/drv/accel.o
 .debug_rnglists
                0x00000000000001e1       0x38 ./source/drv/gpio.o
 .debug_rnglists
                0x0000000000000219       0x41 ./source/drv/i2c.o
 .debug_rnglists
                0x000000000000025a       0x2c ./source/App.o
 .debug_rnglists
                0x0000000000000286       0x34 ./source/comunicationHandler.o
 .debug_rnglists
                0x00000000000002ba       0x20 ./SDK/startup/hardware.o
 .debug_rnglists
                0x00000000000002da       0x13 ./SDK/startup/main.o
 .debug_rnglists
                0x00000000000002ed      0x25f ./SDK/startup/startup_mk64f12.o
 .debug_rnglists
                0x000000000000054c       0x1a ./SDK/CMSIS/system_MK64F12.o

.debug_macro    0x0000000000000000    0x125e2
 .debug_macro   0x0000000000000000      0x1ad ./source/drv/CAN_SPI.o
 .debug_macro   0x00000000000001ad      0xad8 ./source/drv/CAN_SPI.o
 .debug_macro   0x0000000000000c85       0x10 ./source/drv/CAN_SPI.o
 .debug_macro   0x0000000000000c95      0x12e ./source/drv/CAN_SPI.o
 .debug_macro   0x0000000000000dc3      0x5b3 ./source/drv/CAN_SPI.o
 .debug_macro   0x0000000000001376       0x22 ./source/drv/CAN_SPI.o
 .debug_macro   0x0000000000001398       0x10 ./source/drv/CAN_SPI.o
 .debug_macro   0x00000000000013a8       0x5b ./source/drv/CAN_SPI.o
 .debug_macro   0x0000000000001403       0x3b ./source/drv/CAN_SPI.o
 .debug_macro   0x000000000000143e       0x50 ./source/drv/CAN_SPI.o
 .debug_macro   0x000000000000148e      0xd40 ./source/drv/CAN_SPI.o
 .debug_macro   0x00000000000021ce       0x44 ./source/drv/CAN_SPI.o
 .debug_macro   0x0000000000002212     0xe07b ./source/drv/CAN_SPI.o
 .debug_macro   0x000000000001028d     0x13c7 ./source/drv/CAN_SPI.o
 .debug_macro   0x0000000000011654       0x16 ./source/drv/CAN_SPI.o
 .debug_macro   0x000000000001166a       0x10 ./source/drv/CAN_SPI.o
 .debug_macro   0x000000000001167a       0x52 ./source/drv/CAN_SPI.o
 .debug_macro   0x00000000000116cc      0x101 ./source/drv/SPI.o
 .debug_macro   0x00000000000117cd       0xe9 ./source/drv/SysTick.o
 .debug_macro   0x00000000000118b6       0x1c ./source/drv/SysTick.o
 .debug_macro   0x00000000000118d2       0xff ./source/drv/UART.o
 .debug_macro   0x00000000000119d1       0xf8 ./source/drv/accel.o
 .debug_macro   0x0000000000011ac9      0x2f5 ./source/drv/accel.o
 .debug_macro   0x0000000000011dbe       0x22 ./source/drv/accel.o
 .debug_macro   0x0000000000011de0       0xc4 ./source/drv/accel.o
 .debug_macro   0x0000000000011ea4       0xc3 ./source/drv/gpio.o
 .debug_macro   0x0000000000011f67      0x1bb ./source/drv/i2c.o
 .debug_macro   0x0000000000012122       0x58 ./source/drv/i2c.o
 .debug_macro   0x000000000001217a       0x40 ./source/drv/i2c.o
 .debug_macro   0x00000000000121ba       0xf0 ./source/App.o
 .debug_macro   0x00000000000122aa       0x10 ./source/App.o
 .debug_macro   0x00000000000122ba       0xe1 ./source/comunicationHandler.o
 .debug_macro   0x000000000001239b       0xbb ./SDK/startup/hardware.o
 .debug_macro   0x0000000000012456       0xc4 ./SDK/startup/main.o
 .debug_macro   0x000000000001251a       0x29 ./SDK/startup/startup_mk64f12.o
 .debug_macro   0x0000000000012543       0x9f ./SDK/CMSIS/system_MK64F12.o

.debug_line     0x0000000000000000     0x474d
 .debug_line    0x0000000000000000      0x931 ./source/drv/CAN_SPI.o
 .debug_line    0x0000000000000931      0x720 ./source/drv/SPI.o
 .debug_line    0x0000000000001051      0x36a ./source/drv/SysTick.o
 .debug_line    0x00000000000013bb      0x668 ./source/drv/UART.o
 .debug_line    0x0000000000001a23      0x4af ./source/drv/accel.o
 .debug_line    0x0000000000001ed2      0x3fb ./source/drv/gpio.o
 .debug_line    0x00000000000022cd      0x688 ./source/drv/i2c.o
 .debug_line    0x0000000000002955      0x3eb ./source/App.o
 .debug_line    0x0000000000002d40      0x55f ./source/comunicationHandler.o
 .debug_line    0x000000000000329f      0x37d ./SDK/startup/hardware.o
 .debug_line    0x000000000000361c      0x2dd ./SDK/startup/main.o
 .debug_line    0x00000000000038f9      0xaa1 ./SDK/startup/startup_mk64f12.o
 .debug_line    0x000000000000439a      0x3b3 ./SDK/CMSIS/system_MK64F12.o

.debug_str      0x0000000000000000    0x7b112
 .debug_str     0x0000000000000000    0x77c43 ./source/drv/CAN_SPI.o
                                      0x77d0b (size before relaxing)
 .debug_str     0x0000000000077c43      0x915 ./source/drv/SPI.o
                                      0x780a8 (size before relaxing)
 .debug_str     0x0000000000078558      0x17b ./source/drv/SysTick.o
                                      0x7789a (size before relaxing)
 .debug_str     0x00000000000786d3      0x28a ./source/drv/UART.o
                                      0x78066 (size before relaxing)
 .debug_str     0x000000000007895d     0x110f ./source/drv/accel.o
                                      0x7160d (size before relaxing)
 .debug_str     0x0000000000079a6c      0x211 ./source/drv/gpio.o
                                      0x70df2 (size before relaxing)
 .debug_str     0x0000000000079c7d      0x916 ./source/drv/i2c.o
                                      0x7886b (size before relaxing)
 .debug_str     0x000000000007a593      0x12c ./source/App.o
                                      0x71567 (size before relaxing)
 .debug_str     0x000000000007a6bf      0x105 ./source/comunicationHandler.o
                                      0x705c0 (size before relaxing)
 .debug_str     0x000000000007a7c4      0x167 ./SDK/startup/hardware.o
                                      0x7783a (size before relaxing)
 .debug_str     0x000000000007a92b       0x16 ./SDK/startup/main.o
                                      0x7766f (size before relaxing)
 .debug_str     0x000000000007a941      0x781 ./SDK/startup/startup_mk64f12.o
                                       0x3706 (size before relaxing)
 .debug_str     0x000000000007b0c2       0x50 ./SDK/CMSIS/system_MK64F12.o
                                      0x7774a (size before relaxing)

.comment        0x0000000000000000       0x85
 .comment       0x0000000000000000       0x40 ./source/drv/CAN_SPI.o
                                         0x41 (size before relaxing)
 .comment       0x0000000000000040       0x41 ./source/drv/SPI.o
 .comment       0x0000000000000040       0x41 ./source/drv/SysTick.o
 .comment       0x0000000000000040       0x41 ./source/drv/UART.o
 .comment       0x0000000000000040       0x41 ./source/drv/accel.o
 .comment       0x0000000000000040       0x41 ./source/drv/gpio.o
 .comment       0x0000000000000040       0x41 ./source/drv/i2c.o
 .comment       0x0000000000000040       0x41 ./source/App.o
 .comment       0x0000000000000040       0x41 ./source/comunicationHandler.o
 .comment       0x0000000000000040       0x41 ./SDK/startup/hardware.o
 .comment       0x0000000000000040       0x41 ./SDK/startup/main.o
 .comment       0x0000000000000040       0x41 ./SDK/startup/startup_mk64f12.o
 .comment       0x0000000000000040       0x41 ./SDK/CMSIS/system_MK64F12.o
 .comment       0x0000000000000040       0x45 /Applications/MCUXpressoIDE_11.8.0_1165/ide/plugins/com.nxp.mcuxpresso.tools.macosx_11.8.0.202306131047/tools/bin/../lib/gcc/arm-none-eabi/12.2.1/../../../../arm-none-eabi/lib/thumb/v7e-m+fp/hard/libcr_nohost_nf.a(_cr__main.o)
                                         0x46 (size before relaxing)
 .comment       0x0000000000000085       0x46 /Applications/MCUXpressoIDE_11.8.0_1165/ide/plugins/com.nxp.mcuxpresso.tools.macosx_11.8.0.202306131047/tools/bin/../lib/gcc/arm-none-eabi/12.2.1/../../../../arm-none-eabi/lib/thumb/v7e-m+fp/hard/libcr_c.a(atan2.o)
 .comment       0x0000000000000085       0x46 /Applications/MCUXpressoIDE_11.8.0_1165/ide/plugins/com.nxp.mcuxpresso.tools.macosx_11.8.0.202306131047/tools/bin/../lib/gcc/arm-none-eabi/12.2.1/../../../../arm-none-eabi/lib/thumb/v7e-m+fp/hard/libcr_c.a(errno.o)
 .comment       0x0000000000000085       0x46 /Applications/MCUXpressoIDE_11.8.0_1165/ide/plugins/com.nxp.mcuxpresso.tools.macosx_11.8.0.202306131047/tools/bin/../lib/gcc/arm-none-eabi/12.2.1/../../../../arm-none-eabi/lib/thumb/v7e-m+fp/hard/libcr_c.a(fabs.o)
 .comment       0x0000000000000085       0x46 /Applications/MCUXpressoIDE_11.8.0_1165/ide/plugins/com.nxp.mcuxpresso.tools.macosx_11.8.0.202306131047/tools/bin/../lib/gcc/arm-none-eabi/12.2.1/../../../../arm-none-eabi/lib/thumb/v7e-m+fp/hard/libcr_c.a(initio.o)
 .comment       0x0000000000000085       0x46 /Applications/MCUXpressoIDE_11.8.0_1165/ide/plugins/com.nxp.mcuxpresso.tools.macosx_11.8.0.202306131047/tools/bin/../lib/gcc/arm-none-eabi/12.2.1/../../../../arm-none-eabi/lib/thumb/v7e-m+fp/hard/libcr_c.a(setvbuf.o)
 .comment       0x0000000000000085       0x46 /Applications/MCUXpressoIDE_11.8.0_1165/ide/plugins/com.nxp.mcuxpresso.tools.macosx_11.8.0.202306131047/tools/bin/../lib/gcc/arm-none-eabi/12.2.1/../../../../arm-none-eabi/lib/thumb/v7e-m+fp/hard/libcr_c.a(_fdopen.o)
 .comment       0x0000000000000085       0x46 /Applications/MCUXpressoIDE_11.8.0_1165/ide/plugins/com.nxp.mcuxpresso.tools.macosx_11.8.0.202306131047/tools/bin/../lib/gcc/arm-none-eabi/12.2.1/../../../../arm-none-eabi/lib/thumb/v7e-m+fp/hard/libcr_c.a(atan.o)
 .comment       0x0000000000000085       0x46 /Applications/MCUXpressoIDE_11.8.0_1165/ide/plugins/com.nxp.mcuxpresso.tools.macosx_11.8.0.202306131047/tools/bin/../lib/gcc/arm-none-eabi/12.2.1/../../../../arm-none-eabi/lib/thumb/v7e-m+fp/hard/libcr_c.a(fclose.o)
 .comment       0x0000000000000085       0x46 /Applications/MCUXpressoIDE_11.8.0_1165/ide/plugins/com.nxp.mcuxpresso.tools.macosx_11.8.0.202306131047/tools/bin/../lib/gcc/arm-none-eabi/12.2.1/../../../../arm-none-eabi/lib/thumb/v7e-m+fp/hard/libcr_c.a(fflush.o)
 .comment       0x0000000000000085       0x46 /Applications/MCUXpressoIDE_11.8.0_1165/ide/plugins/com.nxp.mcuxpresso.tools.macosx_11.8.0.202306131047/tools/bin/../lib/gcc/arm-none-eabi/12.2.1/../../../../arm-none-eabi/lib/thumb/v7e-m+fp/hard/libcr_c.a(fseek.o)
 .comment       0x0000000000000085       0x46 /Applications/MCUXpressoIDE_11.8.0_1165/ide/plugins/com.nxp.mcuxpresso.tools.macosx_11.8.0.202306131047/tools/bin/../lib/gcc/arm-none-eabi/12.2.1/../../../../arm-none-eabi/lib/thumb/v7e-m+fp/hard/libcr_c.a(ftell.o)
 .comment       0x0000000000000085       0x46 /Applications/MCUXpressoIDE_11.8.0_1165/ide/plugins/com.nxp.mcuxpresso.tools.macosx_11.8.0.202306131047/tools/bin/../lib/gcc/arm-none-eabi/12.2.1/../../../../arm-none-eabi/lib/thumb/v7e-m+fp/hard/libcr_c.a(remove.o)
 .comment       0x0000000000000085       0x46 /Applications/MCUXpressoIDE_11.8.0_1165/ide/plugins/com.nxp.mcuxpresso.tools.macosx_11.8.0.202306131047/tools/bin/../lib/gcc/arm-none-eabi/12.2.1/../../../../arm-none-eabi/lib/thumb/v7e-m+fp/hard/libcr_c.a(strlen.o)
 .comment       0x0000000000000085       0x46 /Applications/MCUXpressoIDE_11.8.0_1165/ide/plugins/com.nxp.mcuxpresso.tools.macosx_11.8.0.202306131047/tools/bin/../lib/gcc/arm-none-eabi/12.2.1/../../../../arm-none-eabi/lib/thumb/v7e-m+fp/hard/libcr_c.a(memset.o)
 .comment       0x0000000000000085       0x46 /Applications/MCUXpressoIDE_11.8.0_1165/ide/plugins/com.nxp.mcuxpresso.tools.macosx_11.8.0.202306131047/tools/bin/../lib/gcc/arm-none-eabi/12.2.1/../../../../arm-none-eabi/lib/thumb/v7e-m+fp/hard/libcr_c.a(_do_fflush.o)
 .comment       0x0000000000000085       0x46 /Applications/MCUXpressoIDE_11.8.0_1165/ide/plugins/com.nxp.mcuxpresso.tools.macosx_11.8.0.202306131047/tools/bin/../lib/gcc/arm-none-eabi/12.2.1/../../../../arm-none-eabi/lib/thumb/v7e-m+fp/hard/libcr_c.a(_fflush.o)
 .comment       0x0000000000000085       0x46 /Applications/MCUXpressoIDE_11.8.0_1165/ide/plugins/com.nxp.mcuxpresso.tools.macosx_11.8.0.202306131047/tools/bin/../lib/gcc/arm-none-eabi/12.2.1/../../../../arm-none-eabi/lib/thumb/v7e-m+fp/hard/libcr_c.a(_writebuf.o)
 .comment       0x0000000000000085       0x46 /Applications/MCUXpressoIDE_11.8.0_1165/ide/plugins/com.nxp.mcuxpresso.tools.macosx_11.8.0.202306131047/tools/bin/../lib/gcc/arm-none-eabi/12.2.1/../../../../arm-none-eabi/lib/thumb/v7e-m+fp/hard/libcr_c.a(alloc.o)
 .comment       0x0000000000000085       0x46 /Applications/MCUXpressoIDE_11.8.0_1165/ide/plugins/com.nxp.mcuxpresso.tools.macosx_11.8.0.202306131047/tools/bin/../lib/gcc/arm-none-eabi/12.2.1/../../../../arm-none-eabi/lib/thumb/v7e-m+fp/hard/libcr_c.a(_deferredlazyseek.o)
 .comment       0x0000000000000085       0x46 /Applications/MCUXpressoIDE_11.8.0_1165/ide/plugins/com.nxp.mcuxpresso.tools.macosx_11.8.0.202306131047/tools/bin/../lib/gcc/arm-none-eabi/12.2.1/thumb/v7e-m+fp/hard/libcr_eabihelpers.a(double.o)
 .comment       0x0000000000000085       0x46 /Applications/MCUXpressoIDE_11.8.0_1165/ide/plugins/com.nxp.mcuxpresso.tools.macosx_11.8.0.202306131047/tools/bin/../lib/gcc/arm-none-eabi/12.2.1/../../../../arm-none-eabi/lib/thumb/v7e-m+fp/hard/libcr_nohost_nf.a(__ciob.o)
 .comment       0x0000000000000085       0x46 /Applications/MCUXpressoIDE_11.8.0_1165/ide/plugins/com.nxp.mcuxpresso.tools.macosx_11.8.0.202306131047/tools/bin/../lib/gcc/arm-none-eabi/12.2.1/../../../../arm-none-eabi/lib/thumb/v7e-m+fp/hard/libcr_nohost_nf.a(__sys_close.o)
 .comment       0x0000000000000085       0x46 /Applications/MCUXpressoIDE_11.8.0_1165/ide/plugins/com.nxp.mcuxpresso.tools.macosx_11.8.0.202306131047/tools/bin/../lib/gcc/arm-none-eabi/12.2.1/../../../../arm-none-eabi/lib/thumb/v7e-m+fp/hard/libcr_nohost_nf.a(__sys_flen.o)
 .comment       0x0000000000000085       0x46 /Applications/MCUXpressoIDE_11.8.0_1165/ide/plugins/com.nxp.mcuxpresso.tools.macosx_11.8.0.202306131047/tools/bin/../lib/gcc/arm-none-eabi/12.2.1/../../../../arm-none-eabi/lib/thumb/v7e-m+fp/hard/libcr_nohost_nf.a(__sys_istty.o)
 .comment       0x0000000000000085       0x46 /Applications/MCUXpressoIDE_11.8.0_1165/ide/plugins/com.nxp.mcuxpresso.tools.macosx_11.8.0.202306131047/tools/bin/../lib/gcc/arm-none-eabi/12.2.1/../../../../arm-none-eabi/lib/thumb/v7e-m+fp/hard/libcr_nohost_nf.a(__sys_remove.o)
 .comment       0x0000000000000085       0x46 /Applications/MCUXpressoIDE_11.8.0_1165/ide/plugins/com.nxp.mcuxpresso.tools.macosx_11.8.0.202306131047/tools/bin/../lib/gcc/arm-none-eabi/12.2.1/../../../../arm-none-eabi/lib/thumb/v7e-m+fp/hard/libcr_nohost_nf.a(__sys_seek.o)
 .comment       0x0000000000000085       0x46 /Applications/MCUXpressoIDE_11.8.0_1165/ide/plugins/com.nxp.mcuxpresso.tools.macosx_11.8.0.202306131047/tools/bin/../lib/gcc/arm-none-eabi/12.2.1/../../../../arm-none-eabi/lib/thumb/v7e-m+fp/hard/libcr_nohost_nf.a(__sys_tmpnam.o)
 .comment       0x0000000000000085       0x46 /Applications/MCUXpressoIDE_11.8.0_1165/ide/plugins/com.nxp.mcuxpresso.tools.macosx_11.8.0.202306131047/tools/bin/../lib/gcc/arm-none-eabi/12.2.1/../../../../arm-none-eabi/lib/thumb/v7e-m+fp/hard/libcr_nohost_nf.a(__sys_write.o)

.ARM.attributes
                0x0000000000000000       0x32
 .ARM.attributes
                0x0000000000000000       0x34 ./source/drv/CAN_SPI.o
 .ARM.attributes
                0x0000000000000034       0x34 ./source/drv/SPI.o
 .ARM.attributes
                0x0000000000000068       0x34 ./source/drv/SysTick.o
 .ARM.attributes
                0x000000000000009c       0x34 ./source/drv/UART.o
 .ARM.attributes
                0x00000000000000d0       0x34 ./source/drv/accel.o
 .ARM.attributes
                0x0000000000000104       0x34 ./source/drv/gpio.o
 .ARM.attributes
                0x0000000000000138       0x34 ./source/drv/i2c.o
 .ARM.attributes
                0x000000000000016c       0x34 ./source/App.o
 .ARM.attributes
                0x00000000000001a0       0x34 ./source/comunicationHandler.o
 .ARM.attributes
                0x00000000000001d4       0x34 ./SDK/startup/hardware.o
 .ARM.attributes
                0x0000000000000208       0x34 ./SDK/startup/main.o
 .ARM.attributes
                0x000000000000023c       0x34 ./SDK/startup/startup_mk64f12.o
 .ARM.attributes
                0x0000000000000270       0x34 ./SDK/CMSIS/system_MK64F12.o
 .ARM.attributes
                0x00000000000002a4       0x34 /Applications/MCUXpressoIDE_11.8.0_1165/ide/plugins/com.nxp.mcuxpresso.tools.macosx_11.8.0.202306131047/tools/bin/../lib/gcc/arm-none-eabi/12.2.1/../../../../arm-none-eabi/lib/thumb/v7e-m+fp/hard/libcr_nohost_nf.a(_cr__main.o)
 .ARM.attributes
                0x00000000000002d8       0x34 /Applications/MCUXpressoIDE_11.8.0_1165/ide/plugins/com.nxp.mcuxpresso.tools.macosx_11.8.0.202306131047/tools/bin/../lib/gcc/arm-none-eabi/12.2.1/../../../../arm-none-eabi/lib/thumb/v7e-m+fp/hard/libcr_c.a(atan2.o)
 .ARM.attributes
                0x000000000000030c       0x34 /Applications/MCUXpressoIDE_11.8.0_1165/ide/plugins/com.nxp.mcuxpresso.tools.macosx_11.8.0.202306131047/tools/bin/../lib/gcc/arm-none-eabi/12.2.1/../../../../arm-none-eabi/lib/thumb/v7e-m+fp/hard/libcr_c.a(errno.o)
 .ARM.attributes
                0x0000000000000340       0x34 /Applications/MCUXpressoIDE_11.8.0_1165/ide/plugins/com.nxp.mcuxpresso.tools.macosx_11.8.0.202306131047/tools/bin/../lib/gcc/arm-none-eabi/12.2.1/../../../../arm-none-eabi/lib/thumb/v7e-m+fp/hard/libcr_c.a(fabs.o)
 .ARM.attributes
                0x0000000000000374       0x34 /Applications/MCUXpressoIDE_11.8.0_1165/ide/plugins/com.nxp.mcuxpresso.tools.macosx_11.8.0.202306131047/tools/bin/../lib/gcc/arm-none-eabi/12.2.1/../../../../arm-none-eabi/lib/thumb/v7e-m+fp/hard/libcr_c.a(initio.o)
 .ARM.attributes
                0x00000000000003a8       0x34 /Applications/MCUXpressoIDE_11.8.0_1165/ide/plugins/com.nxp.mcuxpresso.tools.macosx_11.8.0.202306131047/tools/bin/../lib/gcc/arm-none-eabi/12.2.1/../../../../arm-none-eabi/lib/thumb/v7e-m+fp/hard/libcr_c.a(setvbuf.o)
 .ARM.attributes
                0x00000000000003dc       0x34 /Applications/MCUXpressoIDE_11.8.0_1165/ide/plugins/com.nxp.mcuxpresso.tools.macosx_11.8.0.202306131047/tools/bin/../lib/gcc/arm-none-eabi/12.2.1/../../../../arm-none-eabi/lib/thumb/v7e-m+fp/hard/libcr_c.a(_fdopen.o)
 .ARM.attributes
                0x0000000000000410       0x34 /Applications/MCUXpressoIDE_11.8.0_1165/ide/plugins/com.nxp.mcuxpresso.tools.macosx_11.8.0.202306131047/tools/bin/../lib/gcc/arm-none-eabi/12.2.1/../../../../arm-none-eabi/lib/thumb/v7e-m+fp/hard/libcr_c.a(atan.o)
 .ARM.attributes
                0x0000000000000444       0x34 /Applications/MCUXpressoIDE_11.8.0_1165/ide/plugins/com.nxp.mcuxpresso.tools.macosx_11.8.0.202306131047/tools/bin/../lib/gcc/arm-none-eabi/12.2.1/../../../../arm-none-eabi/lib/thumb/v7e-m+fp/hard/libcr_c.a(fclose.o)
 .ARM.attributes
                0x0000000000000478       0x34 /Applications/MCUXpressoIDE_11.8.0_1165/ide/plugins/com.nxp.mcuxpresso.tools.macosx_11.8.0.202306131047/tools/bin/../lib/gcc/arm-none-eabi/12.2.1/../../../../arm-none-eabi/lib/thumb/v7e-m+fp/hard/libcr_c.a(fflush.o)
 .ARM.attributes
                0x00000000000004ac       0x34 /Applications/MCUXpressoIDE_11.8.0_1165/ide/plugins/com.nxp.mcuxpresso.tools.macosx_11.8.0.202306131047/tools/bin/../lib/gcc/arm-none-eabi/12.2.1/../../../../arm-none-eabi/lib/thumb/v7e-m+fp/hard/libcr_c.a(fseek.o)
 .ARM.attributes
                0x00000000000004e0       0x34 /Applications/MCUXpressoIDE_11.8.0_1165/ide/plugins/com.nxp.mcuxpresso.tools.macosx_11.8.0.202306131047/tools/bin/../lib/gcc/arm-none-eabi/12.2.1/../../../../arm-none-eabi/lib/thumb/v7e-m+fp/hard/libcr_c.a(ftell.o)
 .ARM.attributes
                0x0000000000000514       0x34 /Applications/MCUXpressoIDE_11.8.0_1165/ide/plugins/com.nxp.mcuxpresso.tools.macosx_11.8.0.202306131047/tools/bin/../lib/gcc/arm-none-eabi/12.2.1/../../../../arm-none-eabi/lib/thumb/v7e-m+fp/hard/libcr_c.a(remove.o)
 .ARM.attributes
                0x0000000000000548       0x34 /Applications/MCUXpressoIDE_11.8.0_1165/ide/plugins/com.nxp.mcuxpresso.tools.macosx_11.8.0.202306131047/tools/bin/../lib/gcc/arm-none-eabi/12.2.1/../../../../arm-none-eabi/lib/thumb/v7e-m+fp/hard/libcr_c.a(strlen.o)
 .ARM.attributes
                0x000000000000057c       0x34 /Applications/MCUXpressoIDE_11.8.0_1165/ide/plugins/com.nxp.mcuxpresso.tools.macosx_11.8.0.202306131047/tools/bin/../lib/gcc/arm-none-eabi/12.2.1/../../../../arm-none-eabi/lib/thumb/v7e-m+fp/hard/libcr_c.a(memset.o)
 .ARM.attributes
                0x00000000000005b0       0x34 /Applications/MCUXpressoIDE_11.8.0_1165/ide/plugins/com.nxp.mcuxpresso.tools.macosx_11.8.0.202306131047/tools/bin/../lib/gcc/arm-none-eabi/12.2.1/../../../../arm-none-eabi/lib/thumb/v7e-m+fp/hard/libcr_c.a(_do_fflush.o)
 .ARM.attributes
                0x00000000000005e4       0x34 /Applications/MCUXpressoIDE_11.8.0_1165/ide/plugins/com.nxp.mcuxpresso.tools.macosx_11.8.0.202306131047/tools/bin/../lib/gcc/arm-none-eabi/12.2.1/../../../../arm-none-eabi/lib/thumb/v7e-m+fp/hard/libcr_c.a(_fflush.o)
 .ARM.attributes
                0x0000000000000618       0x34 /Applications/MCUXpressoIDE_11.8.0_1165/ide/plugins/com.nxp.mcuxpresso.tools.macosx_11.8.0.202306131047/tools/bin/../lib/gcc/arm-none-eabi/12.2.1/../../../../arm-none-eabi/lib/thumb/v7e-m+fp/hard/libcr_c.a(_writebuf.o)
 .ARM.attributes
                0x000000000000064c       0x34 /Applications/MCUXpressoIDE_11.8.0_1165/ide/plugins/com.nxp.mcuxpresso.tools.macosx_11.8.0.202306131047/tools/bin/../lib/gcc/arm-none-eabi/12.2.1/../../../../arm-none-eabi/lib/thumb/v7e-m+fp/hard/libcr_c.a(alloc.o)
 .ARM.attributes
                0x0000000000000680       0x34 /Applications/MCUXpressoIDE_11.8.0_1165/ide/plugins/com.nxp.mcuxpresso.tools.macosx_11.8.0.202306131047/tools/bin/../lib/gcc/arm-none-eabi/12.2.1/../../../../arm-none-eabi/lib/thumb/v7e-m+fp/hard/libcr_c.a(_deferredlazyseek.o)
 .ARM.attributes
                0x00000000000006b4       0x34 /Applications/MCUXpressoIDE_11.8.0_1165/ide/plugins/com.nxp.mcuxpresso.tools.macosx_11.8.0.202306131047/tools/bin/../lib/gcc/arm-none-eabi/12.2.1/thumb/v7e-m+fp/hard/libcr_eabihelpers.a(double.o)
 .ARM.attributes
                0x00000000000006e8       0x20 /Applications/MCUXpressoIDE_11.8.0_1165/ide/plugins/com.nxp.mcuxpresso.tools.macosx_11.8.0.202306131047/tools/bin/../lib/gcc/arm-none-eabi/12.2.1/thumb/v7e-m+fp/hard/libcr_eabihelpers.a(memcpy.o)
 .ARM.attributes
                0x0000000000000708       0x34 /Applications/MCUXpressoIDE_11.8.0_1165/ide/plugins/com.nxp.mcuxpresso.tools.macosx_11.8.0.202306131047/tools/bin/../lib/gcc/arm-none-eabi/12.2.1/../../../../arm-none-eabi/lib/thumb/v7e-m+fp/hard/libcr_nohost_nf.a(__ciob.o)
 .ARM.attributes
                0x000000000000073c       0x34 /Applications/MCUXpressoIDE_11.8.0_1165/ide/plugins/com.nxp.mcuxpresso.tools.macosx_11.8.0.202306131047/tools/bin/../lib/gcc/arm-none-eabi/12.2.1/../../../../arm-none-eabi/lib/thumb/v7e-m+fp/hard/libcr_nohost_nf.a(__sys_close.o)
 .ARM.attributes
                0x0000000000000770       0x34 /Applications/MCUXpressoIDE_11.8.0_1165/ide/plugins/com.nxp.mcuxpresso.tools.macosx_11.8.0.202306131047/tools/bin/../lib/gcc/arm-none-eabi/12.2.1/../../../../arm-none-eabi/lib/thumb/v7e-m+fp/hard/libcr_nohost_nf.a(__sys_flen.o)
 .ARM.attributes
                0x00000000000007a4       0x34 /Applications/MCUXpressoIDE_11.8.0_1165/ide/plugins/com.nxp.mcuxpresso.tools.macosx_11.8.0.202306131047/tools/bin/../lib/gcc/arm-none-eabi/12.2.1/../../../../arm-none-eabi/lib/thumb/v7e-m+fp/hard/libcr_nohost_nf.a(__sys_istty.o)
 .ARM.attributes
                0x00000000000007d8       0x34 /Applications/MCUXpressoIDE_11.8.0_1165/ide/plugins/com.nxp.mcuxpresso.tools.macosx_11.8.0.202306131047/tools/bin/../lib/gcc/arm-none-eabi/12.2.1/../../../../arm-none-eabi/lib/thumb/v7e-m+fp/hard/libcr_nohost_nf.a(__sys_remove.o)
 .ARM.attributes
                0x000000000000080c       0x34 /Applications/MCUXpressoIDE_11.8.0_1165/ide/plugins/com.nxp.mcuxpresso.tools.macosx_11.8.0.202306131047/tools/bin/../lib/gcc/arm-none-eabi/12.2.1/../../../../arm-none-eabi/lib/thumb/v7e-m+fp/hard/libcr_nohost_nf.a(__sys_seek.o)
 .ARM.attributes
                0x0000000000000840       0x34 /Applications/MCUXpressoIDE_11.8.0_1165/ide/plugins/com.nxp.mcuxpresso.tools.macosx_11.8.0.202306131047/tools/bin/../lib/gcc/arm-none-eabi/12.2.1/../../../../arm-none-eabi/lib/thumb/v7e-m+fp/hard/libcr_nohost_nf.a(__sys_tmpnam.o)
 .ARM.attributes
                0x0000000000000874       0x34 /Applications/MCUXpressoIDE_11.8.0_1165/ide/plugins/com.nxp.mcuxpresso.tools.macosx_11.8.0.202306131047/tools/bin/../lib/gcc/arm-none-eabi/12.2.1/../../../../arm-none-eabi/lib/thumb/v7e-m+fp/hard/libcr_nohost_nf.a(__sys_write.o)

.debug_frame    0x0000000000000000     0x17c4
 .debug_frame   0x0000000000000000      0x300 ./source/drv/CAN_SPI.o
 .debug_frame   0x0000000000000300      0x25c ./source/drv/SPI.o
 .debug_frame   0x000000000000055c       0x88 ./source/drv/SysTick.o
 .debug_frame   0x00000000000005e4      0x2b8 ./source/drv/UART.o
 .debug_frame   0x000000000000089c      0x12c ./source/drv/accel.o
 .debug_frame   0x00000000000009c8      0x124 ./source/drv/gpio.o
 .debug_frame   0x0000000000000aec      0x134 ./source/drv/i2c.o
 .debug_frame   0x0000000000000c20       0xac ./source/App.o
 .debug_frame   0x0000000000000ccc      0x100 ./source/comunicationHandler.o
 .debug_frame   0x0000000000000dcc       0x70 ./SDK/startup/hardware.o
 .debug_frame   0x0000000000000e3c       0x2c ./SDK/startup/main.o
 .debug_frame   0x0000000000000e68      0x904 ./SDK/startup/startup_mk64f12.o
 .debug_frame   0x000000000000176c       0x58 ./SDK/CMSIS/system_MK64F12.o

.debug_loclists
                0x0000000000000000      0x113
 .debug_loclists
                0x0000000000000000      0x113 ./SDK/startup/startup_mk64f12.o
