Archive member included to satisfy reference by file (symbol)

/Applications/MCUXpressoIDE_11.8.0_1165/ide/plugins/com.nxp.mcuxpresso.tools.macosx_11.8.0.202306131047/tools/bin/../lib/gcc/arm-none-eabi/12.2.1/../../../../arm-none-eabi/lib/thumb/v7e-m+fp/hard/libcr_nohost_nf.a(_cr__main.o)
                              ./SDK/startup/startup_mk64f12.o (__main)
/Applications/MCUXpressoIDE_11.8.0_1165/ide/plugins/com.nxp.mcuxpresso.tools.macosx_11.8.0.202306131047/tools/bin/../lib/gcc/arm-none-eabi/12.2.1/../../../../arm-none-eabi/lib/thumb/v7e-m+fp/hard/libcr_c.a(atan2.o)
                              ./source/drv/accel.o (atan2)
/Applications/MCUXpressoIDE_11.8.0_1165/ide/plugins/com.nxp.mcuxpresso.tools.macosx_11.8.0.202306131047/tools/bin/../lib/gcc/arm-none-eabi/12.2.1/../../../../arm-none-eabi/lib/thumb/v7e-m+fp/hard/libcr_c.a(errno.o)
                              /Applications/MCUXpressoIDE_11.8.0_1165/ide/plugins/com.nxp.mcuxpresso.tools.macosx_11.8.0.202306131047/tools/bin/../lib/gcc/arm-none-eabi/12.2.1/../../../../arm-none-eabi/lib/thumb/v7e-m+fp/hard/libcr_c.a(atan2.o) (errno)
/Applications/MCUXpressoIDE_11.8.0_1165/ide/plugins/com.nxp.mcuxpresso.tools.macosx_11.8.0.202306131047/tools/bin/../lib/gcc/arm-none-eabi/12.2.1/../../../../arm-none-eabi/lib/thumb/v7e-m+fp/hard/libcr_c.a(fabs.o)
                              /Applications/MCUXpressoIDE_11.8.0_1165/ide/plugins/com.nxp.mcuxpresso.tools.macosx_11.8.0.202306131047/tools/bin/../lib/gcc/arm-none-eabi/12.2.1/../../../../arm-none-eabi/lib/thumb/v7e-m+fp/hard/libcr_c.a(atan2.o) (fabs)
/Applications/MCUXpressoIDE_11.8.0_1165/ide/plugins/com.nxp.mcuxpresso.tools.macosx_11.8.0.202306131047/tools/bin/../lib/gcc/arm-none-eabi/12.2.1/../../../../arm-none-eabi/lib/thumb/v7e-m+fp/hard/libcr_c.a(initio.o)
                              /Applications/MCUXpressoIDE_11.8.0_1165/ide/plugins/com.nxp.mcuxpresso.tools.macosx_11.8.0.202306131047/tools/bin/../lib/gcc/arm-none-eabi/12.2.1/../../../../arm-none-eabi/lib/thumb/v7e-m+fp/hard/libcr_nohost_nf.a(_cr__main.o) (_initio)
/Applications/MCUXpressoIDE_11.8.0_1165/ide/plugins/com.nxp.mcuxpresso.tools.macosx_11.8.0.202306131047/tools/bin/../lib/gcc/arm-none-eabi/12.2.1/../../../../arm-none-eabi/lib/thumb/v7e-m+fp/hard/libcr_c.a(setvbuf.o)
                              /Applications/MCUXpressoIDE_11.8.0_1165/ide/plugins/com.nxp.mcuxpresso.tools.macosx_11.8.0.202306131047/tools/bin/../lib/gcc/arm-none-eabi/12.2.1/../../../../arm-none-eabi/lib/thumb/v7e-m+fp/hard/libcr_c.a(initio.o) (setvbuf)
/Applications/MCUXpressoIDE_11.8.0_1165/ide/plugins/com.nxp.mcuxpresso.tools.macosx_11.8.0.202306131047/tools/bin/../lib/gcc/arm-none-eabi/12.2.1/../../../../arm-none-eabi/lib/thumb/v7e-m+fp/hard/libcr_c.a(_fdopen.o)
                              /Applications/MCUXpressoIDE_11.8.0_1165/ide/plugins/com.nxp.mcuxpresso.tools.macosx_11.8.0.202306131047/tools/bin/../lib/gcc/arm-none-eabi/12.2.1/../../../../arm-none-eabi/lib/thumb/v7e-m+fp/hard/libcr_c.a(initio.o) (_fdopen)
/Applications/MCUXpressoIDE_11.8.0_1165/ide/plugins/com.nxp.mcuxpresso.tools.macosx_11.8.0.202306131047/tools/bin/../lib/gcc/arm-none-eabi/12.2.1/../../../../arm-none-eabi/lib/thumb/v7e-m+fp/hard/libcr_c.a(atan.o)
                              /Applications/MCUXpressoIDE_11.8.0_1165/ide/plugins/com.nxp.mcuxpresso.tools.macosx_11.8.0.202306131047/tools/bin/../lib/gcc/arm-none-eabi/12.2.1/../../../../arm-none-eabi/lib/thumb/v7e-m+fp/hard/libcr_c.a(atan2.o) (atan)
/Applications/MCUXpressoIDE_11.8.0_1165/ide/plugins/com.nxp.mcuxpresso.tools.macosx_11.8.0.202306131047/tools/bin/../lib/gcc/arm-none-eabi/12.2.1/../../../../arm-none-eabi/lib/thumb/v7e-m+fp/hard/libcr_c.a(fclose.o)
                              /Applications/MCUXpressoIDE_11.8.0_1165/ide/plugins/com.nxp.mcuxpresso.tools.macosx_11.8.0.202306131047/tools/bin/../lib/gcc/arm-none-eabi/12.2.1/../../../../arm-none-eabi/lib/thumb/v7e-m+fp/hard/libcr_c.a(initio.o) (fclose)
/Applications/MCUXpressoIDE_11.8.0_1165/ide/plugins/com.nxp.mcuxpresso.tools.macosx_11.8.0.202306131047/tools/bin/../lib/gcc/arm-none-eabi/12.2.1/../../../../arm-none-eabi/lib/thumb/v7e-m+fp/hard/libcr_c.a(fflush.o)
                              /Applications/MCUXpressoIDE_11.8.0_1165/ide/plugins/com.nxp.mcuxpresso.tools.macosx_11.8.0.202306131047/tools/bin/../lib/gcc/arm-none-eabi/12.2.1/../../../../arm-none-eabi/lib/thumb/v7e-m+fp/hard/libcr_c.a(fclose.o) (fflush)
/Applications/MCUXpressoIDE_11.8.0_1165/ide/plugins/com.nxp.mcuxpresso.tools.macosx_11.8.0.202306131047/tools/bin/../lib/gcc/arm-none-eabi/12.2.1/../../../../arm-none-eabi/lib/thumb/v7e-m+fp/hard/libcr_c.a(fseek.o)
                              /Applications/MCUXpressoIDE_11.8.0_1165/ide/plugins/com.nxp.mcuxpresso.tools.macosx_11.8.0.202306131047/tools/bin/../lib/gcc/arm-none-eabi/12.2.1/../../../../arm-none-eabi/lib/thumb/v7e-m+fp/hard/libcr_c.a(_fdopen.o) (fseek)
[...]
Memory Configuration

Name             Origin             Length             Attributes
PROGRAM_FLASH    0x0000000000000000 0x0000000000100000 xr
SRAM_UPPER       0x0000000020000000 0x0000000000030000 xrw
SRAM_LOWER       0x000000001fff0000 0x0000000000010000 xrw
FLEX_RAM         0x0000000014000000 0x0000000000001000 xrw
*default*        0x0000000000000000 0xffffffffffffffff

Linker script and memory map

LOAD ./source/drv/SysTick.o
LOAD ./source/drv/accel.o
LOAD ./source/drv/gpio.o
LOAD ./source/drv/i2c.o
LOAD ./source/App.o
LOAD ./SDK/startup/hardware.o
LOAD ./SDK/startup/main.o
LOAD ./SDK/startup/startup_mk64f12.o
LOAD ./SDK/CMSIS/system_MK64F12.o
START GROUP
LOAD /Applications/MCUXpressoIDE_11.8.0_1165/ide/plugins/com.nxp.mcuxpresso.tools.macosx_11.8.0.202306131047/tools/bin/../lib/gcc/arm-none-eabi/12.2.1/../../../../arm-none-eabi/lib/thumb/v7e-m+fp/hard/libcr_nohost_nf.a
LOAD /Applications/MCUXpressoIDE_11.8.0_1165/ide/plugins/com.nxp.mcuxpresso.tools.macosx_11.8.0.202306131047/tools/bin/../lib/gcc/arm-none-eabi/12.2.1/../../../../arm-none-eabi/lib/thumb/v7e-m+fp/hard/libcr_c.a
LOAD /Applications/MCUXpressoIDE_11.8.0_1165/ide/plugins/com.nxp.mcuxpresso.tools.macosx_11.8.0.202306131047/tools/bin/../lib/gcc/arm-none-eabi/12.2.1/thumb/v7e-m+fp/hard/libcr_eabihelpers.a
LOAD /Applications/MCUXpressoIDE_11.8.0_1165/ide/plugins/com.nxp.mcuxpresso.tools.macosx_11.8.0.202306131047/tools/bin/../lib/gcc/arm-none-eabi/12.2.1/thumb/v7e-m+fp/hard/libgcc.a
END GROUP
                0x0000000000000000                __base_PROGRAM_FLASH = 0x0
                0x0000000000000000                __base_Flash = 0x0
                0x0000000000100000                __top_PROGRAM_FLASH = 0x100000
                0x0000000000100000                __top_Flash = 0x100000
                0x0000000020000000                __base_SRAM_UPPER = 0x20000000
                0x0000000020000000                __base_RAM = 0x20000000
                0x0000000020030000                __top_SRAM_UPPER = 0x20030000
                0x0000000020030000                __top_RAM = 0x20030000
                0x000000001fff0000                __base_SRAM_LOWER = 0x1fff0000
                0x000000001fff0000                __base_RAM2 = 0x1fff0000
                0x0000000020000000                __top_SRAM_LOWER = 0x20000000
                0x0000000020000000                __top_RAM2 = 0x20000000
                0x0000000014000000                __base_FLEX_RAM = 0x14000000
                0x0000000014000000                __base_RAM3 = 0x14000000
                0x0000000014001000                __top_FLEX_RAM = 0x14001000
                0x0000000014001000                __top_RAM3 = 0x14001000

.text           0x0000000000000000     0x2948
 FILL mask 0xff
                0x0000000000000000                __vectors_start__ = ABSOLUTE (.)
 *(.isr_vector)
 .isr_vector    0x0000000000000000      0x198 ./SDK/startup/startup_mk64f12.o
                0x0000000000000000                __Vectors
                0x0000000000000000                g_pfnVectors
                0x0000000000000198                . = ALIGN (0x4)
                0x0000000000000198                __section_table_start = .
                0x0000000000000198                __data_section_table = .
                0x0000000000000198        0x4 LONG 0x2948 LOADADDR (.data)
                0x000000000000019c        0x4 LONG 0x20000000 ADDR (.data)
                0x00000000000001a0        0x4 LONG 0x110 SIZEOF (.data)
                0x00000000000001a4        0x4 LONG 0x2948 LOADADDR (.data_RAM2)
                0x00000000000001a8        0x4 LONG 0x1fff0000 ADDR (.data_RAM2)
                0x00000000000001ac        0x4 LONG 0x0 SIZEOF (.data_RAM2)
                0x00000000000001b0        0x4 LONG 0x2948 LOADADDR (.data_RAM3)
                0x00000000000001b4        0x4 LONG 0x14000000 ADDR (.data_RAM3)
                0x00000000000001b8        0x4 LONG 0x0 SIZEOF (.data_RAM3)
                0x00000000000001bc                __data_section_table_end = .
                0x00000000000001bc                __bss_section_table = .
                0x00000000000001bc        0x4 LONG 0x20000110 ADDR (.bss)
                0x00000000000001c0        0x4 LONG 0x240 SIZEOF (.bss)
                0x00000000000001c4        0x4 LONG 0x1fff0000 ADDR (.bss_RAM2)
                0x00000000000001c8        0x4 LONG 0x0 SIZEOF (.bss_RAM2)
                0x00000000000001cc        0x4 LONG 0x14000000 ADDR (.bss_RAM3)
                0x00000000000001d0        0x4 LONG 0x0 SIZEOF (.bss_RAM3)
                0x00000000000001d4                __bss_section_table_end = .
                0x00000000000001d4                __section_table_end = .
 *(.after_vectors*)
 .after_vectors.init_data
                0x00000000000001d4       0x1e ./SDK/startup/startup_mk64f12.o
                0x00000000000001d4                data_init
 .after_vectors.init_bss
                0x00000000000001f2       0x12 ./SDK/startup/startup_mk64f12.o
                0x00000000000001f2                bss_init
 .after_vectors.reset
                0x0000000000000204       0x4c ./SDK/startup/startup_mk64f12.o
                0x0000000000000204                ResetISR
 .after_vectors
                0x0000000000000250       0x14 ./SDK/startup/startup_mk64f12.o
                0x0000000000000250                NMI_Handler
                0x0000000000000252                HardFault_Handler
                0x0000000000000254                MemManage_Handler
                0x0000000000000256                BusFault_Handler
                0x0000000000000258                UsageFault_Handler
                0x000000000000025a                SVC_Handler
                0x000000000000025c                DebugMon_Handler
                0x000000000000025e                PendSV_Handler
                0x0000000000000262                FTM2_DriverIRQHandler
                0x0000000000000262                PIT2_DriverIRQHandler
                0x0000000000000262                SDHC_DriverIRQHandler
                0x0000000000000262                I2S0_Tx_DriverIRQHandler
                0x0000000000000262                RTC_Seconds_DriverIRQHandler
                0x0000000000000262                DMA6_DriverIRQHandler
                0x0000000000000262                LLWU_DriverIRQHandler
                0x0000000000000262                MCM_DriverIRQHandler
                0x0000000000000262                MCG_DriverIRQHandler
                0x0000000000000262                ENET_1588_Timer_DriverIRQHandler
                0x0000000000000262                I2C2_DriverIRQHandler
                0x0000000000000262                DAC1_DriverIRQHandler
                0x0000000000000262                CMP1_DriverIRQHandler
                0x0000000000000262                UART5_RX_TX_DriverIRQHandler
                0x0000000000000262                FTM0_DriverIRQHandler
                0x0000000000000262                IntDefaultHandler
                0x0000000000000262                USB0_DriverIRQHandler
                0x0000000000000262                UART5_ERR_DriverIRQHandler
                0x0000000000000262                PORTC_DriverIRQHandler
                0x0000000000000262                DMA11_DriverIRQHandler
                0x0000000000000262                DAC0_DriverIRQHandler
                0x0000000000000262                DMA10_DriverIRQHandler
                0x0000000000000262                CMP2_DriverIRQHandler
                0x0000000000000262                UART2_ERR_DriverIRQHandler
                0x0000000000000262                SPI2_DriverIRQHandler
                0x0000000000000262                LVD_LVW_DriverIRQHandler
                0x0000000000000262                PIT0_DriverIRQHandler
                0x0000000000000262                RNG_DriverIRQHandler
                0x0000000000000262                DMA5_DriverIRQHandler
                0x0000000000000262                DMA4_DriverIRQHandler
                0x0000000000000262                UART2_RX_TX_DriverIRQHandler
                0x0000000000000262                USBDCD_DriverIRQHandler
                0x0000000000000262                UART3_ERR_DriverIRQHandler
                0x0000000000000262                DMA3_DriverIRQHandler
                0x0000000000000262                DMA8_DriverIRQHandler
                0x0000000000000262                DMA9_DriverIRQHandler
                0x0000000000000262                UART0_ERR_DriverIRQHandler
                0x0000000000000262                CMT_DriverIRQHandler
                0x0000000000000262                Reserved71_DriverIRQHandler
                0x0000000000000262                ADC1_DriverIRQHandler
                0x0000000000000262                PORTA_DriverIRQHandler
                0x0000000000000262                DMA14_DriverIRQHandler
                0x0000000000000262                PIT3_DriverIRQHandler
                0x0000000000000262                PIT1_DriverIRQHandler
                0x0000000000000262                WDOG_EWM_DriverIRQHandler
                0x0000000000000262                PDB0_DriverIRQHandler
                0x0000000000000262                RTC_DriverIRQHandler
                0x0000000000000262                I2S0_Rx_DriverIRQHandler
                0x0000000000000262                Read_Collision_DriverIRQHandler
                0x0000000000000262                SWI_DriverIRQHandler
                0x0000000000000262                UART4_RX_TX_DriverIRQHandler
                0x0000000000000262                UART4_ERR_DriverIRQHandler
                0x0000000000000262                UART0_LON_DriverIRQHandler
                0x0000000000000262                DMA1_DriverIRQHandler
                0x0000000000000262                I2C1_DriverIRQHandler
                0x0000000000000262                UART3_RX_TX_DriverIRQHandler
                0x0000000000000262                ENET_Receive_DriverIRQHandler
                0x0000000000000262                DMA13_DriverIRQHandler
                0x0000000000000262                ENET_Error_DriverIRQHandler
                0x0000000000000262                DMA15_DriverIRQHandler
                0x0000000000000262                UART0_RX_TX_DriverIRQHandler
                0x0000000000000262                SPI0_DriverIRQHandler
                0x0000000000000262                ADC0_DriverIRQHandler
                0x0000000000000262                CMP0_DriverIRQHandler
                0x0000000000000262                CAN0_DriverIRQHandler
                0x0000000000000262                FTM3_DriverIRQHandler
                0x0000000000000262                UART1_ERR_DriverIRQHandler
                0x0000000000000262                DMA2_DriverIRQHandler
                0x0000000000000262                ENET_Transmit_DriverIRQHandler
                0x0000000000000262                PORTD_DriverIRQHandler
                0x0000000000000262                PORTE_DriverIRQHandler
                0x0000000000000262                FTFE_DriverIRQHandler
                0x0000000000000262                I2C0_DriverIRQHandler
                0x0000000000000262                DMA7_DriverIRQHandler
                0x0000000000000262                UART1_RX_TX_DriverIRQHandler
                0x0000000000000262                DMA0_DriverIRQHandler
                0x0000000000000262                PORTB_DriverIRQHandler
                0x0000000000000262                DMA12_DriverIRQHandler
                0x0000000000000262                SPI1_DriverIRQHandler
                0x0000000000000262                LPTMR0_DriverIRQHandler
                0x0000000000000262                DMA_Error_DriverIRQHandler
                0x0000000000000262                FTM1_DriverIRQHandler
                0x0000000000000400                . = 0x400
 *fill*         0x0000000000000264      0x19c ff
                0x0000000000000400                PROVIDE (__FLASH_CONFIG_START__ = .)
 *(.FlashConfig)
 .FlashConfig   0x0000000000000400       0x10 ./SDK/startup/startup_mk64f12.o
                0x0000000000000400                Flash_Config
                0x0000000000000410                PROVIDE (__FLASH_CONFIG_END__ = .)
                0x0000000000000001                ASSERT (! ((__FLASH_CONFIG_START__ == __FLASH_CONFIG_END__)), Linker Flash Config Support Enabled, but no .FlashConfig section provided within application)
 *(.text*)
 .text.SysTick_Init
                0x0000000000000410       0x30 ./source/drv/SysTick.o
                0x0000000000000410                SysTick_Init
 .text.SysTick_Reg_Callback
                0x0000000000000440       0x70 ./source/drv/SysTick.o
                0x0000000000000440                SysTick_Reg_Callback
 .text.SysTick_Handler
                0x00000000000004b0       0xb0 ./source/drv/SysTick.o
                0x00000000000004b0                SysTick_Handler
 .text.FX_ReadReg
                0x0000000000000560       0x5c ./source/drv/accel.o
 .text.FX_WriteReg
                0x00000000000005bc       0x44 ./source/drv/accel.o
 .text.FX_I2C_Init
                0x0000000000000600       0x40 ./source/drv/accel.o
                0x0000000000000600                FX_I2C_Init
 .text.FX_InitSequence
                0x0000000000000640       0xe0 ./source/drv/accel.o
                0x0000000000000640                FX_InitSequence
 .text.FX_RunningSequence
                0x0000000000000720      0x328 ./source/drv/accel.o
 .text.FX_PISR  0x0000000000000a48       0x2c ./source/drv/accel.o
                0x0000000000000a48                FX_PISR
 .text.FX_I2C_Finished
                0x0000000000000a74       0x44 ./source/drv/accel.o
                0x0000000000000a74                FX_I2C_Finished
 .text.getAccelData
                0x0000000000000ab8       0x28 ./source/drv/accel.o
                0x0000000000000ab8                getAccelData
 .text.gpioMode
                0x0000000000000ae0      0x224 ./source/drv/gpio.o
                0x0000000000000ae0                gpioMode
 .text.gpioWrite
                0x0000000000000d04       0x64 ./source/drv/gpio.o
                0x0000000000000d04                gpioWrite
 .text.NVIC_EnableIRQ
                0x0000000000000d68       0x34 ./source/drv/i2c.o
 .text.I2C_InitModule
                0x0000000000000d9c      0x114 ./source/drv/i2c.o
                0x0000000000000d9c                I2C_InitModule
 .text.I2C_InitObject
                0x0000000000000eb0      0x158 ./source/drv/i2c.o
                0x0000000000000eb0                I2C_InitObject
 .text.I2C_IRQHandler
                0x0000000000001008      0x3e4 ./source/drv/i2c.o
                0x0000000000001008                I2C_IRQHandler
 .text.SetBaudRate
                0x00000000000013ec       0xbc ./source/drv/i2c.o
 .text.I2C0_IRQHandler
                0x00000000000014a8       0x1e ./source/drv/i2c.o
                0x00000000000014a8                I2C0_IRQHandler
 .text.I2C1_IRQHandler
                0x00000000000014c6        0xe ./source/drv/i2c.o
                0x00000000000014c6                I2C1_IRQHandler
 .text.I2C2_IRQHandler
                0x00000000000014d4        0xe ./source/drv/i2c.o
                0x00000000000014d4                I2C2_IRQHandler
 .text.App_Init
                0x00000000000014e2       0x38 ./source/App.o
                0x00000000000014e2                App_Init
 *fill*         0x000000000000151a        0x2 ff
 .text.App_Run  0x000000000000151c       0x64 ./source/App.o
                0x000000000000151c                App_Run
 .text.hw_Init  0x0000000000001580       0xf4 ./SDK/startup/hardware.o
                0x0000000000001580                hw_Init
 .text.hw_EnableInterrupts
                0x0000000000001674       0x30 ./SDK/startup/hardware.o
                0x0000000000001674                hw_EnableInterrupts
 .text.hw_DisableInterrupts
                0x00000000000016a4       0x20 ./SDK/startup/hardware.o
                0x00000000000016a4                hw_DisableInterrupts
 .text.main     0x00000000000016c4       0x1a ./SDK/startup/main.o
                0x00000000000016c4                main
 .text.DMA0_IRQHandler
                0x00000000000016de        0x8 ./SDK/startup/startup_mk64f12.o
                0x00000000000016de                DMA0_IRQHandler
 .text.DMA1_IRQHandler
                0x00000000000016e6        0x8 ./SDK/startup/startup_mk64f12.o
                0x00000000000016e6                DMA1_IRQHandler
 .text.DMA2_IRQHandler
                0x00000000000016ee        0x8 ./SDK/startup/startup_mk64f12.o
                0x00000000000016ee                DMA2_IRQHandler
 .text.DMA3_IRQHandler
                0x00000000000016f6        0x8 ./SDK/startup/startup_mk64f12.o
                0x00000000000016f6                DMA3_IRQHandler
 .text.DMA4_IRQHandler
                0x00000000000016fe        0x8 ./SDK/startup/startup_mk64f12.o
                0x00000000000016fe                DMA4_IRQHandler
 .text.DMA5_IRQHandler
                0x0000000000001706        0x8 ./SDK/startup/startup_mk64f12.o
                0x0000000000001706                DMA5_IRQHandler
 .text.DMA6_IRQHandler
                0x000000000000170e        0x8 ./SDK/startup/startup_mk64f12.o
                0x000000000000170e                DMA6_IRQHandler
 .text.DMA7_IRQHandler
                0x0000000000001716        0x8 ./SDK/startup/startup_mk64f12.o
                0x0000000000001716                DMA7_IRQHandler
 .text.DMA8_IRQHandler
                0x000000000000171e        0x8 ./SDK/startup/startup_mk64f12.o
                0x000000000000171e                DMA8_IRQHandler
 .text.DMA9_IRQHandler
                0x0000000000001726        0x8 ./SDK/startup/startup_mk64f12.o
                0x0000000000001726                DMA9_IRQHandler
 .text.DMA10_IRQHandler
                0x000000000000172e        0x8 ./SDK/startup/startup_mk64f12.o
                0x000000000000172e                DMA10_IRQHandler
 .text.DMA11_IRQHandler
                0x0000000000001736        0x8 ./SDK/startup/startup_mk64f12.o
                0x0000000000001736                DMA11_IRQHandler
 .text.DMA12_IRQHandler
                0x000000000000173e        0x8 ./SDK/startup/startup_mk64f12.o
                0x000000000000173e                DMA12_IRQHandler
 .text.DMA13_IRQHandler
                0x0000000000001746        0x8 ./SDK/startup/startup_mk64f12.o
                0x0000000000001746                DMA13_IRQHandler
 .text.DMA14_IRQHandler
                0x000000000000174e        0x8 ./SDK/startup/startup_mk64f12.o
                0x000000000000174e                DMA14_IRQHandler
 .text.DMA15_IRQHandler
                0x0000000000001756        0x8 ./SDK/startup/startup_mk64f12.o
                0x0000000000001756                DMA15_IRQHandler
 .text.DMA_Error_IRQHandler
                0x000000000000175e        0x8 ./SDK/startup/startup_mk64f12.o
                0x000000000000175e                DMA_Error_IRQHandler
 .text.MCM_IRQHandler
                0x0000000000001766        0x8 ./SDK/startup/startup_mk64f12.o
                0x0000000000001766                MCM_IRQHandler
 .text.FTFE_IRQHandler
                0x000000000000176e        0x8 ./SDK/startup/startup_mk64f12.o
                0x000000000000176e                FTFE_IRQHandler
 .text.Read_Collision_IRQHandler
                0x0000000000001776        0x8 ./SDK/startup/startup_mk64f12.o
                0x0000000000001776                Read_Collision_IRQHandler
 .text.LVD_LVW_IRQHandler
                0x000000000000177e        0x8 ./SDK/startup/startup_mk64f12.o
                0x000000000000177e                LVD_LVW_IRQHandler
 .text.LLWU_IRQHandler
                0x0000000000001786        0x8 ./SDK/startup/startup_mk64f12.o
                0x0000000000001786                LLWU_IRQHandler
 .text.WDOG_EWM_IRQHandler
                0x000000000000178e        0x8 ./SDK/startup/startup_mk64f12.o
                0x000000000000178e                WDOG_EWM_IRQHandler
 .text.RNG_IRQHandler
                0x0000000000001796        0x8 ./SDK/startup/startup_mk64f12.o
                0x0000000000001796                RNG_IRQHandler
 .text.SPI0_IRQHandler
                0x000000000000179e        0x8 ./SDK/startup/startup_mk64f12.o
                0x000000000000179e                SPI0_IRQHandler
 .text.SPI1_IRQHandler
                0x00000000000017a6        0x8 ./SDK/startup/startup_mk64f12.o
                0x00000000000017a6                SPI1_IRQHandler
 .text.I2S0_Tx_IRQHandler
                0x00000000000017ae        0x8 ./SDK/startup/startup_mk64f12.o
                0x00000000000017ae                I2S0_Tx_IRQHandler
 .text.I2S0_Rx_IRQHandler
                0x00000000000017b6        0x8 ./SDK/startup/startup_mk64f12.o
                0x00000000000017b6                I2S0_Rx_IRQHandler
 .text.UART0_LON_IRQHandler
                0x00000000000017be        0x8 ./SDK/startup/startup_mk64f12.o
                0x00000000000017be                UART0_LON_IRQHandler
 .text.UART0_RX_TX_IRQHandler
                0x00000000000017c6        0x8 ./SDK/startup/startup_mk64f12.o
                0x00000000000017c6                UART0_RX_TX_IRQHandler
 .text.UART0_ERR_IRQHandler
                0x00000000000017ce        0x8 ./SDK/startup/startup_mk64f12.o
                0x00000000000017ce                UART0_ERR_IRQHandler
 .text.UART1_RX_TX_IRQHandler
                0x00000000000017d6        0x8 ./SDK/startup/startup_mk64f12.o
                0x00000000000017d6                UART1_RX_TX_IRQHandler
 .text.UART1_ERR_IRQHandler
                0x00000000000017de        0x8 ./SDK/startup/startup_mk64f12.o
                0x00000000000017de                UART1_ERR_IRQHandler
 .text.UART2_RX_TX_IRQHandler
                0x00000000000017e6        0x8 ./SDK/startup/startup_mk64f12.o
                0x00000000000017e6                UART2_RX_TX_IRQHandler
 .text.UART2_ERR_IRQHandler
                0x00000000000017ee        0x8 ./SDK/startup/startup_mk64f12.o
                0x00000000000017ee                UART2_ERR_IRQHandler
 .text.UART3_RX_TX_IRQHandler
                0x00000000000017f6        0x8 ./SDK/startup/startup_mk64f12.o
                0x00000000000017f6                UART3_RX_TX_IRQHandler
 .text.UART3_ERR_IRQHandler
                0x00000000000017fe        0x8 ./SDK/startup/startup_mk64f12.o
                0x00000000000017fe                UART3_ERR_IRQHandler
 .text.ADC0_IRQHandler
                0x0000000000001806        0x8 ./SDK/startup/startup_mk64f12.o
                0x0000000000001806                ADC0_IRQHandler
 .text.CMP0_IRQHandler
                0x000000000000180e        0x8 ./SDK/startup/startup_mk64f12.o
                0x000000000000180e                CMP0_IRQHandler
 .text.CMP1_IRQHandler
                0x0000000000001816        0x8 ./SDK/startup/startup_mk64f12.o
                0x0000000000001816                CMP1_IRQHandler
 .text.FTM0_IRQHandler
                0x000000000000181e        0x8 ./SDK/startup/startup_mk64f12.o
                0x000000000000181e                FTM0_IRQHandler
 .text.FTM1_IRQHandler
                0x0000000000001826        0x8 ./SDK/startup/startup_mk64f12.o
                0x0000000000001826                FTM1_IRQHandler
 .text.FTM2_IRQHandler
                0x000000000000182e        0x8 ./SDK/startup/startup_mk64f12.o
                0x000000000000182e                FTM2_IRQHandler
 .text.CMT_IRQHandler
                0x0000000000001836        0x8 ./SDK/startup/startup_mk64f12.o
                0x0000000000001836                CMT_IRQHandler
 .text.RTC_IRQHandler
                0x000000000000183e        0x8 ./SDK/startup/startup_mk64f12.o
                0x000000000000183e                RTC_IRQHandler
 .text.RTC_Seconds_IRQHandler
                0x0000000000001846        0x8 ./SDK/startup/startup_mk64f12.o
                0x0000000000001846                RTC_Seconds_IRQHandler
 .text.PIT0_IRQHandler
                0x000000000000184e        0x8 ./SDK/startup/startup_mk64f12.o
                0x000000000000184e                PIT0_IRQHandler
 .text.PIT1_IRQHandler
                0x0000000000001856        0x8 ./SDK/startup/startup_mk64f12.o
                0x0000000000001856                PIT1_IRQHandler
 .text.PIT2_IRQHandler
                0x000000000000185e        0x8 ./SDK/startup/startup_mk64f12.o
                0x000000000000185e                PIT2_IRQHandler
 .text.PIT3_IRQHandler
                0x0000000000001866        0x8 ./SDK/startup/startup_mk64f12.o
                0x0000000000001866                PIT3_IRQHandler
 .text.PDB0_IRQHandler
                0x000000000000186e        0x8 ./SDK/startup/startup_mk64f12.o
                0x000000000000186e                PDB0_IRQHandler
 .text.USB0_IRQHandler
                0x0000000000001876        0x8 ./SDK/startup/startup_mk64f12.o
                0x0000000000001876                USB0_IRQHandler
 .text.USBDCD_IRQHandler
                0x000000000000187e        0x8 ./SDK/startup/startup_mk64f12.o
                0x000000000000187e                USBDCD_IRQHandler
 .text.Reserved71_IRQHandler
                0x0000000000001886        0x8 ./SDK/startup/startup_mk64f12.o
                0x0000000000001886                Reserved71_IRQHandler
 .text.DAC0_IRQHandler
                0x000000000000188e        0x8 ./SDK/startup/startup_mk64f12.o
                0x000000000000188e                DAC0_IRQHandler
 .text.MCG_IRQHandler
                0x0000000000001896        0x8 ./SDK/startup/startup_mk64f12.o
                0x0000000000001896                MCG_IRQHandler
 .text.LPTMR0_IRQHandler
                0x000000000000189e        0x8 ./SDK/startup/startup_mk64f12.o
                0x000000000000189e                LPTMR0_IRQHandler
 .text.PORTA_IRQHandler
                0x00000000000018a6        0x8 ./SDK/startup/startup_mk64f12.o
                0x00000000000018a6                PORTA_IRQHandler
 .text.PORTB_IRQHandler
                0x00000000000018ae        0x8 ./SDK/startup/startup_mk64f12.o
                0x00000000000018ae                PORTB_IRQHandler
 .text.PORTC_IRQHandler
                0x00000000000018b6        0x8 ./SDK/startup/startup_mk64f12.o
                0x00000000000018b6                PORTC_IRQHandler
 .text.PORTD_IRQHandler
                0x00000000000018be        0x8 ./SDK/startup/startup_mk64f12.o
                0x00000000000018be                PORTD_IRQHandler
 .text.PORTE_IRQHandler
                0x00000000000018c6        0x8 ./SDK/startup/startup_mk64f12.o
                0x00000000000018c6                PORTE_IRQHandler
 .text.SWI_IRQHandler
                0x00000000000018ce        0x8 ./SDK/startup/startup_mk64f12.o
                0x00000000000018ce                SWI_IRQHandler
 .text.SPI2_IRQHandler
                0x00000000000018d6        0x8 ./SDK/startup/startup_mk64f12.o
                0x00000000000018d6                SPI2_IRQHandler
 .text.UART4_RX_TX_IRQHandler
                0x00000000000018de        0x8 ./SDK/startup/startup_mk64f12.o
                0x00000000000018de                UART4_RX_TX_IRQHandler
 .text.UART4_ERR_IRQHandler
                0x00000000000018e6        0x8 ./SDK/startup/startup_mk64f12.o
                0x00000000000018e6                UART4_ERR_IRQHandler
 .text.UART5_RX_TX_IRQHandler
                0x00000000000018ee        0x8 ./SDK/startup/startup_mk64f12.o
                0x00000000000018ee                UART5_RX_TX_IRQHandler
 .text.UART5_ERR_IRQHandler
                0x00000000000018f6        0x8 ./SDK/startup/startup_mk64f12.o
                0x00000000000018f6                UART5_ERR_IRQHandler
 .text.CMP2_IRQHandler
                0x00000000000018fe        0x8 ./SDK/startup/startup_mk64f12.o
                0x00000000000018fe                CMP2_IRQHandler
 .text.FTM3_IRQHandler
                0x0000000000001906        0x8 ./SDK/startup/startup_mk64f12.o
                0x0000000000001906                FTM3_IRQHandler
 .text.DAC1_IRQHandler
                0x000000000000190e        0x8 ./SDK/startup/startup_mk64f12.o
                0x000000000000190e                DAC1_IRQHandler
 .text.ADC1_IRQHandler
                0x0000000000001916        0x8 ./SDK/startup/startup_mk64f12.o
                0x0000000000001916                ADC1_IRQHandler
 .text.CAN0_ORed_Message_buffer_IRQHandler
                0x000000000000191e        0x8 ./SDK/startup/startup_mk64f12.o
                0x000000000000191e                CAN0_ORed_Message_buffer_IRQHandler
 .text.CAN0_Bus_Off_IRQHandler
                0x0000000000001926        0x8 ./SDK/startup/startup_mk64f12.o
                0x0000000000001926                CAN0_Bus_Off_IRQHandler
 .text.CAN0_Error_IRQHandler
                0x000000000000192e        0x8 ./SDK/startup/startup_mk64f12.o
                0x000000000000192e                CAN0_Error_IRQHandler
 .text.CAN0_Tx_Warning_IRQHandler
                0x0000000000001936        0x8 ./SDK/startup/startup_mk64f12.o
                0x0000000000001936                CAN0_Tx_Warning_IRQHandler
 .text.CAN0_Rx_Warning_IRQHandler
                0x000000000000193e        0x8 ./SDK/startup/startup_mk64f12.o
                0x000000000000193e                CAN0_Rx_Warning_IRQHandler
 .text.CAN0_Wake_Up_IRQHandler
                0x0000000000001946        0x8 ./SDK/startup/startup_mk64f12.o
                0x0000000000001946                CAN0_Wake_Up_IRQHandler
 .text.SDHC_IRQHandler
                0x000000000000194e        0x8 ./SDK/startup/startup_mk64f12.o
                0x000000000000194e                SDHC_IRQHandler
 .text.ENET_1588_Timer_IRQHandler
                0x0000000000001956        0x8 ./SDK/startup/startup_mk64f12.o
                0x0000000000001956                ENET_1588_Timer_IRQHandler
 .text.ENET_Transmit_IRQHandler
                0x000000000000195e        0x8 ./SDK/startup/startup_mk64f12.o
                0x000000000000195e                ENET_Transmit_IRQHandler
 .text.ENET_Receive_IRQHandler
                0x0000000000001966        0x8 ./SDK/startup/startup_mk64f12.o
                0x0000000000001966                ENET_Receive_IRQHandler
 .text.ENET_Error_IRQHandler
                0x000000000000196e        0x8 ./SDK/startup/startup_mk64f12.o
                0x000000000000196e                ENET_Error_IRQHandler
 *fill*         0x0000000000001976        0x2 ff
 .text.SystemInit
                0x0000000000001978       0x40 ./SDK/CMSIS/system_MK64F12.o
                0x0000000000001978                SystemInit
 .text.__main   0x00000000000019b8        0xe /Applications/MCUXpressoIDE_11.8.0_1165/ide/plugins/com.nxp.mcuxpresso.tools.macosx_11.8.0.202306131047/tools/bin/../lib/gcc/arm-none-eabi/12.2.1/../../../../arm-none-eabi/lib/thumb/v7e-m+fp/hard/libcr_nohost_nf.a(_cr__main.o)
                0x00000000000019b8                __main
 *fill*         0x00000000000019c6        0x2 ff
 .text.atan2    0x00000000000019c8      0x120 /Applications/MCUXpressoIDE_11.8.0_1165/ide/plugins/com.nxp.mcuxpresso.tools.macosx_11.8.0.202306131047/tools/bin/../lib/gcc/arm-none-eabi/12.2.1/../../../../arm-none-eabi/lib/thumb/v7e-m+fp/hard/libcr_c.a(atan2.o)
                0x00000000000019c8                atan2
 .text.fabs     0x0000000000001ae8       0x20 /Applications/MCUXpressoIDE_11.8.0_1165/ide/plugins/com.nxp.mcuxpresso.tools.macosx_11.8.0.202306131047/tools/bin/../lib/gcc/arm-none-eabi/12.2.1/../../../../arm-none-eabi/lib/thumb/v7e-m+fp/hard/libcr_c.a(fabs.o)
                0x0000000000001ae8                fabs
 .text._initio  0x0000000000001b08       0x78 /Applications/MCUXpressoIDE_11.8.0_1165/ide/plugins/com.nxp.mcuxpresso.tools.macosx_11.8.0.202306131047/tools/bin/../lib/gcc/arm-none-eabi/12.2.1/../../../../arm-none-eabi/lib/thumb/v7e-m+fp/hard/libcr_c.a(initio.o)
                0x0000000000001b08                _initio
 .text.setvbuf  0x0000000000001b80       0x3e /Applications/MCUXpressoIDE_11.8.0_1165/ide/plugins/com.nxp.mcuxpresso.tools.macosx_11.8.0.202306131047/tools/bin/../lib/gcc/arm-none-eabi/12.2.1/../../../../arm-none-eabi/lib/thumb/v7e-m+fp/hard/libcr_c.a(setvbuf.o)
                0x0000000000001b80                setvbuf
 .text._fdopen  0x0000000000001bbe       0x68 /Applications/MCUXpressoIDE_11.8.0_1165/ide/plugins/com.nxp.mcuxpresso.tools.macosx_11.8.0.202306131047/tools/bin/../lib/gcc/arm-none-eabi/12.2.1/../../../../arm-none-eabi/lib/thumb/v7e-m+fp/hard/libcr_c.a(_fdopen.o)
                0x0000000000001bbe                _fdopen
 *fill*         0x0000000000001c26        0x2 ff
 .text.atan     0x0000000000001c28      0x21c /Applications/MCUXpressoIDE_11.8.0_1165/ide/plugins/com.nxp.mcuxpresso.tools.macosx_11.8.0.202306131047/tools/bin/../lib/gcc/arm-none-eabi/12.2.1/../../../../arm-none-eabi/lib/thumb/v7e-m+fp/hard/libcr_c.a(atan.o)
                0x0000000000001c28                atan
 .text.fclose   0x0000000000001e44       0x58 /Applications/MCUXpressoIDE_11.8.0_1165/ide/plugins/com.nxp.mcuxpresso.tools.macosx_11.8.0.202306131047/tools/bin/../lib/gcc/arm-none-eabi/12.2.1/../../../../arm-none-eabi/lib/thumb/v7e-m+fp/hard/libcr_c.a(fclose.o)
                0x0000000000001e44                fclose
 .text.fflush   0x0000000000001e9c       0x3c /Applications/MCUXpressoIDE_11.8.0_1165/ide/plugins/com.nxp.mcuxpresso.tools.macosx_11.8.0.202306131047/tools/bin/../lib/gcc/arm-none-eabi/12.2.1/../../../../arm-none-eabi/lib/thumb/v7e-m+fp/hard/libcr_c.a(fflush.o)
                0x0000000000001e9c                fflush
 .text.fseek    0x0000000000001ed8       0xf8 /Applications/MCUXpressoIDE_11.8.0_1165/ide/plugins/com.nxp.mcuxpresso.tools.macosx_11.8.0.202306131047/tools/bin/../lib/gcc/arm-none-eabi/12.2.1/../../../../arm-none-eabi/lib/thumb/v7e-m+fp/hard/libcr_c.a(fseek.o)
                0x0000000000001ed8                fseek
 .text.ftell    0x0000000000001fd0       0x44 /Applications/MCUXpressoIDE_11.8.0_1165/ide/plugins/com.nxp.mcuxpresso.tools.macosx_11.8.0.202306131047/tools/bin/../lib/gcc/arm-none-eabi/12.2.1/../../../../arm-none-eabi/lib/thumb/v7e-m+fp/hard/libcr_c.a(ftell.o)
                0x0000000000001fd0                ftell
 .text.remove   0x0000000000002014       0x14 /Applications/MCUXpressoIDE_11.8.0_1165/ide/plugins/com.nxp.mcuxpresso.tools.macosx_11.8.0.202306131047/tools/bin/../lib/gcc/arm-none-eabi/12.2.1/../../../../arm-none-eabi/lib/thumb/v7e-m+fp/hard/libcr_c.a(remove.o)
                0x0000000000002014                remove
 .text.strlen   0x0000000000002028       0x4e /Applications/MCUXpressoIDE_11.8.0_1165/ide/plugins/com.nxp.mcuxpresso.tools.macosx_11.8.0.202306131047/tools/bin/../lib/gcc/arm-none-eabi/12.2.1/../../../../arm-none-eabi/lib/thumb/v7e-m+fp/hard/libcr_c.a(strlen.o)
                0x0000000000002028                strlen
 .text.memset   0x0000000000002076        0x4 /Applications/MCUXpressoIDE_11.8.0_1165/ide/plugins/com.nxp.mcuxpresso.tools.macosx_11.8.0.202306131047/tools/bin/../lib/gcc/arm-none-eabi/12.2.1/../../../../arm-none-eabi/lib/thumb/v7e-m+fp/hard/libcr_c.a(memset.o)
                0x0000000000002076                memset
 .text._do_fflush
                0x000000000000207a       0x40 /Applications/MCUXpressoIDE_11.8.0_1165/ide/plugins/com.nxp.mcuxpresso.tools.macosx_11.8.0.202306131047/tools/bin/../lib/gcc/arm-none-eabi/12.2.1/../../../../arm-none-eabi/lib/thumb/v7e-m+fp/hard/libcr_c.a(_do_fflush.o)
                0x000000000000207a                _do_fflush
 .text._fflush  0x00000000000020ba       0x52 /Applications/MCUXpressoIDE_11.8.0_1165/ide/plugins/com.nxp.mcuxpresso.tools.macosx_11.8.0.202306131047/tools/bin/../lib/gcc/arm-none-eabi/12.2.1/../../../../arm-none-eabi/lib/thumb/v7e-m+fp/hard/libcr_c.a(_fflush.o)
                0x00000000000020ba                _fflush
 .text._Cwritebuf
                0x000000000000210c       0x6c /Applications/MCUXpressoIDE_11.8.0_1165/ide/plugins/com.nxp.mcuxpresso.tools.macosx_11.8.0.202306131047/tools/bin/../lib/gcc/arm-none-eabi/12.2.1/../../../../arm-none-eabi/lib/thumb/v7e-m+fp/hard/libcr_c.a(_writebuf.o)
                0x000000000000210c                _Cwritebuf
 .text.free     0x0000000000002178       0x30 /Applications/MCUXpressoIDE_11.8.0_1165/ide/plugins/com.nxp.mcuxpresso.tools.macosx_11.8.0.202306131047/tools/bin/../lib/gcc/arm-none-eabi/12.2.1/../../../../arm-none-eabi/lib/thumb/v7e-m+fp/hard/libcr_c.a(alloc.o)
                0x0000000000002178                free
 .text._deferredlazyseek
                0x00000000000021a8       0x40 /Applications/MCUXpressoIDE_11.8.0_1165/ide/plugins/com.nxp.mcuxpresso.tools.macosx_11.8.0.202306131047/tools/bin/../lib/gcc/arm-none-eabi/12.2.1/../../../../arm-none-eabi/lib/thumb/v7e-m+fp/hard/libcr_c.a(_deferredlazyseek.o)
                0x00000000000021a8                _deferredlazyseek
 .text.__aeabi_dmul
                0x00000000000021e8       0xfc /Applications/MCUXpressoIDE_11.8.0_1165/ide/plugins/com.nxp.mcuxpresso.tools.macosx_11.8.0.202306131047/tools/bin/../lib/gcc/arm-none-eabi/12.2.1/thumb/v7e-m+fp/hard/libcr_eabihelpers.a(double.o)
                0x00000000000021e8                __aeabi_dmul
 .text.__aeabi_ddiv
                0x00000000000022e4      0x12c /Applications/MCUXpressoIDE_11.8.0_1165/ide/plugins/com.nxp.mcuxpresso.tools.macosx_11.8.0.202306131047/tools/bin/../lib/gcc/arm-none-eabi/12.2.1/thumb/v7e-m+fp/hard/libcr_eabihelpers.a(double.o)
                0x00000000000022e4                __aeabi_ddiv
 .text.__aeabi_dsub
                0x0000000000002410      0x1b4 /Applications/MCUXpressoIDE_11.8.0_1165/ide/plugins/com.nxp.mcuxpresso.tools.macosx_11.8.0.202306131047/tools/bin/../lib/gcc/arm-none-eabi/12.2.1/thumb/v7e-m+fp/hard/libcr_eabihelpers.a(double.o)
                0x0000000000002410                __aeabi_dsub
 .text.__aeabi_dadd
                0x00000000000025c4      0x138 /Applications/MCUXpressoIDE_11.8.0_1165/ide/plugins/com.nxp.mcuxpresso.tools.macosx_11.8.0.202306131047/tools/bin/../lib/gcc/arm-none-eabi/12.2.1/thumb/v7e-m+fp/hard/libcr_eabihelpers.a(double.o)
                0x00000000000025c4                __aeabi_dadd
 .text.__aeabi_d2f
                0x00000000000026fc       0x58 /Applications/MCUXpressoIDE_11.8.0_1165/ide/plugins/com.nxp.mcuxpresso.tools.macosx_11.8.0.202306131047/tools/bin/../lib/gcc/arm-none-eabi/12.2.1/thumb/v7e-m+fp/hard/libcr_eabihelpers.a(double.o)
                0x00000000000026fc                __aeabi_d2f
 .text.__aeabi_d2iz
                0x0000000000002754       0x42 /Applications/MCUXpressoIDE_11.8.0_1165/ide/plugins/com.nxp.mcuxpresso.tools.macosx_11.8.0.202306131047/tools/bin/../lib/gcc/arm-none-eabi/12.2.1/thumb/v7e-m+fp/hard/libcr_eabihelpers.a(double.o)
                0x0000000000002754                __aeabi_d2iz
 .text.__aeabi_dcmpeq
                0x0000000000002796       0x3e /Applications/MCUXpressoIDE_11.8.0_1165/ide/plugins/com.nxp.mcuxpresso.tools.macosx_11.8.0.202306131047/tools/bin/../lib/gcc/arm-none-eabi/12.2.1/thumb/v7e-m+fp/hard/libcr_eabihelpers.a(double.o)
                0x0000000000002796                __aeabi_dcmpeq
 .text.__aeabi_dcmplt
                0x00000000000027d4       0x5a /Applications/MCUXpressoIDE_11.8.0_1165/ide/plugins/com.nxp.mcuxpresso.tools.macosx_11.8.0.202306131047/tools/bin/../lib/gcc/arm-none-eabi/12.2.1/thumb/v7e-m+fp/hard/libcr_eabihelpers.a(double.o)
                0x00000000000027d4                __aeabi_dcmplt
 .text.__aeabi_dcmpgt
                0x000000000000282e       0x56 /Applications/MCUXpressoIDE_11.8.0_1165/ide/plugins/com.nxp.mcuxpresso.tools.macosx_11.8.0.202306131047/tools/bin/../lib/gcc/arm-none-eabi/12.2.1/thumb/v7e-m+fp/hard/libcr_eabihelpers.a(double.o)
                0x000000000000282e                __aeabi_dcmpgt
 .text.__aeabi_f2d
                0x0000000000002884       0x38 /Applications/MCUXpressoIDE_11.8.0_1165/ide/plugins/com.nxp.mcuxpresso.tools.macosx_11.8.0.202306131047/tools/bin/../lib/gcc/arm-none-eabi/12.2.1/thumb/v7e-m+fp/hard/libcr_eabihelpers.a(float.o)
                0x0000000000002884                __aeabi_f2d
 .text.__aeabi_memset_lowlevel
                0x00000000000028bc       0x32 /Applications/MCUXpressoIDE_11.8.0_1165/ide/plugins/com.nxp.mcuxpresso.tools.macosx_11.8.0.202306131047/tools/bin/../lib/gcc/arm-none-eabi/12.2.1/thumb/v7e-m+fp/hard/libcr_eabihelpers.a(memcpy.o)
                0x00000000000028bc                __aeabi_lowlevel_memset
 .text.__sys_close
                0x00000000000028ee        0x6 /Applications/MCUXpressoIDE_11.8.0_1165/ide/plugins/com.nxp.mcuxpresso.tools.macosx_11.8.0.202306131047/tools/bin/../lib/gcc/arm-none-eabi/12.2.1/../../../../arm-none-eabi/lib/thumb/v7e-m+fp/hard/libcr_nohost_nf.a(__sys_close.o)
                0x00000000000028ee                __sys_close
 .text.__sys_flen
                0x00000000000028f4        0x6 /Applications/MCUXpressoIDE_11.8.0_1165/ide/plugins/com.nxp.mcuxpresso.tools.macosx_11.8.0.202306131047/tools/bin/../lib/gcc/arm-none-eabi/12.2.1/../../../../arm-none-eabi/lib/thumb/v7e-m+fp/hard/libcr_nohost_nf.a(__sys_flen.o)
                0x00000000000028f4                __sys_flen
 .text.__sys_istty
                0x00000000000028fa        0x6 /Applications/MCUXpressoIDE_11.8.0_1165/ide/plugins/com.nxp.mcuxpresso.tools.macosx_11.8.0.202306131047/tools/bin/../lib/gcc/arm-none-eabi/12.2.1/../../../../arm-none-eabi/lib/thumb/v7e-m+fp/hard/libcr_nohost_nf.a(__sys_istty.o)
                0x00000000000028fa                __sys_istty
 .text.__sys_remove
                0x0000000000002900        0x6 /Applications/MCUXpressoIDE_11.8.0_1165/ide/plugins/com.nxp.mcuxpresso.tools.macosx_11.8.0.202306131047/tools/bin/../lib/gcc/arm-none-eabi/12.2.1/../../../../arm-none-eabi/lib/thumb/v7e-m+fp/hard/libcr_nohost_nf.a(__sys_remove.o)
                0x0000000000002900                __sys_remove
 .text.__sys_seek
                0x0000000000002906        0x6 /Applications/MCUXpressoIDE_11.8.0_1165/ide/plugins/com.nxp.mcuxpresso.tools.macosx_11.8.0.202306131047/tools/bin/../lib/gcc/arm-none-eabi/12.2.1/../../../../arm-none-eabi/lib/thumb/v7e-m+fp/hard/libcr_nohost_nf.a(__sys_seek.o)
                0x0000000000002906                __sys_seek
 .text.__sys_tmpnam
                0x000000000000290c        0x6 /Applications/MCUXpressoIDE_11.8.0_1165/ide/plugins/com.nxp.mcuxpresso.tools.macosx_11.8.0.202306131047/tools/bin/../lib/gcc/arm-none-eabi/12.2.1/../../../../arm-none-eabi/lib/thumb/v7e-m+fp/hard/libcr_nohost_nf.a(__sys_tmpnam.o)
                0x000000000000290c                __sys_tmpnam
 .text.__sys_write
                0x0000000000002912        0x4 /Applications/MCUXpressoIDE_11.8.0_1165/ide/plugins/com.nxp.mcuxpresso.tools.macosx_11.8.0.202306131047/tools/bin/../lib/gcc/arm-none-eabi/12.2.1/../../../../arm-none-eabi/lib/thumb/v7e-m+fp/hard/libcr_nohost_nf.a(__sys_write.o)
                0x0000000000002912                __sys_write
 *(.rodata .rodata.* .constdata .constdata.*)
 *fill*         0x0000000000002916        0x2 ff
 .rodata        0x0000000000002918        0x3 ./source/drv/i2c.o
 .rodata._initio.str1.1
                0x000000000000291b        0x4 /Applications/MCUXpressoIDE_11.8.0_1165/ide/plugins/com.nxp.mcuxpresso.tools.macosx_11.8.0.202306131047/tools/bin/../lib/gcc/arm-none-eabi/12.2.1/../../../../arm-none-eabi/lib/thumb/v7e-m+fp/hard/libcr_c.a(initio.o)
 *fill*         0x000000000000291f        0x1 ff
 .rodata.a.0    0x0000000000002920       0x20 /Applications/MCUXpressoIDE_11.8.0_1165/ide/plugins/com.nxp.mcuxpresso.tools.macosx_11.8.0.202306131047/tools/bin/../lib/gcc/arm-none-eabi/12.2.1/../../../../arm-none-eabi/lib/thumb/v7e-m+fp/hard/libcr_c.a(atan.o)
 .rodata.__num_Ciob_streams
                0x0000000000002940        0x4 /Applications/MCUXpressoIDE_11.8.0_1165/ide/plugins/com.nxp.mcuxpresso.tools.macosx_11.8.0.202306131047/tools/bin/../lib/gcc/arm-none-eabi/12.2.1/../../../../arm-none-eabi/lib/thumb/v7e-m+fp/hard/libcr_nohost_nf.a(__ciob.o)
                0x0000000000002940                __num_Ciob_streams
                0x0000000000002948                . = ALIGN (0x8)
 *fill*         0x0000000000002944        0x4 ff

.glue_7         0x0000000000002948        0x0
 .glue_7        0x0000000000002948        0x0 linker stubs

.glue_7t        0x0000000000002948        0x0
 .glue_7t       0x0000000000002948        0x0 linker stubs

.vfp11_veneer   0x0000000000002948        0x0
 .vfp11_veneer  0x0000000000002948        0x0 linker stubs

.v4_bx          0x0000000000002948        0x0
 .v4_bx         0x0000000000002948        0x0 linker stubs

.iplt           0x0000000000002948        0x0
 .iplt          0x0000000000002948        0x0 ./source/drv/SysTick.o

.rel.dyn        0x0000000000002948        0x0
 .rel.iplt      0x0000000000002948        0x0 ./source/drv/SysTick.o

.ARM.extab
 *(.ARM.extab* .gnu.linkonce.armextab.*)

.ARM.exidx      0x0000000000002948        0x0
                0x0000000000002948                __exidx_start = .
 *(.ARM.exidx* .gnu.linkonce.armexidx.*)
                0x0000000000002948                __exidx_end = .
                0x0000000000002948                _etext = .

.m_usb_data
 *(m_usb_bdt)

.data_RAM2      0x000000001fff0000        0x0 load address 0x0000000000002948
 FILL mask 0xff
                [!provide]                        PROVIDE (__start_data_RAM2 = .)
                [!provide]                        PROVIDE (__start_data_SRAM_LOWER = .)
 *(.ramfunc.$RAM2)
 *(.ramfunc.$SRAM_LOWER)
 *(.data.$RAM2)
 *(.data.$SRAM_LOWER)
 *(.data.$RAM2.*)
 *(.data.$SRAM_LOWER.*)
                0x000000001fff0000                . = ALIGN (0x8)
                [!provide]                        PROVIDE (__end_data_RAM2 = .)
                [!provide]                        PROVIDE (__end_data_SRAM_LOWER = .)

.data_RAM3      0x0000000014000000        0x0 load address 0x0000000000002948
 FILL mask 0xff
                [!provide]                        PROVIDE (__start_data_RAM3 = .)
                [!provide]                        PROVIDE (__start_data_FLEX_RAM = .)
 *(.ramfunc.$RAM3)
 *(.ramfunc.$FLEX_RAM)
 *(.data.$RAM3)
 *(.data.$FLEX_RAM)
 *(.data.$RAM3.*)
 *(.data.$FLEX_RAM.*)
                0x0000000014000000                . = ALIGN (0x8)
                [!provide]                        PROVIDE (__end_data_RAM3 = .)
                [!provide]                        PROVIDE (__end_data_FLEX_RAM = .)

.uninit_RESERVED
                0x0000000020000000        0x0
                0x0000000020000000                _start_uninit_RESERVED = .
 *(.bss.$RESERVED*)
                0x0000000020000000                . = ALIGN (0x8)
                0x0000000020000000                _end_uninit_RESERVED = .

.data           0x0000000020000000      0x110 load address 0x0000000000002948
 FILL mask 0xff
                0x0000000020000000                _data = .
                [!provide]                        PROVIDE (__start_data_RAM = .)
                [!provide]                        PROVIDE (__start_data_SRAM_UPPER = .)
 *(vtable)
 *(.ramfunc*)
 *(CodeQuickAccess)
 *(DataQuickAccess)
 *(RamFunction)
 *(.data*)
 .data.I2C_array
                0x0000000020000000        0xc ./source/drv/i2c.o
                0x0000000020000000                I2C_array
 .data.ICR2SCLDivider
                0x000000002000000c      0x100 ./source/drv/i2c.o
                0x0000000020000110                . = ALIGN (0x8)
 *fill*         0x000000002000010c        0x4 ff
                0x0000000020000110                _edata = .
                [!provide]                        PROVIDE (__end_data_RAM = .)
                [!provide]                        PROVIDE (__end_data_SRAM_UPPER = .)

.igot.plt       0x0000000020000110        0x0 load address 0x0000000000002a58
 .igot.plt      0x0000000020000110        0x0 ./source/drv/SysTick.o

.bss_RAM2       0x000000001fff0000        0x0
                [!provide]                        PROVIDE (__start_bss_RAM2 = .)
                [!provide]                        PROVIDE (__start_bss_SRAM_LOWER = .)
 *(.bss.$RAM2)
 *(.bss.$SRAM_LOWER)
 *(.bss.$RAM2.*)
 *(.bss.$SRAM_LOWER.*)
                0x000000001fff0000                . = ALIGN ((. != 0x0)?0x8:0x1)
                [!provide]                        PROVIDE (__end_bss_RAM2 = .)
                [!provide]                        PROVIDE (__end_bss_SRAM_LOWER = .)

.bss_RAM3       0x0000000014000000        0x0
                [!provide]                        PROVIDE (__start_bss_RAM3 = .)
                [!provide]                        PROVIDE (__start_bss_FLEX_RAM = .)
 *(.bss.$RAM3)
 *(.bss.$FLEX_RAM)
 *(.bss.$RAM3.*)
 *(.bss.$FLEX_RAM.*)
                0x0000000014000000                . = ALIGN ((. != 0x0)?0x8:0x1)
                [!provide]                        PROVIDE (__end_bss_RAM3 = .)
                [!provide]                        PROVIDE (__end_bss_FLEX_RAM = .)

.bss            0x0000000020000110      0x240
                0x0000000020000110                _bss = .
                [!provide]                        PROVIDE (__start_bss_RAM = .)
                [!provide]                        PROVIDE (__start_bss_SRAM_UPPER = .)
 *(.bss*)
 .bss.systick_Callback_Array
                0x0000000020000110       0xb4 ./source/drv/SysTick.o
 .bss.num_Callbacks
                0x00000000200001c4        0x4 ./source/drv/SysTick.o
 .bss.Accel     0x00000000200001c8       0x60 ./source/drv/accel.o
 .bss.I2C_Objects
                0x0000000020000228       0x60 ./source/drv/i2c.o
                0x0000000020000228                I2C_Objects
 .bss.accel_data.0
                0x0000000020000288        0xc ./source/App.o
 .bss.__LDM_interruptDisableCount
                0x0000000020000294        0x4 ./SDK/startup/hardware.o
 .bss.errno     0x0000000020000298        0x4 /Applications/MCUXpressoIDE_11.8.0_1165/ide/plugins/com.nxp.mcuxpresso.tools.macosx_11.8.0.202306131047/tools/bin/../lib/gcc/arm-none-eabi/12.2.1/../../../../arm-none-eabi/lib/thumb/v7e-m+fp/hard/libcr_c.a(errno.o)
                0x0000000020000298                errno
 .bss.__Ciob    0x000000002000029c       0xb4 /Applications/MCUXpressoIDE_11.8.0_1165/ide/plugins/com.nxp.mcuxpresso.tools.macosx_11.8.0.202306131047/tools/bin/../lib/gcc/arm-none-eabi/12.2.1/../../../../arm-none-eabi/lib/thumb/v7e-m+fp/hard/libcr_nohost_nf.a(__ciob.o)
                0x000000002000029c                __Ciob
 *(COMMON)
                0x0000000020000350                . = ALIGN (0x8)
                0x0000000020000350                _ebss = .
                [!provide]                        PROVIDE (__end_bss_RAM = .)
                [!provide]                        PROVIDE (__end_bss_SRAM_UPPER = .)
                [!provide]                        PROVIDE (end = .)

.noinit_RAM2    0x000000001fff0000        0x0
                [!provide]                        PROVIDE (__start_noinit_RAM2 = .)
                [!provide]                        PROVIDE (__start_noinit_SRAM_LOWER = .)
 *(.noinit.$RAM2)
 *(.noinit.$SRAM_LOWER)
 *(.noinit.$RAM2.*)
 *(.noinit.$SRAM_LOWER.*)
                0x000000001fff0000                . = ALIGN (0x8)
                [!provide]                        PROVIDE (__end_noinit_RAM2 = .)
                [!provide]                        PROVIDE (__end_noinit_SRAM_LOWER = .)

.noinit_RAM3    0x0000000014000000        0x0
                [!provide]                        PROVIDE (__start_noinit_RAM3 = .)
                [!provide]                        PROVIDE (__start_noinit_FLEX_RAM = .)
 *(.noinit.$RAM3)
 *(.noinit.$FLEX_RAM)
 *(.noinit.$RAM3.*)
 *(.noinit.$FLEX_RAM.*)
                0x0000000014000000                . = ALIGN (0x8)
                [!provide]                        PROVIDE (__end_noinit_RAM3 = .)
                [!provide]                        PROVIDE (__end_noinit_FLEX_RAM = .)

.noinit         0x0000000020000350        0x0
                0x0000000020000350                _noinit = .
                [!provide]                        PROVIDE (__start_noinit_RAM = .)
                [!provide]                        PROVIDE (__start_noinit_SRAM_UPPER = .)
 *(.noinit*)
                0x0000000020000350                . = ALIGN (0x8)
                0x0000000020000350                _end_noinit = .
                [!provide]                        PROVIDE (__end_noinit_RAM = .)
                [!provide]                        PROVIDE (__end_noinit_SRAM_UPPER = .)
                0x0000000000001000                _HeapSize = 0x1000

.heap           0x0000000020000350     0x1000
                0x0000000020000350                _pvHeapStart = .
                0x0000000020001350                . = (. + _HeapSize)
 *fill*         0x0000000020000350     0x1000 
                0x0000000020001350                . = ALIGN (0x8)
                0x0000000020001350                _pvHeapLimit = .
                0x0000000000001000                _StackSize = 0x1000

.heap2stackfill
                0x0000000020001350     0x1000
                0x0000000020002350                . = (. + _StackSize)
 *fill*         0x0000000020001350     0x1000 

.stack          0x000000002002f000        0x0
                0x000000002002f000                _vStackBase = .
                0x000000002002f000                . = ALIGN (0x8)
                0x0000000020030000                _vStackTop = (. + _StackSize)
                0x0000000000000000                _image_start = LOADADDR (.text)
                0x0000000000002a58                _image_end = (LOADADDR (.data) + SIZEOF (.data))
                0x0000000000002a58                _image_size = (_image_end - _image_start)
OUTPUT(I2C.axf elf32-littlearm)
LOAD linker stubs

.debug_info     0x0000000000000000     0x37f2
 .debug_info    0x0000000000000000      0x1e2 ./source/drv/SysTick.o
 .debug_info    0x00000000000001e2      0x590 ./source/drv/accel.o
 .debug_info    0x0000000000000772      0x912 ./source/drv/gpio.o
 .debug_info    0x0000000000001084      0xc56 ./source/drv/i2c.o
 .debug_info    0x0000000000001cda      0x179 ./source/App.o
 .debug_info    0x0000000000001e53      0x682 ./SDK/startup/hardware.o
 .debug_info    0x00000000000024d5       0xaa ./SDK/startup/main.o
 .debug_info    0x000000000000257f      0xc6f ./SDK/startup/startup_mk64f12.o
 .debug_info    0x00000000000031ee      0x604 ./SDK/CMSIS/system_MK64F12.o

.debug_abbrev   0x0000000000000000      0xcfe
 .debug_abbrev  0x0000000000000000      0x15d ./source/drv/SysTick.o
 .debug_abbrev  0x000000000000015d      0x222 ./source/drv/accel.o
 .debug_abbrev  0x000000000000037f      0x1ca ./source/drv/gpio.o
 .debug_abbrev  0x0000000000000549      0x280 ./source/drv/i2c.o
 .debug_abbrev  0x00000000000007c9       0xf6 ./source/App.o
 .debug_abbrev  0x00000000000008bf      0x135 ./SDK/startup/hardware.o
 .debug_abbrev  0x00000000000009f4       0x5b ./SDK/startup/main.o
 .debug_abbrev  0x0000000000000a4f      0x17e ./SDK/startup/startup_mk64f12.o
 .debug_abbrev  0x0000000000000bcd      0x131 ./SDK/CMSIS/system_MK64F12.o

.debug_aranges  0x0000000000000000      0x508
 .debug_aranges
                0x0000000000000000       0x30 ./source/drv/SysTick.o
 .debug_aranges
                0x0000000000000030       0x58 ./source/drv/accel.o
 .debug_aranges
                0x0000000000000088       0x50 ./source/drv/gpio.o
 .debug_aranges
                0x00000000000000d8       0x60 ./source/drv/i2c.o
 .debug_aranges
                0x0000000000000138       0x28 ./source/App.o
 .debug_aranges
                0x0000000000000160       0x30 ./SDK/startup/hardware.o
 .debug_aranges
                0x0000000000000190       0x20 ./SDK/startup/main.o
 .debug_aranges
                0x00000000000001b0      0x330 ./SDK/startup/startup_mk64f12.o
 .debug_aranges
                0x00000000000004e0       0x28 ./SDK/CMSIS/system_MK64F12.o

.debug_rnglists
                0x0000000000000000      0x3a3
 .debug_rnglists
                0x0000000000000000       0x20 ./source/drv/SysTick.o
 .debug_rnglists
                0x0000000000000020       0x3f ./source/drv/accel.o
 .debug_rnglists
                0x000000000000005f       0x38 ./source/drv/gpio.o
 .debug_rnglists
                0x0000000000000097       0x47 ./source/drv/i2c.o
 .debug_rnglists
                0x00000000000000de       0x19 ./source/App.o
 .debug_rnglists
                0x00000000000000f7       0x20 ./SDK/startup/hardware.o
 .debug_rnglists
                0x0000000000000117       0x13 ./SDK/startup/main.o
 .debug_rnglists
                0x000000000000012a      0x25f ./SDK/startup/startup_mk64f12.o
 .debug_rnglists
                0x0000000000000389       0x1a ./SDK/CMSIS/system_MK64F12.o

.debug_macro    0x0000000000000000    0x120c6
 .debug_macro   0x0000000000000000       0xe9 ./source/drv/SysTick.o
 .debug_macro   0x00000000000000e9      0xad8 ./source/drv/SysTick.o
 .debug_macro   0x0000000000000bc1       0x22 ./source/drv/SysTick.o
 .debug_macro   0x0000000000000be3       0x10 ./source/drv/SysTick.o
 .debug_macro   0x0000000000000bf3      0x12e ./source/drv/SysTick.o
 .debug_macro   0x0000000000000d21      0x5b3 ./source/drv/SysTick.o
 .debug_macro   0x00000000000012d4       0x1c ./source/drv/SysTick.o
 .debug_macro   0x00000000000012f0       0x10 ./source/drv/SysTick.o
 .debug_macro   0x0000000000001300       0x5b ./source/drv/SysTick.o
 .debug_macro   0x000000000000135b       0x3b ./source/drv/SysTick.o
 .debug_macro   0x0000000000001396       0x50 ./source/drv/SysTick.o
 .debug_macro   0x00000000000013e6      0xd40 ./source/drv/SysTick.o
 .debug_macro   0x0000000000002126       0x44 ./source/drv/SysTick.o
 .debug_macro   0x000000000000216a     0xe07b ./source/drv/SysTick.o
 .debug_macro   0x00000000000101e5     0x13c7 ./source/drv/SysTick.o
 .debug_macro   0x00000000000115ac       0x16 ./source/drv/SysTick.o
 .debug_macro   0x00000000000115c2       0x4c ./source/drv/SysTick.o
 .debug_macro   0x000000000001160e       0x9d ./source/drv/accel.o
 .debug_macro   0x00000000000116ab       0x16 ./source/drv/accel.o
 .debug_macro   0x00000000000116c1      0x2f5 ./source/drv/accel.o
 .debug_macro   0x00000000000119b6       0x22 ./source/drv/accel.o
 .debug_macro   0x00000000000119d8       0xc4 ./source/drv/accel.o
 .debug_macro   0x0000000000011a9c       0xc3 ./source/drv/gpio.o
 .debug_macro   0x0000000000011b5f      0x1ba ./source/drv/i2c.o
 .debug_macro   0x0000000000011d19       0x52 ./source/drv/i2c.o
 .debug_macro   0x0000000000011d6b       0x40 ./source/drv/i2c.o
 .debug_macro   0x0000000000011dab       0xc1 ./source/App.o
 .debug_macro   0x0000000000011e6c       0x1c ./source/App.o
 .debug_macro   0x0000000000011e88       0xbb ./SDK/startup/hardware.o
 .debug_macro   0x0000000000011f43       0xbb ./SDK/startup/main.o
 .debug_macro   0x0000000000011ffe       0x29 ./SDK/startup/startup_mk64f12.o
 .debug_macro   0x0000000000012027       0x9f ./SDK/CMSIS/system_MK64F12.o

.debug_line     0x0000000000000000     0x2b44
 .debug_line    0x0000000000000000      0x3aa ./source/drv/SysTick.o
 .debug_line    0x00000000000003aa      0x465 ./source/drv/accel.o
 .debug_line    0x000000000000080f      0x41b ./source/drv/gpio.o
 .debug_line    0x0000000000000c2a      0x75b ./source/drv/i2c.o
 .debug_line    0x0000000000001385      0x322 ./source/App.o
 .debug_line    0x00000000000016a7      0x39d ./SDK/startup/hardware.o
 .debug_line    0x0000000000001a44      0x2ac ./SDK/startup/main.o
 .debug_line    0x0000000000001cf0      0xaa1 ./SDK/startup/startup_mk64f12.o
 .debug_line    0x0000000000002791      0x3b3 ./SDK/CMSIS/system_MK64F12.o

.debug_str      0x0000000000000000    0x7a6bb
 .debug_str     0x0000000000000000    0x77810 ./source/drv/SysTick.o
                                      0x7789c (size before relaxing)
 .debug_str     0x0000000000077810     0x1203 ./source/drv/accel.o
                                       0x582d (size before relaxing)
 .debug_str     0x0000000000078a13      0x948 ./source/drv/gpio.o
                                      0x70df4 (size before relaxing)
 .debug_str     0x000000000007935b      0x94a ./source/drv/i2c.o
                                      0x788ba (size before relaxing)
 .debug_str     0x0000000000079ca5       0x2c ./source/App.o
                                      0x70eba (size before relaxing)
 .debug_str     0x0000000000079cd1      0x16f ./SDK/startup/hardware.o
                                      0x7785a (size before relaxing)
 .debug_str     0x0000000000079e40       0x16 ./SDK/startup/main.o
                                      0x77667 (size before relaxing)
 .debug_str     0x0000000000079e56      0x815 ./SDK/startup/startup_mk64f12.o
                                       0x3726 (size before relaxing)
 .debug_str     0x000000000007a66b       0x50 ./SDK/CMSIS/system_MK64F12.o
                                      0x7776a (size before relaxing)

.comment        0x0000000000000000       0x45
 .comment       0x0000000000000000       0x45 ./source/drv/SysTick.o
                                         0x46 (size before relaxing)
 .comment       0x0000000000000045       0x46 ./source/drv/accel.o
 .comment       0x0000000000000045       0x46 ./source/drv/gpio.o
 .comment       0x0000000000000045       0x46 ./source/drv/i2c.o
 .comment       0x0000000000000045       0x46 ./source/App.o
 .comment       0x0000000000000045       0x46 ./SDK/startup/hardware.o
 .comment       0x0000000000000045       0x46 ./SDK/startup/main.o
 .comment       0x0000000000000045       0x46 ./SDK/startup/startup_mk64f12.o
 .comment       0x0000000000000045       0x46 ./SDK/CMSIS/system_MK64F12.o
 .comment       0x0000000000000045       0x46 /Applications/MCUXpressoIDE_11.8.0_1165/ide/plugins/com.nxp.mcuxpresso.tools.macosx_11.8.0.202306131047/tools/bin/../lib/gcc/arm-none-eabi/12.2.1/../../../../arm-none-eabi/lib/thumb/v7e-m+fp/hard/libcr_nohost_nf.a(_cr__main.o)
 .comment       0x0000000000000045       0x46 /Applications/MCUXpressoIDE_11.8.0_1165/ide/plugins/com.nxp.mcuxpresso.tools.macosx_11.8.0.202306131047/tools/bin/../lib/gcc/arm-none-eabi/12.2.1/../../../../arm-none-eabi/lib/thumb/v7e-m+fp/hard/libcr_c.a(atan2.o)
 .comment       0x0000000000000045       0x46 /Applications/MCUXpressoIDE_11.8.0_1165/ide/plugins/com.nxp.mcuxpresso.tools.macosx_11.8.0.202306131047/tools/bin/../lib/gcc/arm-none-eabi/12.2.1/../../../../arm-none-eabi/lib/thumb/v7e-m+fp/hard/libcr_c.a(errno.o)
 .comment       0x0000000000000045       0x46 /Applications/MCUXpressoIDE_11.8.0_1165/ide/plugins/com.nxp.mcuxpresso.tools.macosx_11.8.0.202306131047/tools/bin/../lib/gcc/arm-none-eabi/12.2.1/../../../../arm-none-eabi/lib/thumb/v7e-m+fp/hard/libcr_c.a(fabs.o)
 .comment       0x0000000000000045       0x46 /Applications/MCUXpressoIDE_11.8.0_1165/ide/plugins/com.nxp.mcuxpresso.tools.macosx_11.8.0.202306131047/tools/bin/../lib/gcc/arm-none-eabi/12.2.1/../../../../arm-none-eabi/lib/thumb/v7e-m+fp/hard/libcr_c.a(initio.o)
 .comment       0x0000000000000045       0x46 /Applications/MCUXpressoIDE_11.8.0_1165/ide/plugins/com.nxp.mcuxpresso.tools.macosx_11.8.0.202306131047/tools/bin/../lib/gcc/arm-none-eabi/12.2.1/../../../../arm-none-eabi/lib/thumb/v7e-m+fp/hard/libcr_c.a(setvbuf.o)
 .comment       0x0000000000000045       0x46 /Applications/MCUXpressoIDE_11.8.0_1165/ide/plugins/com.nxp.mcuxpresso.tools.macosx_11.8.0.202306131047/tools/bin/../lib/gcc/arm-none-eabi/12.2.1/../../../../arm-none-eabi/lib/thumb/v7e-m+fp/hard/libcr_c.a(_fdopen.o)
 .comment       0x0000000000000045       0x46 /Applications/MCUXpressoIDE_11.8.0_1165/ide/plugins/com.nxp.mcuxpresso.tools.macosx_11.8.0.202306131047/tools/bin/../lib/gcc/arm-none-eabi/12.2.1/../../../../arm-none-eabi/lib/thumb/v7e-m+fp/hard/libcr_c.a(atan.o)
 .comment       0x0000000000000045       0x46 /Applications/MCUXpressoIDE_11.8.0_1165/ide/plugins/com.nxp.mcuxpresso.tools.macosx_11.8.0.202306131047/tools/bin/../lib/gcc/arm-none-eabi/12.2.1/../../../../arm-none-eabi/lib/thumb/v7e-m+fp/hard/libcr_c.a(fclose.o)
 .comment       0x0000000000000045       0x46 /Applications/MCUXpressoIDE_11.8.0_1165/ide/plugins/com.nxp.mcuxpresso.tools.macosx_11.8.0.202306131047/tools/bin/../lib/gcc/arm-none-eabi/12.2.1/../../../../arm-none-eabi/lib/thumb/v7e-m+fp/hard/libcr_c.a(fflush.o)
 .comment       0x0000000000000045       0x46 /Applications/MCUXpressoIDE_11.8.0_1165/ide/plugins/com.nxp.mcuxpresso.tools.macosx_11.8.0.202306131047/tools/bin/../lib/gcc/arm-none-eabi/12.2.1/../../../../arm-none-eabi/lib/thumb/v7e-m+fp/hard/libcr_c.a(fseek.o)
 .comment       0x0000000000000045       0x46 /Applications/MCUXpressoIDE_11.8.0_1165/ide/plugins/com.nxp.mcuxpresso.tools.macosx_11.8.0.202306131047/tools/bin/../lib/gcc/arm-none-eabi/12.2.1/../../../../arm-none-eabi/lib/thumb/v7e-m+fp/hard/libcr_c.a(ftell.o)
 .comment       0x0000000000000045       0x46 /Applications/MCUXpressoIDE_11.8.0_1165/ide/plugins/com.nxp.mcuxpresso.tools.macosx_11.8.0.202306131047/tools/bin/../lib/gcc/arm-none-eabi/12.2.1/../../../../arm-none-eabi/lib/thumb/v7e-m+fp/hard/libcr_c.a(remove.o)
 .comment       0x0000000000000045       0x46 /Applications/MCUXpressoIDE_11.8.0_1165/ide/plugins/com.nxp.mcuxpresso.tools.macosx_11.8.0.202306131047/tools/bin/../lib/gcc/arm-none-eabi/12.2.1/../../../../arm-none-eabi/lib/thumb/v7e-m+fp/hard/libcr_c.a(strlen.o)
 .comment       0x0000000000000045       0x46 /Applications/MCUXpressoIDE_11.8.0_1165/ide/plugins/com.nxp.mcuxpresso.tools.macosx_11.8.0.202306131047/tools/bin/../lib/gcc/arm-none-eabi/12.2.1/../../../../arm-none-eabi/lib/thumb/v7e-m+fp/hard/libcr_c.a(memset.o)
 .comment       0x0000000000000045       0x46 /Applications/MCUXpressoIDE_11.8.0_1165/ide/plugins/com.nxp.mcuxpresso.tools.macosx_11.8.0.202306131047/tools/bin/../lib/gcc/arm-none-eabi/12.2.1/../../../../arm-none-eabi/lib/thumb/v7e-m+fp/hard/libcr_c.a(_do_fflush.o)
 .comment       0x0000000000000045       0x46 /Applications/MCUXpressoIDE_11.8.0_1165/ide/plugins/com.nxp.mcuxpresso.tools.macosx_11.8.0.202306131047/tools/bin/../lib/gcc/arm-none-eabi/12.2.1/../../../../arm-none-eabi/lib/thumb/v7e-m+fp/hard/libcr_c.a(_fflush.o)
 .comment       0x0000000000000045       0x46 /Applications/MCUXpressoIDE_11.8.0_1165/ide/plugins/com.nxp.mcuxpresso.tools.macosx_11.8.0.202306131047/tools/bin/../lib/gcc/arm-none-eabi/12.2.1/../../../../arm-none-eabi/lib/thumb/v7e-m+fp/hard/libcr_c.a(_writebuf.o)
 .comment       0x0000000000000045       0x46 /Applications/MCUXpressoIDE_11.8.0_1165/ide/plugins/com.nxp.mcuxpresso.tools.macosx_11.8.0.202306131047/tools/bin/../lib/gcc/arm-none-eabi/12.2.1/../../../../arm-none-eabi/lib/thumb/v7e-m+fp/hard/libcr_c.a(alloc.o)
 .comment       0x0000000000000045       0x46 /Applications/MCUXpressoIDE_11.8.0_1165/ide/plugins/com.nxp.mcuxpresso.tools.macosx_11.8.0.202306131047/tools/bin/../lib/gcc/arm-none-eabi/12.2.1/../../../../arm-none-eabi/lib/thumb/v7e-m+fp/hard/libcr_c.a(_deferredlazyseek.o)
 .comment       0x0000000000000045       0x46 /Applications/MCUXpressoIDE_11.8.0_1165/ide/plugins/com.nxp.mcuxpresso.tools.macosx_11.8.0.202306131047/tools/bin/../lib/gcc/arm-none-eabi/12.2.1/thumb/v7e-m+fp/hard/libcr_eabihelpers.a(double.o)
 .comment       0x0000000000000045       0x46 /Applications/MCUXpressoIDE_11.8.0_1165/ide/plugins/com.nxp.mcuxpresso.tools.macosx_11.8.0.202306131047/tools/bin/../lib/gcc/arm-none-eabi/12.2.1/thumb/v7e-m+fp/hard/libcr_eabihelpers.a(float.o)
 .comment       0x0000000000000045       0x46 /Applications/MCUXpressoIDE_11.8.0_1165/ide/plugins/com.nxp.mcuxpresso.tools.macosx_11.8.0.202306131047/tools/bin/../lib/gcc/arm-none-eabi/12.2.1/../../../../arm-none-eabi/lib/thumb/v7e-m+fp/hard/libcr_nohost_nf.a(__ciob.o)
 .comment       0x0000000000000045       0x46 /Applications/MCUXpressoIDE_11.8.0_1165/ide/plugins/com.nxp.mcuxpresso.tools.macosx_11.8.0.202306131047/tools/bin/../lib/gcc/arm-none-eabi/12.2.1/../../../../arm-none-eabi/lib/thumb/v7e-m+fp/hard/libcr_nohost_nf.a(__sys_close.o)
 .comment       0x0000000000000045       0x46 /Applications/MCUXpressoIDE_11.8.0_1165/ide/plugins/com.nxp.mcuxpresso.tools.macosx_11.8.0.202306131047/tools/bin/../lib/gcc/arm-none-eabi/12.2.1/../../../../arm-none-eabi/lib/thumb/v7e-m+fp/hard/libcr_nohost_nf.a(__sys_flen.o)
 .comment       0x0000000000000045       0x46 /Applications/MCUXpressoIDE_11.8.0_1165/ide/plugins/com.nxp.mcuxpresso.tools.macosx_11.8.0.202306131047/tools/bin/../lib/gcc/arm-none-eabi/12.2.1/../../../../arm-none-eabi/lib/thumb/v7e-m+fp/hard/libcr_nohost_nf.a(__sys_istty.o)
 .comment       0x0000000000000045       0x46 /Applications/MCUXpressoIDE_11.8.0_1165/ide/plugins/com.nxp.mcuxpresso.tools.macosx_11.8.0.202306131047/tools/bin/../lib/gcc/arm-none-eabi/12.2.1/../../../../arm-none-eabi/lib/thumb/v7e-m+fp/hard/libcr_nohost_nf.a(__sys_remove.o)
 .comment       0x0000000000000045       0x46 /Applications/MCUXpressoIDE_11.8.0_1165/ide/plugins/com.nxp.mcuxpresso.tools.macosx_11.8.0.202306131047/tools/bin/../lib/gcc/arm-none-eabi/12.2.1/../../../../arm-none-eabi/lib/thumb/v7e-m+fp/hard/libcr_nohost_nf.a(__sys_seek.o)
 .comment       0x0000000000000045       0x46 /Applications/MCUXpressoIDE_11.8.0_1165/ide/plugins/com.nxp.mcuxpresso.tools.macosx_11.8.0.202306131047/tools/bin/../lib/gcc/arm-none-eabi/12.2.1/../../../../arm-none-eabi/lib/thumb/v7e-m+fp/hard/libcr_nohost_nf.a(__sys_tmpnam.o)
 .comment       0x0000000000000045       0x46 /Applications/MCUXpressoIDE_11.8.0_1165/ide/plugins/com.nxp.mcuxpresso.tools.macosx_11.8.0.202306131047/tools/bin/../lib/gcc/arm-none-eabi/12.2.1/../../../../arm-none-eabi/lib/thumb/v7e-m+fp/hard/libcr_nohost_nf.a(__sys_write.o)

.ARM.attributes
                0x0000000000000000       0x32
 .ARM.attributes
                0x0000000000000000       0x34 ./source/drv/SysTick.o
 .ARM.attributes
                0x0000000000000034       0x34 ./source/drv/accel.o
 .ARM.attributes
                0x0000000000000068       0x34 ./source/drv/gpio.o
 .ARM.attributes
                0x000000000000009c       0x34 ./source/drv/i2c.o
 .ARM.attributes
                0x00000000000000d0       0x34 ./source/App.o
 .ARM.attributes
                0x0000000000000104       0x34 ./SDK/startup/hardware.o
 .ARM.attributes
                0x0000000000000138       0x34 ./SDK/startup/main.o
 .ARM.attributes
                0x000000000000016c       0x34 ./SDK/startup/startup_mk64f12.o
 .ARM.attributes
                0x00000000000001a0       0x34 ./SDK/CMSIS/system_MK64F12.o
 .ARM.attributes
                0x00000000000001d4       0x34 /Applications/MCUXpressoIDE_11.8.0_1165/ide/plugins/com.nxp.mcuxpresso.tools.macosx_11.8.0.202306131047/tools/bin/../lib/gcc/arm-none-eabi/12.2.1/../../../../arm-none-eabi/lib/thumb/v7e-m+fp/hard/libcr_nohost_nf.a(_cr__main.o)
 .ARM.attributes
                0x0000000000000208       0x34 /Applications/MCUXpressoIDE_11.8.0_1165/ide/plugins/com.nxp.mcuxpresso.tools.macosx_11.8.0.202306131047/tools/bin/../lib/gcc/arm-none-eabi/12.2.1/../../../../arm-none-eabi/lib/thumb/v7e-m+fp/hard/libcr_c.a(atan2.o)
 .ARM.attributes
                0x000000000000023c       0x34 /Applications/MCUXpressoIDE_11.8.0_1165/ide/plugins/com.nxp.mcuxpresso.tools.macosx_11.8.0.202306131047/tools/bin/../lib/gcc/arm-none-eabi/12.2.1/../../../../arm-none-eabi/lib/thumb/v7e-m+fp/hard/libcr_c.a(errno.o)
 .ARM.attributes
                0x0000000000000270       0x34 /Applications/MCUXpressoIDE_11.8.0_1165/ide/plugins/com.nxp.mcuxpresso.tools.macosx_11.8.0.202306131047/tools/bin/../lib/gcc/arm-none-eabi/12.2.1/../../../../arm-none-eabi/lib/thumb/v7e-m+fp/hard/libcr_c.a(fabs.o)
 .ARM.attributes
                0x00000000000002a4       0x34 /Applications/MCUXpressoIDE_11.8.0_1165/ide/plugins/com.nxp.mcuxpresso.tools.macosx_11.8.0.202306131047/tools/bin/../lib/gcc/arm-none-eabi/12.2.1/../../../../arm-none-eabi/lib/thumb/v7e-m+fp/hard/libcr_c.a(initio.o)
 .ARM.attributes
                0x00000000000002d8       0x34 /Applications/MCUXpressoIDE_11.8.0_1165/ide/plugins/com.nxp.mcuxpresso.tools.macosx_11.8.0.202306131047/tools/bin/../lib/gcc/arm-none-eabi/12.2.1/../../../../arm-none-eabi/lib/thumb/v7e-m+fp/hard/libcr_c.a(setvbuf.o)
 .ARM.attributes
                0x000000000000030c       0x34 /Applications/MCUXpressoIDE_11.8.0_1165/ide/plugins/com.nxp.mcuxpresso.tools.macosx_11.8.0.202306131047/tools/bin/../lib/gcc/arm-none-eabi/12.2.1/../../../../arm-none-eabi/lib/thumb/v7e-m+fp/hard/libcr_c.a(_fdopen.o)
 .ARM.attributes
                0x0000000000000340       0x34 /Applications/MCUXpressoIDE_11.8.0_1165/ide/plugins/com.nxp.mcuxpresso.tools.macosx_11.8.0.202306131047/tools/bin/../lib/gcc/arm-none-eabi/12.2.1/../../../../arm-none-eabi/lib/thumb/v7e-m+fp/hard/libcr_c.a(atan.o)
 .ARM.attributes
                0x0000000000000374       0x34 /Applications/MCUXpressoIDE_11.8.0_1165/ide/plugins/com.nxp.mcuxpresso.tools.macosx_11.8.0.202306131047/tools/bin/../lib/gcc/arm-none-eabi/12.2.1/../../../../arm-none-eabi/lib/thumb/v7e-m+fp/hard/libcr_c.a(fclose.o)
 .ARM.attributes
                0x00000000000003a8       0x34 /Applications/MCUXpressoIDE_11.8.0_1165/ide/plugins/com.nxp.mcuxpresso.tools.macosx_11.8.0.202306131047/tools/bin/../lib/gcc/arm-none-eabi/12.2.1/../../../../arm-none-eabi/lib/thumb/v7e-m+fp/hard/libcr_c.a(fflush.o)
 .ARM.attributes
                0x00000000000003dc       0x34 /Applications/MCUXpressoIDE_11.8.0_1165/ide/plugins/com.nxp.mcuxpresso.tools.macosx_11.8.0.202306131047/tools/bin/../lib/gcc/arm-none-eabi/12.2.1/../../../../arm-none-eabi/lib/thumb/v7e-m+fp/hard/libcr_c.a(fseek.o)
 .ARM.attributes
                0x0000000000000410       0x34 /Applications/MCUXpressoIDE_11.8.0_1165/ide/plugins/com.nxp.mcuxpresso.tools.macosx_11.8.0.202306131047/tools/bin/../lib/gcc/arm-none-eabi/12.2.1/../../../../arm-none-eabi/lib/thumb/v7e-m+fp/hard/libcr_c.a(ftell.o)
 .ARM.attributes
                0x0000000000000444       0x34 /Applications/MCUXpressoIDE_11.8.0_1165/ide/plugins/com.nxp.mcuxpresso.tools.macosx_11.8.0.202306131047/tools/bin/../lib/gcc/arm-none-eabi/12.2.1/../../../../arm-none-eabi/lib/thumb/v7e-m+fp/hard/libcr_c.a(remove.o)
 .ARM.attributes
                0x0000000000000478       0x34 /Applications/MCUXpressoIDE_11.8.0_1165/ide/plugins/com.nxp.mcuxpresso.tools.macosx_11.8.0.202306131047/tools/bin/../lib/gcc/arm-none-eabi/12.2.1/../../../../arm-none-eabi/lib/thumb/v7e-m+fp/hard/libcr_c.a(strlen.o)
 .ARM.attributes
                0x00000000000004ac       0x34 /Applications/MCUXpressoIDE_11.8.0_1165/ide/plugins/com.nxp.mcuxpresso.tools.macosx_11.8.0.202306131047/tools/bin/../lib/gcc/arm-none-eabi/12.2.1/../../../../arm-none-eabi/lib/thumb/v7e-m+fp/hard/libcr_c.a(memset.o)
 .ARM.attributes
                0x00000000000004e0       0x34 /Applications/MCUXpressoIDE_11.8.0_1165/ide/plugins/com.nxp.mcuxpresso.tools.macosx_11.8.0.202306131047/tools/bin/../lib/gcc/arm-none-eabi/12.2.1/../../../../arm-none-eabi/lib/thumb/v7e-m+fp/hard/libcr_c.a(_do_fflush.o)
 .ARM.attributes
                0x0000000000000514       0x34 /Applications/MCUXpressoIDE_11.8.0_1165/ide/plugins/com.nxp.mcuxpresso.tools.macosx_11.8.0.202306131047/tools/bin/../lib/gcc/arm-none-eabi/12.2.1/../../../../arm-none-eabi/lib/thumb/v7e-m+fp/hard/libcr_c.a(_fflush.o)
 .ARM.attributes
                0x0000000000000548       0x34 /Applications/MCUXpressoIDE_11.8.0_1165/ide/plugins/com.nxp.mcuxpresso.tools.macosx_11.8.0.202306131047/tools/bin/../lib/gcc/arm-none-eabi/12.2.1/../../../../arm-none-eabi/lib/thumb/v7e-m+fp/hard/libcr_c.a(_writebuf.o)
 .ARM.attributes
                0x000000000000057c       0x34 /Applications/MCUXpressoIDE_11.8.0_1165/ide/plugins/com.nxp.mcuxpresso.tools.macosx_11.8.0.202306131047/tools/bin/../lib/gcc/arm-none-eabi/12.2.1/../../../../arm-none-eabi/lib/thumb/v7e-m+fp/hard/libcr_c.a(alloc.o)
 .ARM.attributes
                0x00000000000005b0       0x34 /Applications/MCUXpressoIDE_11.8.0_1165/ide/plugins/com.nxp.mcuxpresso.tools.macosx_11.8.0.202306131047/tools/bin/../lib/gcc/arm-none-eabi/12.2.1/../../../../arm-none-eabi/lib/thumb/v7e-m+fp/hard/libcr_c.a(_deferredlazyseek.o)
 .ARM.attributes
                0x00000000000005e4       0x34 /Applications/MCUXpressoIDE_11.8.0_1165/ide/plugins/com.nxp.mcuxpresso.tools.macosx_11.8.0.202306131047/tools/bin/../lib/gcc/arm-none-eabi/12.2.1/thumb/v7e-m+fp/hard/libcr_eabihelpers.a(double.o)
 .ARM.attributes
                0x0000000000000618       0x34 /Applications/MCUXpressoIDE_11.8.0_1165/ide/plugins/com.nxp.mcuxpresso.tools.macosx_11.8.0.202306131047/tools/bin/../lib/gcc/arm-none-eabi/12.2.1/thumb/v7e-m+fp/hard/libcr_eabihelpers.a(float.o)
 .ARM.attributes
                0x000000000000064c       0x20 /Applications/MCUXpressoIDE_11.8.0_1165/ide/plugins/com.nxp.mcuxpresso.tools.macosx_11.8.0.202306131047/tools/bin/../lib/gcc/arm-none-eabi/12.2.1/thumb/v7e-m+fp/hard/libcr_eabihelpers.a(memcpy.o)
 .ARM.attributes
                0x000000000000066c       0x34 /Applications/MCUXpressoIDE_11.8.0_1165/ide/plugins/com.nxp.mcuxpresso.tools.macosx_11.8.0.202306131047/tools/bin/../lib/gcc/arm-none-eabi/12.2.1/../../../../arm-none-eabi/lib/thumb/v7e-m+fp/hard/libcr_nohost_nf.a(__ciob.o)
 .ARM.attributes
                0x00000000000006a0       0x34 /Applications/MCUXpressoIDE_11.8.0_1165/ide/plugins/com.nxp.mcuxpresso.tools.macosx_11.8.0.202306131047/tools/bin/../lib/gcc/arm-none-eabi/12.2.1/../../../../arm-none-eabi/lib/thumb/v7e-m+fp/hard/libcr_nohost_nf.a(__sys_close.o)
 .ARM.attributes
                0x00000000000006d4       0x34 /Applications/MCUXpressoIDE_11.8.0_1165/ide/plugins/com.nxp.mcuxpresso.tools.macosx_11.8.0.202306131047/tools/bin/../lib/gcc/arm-none-eabi/12.2.1/../../../../arm-none-eabi/lib/thumb/v7e-m+fp/hard/libcr_nohost_nf.a(__sys_flen.o)
 .ARM.attributes
                0x0000000000000708       0x34 /Applications/MCUXpressoIDE_11.8.0_1165/ide/plugins/com.nxp.mcuxpresso.tools.macosx_11.8.0.202306131047/tools/bin/../lib/gcc/arm-none-eabi/12.2.1/../../../../arm-none-eabi/lib/thumb/v7e-m+fp/hard/libcr_nohost_nf.a(__sys_istty.o)
 .ARM.attributes
                0x000000000000073c       0x34 /Applications/MCUXpressoIDE_11.8.0_1165/ide/plugins/com.nxp.mcuxpresso.tools.macosx_11.8.0.202306131047/tools/bin/../lib/gcc/arm-none-eabi/12.2.1/../../../../arm-none-eabi/lib/thumb/v7e-m+fp/hard/libcr_nohost_nf.a(__sys_remove.o)
 .ARM.attributes
                0x0000000000000770       0x34 /Applications/MCUXpressoIDE_11.8.0_1165/ide/plugins/com.nxp.mcuxpresso.tools.macosx_11.8.0.202306131047/tools/bin/../lib/gcc/arm-none-eabi/12.2.1/../../../../arm-none-eabi/lib/thumb/v7e-m+fp/hard/libcr_nohost_nf.a(__sys_seek.o)
 .ARM.attributes
                0x00000000000007a4       0x34 /Applications/MCUXpressoIDE_11.8.0_1165/ide/plugins/com.nxp.mcuxpresso.tools.macosx_11.8.0.202306131047/tools/bin/../lib/gcc/arm-none-eabi/12.2.1/../../../../arm-none-eabi/lib/thumb/v7e-m+fp/hard/libcr_nohost_nf.a(__sys_tmpnam.o)
 .ARM.attributes
                0x00000000000007d8       0x34 /Applications/MCUXpressoIDE_11.8.0_1165/ide/plugins/com.nxp.mcuxpresso.tools.macosx_11.8.0.202306131047/tools/bin/../lib/gcc/arm-none-eabi/12.2.1/../../../../arm-none-eabi/lib/thumb/v7e-m+fp/hard/libcr_nohost_nf.a(__sys_write.o)

.debug_frame    0x0000000000000000      0xe84
 .debug_frame   0x0000000000000000       0x88 ./source/drv/SysTick.o
 .debug_frame   0x0000000000000088      0x12c ./source/drv/accel.o
 .debug_frame   0x00000000000001b4      0x124 ./source/drv/gpio.o
 .debug_frame   0x00000000000002d8      0x160 ./source/drv/i2c.o
 .debug_frame   0x0000000000000438       0x54 ./source/App.o
 .debug_frame   0x000000000000048c       0x70 ./SDK/startup/hardware.o
 .debug_frame   0x00000000000004fc       0x2c ./SDK/startup/main.o
 .debug_frame   0x0000000000000528      0x904 ./SDK/startup/startup_mk64f12.o
 .debug_frame   0x0000000000000e2c       0x58 ./SDK/CMSIS/system_MK64F12.o

.debug_loclists
                0x0000000000000000      0x113
 .debug_loclists
                0x0000000000000000      0x113 ./SDK/startup/startup_mk64f12.o
