Archive member included to satisfy reference by file (symbol)

/Applications/MCUXpressoIDE_11.8.0_1165/ide/plugins/com.nxp.mcuxpresso.tools.macosx_11.8.0.202306131047/tools/bin/../lib/gcc/arm-none-eabi/12.2.1/../../../../arm-none-eabi/lib/thumb/v7e-m+fp/hard/libcr_nohost_nf.a(_cr__main.o)
                              ./SDK/startup/startup_mk64f12.o (__main)
/Applications/MCUXpressoIDE_11.8.0_1165/ide/plugins/com.nxp.mcuxpresso.tools.macosx_11.8.0.202306131047/tools/bin/../lib/gcc/arm-none-eabi/12.2.1/../../../../arm-none-eabi/lib/thumb/v7e-m+fp/hard/libcr_c.a(initio.o)
                              /Applications/MCUXpressoIDE_11.8.0_1165/ide/plugins/com.nxp.mcuxpresso.tools.macosx_11.8.0.202306131047/tools/bin/../lib/gcc/arm-none-eabi/12.2.1/../../../../arm-none-eabi/lib/thumb/v7e-m+fp/hard/libcr_nohost_nf.a(_cr__main.o) (_initio)
/Applications/MCUXpressoIDE_11.8.0_1165/ide/plugins/com.nxp.mcuxpresso.tools.macosx_11.8.0.202306131047/tools/bin/../lib/gcc/arm-none-eabi/12.2.1/../../../../arm-none-eabi/lib/thumb/v7e-m+fp/hard/libcr_c.a(setvbuf.o)
                              /Applications/MCUXpressoIDE_11.8.0_1165/ide/plugins/com.nxp.mcuxpresso.tools.macosx_11.8.0.202306131047/tools/bin/../lib/gcc/arm-none-eabi/12.2.1/../../../../arm-none-eabi/lib/thumb/v7e-m+fp/hard/libcr_c.a(initio.o) (setvbuf)
/Applications/MCUXpressoIDE_11.8.0_1165/ide/plugins/com.nxp.mcuxpresso.tools.macosx_11.8.0.202306131047/tools/bin/../lib/gcc/arm-none-eabi/12.2.1/../../../../arm-none-eabi/lib/thumb/v7e-m+fp/hard/libcr_c.a(_fdopen.o)
                              /Applications/MCUXpressoIDE_11.8.0_1165/ide/plugins/com.nxp.mcuxpresso.tools.macosx_11.8.0.202306131047/tools/bin/../lib/gcc/arm-none-eabi/12.2.1/../../../../arm-none-eabi/lib/thumb/v7e-m+fp/hard/libcr_c.a(initio.o) (_fdopen)
/Applications/MCUXpressoIDE_11.8.0_1165/ide/plugins/com.nxp.mcuxpresso.tools.macosx_11.8.0.202306131047/tools/bin/../lib/gcc/arm-none-eabi/12.2.1/../../../../arm-none-eabi/lib/thumb/v7e-m+fp/hard/libcr_c.a(fclose.o)
                              /Applications/MCUXpressoIDE_11.8.0_1165/ide/plugins/com.nxp.mcuxpresso.tools.macosx_11.8.0.202306131047/tools/bin/../lib/gcc/arm-none-eabi/12.2.1/../../../../arm-none-eabi/lib/thumb/v7e-m+fp/hard/libcr_c.a(initio.o) (fclose)
/Applications/MCUXpressoIDE_11.8.0_1165/ide/plugins/com.nxp.mcuxpresso.tools.macosx_11.8.0.202306131047/tools/bin/../lib/gcc/arm-none-eabi/12.2.1/../../../../arm-none-eabi/lib/thumb/v7e-m+fp/hard/libcr_c.a(fflush.o)
                              /Applications/MCUXpressoIDE_11.8.0_1165/ide/plugins/com.nxp.mcuxpresso.tools.macosx_11.8.0.202306131047/tools/bin/../lib/gcc/arm-none-eabi/12.2.1/../../../../arm-none-eabi/lib/thumb/v7e-m+fp/hard/libcr_c.a(fclose.o) (fflush)
/Applications/MCUXpressoIDE_11.8.0_1165/ide/plugins/com.nxp.mcuxpresso.tools.macosx_11.8.0.202306131047/tools/bin/../lib/gcc/arm-none-eabi/12.2.1/../../../../arm-none-eabi/lib/thumb/v7e-m+fp/hard/libcr_c.a(fseek.o)
                              /Applications/MCUXpressoIDE_11.8.0_1165/ide/plugins/com.nxp.mcuxpresso.tools.macosx_11.8.0.202306131047/tools/bin/../lib/gcc/arm-none-eabi/12.2.1/../../../../arm-none-eabi/lib/thumb/v7e-m+fp/hard/libcr_c.a(_fdopen.o) (fseek)
/Applications/MCUXpressoIDE_11.8.0_1165/ide/plugins/com.nxp.mcuxpresso.tools.macosx_11.8.0.202306131047/tools/bin/../lib/gcc/arm-none-eabi/12.2.1/../../../../arm-none-eabi/lib/thumb/v7e-m+fp/hard/libcr_c.a(ftell.o)
                              /Applications/MCUXpressoIDE_11.8.0_1165/ide/plugins/com.nxp.mcuxpresso.tools.macosx_11.8.0.202306131047/tools/bin/../lib/gcc/arm-none-eabi/12.2.1/../../../../arm-none-eabi/lib/thumb/v7e-m+fp/hard/libcr_c.a(fseek.o) (ftell)
/Applications/MCUXpressoIDE_11.8.0_1165/ide/plugins/com.nxp.mcuxpresso.tools.macosx_11.8.0.202306131047/tools/bin/../lib/gcc/arm-none-eabi/12.2.1/../../../../arm-none-eabi/lib/thumb/v7e-m+fp/hard/libcr_c.a(remove.o)
                              /Applications/MCUXpressoIDE_11.8.0_1165/ide/plugins/com.nxp.mcuxpresso.tools.macosx_11.8.0.202306131047/tools/bin/../lib/gcc/arm-none-eabi/12.2.1/../../../../arm-none-eabi/lib/thumb/v7e-m+fp/hard/libcr_c.a(fclose.o) (remove)
/Applications/MCUXpressoIDE_11.8.0_1165/ide/plugins/com.nxp.mcuxpresso.tools.macosx_11.8.0.202306131047/tools/bin/../lib/gcc/arm-none-eabi/12.2.1/../../../../arm-none-eabi/lib/thumb/v7e-m+fp/hard/libcr_c.a(strlen.o)
                              /Applications/MCUXpressoIDE_11.8.0_1165/ide/plugins/com.nxp.mcuxpresso.tools.macosx_11.8.0.202306131047/tools/bin/../lib/gcc/arm-none-eabi/12.2.1/../../../../arm-none-eabi/lib/thumb/v7e-m+fp/hard/libcr_c.a(remove.o) (strlen)
/Applications/MCUXpressoIDE_11.8.0_1165/ide/plugins/com.nxp.mcuxpresso.tools.macosx_11.8.0.202306131047/tools/bin/../lib/gcc/arm-none-eabi/12.2.1/../../../../arm-none-eabi/lib/thumb/v7e-m+fp/hard/libcr_c.a(memset.o)
[...]
Memory Configuration

Name             Origin             Length             Attributes
PROGRAM_FLASH    0x0000000000000000 0x0000000000100000 xr
SRAM_UPPER       0x0000000020000000 0x0000000000030000 xrw
SRAM_LOWER       0x000000001fff0000 0x0000000000010000 xrw
FLEX_RAM         0x0000000014000000 0x0000000000001000 xrw
*default*        0x0000000000000000 0xffffffffffffffff

Linker script and memory map

LOAD ./source/drv/accel.o
LOAD ./source/drv/i2c.o
LOAD ./source/App.o
LOAD ./SDK/startup/hardware.o
LOAD ./SDK/startup/main.o
LOAD ./SDK/startup/startup_mk64f12.o
LOAD ./SDK/CMSIS/system_MK64F12.o
START GROUP
LOAD /Applications/MCUXpressoIDE_11.8.0_1165/ide/plugins/com.nxp.mcuxpresso.tools.macosx_11.8.0.202306131047/tools/bin/../lib/gcc/arm-none-eabi/12.2.1/../../../../arm-none-eabi/lib/thumb/v7e-m+fp/hard/libcr_nohost_nf.a
LOAD /Applications/MCUXpressoIDE_11.8.0_1165/ide/plugins/com.nxp.mcuxpresso.tools.macosx_11.8.0.202306131047/tools/bin/../lib/gcc/arm-none-eabi/12.2.1/../../../../arm-none-eabi/lib/thumb/v7e-m+fp/hard/libcr_c.a
LOAD /Applications/MCUXpressoIDE_11.8.0_1165/ide/plugins/com.nxp.mcuxpresso.tools.macosx_11.8.0.202306131047/tools/bin/../lib/gcc/arm-none-eabi/12.2.1/thumb/v7e-m+fp/hard/libcr_eabihelpers.a
LOAD /Applications/MCUXpressoIDE_11.8.0_1165/ide/plugins/com.nxp.mcuxpresso.tools.macosx_11.8.0.202306131047/tools/bin/../lib/gcc/arm-none-eabi/12.2.1/thumb/v7e-m+fp/hard/libgcc.a
END GROUP
                0x0000000000000000                __base_PROGRAM_FLASH = 0x0
                0x0000000000000000                __base_Flash = 0x0
                0x0000000000100000                __top_PROGRAM_FLASH = 0x100000
                0x0000000000100000                __top_Flash = 0x100000
                0x0000000020000000                __base_SRAM_UPPER = 0x20000000
                0x0000000020000000                __base_RAM = 0x20000000
                0x0000000020030000                __top_SRAM_UPPER = 0x20030000
                0x0000000020030000                __top_RAM = 0x20030000
                0x000000001fff0000                __base_SRAM_LOWER = 0x1fff0000
                0x000000001fff0000                __base_RAM2 = 0x1fff0000
                0x0000000020000000                __top_SRAM_LOWER = 0x20000000
                0x0000000020000000                __top_RAM2 = 0x20000000
                0x0000000014000000                __base_FLEX_RAM = 0x14000000
                0x0000000014000000                __base_RAM3 = 0x14000000
                0x0000000014001000                __top_FLEX_RAM = 0x14001000
                0x0000000014001000                __top_RAM3 = 0x14001000

.text           0x0000000000000000     0x1950
 FILL mask 0xff
                0x0000000000000000                __vectors_start__ = ABSOLUTE (.)
 *(.isr_vector)
 .isr_vector    0x0000000000000000      0x198 ./SDK/startup/startup_mk64f12.o
                0x0000000000000000                __Vectors
                0x0000000000000000                g_pfnVectors
                0x0000000000000198                . = ALIGN (0x4)
                0x0000000000000198                __section_table_start = .
                0x0000000000000198                __data_section_table = .
                0x0000000000000198        0x4 LONG 0x1950 LOADADDR (.data)
                0x000000000000019c        0x4 LONG 0x20000000 ADDR (.data)
                0x00000000000001a0        0x4 LONG 0x110 SIZEOF (.data)
                0x00000000000001a4        0x4 LONG 0x1950 LOADADDR (.data_RAM2)
                0x00000000000001a8        0x4 LONG 0x1fff0000 ADDR (.data_RAM2)
                0x00000000000001ac        0x4 LONG 0x0 SIZEOF (.data_RAM2)
                0x00000000000001b0        0x4 LONG 0x1950 LOADADDR (.data_RAM3)
                0x00000000000001b4        0x4 LONG 0x14000000 ADDR (.data_RAM3)
                0x00000000000001b8        0x4 LONG 0x0 SIZEOF (.data_RAM3)
                0x00000000000001bc                __data_section_table_end = .
                0x00000000000001bc                __bss_section_table = .
                0x00000000000001bc        0x4 LONG 0x20000110 ADDR (.bss)
                0x00000000000001c0        0x4 LONG 0x130 SIZEOF (.bss)
                0x00000000000001c4        0x4 LONG 0x1fff0000 ADDR (.bss_RAM2)
                0x00000000000001c8        0x4 LONG 0x0 SIZEOF (.bss_RAM2)
                0x00000000000001cc        0x4 LONG 0x14000000 ADDR (.bss_RAM3)
                0x00000000000001d0        0x4 LONG 0x0 SIZEOF (.bss_RAM3)
                0x00000000000001d4                __bss_section_table_end = .
                0x00000000000001d4                __section_table_end = .
 *(.after_vectors*)
 .after_vectors.init_data
                0x00000000000001d4       0x1e ./SDK/startup/startup_mk64f12.o
                0x00000000000001d4                data_init
 .after_vectors.init_bss
                0x00000000000001f2       0x12 ./SDK/startup/startup_mk64f12.o
                0x00000000000001f2                bss_init
 .after_vectors.reset
                0x0000000000000204       0x4c ./SDK/startup/startup_mk64f12.o
                0x0000000000000204                ResetISR
 .after_vectors
                0x0000000000000250       0x14 ./SDK/startup/startup_mk64f12.o
                0x0000000000000250                NMI_Handler
                0x0000000000000252                HardFault_Handler
                0x0000000000000254                MemManage_Handler
                0x0000000000000256                BusFault_Handler
                0x0000000000000258                UsageFault_Handler
                0x000000000000025a                SVC_Handler
                0x000000000000025c                DebugMon_Handler
                0x000000000000025e                PendSV_Handler
                0x0000000000000260                SysTick_Handler
                0x0000000000000262                PIT2_DriverIRQHandler
                0x0000000000000262                SDHC_DriverIRQHandler
                0x0000000000000262                I2S0_Tx_DriverIRQHandler
                0x0000000000000262                RTC_Seconds_DriverIRQHandler
                0x0000000000000262                DMA6_DriverIRQHandler
                0x0000000000000262                LLWU_DriverIRQHandler
                0x0000000000000262                MCM_DriverIRQHandler
                0x0000000000000262                MCG_DriverIRQHandler
                0x0000000000000262                ENET_1588_Timer_DriverIRQHandler
                0x0000000000000262                I2C2_DriverIRQHandler
                0x0000000000000262                DAC1_DriverIRQHandler
                0x0000000000000262                CMP1_DriverIRQHandler
                0x0000000000000262                UART5_RX_TX_DriverIRQHandler
                0x0000000000000262                FTM0_DriverIRQHandler
                0x0000000000000262                IntDefaultHandler
                0x0000000000000262                USB0_DriverIRQHandler
                0x0000000000000262                UART5_ERR_DriverIRQHandler
                0x0000000000000262                PORTC_DriverIRQHandler
                0x0000000000000262                DMA11_DriverIRQHandler
                0x0000000000000262                DAC0_DriverIRQHandler
                0x0000000000000262                DMA10_DriverIRQHandler
                0x0000000000000262                CMP2_DriverIRQHandler
                0x0000000000000262                UART2_ERR_DriverIRQHandler
                0x0000000000000262                SPI2_DriverIRQHandler
                0x0000000000000262                LVD_LVW_DriverIRQHandler
                0x0000000000000262                PIT0_DriverIRQHandler
                0x0000000000000262                RNG_DriverIRQHandler
                0x0000000000000262                DMA5_DriverIRQHandler
                0x0000000000000262                DMA4_DriverIRQHandler
                0x0000000000000262                UART2_RX_TX_DriverIRQHandler
                0x0000000000000262                USBDCD_DriverIRQHandler
                0x0000000000000262                UART3_ERR_DriverIRQHandler
                0x0000000000000262                DMA3_DriverIRQHandler
                0x0000000000000262                DMA8_DriverIRQHandler
                0x0000000000000262                DMA9_DriverIRQHandler
                0x0000000000000262                UART0_ERR_DriverIRQHandler
                0x0000000000000262                CMT_DriverIRQHandler
                0x0000000000000262                Reserved71_DriverIRQHandler
                0x0000000000000262                ADC1_DriverIRQHandler
                0x0000000000000262                PORTA_DriverIRQHandler
                0x0000000000000262                DMA14_DriverIRQHandler
                0x0000000000000262                PIT3_DriverIRQHandler
                0x0000000000000262                PIT1_DriverIRQHandler
                0x0000000000000262                WDOG_EWM_DriverIRQHandler
                0x0000000000000262                PDB0_DriverIRQHandler
                0x0000000000000262                RTC_DriverIRQHandler
                0x0000000000000262                I2S0_Rx_DriverIRQHandler
                0x0000000000000262                Read_Collision_DriverIRQHandler
                0x0000000000000262                SWI_DriverIRQHandler
                0x0000000000000262                UART4_RX_TX_DriverIRQHandler
                0x0000000000000262                UART4_ERR_DriverIRQHandler
                0x0000000000000262                UART0_LON_DriverIRQHandler
                0x0000000000000262                DMA1_DriverIRQHandler
                0x0000000000000262                I2C1_DriverIRQHandler
                0x0000000000000262                UART3_RX_TX_DriverIRQHandler
                0x0000000000000262                ENET_Receive_DriverIRQHandler
                0x0000000000000262                DMA13_DriverIRQHandler
                0x0000000000000262                ENET_Error_DriverIRQHandler
                0x0000000000000262                DMA15_DriverIRQHandler
                0x0000000000000262                UART0_RX_TX_DriverIRQHandler
                0x0000000000000262                SPI0_DriverIRQHandler
                0x0000000000000262                ADC0_DriverIRQHandler
                0x0000000000000262                CMP0_DriverIRQHandler
                0x0000000000000262                CAN0_DriverIRQHandler
                0x0000000000000262                FTM3_DriverIRQHandler
                0x0000000000000262                UART1_ERR_DriverIRQHandler
                0x0000000000000262                DMA2_DriverIRQHandler
                0x0000000000000262                ENET_Transmit_DriverIRQHandler
                0x0000000000000262                PORTD_DriverIRQHandler
                0x0000000000000262                PORTE_DriverIRQHandler
                0x0000000000000262                FTFE_DriverIRQHandler
                0x0000000000000262                I2C0_DriverIRQHandler
                0x0000000000000262                DMA7_DriverIRQHandler
                0x0000000000000262                UART1_RX_TX_DriverIRQHandler
                0x0000000000000262                DMA0_DriverIRQHandler
                0x0000000000000262                PORTB_DriverIRQHandler
                0x0000000000000262                DMA12_DriverIRQHandler
                0x0000000000000262                SPI1_DriverIRQHandler
                0x0000000000000262                LPTMR0_DriverIRQHandler
                0x0000000000000262                DMA_Error_DriverIRQHandler
                0x0000000000000262                FTM1_DriverIRQHandler
                0x0000000000000262                FTM2_DriverIRQHandler
                0x0000000000000400                . = 0x400
 *fill*         0x0000000000000264      0x19c ff
                0x0000000000000400                PROVIDE (__FLASH_CONFIG_START__ = .)
 *(.FlashConfig)
 .FlashConfig   0x0000000000000400       0x10 ./SDK/startup/startup_mk64f12.o
                0x0000000000000400                Flash_Config
                0x0000000000000410                PROVIDE (__FLASH_CONFIG_END__ = .)
                0x0000000000000001                ASSERT (! ((__FLASH_CONFIG_START__ == __FLASH_CONFIG_END__)), Linker Flash Config Support Enabled, but no .FlashConfig section provided within application)
 *(.text*)
 .text.I2C_Read_FX_Reg
                0x0000000000000410       0x5a ./source/drv/accel.o
                0x0000000000000410                I2C_Read_FX_Reg
 .text.I2C_Write_FX_Reg
                0x000000000000046a       0x30 ./source/drv/accel.o
                0x000000000000046a                I2C_Write_FX_Reg
 *fill*         0x000000000000049a        0x2 ff
 .text.FX_Init  0x000000000000049c       0xec ./source/drv/accel.o
                0x000000000000049c                FX_Init
 .text.FX_Acc_Calibration
                0x0000000000000588      0x140 ./source/drv/accel.o
                0x0000000000000588                FX_Acc_Calibration
 .text.SetNextAccelEvent
                0x00000000000006c8       0x4c ./source/drv/accel.o
                0x00000000000006c8                SetNextAccelEvent
 .text.Accel    0x0000000000000714        0xc ./source/drv/accel.o
                0x0000000000000714                Accel
 .text.NVIC_EnableIRQ
                0x0000000000000720       0x34 ./source/drv/i2c.o
 .text.I2C_InitModule
                0x0000000000000754      0x114 ./source/drv/i2c.o
                0x0000000000000754                I2C_InitModule
 .text.I2C_InitObject
                0x0000000000000868      0x184 ./source/drv/i2c.o
                0x0000000000000868                I2C_InitObject
 .text.I2C_IRQHandler
                0x00000000000009ec      0x4d4 ./source/drv/i2c.o
                0x00000000000009ec                I2C_IRQHandler
 .text.SetBaudRate
                0x0000000000000ec0       0xbc ./source/drv/i2c.o
 .text.I2C_End  0x0000000000000f7c        0xc ./source/drv/i2c.o
                0x0000000000000f7c                I2C_End
 .text.I2C0_IRQHandler
                0x0000000000000f88       0x1e ./source/drv/i2c.o
                0x0000000000000f88                I2C0_IRQHandler
 .text.I2C1_IRQHandler
                0x0000000000000fa6        0xe ./source/drv/i2c.o
                0x0000000000000fa6                I2C1_IRQHandler
 .text.I2C2_IRQHandler
                0x0000000000000fb4        0xe ./source/drv/i2c.o
                0x0000000000000fb4                I2C2_IRQHandler
 .text.App_Init
                0x0000000000000fc2        0xe ./source/App.o
                0x0000000000000fc2                App_Init
 .text.App_Run  0x0000000000000fd0        0xc ./source/App.o
                0x0000000000000fd0                App_Run
 .text.hw_Init  0x0000000000000fdc       0xf4 ./SDK/startup/hardware.o
                0x0000000000000fdc                hw_Init
 .text.hw_EnableInterrupts
                0x00000000000010d0       0x30 ./SDK/startup/hardware.o
                0x00000000000010d0                hw_EnableInterrupts
 .text.hw_DisableInterrupts
                0x0000000000001100       0x20 ./SDK/startup/hardware.o
                0x0000000000001100                hw_DisableInterrupts
 .text.main     0x0000000000001120       0x1a ./SDK/startup/main.o
                0x0000000000001120                main
 .text.DMA0_IRQHandler
                0x000000000000113a        0x8 ./SDK/startup/startup_mk64f12.o
                0x000000000000113a                DMA0_IRQHandler
 .text.DMA1_IRQHandler
                0x0000000000001142        0x8 ./SDK/startup/startup_mk64f12.o
                0x0000000000001142                DMA1_IRQHandler
 .text.DMA2_IRQHandler
                0x000000000000114a        0x8 ./SDK/startup/startup_mk64f12.o
                0x000000000000114a                DMA2_IRQHandler
 .text.DMA3_IRQHandler
                0x0000000000001152        0x8 ./SDK/startup/startup_mk64f12.o
                0x0000000000001152                DMA3_IRQHandler
 .text.DMA4_IRQHandler
                0x000000000000115a        0x8 ./SDK/startup/startup_mk64f12.o
                0x000000000000115a                DMA4_IRQHandler
 .text.DMA5_IRQHandler
                0x0000000000001162        0x8 ./SDK/startup/startup_mk64f12.o
                0x0000000000001162                DMA5_IRQHandler
 .text.DMA6_IRQHandler
                0x000000000000116a        0x8 ./SDK/startup/startup_mk64f12.o
                0x000000000000116a                DMA6_IRQHandler
 .text.DMA7_IRQHandler
                0x0000000000001172        0x8 ./SDK/startup/startup_mk64f12.o
                0x0000000000001172                DMA7_IRQHandler
 .text.DMA8_IRQHandler
                0x000000000000117a        0x8 ./SDK/startup/startup_mk64f12.o
                0x000000000000117a                DMA8_IRQHandler
 .text.DMA9_IRQHandler
                0x0000000000001182        0x8 ./SDK/startup/startup_mk64f12.o
                0x0000000000001182                DMA9_IRQHandler
 .text.DMA10_IRQHandler
                0x000000000000118a        0x8 ./SDK/startup/startup_mk64f12.o
                0x000000000000118a                DMA10_IRQHandler
 .text.DMA11_IRQHandler
                0x0000000000001192        0x8 ./SDK/startup/startup_mk64f12.o
                0x0000000000001192                DMA11_IRQHandler
 .text.DMA12_IRQHandler
                0x000000000000119a        0x8 ./SDK/startup/startup_mk64f12.o
                0x000000000000119a                DMA12_IRQHandler
 .text.DMA13_IRQHandler
                0x00000000000011a2        0x8 ./SDK/startup/startup_mk64f12.o
                0x00000000000011a2                DMA13_IRQHandler
 .text.DMA14_IRQHandler
                0x00000000000011aa        0x8 ./SDK/startup/startup_mk64f12.o
                0x00000000000011aa                DMA14_IRQHandler
 .text.DMA15_IRQHandler
                0x00000000000011b2        0x8 ./SDK/startup/startup_mk64f12.o
                0x00000000000011b2                DMA15_IRQHandler
 .text.DMA_Error_IRQHandler
                0x00000000000011ba        0x8 ./SDK/startup/startup_mk64f12.o
                0x00000000000011ba                DMA_Error_IRQHandler
 .text.MCM_IRQHandler
                0x00000000000011c2        0x8 ./SDK/startup/startup_mk64f12.o
                0x00000000000011c2                MCM_IRQHandler
 .text.FTFE_IRQHandler
                0x00000000000011ca        0x8 ./SDK/startup/startup_mk64f12.o
                0x00000000000011ca                FTFE_IRQHandler
 .text.Read_Collision_IRQHandler
                0x00000000000011d2        0x8 ./SDK/startup/startup_mk64f12.o
                0x00000000000011d2                Read_Collision_IRQHandler
 .text.LVD_LVW_IRQHandler
                0x00000000000011da        0x8 ./SDK/startup/startup_mk64f12.o
                0x00000000000011da                LVD_LVW_IRQHandler
 .text.LLWU_IRQHandler
                0x00000000000011e2        0x8 ./SDK/startup/startup_mk64f12.o
                0x00000000000011e2                LLWU_IRQHandler
 .text.WDOG_EWM_IRQHandler
                0x00000000000011ea        0x8 ./SDK/startup/startup_mk64f12.o
                0x00000000000011ea                WDOG_EWM_IRQHandler
 .text.RNG_IRQHandler
                0x00000000000011f2        0x8 ./SDK/startup/startup_mk64f12.o
                0x00000000000011f2                RNG_IRQHandler
 .text.SPI0_IRQHandler
                0x00000000000011fa        0x8 ./SDK/startup/startup_mk64f12.o
                0x00000000000011fa                SPI0_IRQHandler
 .text.SPI1_IRQHandler
                0x0000000000001202        0x8 ./SDK/startup/startup_mk64f12.o
                0x0000000000001202                SPI1_IRQHandler
 .text.I2S0_Tx_IRQHandler
                0x000000000000120a        0x8 ./SDK/startup/startup_mk64f12.o
                0x000000000000120a                I2S0_Tx_IRQHandler
 .text.I2S0_Rx_IRQHandler
                0x0000000000001212        0x8 ./SDK/startup/startup_mk64f12.o
                0x0000000000001212                I2S0_Rx_IRQHandler
 .text.UART0_LON_IRQHandler
                0x000000000000121a        0x8 ./SDK/startup/startup_mk64f12.o
                0x000000000000121a                UART0_LON_IRQHandler
 .text.UART0_RX_TX_IRQHandler
                0x0000000000001222        0x8 ./SDK/startup/startup_mk64f12.o
                0x0000000000001222                UART0_RX_TX_IRQHandler
 .text.UART0_ERR_IRQHandler
                0x000000000000122a        0x8 ./SDK/startup/startup_mk64f12.o
                0x000000000000122a                UART0_ERR_IRQHandler
 .text.UART1_RX_TX_IRQHandler
                0x0000000000001232        0x8 ./SDK/startup/startup_mk64f12.o
                0x0000000000001232                UART1_RX_TX_IRQHandler
 .text.UART1_ERR_IRQHandler
                0x000000000000123a        0x8 ./SDK/startup/startup_mk64f12.o
                0x000000000000123a                UART1_ERR_IRQHandler
 .text.UART2_RX_TX_IRQHandler
                0x0000000000001242        0x8 ./SDK/startup/startup_mk64f12.o
                0x0000000000001242                UART2_RX_TX_IRQHandler
 .text.UART2_ERR_IRQHandler
                0x000000000000124a        0x8 ./SDK/startup/startup_mk64f12.o
                0x000000000000124a                UART2_ERR_IRQHandler
 .text.UART3_RX_TX_IRQHandler
                0x0000000000001252        0x8 ./SDK/startup/startup_mk64f12.o
                0x0000000000001252                UART3_RX_TX_IRQHandler
 .text.UART3_ERR_IRQHandler
                0x000000000000125a        0x8 ./SDK/startup/startup_mk64f12.o
                0x000000000000125a                UART3_ERR_IRQHandler
 .text.ADC0_IRQHandler
                0x0000000000001262        0x8 ./SDK/startup/startup_mk64f12.o
                0x0000000000001262                ADC0_IRQHandler
 .text.CMP0_IRQHandler
                0x000000000000126a        0x8 ./SDK/startup/startup_mk64f12.o
                0x000000000000126a                CMP0_IRQHandler
 .text.CMP1_IRQHandler
                0x0000000000001272        0x8 ./SDK/startup/startup_mk64f12.o
                0x0000000000001272                CMP1_IRQHandler
 .text.FTM0_IRQHandler
                0x000000000000127a        0x8 ./SDK/startup/startup_mk64f12.o
                0x000000000000127a                FTM0_IRQHandler
 .text.FTM1_IRQHandler
                0x0000000000001282        0x8 ./SDK/startup/startup_mk64f12.o
                0x0000000000001282                FTM1_IRQHandler
 .text.FTM2_IRQHandler
                0x000000000000128a        0x8 ./SDK/startup/startup_mk64f12.o
                0x000000000000128a                FTM2_IRQHandler
 .text.CMT_IRQHandler
                0x0000000000001292        0x8 ./SDK/startup/startup_mk64f12.o
                0x0000000000001292                CMT_IRQHandler
 .text.RTC_IRQHandler
                0x000000000000129a        0x8 ./SDK/startup/startup_mk64f12.o
                0x000000000000129a                RTC_IRQHandler
 .text.RTC_Seconds_IRQHandler
                0x00000000000012a2        0x8 ./SDK/startup/startup_mk64f12.o
                0x00000000000012a2                RTC_Seconds_IRQHandler
 .text.PIT0_IRQHandler
                0x00000000000012aa        0x8 ./SDK/startup/startup_mk64f12.o
                0x00000000000012aa                PIT0_IRQHandler
 .text.PIT1_IRQHandler
                0x00000000000012b2        0x8 ./SDK/startup/startup_mk64f12.o
                0x00000000000012b2                PIT1_IRQHandler
 .text.PIT2_IRQHandler
                0x00000000000012ba        0x8 ./SDK/startup/startup_mk64f12.o
                0x00000000000012ba                PIT2_IRQHandler
 .text.PIT3_IRQHandler
                0x00000000000012c2        0x8 ./SDK/startup/startup_mk64f12.o
                0x00000000000012c2                PIT3_IRQHandler
 .text.PDB0_IRQHandler
                0x00000000000012ca        0x8 ./SDK/startup/startup_mk64f12.o
                0x00000000000012ca                PDB0_IRQHandler
 .text.USB0_IRQHandler
                0x00000000000012d2        0x8 ./SDK/startup/startup_mk64f12.o
                0x00000000000012d2                USB0_IRQHandler
 .text.USBDCD_IRQHandler
                0x00000000000012da        0x8 ./SDK/startup/startup_mk64f12.o
                0x00000000000012da                USBDCD_IRQHandler
 .text.Reserved71_IRQHandler
                0x00000000000012e2        0x8 ./SDK/startup/startup_mk64f12.o
                0x00000000000012e2                Reserved71_IRQHandler
 .text.DAC0_IRQHandler
                0x00000000000012ea        0x8 ./SDK/startup/startup_mk64f12.o
                0x00000000000012ea                DAC0_IRQHandler
 .text.MCG_IRQHandler
                0x00000000000012f2        0x8 ./SDK/startup/startup_mk64f12.o
                0x00000000000012f2                MCG_IRQHandler
 .text.LPTMR0_IRQHandler
                0x00000000000012fa        0x8 ./SDK/startup/startup_mk64f12.o
                0x00000000000012fa                LPTMR0_IRQHandler
 .text.PORTA_IRQHandler
                0x0000000000001302        0x8 ./SDK/startup/startup_mk64f12.o
                0x0000000000001302                PORTA_IRQHandler
 .text.PORTB_IRQHandler
                0x000000000000130a        0x8 ./SDK/startup/startup_mk64f12.o
                0x000000000000130a                PORTB_IRQHandler
 .text.PORTC_IRQHandler
                0x0000000000001312        0x8 ./SDK/startup/startup_mk64f12.o
                0x0000000000001312                PORTC_IRQHandler
 .text.PORTD_IRQHandler
                0x000000000000131a        0x8 ./SDK/startup/startup_mk64f12.o
                0x000000000000131a                PORTD_IRQHandler
 .text.PORTE_IRQHandler
                0x0000000000001322        0x8 ./SDK/startup/startup_mk64f12.o
                0x0000000000001322                PORTE_IRQHandler
 .text.SWI_IRQHandler
                0x000000000000132a        0x8 ./SDK/startup/startup_mk64f12.o
                0x000000000000132a                SWI_IRQHandler
 .text.SPI2_IRQHandler
                0x0000000000001332        0x8 ./SDK/startup/startup_mk64f12.o
                0x0000000000001332                SPI2_IRQHandler
 .text.UART4_RX_TX_IRQHandler
                0x000000000000133a        0x8 ./SDK/startup/startup_mk64f12.o
                0x000000000000133a                UART4_RX_TX_IRQHandler
 .text.UART4_ERR_IRQHandler
                0x0000000000001342        0x8 ./SDK/startup/startup_mk64f12.o
                0x0000000000001342                UART4_ERR_IRQHandler
 .text.UART5_RX_TX_IRQHandler
                0x000000000000134a        0x8 ./SDK/startup/startup_mk64f12.o
                0x000000000000134a                UART5_RX_TX_IRQHandler
 .text.UART5_ERR_IRQHandler
                0x0000000000001352        0x8 ./SDK/startup/startup_mk64f12.o
                0x0000000000001352                UART5_ERR_IRQHandler
 .text.CMP2_IRQHandler
                0x000000000000135a        0x8 ./SDK/startup/startup_mk64f12.o
                0x000000000000135a                CMP2_IRQHandler
 .text.FTM3_IRQHandler
                0x0000000000001362        0x8 ./SDK/startup/startup_mk64f12.o
                0x0000000000001362                FTM3_IRQHandler
 .text.DAC1_IRQHandler
                0x000000000000136a        0x8 ./SDK/startup/startup_mk64f12.o
                0x000000000000136a                DAC1_IRQHandler
 .text.ADC1_IRQHandler
                0x0000000000001372        0x8 ./SDK/startup/startup_mk64f12.o
                0x0000000000001372                ADC1_IRQHandler
 .text.CAN0_ORed_Message_buffer_IRQHandler
                0x000000000000137a        0x8 ./SDK/startup/startup_mk64f12.o
                0x000000000000137a                CAN0_ORed_Message_buffer_IRQHandler
 .text.CAN0_Bus_Off_IRQHandler
                0x0000000000001382        0x8 ./SDK/startup/startup_mk64f12.o
                0x0000000000001382                CAN0_Bus_Off_IRQHandler
 .text.CAN0_Error_IRQHandler
                0x000000000000138a        0x8 ./SDK/startup/startup_mk64f12.o
                0x000000000000138a                CAN0_Error_IRQHandler
 .text.CAN0_Tx_Warning_IRQHandler
                0x0000000000001392        0x8 ./SDK/startup/startup_mk64f12.o
                0x0000000000001392                CAN0_Tx_Warning_IRQHandler
 .text.CAN0_Rx_Warning_IRQHandler
                0x000000000000139a        0x8 ./SDK/startup/startup_mk64f12.o
                0x000000000000139a                CAN0_Rx_Warning_IRQHandler
 .text.CAN0_Wake_Up_IRQHandler
                0x00000000000013a2        0x8 ./SDK/startup/startup_mk64f12.o
                0x00000000000013a2                CAN0_Wake_Up_IRQHandler
 .text.SDHC_IRQHandler
                0x00000000000013aa        0x8 ./SDK/startup/startup_mk64f12.o
                0x00000000000013aa                SDHC_IRQHandler
 .text.ENET_1588_Timer_IRQHandler
                0x00000000000013b2        0x8 ./SDK/startup/startup_mk64f12.o
                0x00000000000013b2                ENET_1588_Timer_IRQHandler
 .text.ENET_Transmit_IRQHandler
                0x00000000000013ba        0x8 ./SDK/startup/startup_mk64f12.o
                0x00000000000013ba                ENET_Transmit_IRQHandler
 .text.ENET_Receive_IRQHandler
                0x00000000000013c2        0x8 ./SDK/startup/startup_mk64f12.o
                0x00000000000013c2                ENET_Receive_IRQHandler
 .text.ENET_Error_IRQHandler
                0x00000000000013ca        0x8 ./SDK/startup/startup_mk64f12.o
                0x00000000000013ca                ENET_Error_IRQHandler
 *fill*         0x00000000000013d2        0x2 ff
 .text.SystemInit
                0x00000000000013d4       0x40 ./SDK/CMSIS/system_MK64F12.o
                0x00000000000013d4                SystemInit
 .text.__main   0x0000000000001414        0xe /Applications/MCUXpressoIDE_11.8.0_1165/ide/plugins/com.nxp.mcuxpresso.tools.macosx_11.8.0.202306131047/tools/bin/../lib/gcc/arm-none-eabi/12.2.1/../../../../arm-none-eabi/lib/thumb/v7e-m+fp/hard/libcr_nohost_nf.a(_cr__main.o)
                0x0000000000001414                __main
 *fill*         0x0000000000001422        0x2 ff
 .text._initio  0x0000000000001424       0x78 /Applications/MCUXpressoIDE_11.8.0_1165/ide/plugins/com.nxp.mcuxpresso.tools.macosx_11.8.0.202306131047/tools/bin/../lib/gcc/arm-none-eabi/12.2.1/../../../../arm-none-eabi/lib/thumb/v7e-m+fp/hard/libcr_c.a(initio.o)
                0x0000000000001424                _initio
 .text.setvbuf  0x000000000000149c       0x3e /Applications/MCUXpressoIDE_11.8.0_1165/ide/plugins/com.nxp.mcuxpresso.tools.macosx_11.8.0.202306131047/tools/bin/../lib/gcc/arm-none-eabi/12.2.1/../../../../arm-none-eabi/lib/thumb/v7e-m+fp/hard/libcr_c.a(setvbuf.o)
                0x000000000000149c                setvbuf
 .text._fdopen  0x00000000000014da       0x68 /Applications/MCUXpressoIDE_11.8.0_1165/ide/plugins/com.nxp.mcuxpresso.tools.macosx_11.8.0.202306131047/tools/bin/../lib/gcc/arm-none-eabi/12.2.1/../../../../arm-none-eabi/lib/thumb/v7e-m+fp/hard/libcr_c.a(_fdopen.o)
                0x00000000000014da                _fdopen
 .text.fclose   0x0000000000001542       0x58 /Applications/MCUXpressoIDE_11.8.0_1165/ide/plugins/com.nxp.mcuxpresso.tools.macosx_11.8.0.202306131047/tools/bin/../lib/gcc/arm-none-eabi/12.2.1/../../../../arm-none-eabi/lib/thumb/v7e-m+fp/hard/libcr_c.a(fclose.o)
                0x0000000000001542                fclose
 *fill*         0x000000000000159a        0x2 ff
 .text.fflush   0x000000000000159c       0x3c /Applications/MCUXpressoIDE_11.8.0_1165/ide/plugins/com.nxp.mcuxpresso.tools.macosx_11.8.0.202306131047/tools/bin/../lib/gcc/arm-none-eabi/12.2.1/../../../../arm-none-eabi/lib/thumb/v7e-m+fp/hard/libcr_c.a(fflush.o)
                0x000000000000159c                fflush
 .text.fseek    0x00000000000015d8       0xf8 /Applications/MCUXpressoIDE_11.8.0_1165/ide/plugins/com.nxp.mcuxpresso.tools.macosx_11.8.0.202306131047/tools/bin/../lib/gcc/arm-none-eabi/12.2.1/../../../../arm-none-eabi/lib/thumb/v7e-m+fp/hard/libcr_c.a(fseek.o)
                0x00000000000015d8                fseek
 .text.ftell    0x00000000000016d0       0x44 /Applications/MCUXpressoIDE_11.8.0_1165/ide/plugins/com.nxp.mcuxpresso.tools.macosx_11.8.0.202306131047/tools/bin/../lib/gcc/arm-none-eabi/12.2.1/../../../../arm-none-eabi/lib/thumb/v7e-m+fp/hard/libcr_c.a(ftell.o)
                0x00000000000016d0                ftell
 .text.remove   0x0000000000001714       0x14 /Applications/MCUXpressoIDE_11.8.0_1165/ide/plugins/com.nxp.mcuxpresso.tools.macosx_11.8.0.202306131047/tools/bin/../lib/gcc/arm-none-eabi/12.2.1/../../../../arm-none-eabi/lib/thumb/v7e-m+fp/hard/libcr_c.a(remove.o)
                0x0000000000001714                remove
 .text.strlen   0x0000000000001728       0x4e /Applications/MCUXpressoIDE_11.8.0_1165/ide/plugins/com.nxp.mcuxpresso.tools.macosx_11.8.0.202306131047/tools/bin/../lib/gcc/arm-none-eabi/12.2.1/../../../../arm-none-eabi/lib/thumb/v7e-m+fp/hard/libcr_c.a(strlen.o)
                0x0000000000001728                strlen
 .text.memset   0x0000000000001776        0x4 /Applications/MCUXpressoIDE_11.8.0_1165/ide/plugins/com.nxp.mcuxpresso.tools.macosx_11.8.0.202306131047/tools/bin/../lib/gcc/arm-none-eabi/12.2.1/../../../../arm-none-eabi/lib/thumb/v7e-m+fp/hard/libcr_c.a(memset.o)
                0x0000000000001776                memset
 .text._do_fflush
                0x000000000000177a       0x40 /Applications/MCUXpressoIDE_11.8.0_1165/ide/plugins/com.nxp.mcuxpresso.tools.macosx_11.8.0.202306131047/tools/bin/../lib/gcc/arm-none-eabi/12.2.1/../../../../arm-none-eabi/lib/thumb/v7e-m+fp/hard/libcr_c.a(_do_fflush.o)
                0x000000000000177a                _do_fflush
 .text._fflush  0x00000000000017ba       0x52 /Applications/MCUXpressoIDE_11.8.0_1165/ide/plugins/com.nxp.mcuxpresso.tools.macosx_11.8.0.202306131047/tools/bin/../lib/gcc/arm-none-eabi/12.2.1/../../../../arm-none-eabi/lib/thumb/v7e-m+fp/hard/libcr_c.a(_fflush.o)
                0x00000000000017ba                _fflush
 .text._Cwritebuf
                0x000000000000180c       0x6c /Applications/MCUXpressoIDE_11.8.0_1165/ide/plugins/com.nxp.mcuxpresso.tools.macosx_11.8.0.202306131047/tools/bin/../lib/gcc/arm-none-eabi/12.2.1/../../../../arm-none-eabi/lib/thumb/v7e-m+fp/hard/libcr_c.a(_writebuf.o)
                0x000000000000180c                _Cwritebuf
 .text.free     0x0000000000001878       0x30 /Applications/MCUXpressoIDE_11.8.0_1165/ide/plugins/com.nxp.mcuxpresso.tools.macosx_11.8.0.202306131047/tools/bin/../lib/gcc/arm-none-eabi/12.2.1/../../../../arm-none-eabi/lib/thumb/v7e-m+fp/hard/libcr_c.a(alloc.o)
                0x0000000000001878                free
 .text._deferredlazyseek
                0x00000000000018a8       0x40 /Applications/MCUXpressoIDE_11.8.0_1165/ide/plugins/com.nxp.mcuxpresso.tools.macosx_11.8.0.202306131047/tools/bin/../lib/gcc/arm-none-eabi/12.2.1/../../../../arm-none-eabi/lib/thumb/v7e-m+fp/hard/libcr_c.a(_deferredlazyseek.o)
                0x00000000000018a8                _deferredlazyseek
 .text.__aeabi_memset_lowlevel
                0x00000000000018e8       0x32 /Applications/MCUXpressoIDE_11.8.0_1165/ide/plugins/com.nxp.mcuxpresso.tools.macosx_11.8.0.202306131047/tools/bin/../lib/gcc/arm-none-eabi/12.2.1/thumb/v7e-m+fp/hard/libcr_eabihelpers.a(memcpy.o)
                0x00000000000018e8                __aeabi_lowlevel_memset
 .text.__sys_close
                0x000000000000191a        0x6 /Applications/MCUXpressoIDE_11.8.0_1165/ide/plugins/com.nxp.mcuxpresso.tools.macosx_11.8.0.202306131047/tools/bin/../lib/gcc/arm-none-eabi/12.2.1/../../../../arm-none-eabi/lib/thumb/v7e-m+fp/hard/libcr_nohost_nf.a(__sys_close.o)
                0x000000000000191a                __sys_close
 .text.__sys_flen
                0x0000000000001920        0x6 /Applications/MCUXpressoIDE_11.8.0_1165/ide/plugins/com.nxp.mcuxpresso.tools.macosx_11.8.0.202306131047/tools/bin/../lib/gcc/arm-none-eabi/12.2.1/../../../../arm-none-eabi/lib/thumb/v7e-m+fp/hard/libcr_nohost_nf.a(__sys_flen.o)
                0x0000000000001920                __sys_flen
 .text.__sys_istty
                0x0000000000001926        0x6 /Applications/MCUXpressoIDE_11.8.0_1165/ide/plugins/com.nxp.mcuxpresso.tools.macosx_11.8.0.202306131047/tools/bin/../lib/gcc/arm-none-eabi/12.2.1/../../../../arm-none-eabi/lib/thumb/v7e-m+fp/hard/libcr_nohost_nf.a(__sys_istty.o)
                0x0000000000001926                __sys_istty
 .text.__sys_remove
                0x000000000000192c        0x6 /Applications/MCUXpressoIDE_11.8.0_1165/ide/plugins/com.nxp.mcuxpresso.tools.macosx_11.8.0.202306131047/tools/bin/../lib/gcc/arm-none-eabi/12.2.1/../../../../arm-none-eabi/lib/thumb/v7e-m+fp/hard/libcr_nohost_nf.a(__sys_remove.o)
                0x000000000000192c                __sys_remove
 .text.__sys_seek
                0x0000000000001932        0x6 /Applications/MCUXpressoIDE_11.8.0_1165/ide/plugins/com.nxp.mcuxpresso.tools.macosx_11.8.0.202306131047/tools/bin/../lib/gcc/arm-none-eabi/12.2.1/../../../../arm-none-eabi/lib/thumb/v7e-m+fp/hard/libcr_nohost_nf.a(__sys_seek.o)
                0x0000000000001932                __sys_seek
 .text.__sys_tmpnam
                0x0000000000001938        0x6 /Applications/MCUXpressoIDE_11.8.0_1165/ide/plugins/com.nxp.mcuxpresso.tools.macosx_11.8.0.202306131047/tools/bin/../lib/gcc/arm-none-eabi/12.2.1/../../../../arm-none-eabi/lib/thumb/v7e-m+fp/hard/libcr_nohost_nf.a(__sys_tmpnam.o)
                0x0000000000001938                __sys_tmpnam
 .text.__sys_write
                0x000000000000193e        0x4 /Applications/MCUXpressoIDE_11.8.0_1165/ide/plugins/com.nxp.mcuxpresso.tools.macosx_11.8.0.202306131047/tools/bin/../lib/gcc/arm-none-eabi/12.2.1/../../../../arm-none-eabi/lib/thumb/v7e-m+fp/hard/libcr_nohost_nf.a(__sys_write.o)
                0x000000000000193e                __sys_write
 *(.rodata .rodata.* .constdata .constdata.*)
 *fill*         0x0000000000001942        0x2 ff
 .rodata        0x0000000000001944        0x3 ./source/drv/i2c.o
 .rodata._initio.str1.1
                0x0000000000001947        0x4 /Applications/MCUXpressoIDE_11.8.0_1165/ide/plugins/com.nxp.mcuxpresso.tools.macosx_11.8.0.202306131047/tools/bin/../lib/gcc/arm-none-eabi/12.2.1/../../../../arm-none-eabi/lib/thumb/v7e-m+fp/hard/libcr_c.a(initio.o)
 *fill*         0x000000000000194b        0x1 ff
 .rodata.__num_Ciob_streams
                0x000000000000194c        0x4 /Applications/MCUXpressoIDE_11.8.0_1165/ide/plugins/com.nxp.mcuxpresso.tools.macosx_11.8.0.202306131047/tools/bin/../lib/gcc/arm-none-eabi/12.2.1/../../../../arm-none-eabi/lib/thumb/v7e-m+fp/hard/libcr_nohost_nf.a(__ciob.o)
                0x000000000000194c                __num_Ciob_streams
                0x0000000000001950                . = ALIGN (0x8)

.glue_7         0x0000000000001950        0x0
 .glue_7        0x0000000000001950        0x0 linker stubs

.glue_7t        0x0000000000001950        0x0
 .glue_7t       0x0000000000001950        0x0 linker stubs

.vfp11_veneer   0x0000000000001950        0x0
 .vfp11_veneer  0x0000000000001950        0x0 linker stubs

.v4_bx          0x0000000000001950        0x0
 .v4_bx         0x0000000000001950        0x0 linker stubs

.iplt           0x0000000000001950        0x0
 .iplt          0x0000000000001950        0x0 ./source/drv/accel.o

.rel.dyn        0x0000000000001950        0x0
 .rel.iplt      0x0000000000001950        0x0 ./source/drv/accel.o

.ARM.extab
 *(.ARM.extab* .gnu.linkonce.armextab.*)

.ARM.exidx      0x0000000000001950        0x0
                0x0000000000001950                __exidx_start = .
 *(.ARM.exidx* .gnu.linkonce.armexidx.*)
                0x0000000000001950                __exidx_end = .
                0x0000000000001950                _etext = .

.m_usb_data
 *(m_usb_bdt)

.data_RAM2      0x000000001fff0000        0x0 load address 0x0000000000001950
 FILL mask 0xff
                [!provide]                        PROVIDE (__start_data_RAM2 = .)
                [!provide]                        PROVIDE (__start_data_SRAM_LOWER = .)
 *(.ramfunc.$RAM2)
 *(.ramfunc.$SRAM_LOWER)
 *(.data.$RAM2)
 *(.data.$SRAM_LOWER)
 *(.data.$RAM2.*)
 *(.data.$SRAM_LOWER.*)
                0x000000001fff0000                . = ALIGN (0x8)
                [!provide]                        PROVIDE (__end_data_RAM2 = .)
                [!provide]                        PROVIDE (__end_data_SRAM_LOWER = .)

.data_RAM3      0x0000000014000000        0x0 load address 0x0000000000001950
 FILL mask 0xff
                [!provide]                        PROVIDE (__start_data_RAM3 = .)
                [!provide]                        PROVIDE (__start_data_FLEX_RAM = .)
 *(.ramfunc.$RAM3)
 *(.ramfunc.$FLEX_RAM)
 *(.data.$RAM3)
 *(.data.$FLEX_RAM)
 *(.data.$RAM3.*)
 *(.data.$FLEX_RAM.*)
                0x0000000014000000                . = ALIGN (0x8)
                [!provide]                        PROVIDE (__end_data_RAM3 = .)
                [!provide]                        PROVIDE (__end_data_FLEX_RAM = .)

.uninit_RESERVED
                0x0000000020000000        0x0
                0x0000000020000000                _start_uninit_RESERVED = .
 *(.bss.$RESERVED*)
                0x0000000020000000                . = ALIGN (0x8)
                0x0000000020000000                _end_uninit_RESERVED = .

.data           0x0000000020000000      0x110 load address 0x0000000000001950
 FILL mask 0xff
                0x0000000020000000                _data = .
                [!provide]                        PROVIDE (__start_data_RAM = .)
                [!provide]                        PROVIDE (__start_data_SRAM_UPPER = .)
 *(vtable)
 *(.ramfunc*)
 *(CodeQuickAccess)
 *(DataQuickAccess)
 *(RamFunction)
 *(.data*)
 .data.noActiveEvent
                0x0000000020000000        0x1 ./source/drv/accel.o
                0x0000000020000000                noActiveEvent
 *fill*         0x0000000020000001        0x3 ff
 .data.I2C_array
                0x0000000020000004        0xc ./source/drv/i2c.o
                0x0000000020000004                I2C_array
 .data.ICR2SCLDivider
                0x0000000020000010      0x100 ./source/drv/i2c.o
                0x0000000020000110                . = ALIGN (0x8)
                0x0000000020000110                _edata = .
                [!provide]                        PROVIDE (__end_data_RAM = .)
                [!provide]                        PROVIDE (__end_data_SRAM_UPPER = .)

.igot.plt       0x0000000020000110        0x0 load address 0x0000000000001a60
 .igot.plt      0x0000000020000110        0x0 ./source/drv/accel.o

.bss_RAM2       0x000000001fff0000        0x0
                [!provide]                        PROVIDE (__start_bss_RAM2 = .)
                [!provide]                        PROVIDE (__start_bss_SRAM_LOWER = .)
 *(.bss.$RAM2)
 *(.bss.$SRAM_LOWER)
 *(.bss.$RAM2.*)
 *(.bss.$SRAM_LOWER.*)
                0x000000001fff0000                . = ALIGN ((. != 0x0)?0x8:0x1)
                [!provide]                        PROVIDE (__end_bss_RAM2 = .)
                [!provide]                        PROVIDE (__end_bss_SRAM_LOWER = .)

.bss_RAM3       0x0000000014000000        0x0
                [!provide]                        PROVIDE (__start_bss_RAM3 = .)
                [!provide]                        PROVIDE (__start_bss_FLEX_RAM = .)
 *(.bss.$RAM3)
 *(.bss.$FLEX_RAM)
 *(.bss.$RAM3.*)
 *(.bss.$FLEX_RAM.*)
                0x0000000014000000                . = ALIGN ((. != 0x0)?0x8:0x1)
                [!provide]                        PROVIDE (__end_bss_RAM3 = .)
                [!provide]                        PROVIDE (__end_bss_FLEX_RAM = .)

.bss            0x0000000020000110      0x130
                0x0000000020000110                _bss = .
                [!provide]                        PROVIDE (__start_bss_RAM = .)
                [!provide]                        PROVIDE (__start_bss_SRAM_UPPER = .)
 *(.bss*)
 .bss.Acc_Data  0x0000000020000110        0xc ./source/drv/accel.o
                0x0000000020000110                Acc_Data
 .bss.EventIndex
                0x000000002000011c        0x1 ./source/drv/accel.o
                0x000000002000011c                EventIndex
 .bss.FX_Stage  0x000000002000011d        0x1 ./source/drv/accel.o
                0x000000002000011d                FX_Stage
 *fill*         0x000000002000011e        0x2 
 .bss.data.3    0x0000000020000120        0x1 ./source/drv/accel.o
 *fill*         0x0000000020000121        0x3 
 .bss.I2C_Objects
                0x0000000020000124       0x60 ./source/drv/i2c.o
                0x0000000020000124                I2C_Objects
 .bss.__LDM_interruptDisableCount
                0x0000000020000184        0x4 ./SDK/startup/hardware.o
 .bss.errno     0x0000000020000188        0x4 /Applications/MCUXpressoIDE_11.8.0_1165/ide/plugins/com.nxp.mcuxpresso.tools.macosx_11.8.0.202306131047/tools/bin/../lib/gcc/arm-none-eabi/12.2.1/../../../../arm-none-eabi/lib/thumb/v7e-m+fp/hard/libcr_c.a(errno.o)
                0x0000000020000188                errno
 .bss.__Ciob    0x000000002000018c       0xb4 /Applications/MCUXpressoIDE_11.8.0_1165/ide/plugins/com.nxp.mcuxpresso.tools.macosx_11.8.0.202306131047/tools/bin/../lib/gcc/arm-none-eabi/12.2.1/../../../../arm-none-eabi/lib/thumb/v7e-m+fp/hard/libcr_nohost_nf.a(__ciob.o)
                0x000000002000018c                __Ciob
 *(COMMON)
                0x0000000020000240                . = ALIGN (0x8)
                0x0000000020000240                _ebss = .
                [!provide]                        PROVIDE (__end_bss_RAM = .)
                [!provide]                        PROVIDE (__end_bss_SRAM_UPPER = .)
                [!provide]                        PROVIDE (end = .)

.noinit_RAM2    0x000000001fff0000        0x0
                [!provide]                        PROVIDE (__start_noinit_RAM2 = .)
                [!provide]                        PROVIDE (__start_noinit_SRAM_LOWER = .)
 *(.noinit.$RAM2)
 *(.noinit.$SRAM_LOWER)
 *(.noinit.$RAM2.*)
 *(.noinit.$SRAM_LOWER.*)
                0x000000001fff0000                . = ALIGN (0x8)
                [!provide]                        PROVIDE (__end_noinit_RAM2 = .)
                [!provide]                        PROVIDE (__end_noinit_SRAM_LOWER = .)

.noinit_RAM3    0x0000000014000000        0x0
                [!provide]                        PROVIDE (__start_noinit_RAM3 = .)
                [!provide]                        PROVIDE (__start_noinit_FLEX_RAM = .)
 *(.noinit.$RAM3)
 *(.noinit.$FLEX_RAM)
 *(.noinit.$RAM3.*)
 *(.noinit.$FLEX_RAM.*)
                0x0000000014000000                . = ALIGN (0x8)
                [!provide]                        PROVIDE (__end_noinit_RAM3 = .)
                [!provide]                        PROVIDE (__end_noinit_FLEX_RAM = .)

.noinit         0x0000000020000240        0x0
                0x0000000020000240                _noinit = .
                [!provide]                        PROVIDE (__start_noinit_RAM = .)
                [!provide]                        PROVIDE (__start_noinit_SRAM_UPPER = .)
 *(.noinit*)
                0x0000000020000240                . = ALIGN (0x8)
                0x0000000020000240                _end_noinit = .
                [!provide]                        PROVIDE (__end_noinit_RAM = .)
                [!provide]                        PROVIDE (__end_noinit_SRAM_UPPER = .)
                0x0000000000001000                _HeapSize = 0x1000

.heap           0x0000000020000240     0x1000
                0x0000000020000240                _pvHeapStart = .
                0x0000000020001240                . = (. + _HeapSize)
 *fill*         0x0000000020000240     0x1000 
                0x0000000020001240                . = ALIGN (0x8)
                0x0000000020001240                _pvHeapLimit = .
                0x0000000000001000                _StackSize = 0x1000

.heap2stackfill
                0x0000000020001240     0x1000
                0x0000000020002240                . = (. + _StackSize)
 *fill*         0x0000000020001240     0x1000 

.stack          0x000000002002f000        0x0
                0x000000002002f000                _vStackBase = .
                0x000000002002f000                . = ALIGN (0x8)
                0x0000000020030000                _vStackTop = (. + _StackSize)
                0x0000000000000000                _image_start = LOADADDR (.text)
                0x0000000000001a60                _image_end = (LOADADDR (.data) + SIZEOF (.data))
                0x0000000000001a60                _image_size = (_image_end - _image_start)
OUTPUT(I2C.axf elf32-littlearm)
LOAD linker stubs

.debug_info     0x0000000000000000     0x2b9a
 .debug_info    0x0000000000000000      0x4a7 ./source/drv/accel.o
 .debug_info    0x00000000000004a7      0xc39 ./source/drv/i2c.o
 .debug_info    0x00000000000010e0      0x11b ./source/App.o
 .debug_info    0x00000000000011fb      0x682 ./SDK/startup/hardware.o
 .debug_info    0x000000000000187d       0xaa ./SDK/startup/main.o
 .debug_info    0x0000000000001927      0xc6f ./SDK/startup/startup_mk64f12.o
 .debug_info    0x0000000000002596      0x604 ./SDK/CMSIS/system_MK64F12.o

.debug_abbrev   0x0000000000000000      0x98e
 .debug_abbrev  0x0000000000000000      0x1c3 ./source/drv/accel.o
 .debug_abbrev  0x00000000000001c3      0x2aa ./source/drv/i2c.o
 .debug_abbrev  0x000000000000046d       0xe2 ./source/App.o
 .debug_abbrev  0x000000000000054f      0x135 ./SDK/startup/hardware.o
 .debug_abbrev  0x0000000000000684       0x5b ./SDK/startup/main.o
 .debug_abbrev  0x00000000000006df      0x17e ./SDK/startup/startup_mk64f12.o
 .debug_abbrev  0x000000000000085d      0x131 ./SDK/CMSIS/system_MK64F12.o

.debug_aranges  0x0000000000000000      0x480
 .debug_aranges
                0x0000000000000000       0x50 ./source/drv/accel.o
 .debug_aranges
                0x0000000000000050       0x60 ./source/drv/i2c.o
 .debug_aranges
                0x00000000000000b0       0x28 ./source/App.o
 .debug_aranges
                0x00000000000000d8       0x30 ./SDK/startup/hardware.o
 .debug_aranges
                0x0000000000000108       0x20 ./SDK/startup/main.o
 .debug_aranges
                0x0000000000000128      0x330 ./SDK/startup/startup_mk64f12.o
 .debug_aranges
                0x0000000000000458       0x28 ./SDK/CMSIS/system_MK64F12.o

.debug_rnglists
                0x0000000000000000      0x346
 .debug_rnglists
                0x0000000000000000       0x3a ./source/drv/accel.o
 .debug_rnglists
                0x000000000000003a       0x47 ./source/drv/i2c.o
 .debug_rnglists
                0x0000000000000081       0x19 ./source/App.o
 .debug_rnglists
                0x000000000000009a       0x20 ./SDK/startup/hardware.o
 .debug_rnglists
                0x00000000000000ba       0x13 ./SDK/startup/main.o
 .debug_rnglists
                0x00000000000000cd      0x25f ./SDK/startup/startup_mk64f12.o
 .debug_rnglists
                0x000000000000032c       0x1a ./SDK/CMSIS/system_MK64F12.o

.debug_macro    0x0000000000000000    0x11d15
 .debug_macro   0x0000000000000000       0x6d ./source/drv/accel.o
 .debug_macro   0x000000000000006d      0xad8 ./source/drv/accel.o
 .debug_macro   0x0000000000000b45       0x10 ./source/drv/accel.o
 .debug_macro   0x0000000000000b55      0x12e ./source/drv/accel.o
 .debug_macro   0x0000000000000c83      0x5b3 ./source/drv/accel.o
 .debug_macro   0x0000000000001236       0x16 ./source/drv/accel.o
 .debug_macro   0x000000000000124c      0x2f5 ./source/drv/accel.o
 .debug_macro   0x0000000000001541       0x22 ./source/drv/accel.o
 .debug_macro   0x0000000000001563      0x1b4 ./source/drv/i2c.o
 .debug_macro   0x0000000000001717       0x5b ./source/drv/i2c.o
 .debug_macro   0x0000000000001772       0x3b ./source/drv/i2c.o
 .debug_macro   0x00000000000017ad       0x50 ./source/drv/i2c.o
 .debug_macro   0x00000000000017fd      0xd40 ./source/drv/i2c.o
 .debug_macro   0x000000000000253d       0x44 ./source/drv/i2c.o
 .debug_macro   0x0000000000002581     0xe07b ./source/drv/i2c.o
 .debug_macro   0x00000000000105fc       0x3a ./source/drv/i2c.o
 .debug_macro   0x0000000000010636       0x40 ./source/drv/i2c.o
 .debug_macro   0x0000000000010676       0x10 ./source/drv/i2c.o
 .debug_macro   0x0000000000010686     0x13c7 ./source/drv/i2c.o
 .debug_macro   0x0000000000011a4d       0x16 ./source/drv/i2c.o
 .debug_macro   0x0000000000011a63       0x58 ./source/App.o
 .debug_macro   0x0000000000011abb       0x1c ./source/App.o
 .debug_macro   0x0000000000011ad7       0xbb ./SDK/startup/hardware.o
 .debug_macro   0x0000000000011b92       0xbb ./SDK/startup/main.o
 .debug_macro   0x0000000000011c4d       0x29 ./SDK/startup/startup_mk64f12.o
 .debug_macro   0x0000000000011c76       0x9f ./SDK/CMSIS/system_MK64F12.o

.debug_line     0x0000000000000000     0x22a3
 .debug_line    0x0000000000000000      0x4a5 ./source/drv/accel.o
 .debug_line    0x00000000000004a5      0x743 ./source/drv/i2c.o
 .debug_line    0x0000000000000be8      0x21e ./source/App.o
 .debug_line    0x0000000000000e06      0x39d ./SDK/startup/hardware.o
 .debug_line    0x00000000000011a3      0x2ac ./SDK/startup/main.o
 .debug_line    0x000000000000144f      0xaa1 ./SDK/startup/startup_mk64f12.o
 .debug_line    0x0000000000001ef0      0x3b3 ./SDK/CMSIS/system_MK64F12.o

.debug_str      0x0000000000000000    0x79c2c
 .debug_str     0x0000000000000000     0x5109 ./source/drv/accel.o
                                       0x5195 (size before relaxing)
 .debug_str     0x0000000000005109    0x74108 ./source/drv/i2c.o
                                      0x78819 (size before relaxing)
 .debug_str     0x0000000000079211       0x21 ./source/App.o
                                       0x4f8e (size before relaxing)
 .debug_str     0x0000000000079232      0x16f ./SDK/startup/hardware.o
                                      0x7785a (size before relaxing)
 .debug_str     0x00000000000793a1       0x16 ./SDK/startup/main.o
                                      0x77667 (size before relaxing)
 .debug_str     0x00000000000793b7      0x825 ./SDK/startup/startup_mk64f12.o
                                       0x3726 (size before relaxing)
 .debug_str     0x0000000000079bdc       0x50 ./SDK/CMSIS/system_MK64F12.o
                                      0x7776a (size before relaxing)

.comment        0x0000000000000000       0x45
 .comment       0x0000000000000000       0x45 ./source/drv/accel.o
                                         0x46 (size before relaxing)
 .comment       0x0000000000000045       0x46 ./source/drv/i2c.o
 .comment       0x0000000000000045       0x46 ./source/App.o
 .comment       0x0000000000000045       0x46 ./SDK/startup/hardware.o
 .comment       0x0000000000000045       0x46 ./SDK/startup/main.o
 .comment       0x0000000000000045       0x46 ./SDK/startup/startup_mk64f12.o
 .comment       0x0000000000000045       0x46 ./SDK/CMSIS/system_MK64F12.o
 .comment       0x0000000000000045       0x46 /Applications/MCUXpressoIDE_11.8.0_1165/ide/plugins/com.nxp.mcuxpresso.tools.macosx_11.8.0.202306131047/tools/bin/../lib/gcc/arm-none-eabi/12.2.1/../../../../arm-none-eabi/lib/thumb/v7e-m+fp/hard/libcr_nohost_nf.a(_cr__main.o)
 .comment       0x0000000000000045       0x46 /Applications/MCUXpressoIDE_11.8.0_1165/ide/plugins/com.nxp.mcuxpresso.tools.macosx_11.8.0.202306131047/tools/bin/../lib/gcc/arm-none-eabi/12.2.1/../../../../arm-none-eabi/lib/thumb/v7e-m+fp/hard/libcr_c.a(initio.o)
 .comment       0x0000000000000045       0x46 /Applications/MCUXpressoIDE_11.8.0_1165/ide/plugins/com.nxp.mcuxpresso.tools.macosx_11.8.0.202306131047/tools/bin/../lib/gcc/arm-none-eabi/12.2.1/../../../../arm-none-eabi/lib/thumb/v7e-m+fp/hard/libcr_c.a(setvbuf.o)
 .comment       0x0000000000000045       0x46 /Applications/MCUXpressoIDE_11.8.0_1165/ide/plugins/com.nxp.mcuxpresso.tools.macosx_11.8.0.202306131047/tools/bin/../lib/gcc/arm-none-eabi/12.2.1/../../../../arm-none-eabi/lib/thumb/v7e-m+fp/hard/libcr_c.a(_fdopen.o)
 .comment       0x0000000000000045       0x46 /Applications/MCUXpressoIDE_11.8.0_1165/ide/plugins/com.nxp.mcuxpresso.tools.macosx_11.8.0.202306131047/tools/bin/../lib/gcc/arm-none-eabi/12.2.1/../../../../arm-none-eabi/lib/thumb/v7e-m+fp/hard/libcr_c.a(fclose.o)
 .comment       0x0000000000000045       0x46 /Applications/MCUXpressoIDE_11.8.0_1165/ide/plugins/com.nxp.mcuxpresso.tools.macosx_11.8.0.202306131047/tools/bin/../lib/gcc/arm-none-eabi/12.2.1/../../../../arm-none-eabi/lib/thumb/v7e-m+fp/hard/libcr_c.a(fflush.o)
 .comment       0x0000000000000045       0x46 /Applications/MCUXpressoIDE_11.8.0_1165/ide/plugins/com.nxp.mcuxpresso.tools.macosx_11.8.0.202306131047/tools/bin/../lib/gcc/arm-none-eabi/12.2.1/../../../../arm-none-eabi/lib/thumb/v7e-m+fp/hard/libcr_c.a(fseek.o)
 .comment       0x0000000000000045       0x46 /Applications/MCUXpressoIDE_11.8.0_1165/ide/plugins/com.nxp.mcuxpresso.tools.macosx_11.8.0.202306131047/tools/bin/../lib/gcc/arm-none-eabi/12.2.1/../../../../arm-none-eabi/lib/thumb/v7e-m+fp/hard/libcr_c.a(ftell.o)
 .comment       0x0000000000000045       0x46 /Applications/MCUXpressoIDE_11.8.0_1165/ide/plugins/com.nxp.mcuxpresso.tools.macosx_11.8.0.202306131047/tools/bin/../lib/gcc/arm-none-eabi/12.2.1/../../../../arm-none-eabi/lib/thumb/v7e-m+fp/hard/libcr_c.a(remove.o)
 .comment       0x0000000000000045       0x46 /Applications/MCUXpressoIDE_11.8.0_1165/ide/plugins/com.nxp.mcuxpresso.tools.macosx_11.8.0.202306131047/tools/bin/../lib/gcc/arm-none-eabi/12.2.1/../../../../arm-none-eabi/lib/thumb/v7e-m+fp/hard/libcr_c.a(strlen.o)
 .comment       0x0000000000000045       0x46 /Applications/MCUXpressoIDE_11.8.0_1165/ide/plugins/com.nxp.mcuxpresso.tools.macosx_11.8.0.202306131047/tools/bin/../lib/gcc/arm-none-eabi/12.2.1/../../../../arm-none-eabi/lib/thumb/v7e-m+fp/hard/libcr_c.a(memset.o)
 .comment       0x0000000000000045       0x46 /Applications/MCUXpressoIDE_11.8.0_1165/ide/plugins/com.nxp.mcuxpresso.tools.macosx_11.8.0.202306131047/tools/bin/../lib/gcc/arm-none-eabi/12.2.1/../../../../arm-none-eabi/lib/thumb/v7e-m+fp/hard/libcr_c.a(_do_fflush.o)
 .comment       0x0000000000000045       0x46 /Applications/MCUXpressoIDE_11.8.0_1165/ide/plugins/com.nxp.mcuxpresso.tools.macosx_11.8.0.202306131047/tools/bin/../lib/gcc/arm-none-eabi/12.2.1/../../../../arm-none-eabi/lib/thumb/v7e-m+fp/hard/libcr_c.a(_fflush.o)
 .comment       0x0000000000000045       0x46 /Applications/MCUXpressoIDE_11.8.0_1165/ide/plugins/com.nxp.mcuxpresso.tools.macosx_11.8.0.202306131047/tools/bin/../lib/gcc/arm-none-eabi/12.2.1/../../../../arm-none-eabi/lib/thumb/v7e-m+fp/hard/libcr_c.a(_writebuf.o)
 .comment       0x0000000000000045       0x46 /Applications/MCUXpressoIDE_11.8.0_1165/ide/plugins/com.nxp.mcuxpresso.tools.macosx_11.8.0.202306131047/tools/bin/../lib/gcc/arm-none-eabi/12.2.1/../../../../arm-none-eabi/lib/thumb/v7e-m+fp/hard/libcr_c.a(alloc.o)
 .comment       0x0000000000000045       0x46 /Applications/MCUXpressoIDE_11.8.0_1165/ide/plugins/com.nxp.mcuxpresso.tools.macosx_11.8.0.202306131047/tools/bin/../lib/gcc/arm-none-eabi/12.2.1/../../../../arm-none-eabi/lib/thumb/v7e-m+fp/hard/libcr_c.a(errno.o)
 .comment       0x0000000000000045       0x46 /Applications/MCUXpressoIDE_11.8.0_1165/ide/plugins/com.nxp.mcuxpresso.tools.macosx_11.8.0.202306131047/tools/bin/../lib/gcc/arm-none-eabi/12.2.1/../../../../arm-none-eabi/lib/thumb/v7e-m+fp/hard/libcr_c.a(_deferredlazyseek.o)
 .comment       0x0000000000000045       0x46 /Applications/MCUXpressoIDE_11.8.0_1165/ide/plugins/com.nxp.mcuxpresso.tools.macosx_11.8.0.202306131047/tools/bin/../lib/gcc/arm-none-eabi/12.2.1/../../../../arm-none-eabi/lib/thumb/v7e-m+fp/hard/libcr_nohost_nf.a(__ciob.o)
 .comment       0x0000000000000045       0x46 /Applications/MCUXpressoIDE_11.8.0_1165/ide/plugins/com.nxp.mcuxpresso.tools.macosx_11.8.0.202306131047/tools/bin/../lib/gcc/arm-none-eabi/12.2.1/../../../../arm-none-eabi/lib/thumb/v7e-m+fp/hard/libcr_nohost_nf.a(__sys_close.o)
 .comment       0x0000000000000045       0x46 /Applications/MCUXpressoIDE_11.8.0_1165/ide/plugins/com.nxp.mcuxpresso.tools.macosx_11.8.0.202306131047/tools/bin/../lib/gcc/arm-none-eabi/12.2.1/../../../../arm-none-eabi/lib/thumb/v7e-m+fp/hard/libcr_nohost_nf.a(__sys_flen.o)
 .comment       0x0000000000000045       0x46 /Applications/MCUXpressoIDE_11.8.0_1165/ide/plugins/com.nxp.mcuxpresso.tools.macosx_11.8.0.202306131047/tools/bin/../lib/gcc/arm-none-eabi/12.2.1/../../../../arm-none-eabi/lib/thumb/v7e-m+fp/hard/libcr_nohost_nf.a(__sys_istty.o)
 .comment       0x0000000000000045       0x46 /Applications/MCUXpressoIDE_11.8.0_1165/ide/plugins/com.nxp.mcuxpresso.tools.macosx_11.8.0.202306131047/tools/bin/../lib/gcc/arm-none-eabi/12.2.1/../../../../arm-none-eabi/lib/thumb/v7e-m+fp/hard/libcr_nohost_nf.a(__sys_remove.o)
 .comment       0x0000000000000045       0x46 /Applications/MCUXpressoIDE_11.8.0_1165/ide/plugins/com.nxp.mcuxpresso.tools.macosx_11.8.0.202306131047/tools/bin/../lib/gcc/arm-none-eabi/12.2.1/../../../../arm-none-eabi/lib/thumb/v7e-m+fp/hard/libcr_nohost_nf.a(__sys_seek.o)
 .comment       0x0000000000000045       0x46 /Applications/MCUXpressoIDE_11.8.0_1165/ide/plugins/com.nxp.mcuxpresso.tools.macosx_11.8.0.202306131047/tools/bin/../lib/gcc/arm-none-eabi/12.2.1/../../../../arm-none-eabi/lib/thumb/v7e-m+fp/hard/libcr_nohost_nf.a(__sys_tmpnam.o)
 .comment       0x0000000000000045       0x46 /Applications/MCUXpressoIDE_11.8.0_1165/ide/plugins/com.nxp.mcuxpresso.tools.macosx_11.8.0.202306131047/tools/bin/../lib/gcc/arm-none-eabi/12.2.1/../../../../arm-none-eabi/lib/thumb/v7e-m+fp/hard/libcr_nohost_nf.a(__sys_write.o)

.ARM.attributes
                0x0000000000000000       0x32
 .ARM.attributes
                0x0000000000000000       0x34 ./source/drv/accel.o
 .ARM.attributes
                0x0000000000000034       0x34 ./source/drv/i2c.o
 .ARM.attributes
                0x0000000000000068       0x34 ./source/App.o
 .ARM.attributes
                0x000000000000009c       0x34 ./SDK/startup/hardware.o
 .ARM.attributes
                0x00000000000000d0       0x34 ./SDK/startup/main.o
 .ARM.attributes
                0x0000000000000104       0x34 ./SDK/startup/startup_mk64f12.o
 .ARM.attributes
                0x0000000000000138       0x34 ./SDK/CMSIS/system_MK64F12.o
 .ARM.attributes
                0x000000000000016c       0x34 /Applications/MCUXpressoIDE_11.8.0_1165/ide/plugins/com.nxp.mcuxpresso.tools.macosx_11.8.0.202306131047/tools/bin/../lib/gcc/arm-none-eabi/12.2.1/../../../../arm-none-eabi/lib/thumb/v7e-m+fp/hard/libcr_nohost_nf.a(_cr__main.o)
 .ARM.attributes
                0x00000000000001a0       0x34 /Applications/MCUXpressoIDE_11.8.0_1165/ide/plugins/com.nxp.mcuxpresso.tools.macosx_11.8.0.202306131047/tools/bin/../lib/gcc/arm-none-eabi/12.2.1/../../../../arm-none-eabi/lib/thumb/v7e-m+fp/hard/libcr_c.a(initio.o)
 .ARM.attributes
                0x00000000000001d4       0x34 /Applications/MCUXpressoIDE_11.8.0_1165/ide/plugins/com.nxp.mcuxpresso.tools.macosx_11.8.0.202306131047/tools/bin/../lib/gcc/arm-none-eabi/12.2.1/../../../../arm-none-eabi/lib/thumb/v7e-m+fp/hard/libcr_c.a(setvbuf.o)
 .ARM.attributes
                0x0000000000000208       0x34 /Applications/MCUXpressoIDE_11.8.0_1165/ide/plugins/com.nxp.mcuxpresso.tools.macosx_11.8.0.202306131047/tools/bin/../lib/gcc/arm-none-eabi/12.2.1/../../../../arm-none-eabi/lib/thumb/v7e-m+fp/hard/libcr_c.a(_fdopen.o)
 .ARM.attributes
                0x000000000000023c       0x34 /Applications/MCUXpressoIDE_11.8.0_1165/ide/plugins/com.nxp.mcuxpresso.tools.macosx_11.8.0.202306131047/tools/bin/../lib/gcc/arm-none-eabi/12.2.1/../../../../arm-none-eabi/lib/thumb/v7e-m+fp/hard/libcr_c.a(fclose.o)
 .ARM.attributes
                0x0000000000000270       0x34 /Applications/MCUXpressoIDE_11.8.0_1165/ide/plugins/com.nxp.mcuxpresso.tools.macosx_11.8.0.202306131047/tools/bin/../lib/gcc/arm-none-eabi/12.2.1/../../../../arm-none-eabi/lib/thumb/v7e-m+fp/hard/libcr_c.a(fflush.o)
 .ARM.attributes
                0x00000000000002a4       0x34 /Applications/MCUXpressoIDE_11.8.0_1165/ide/plugins/com.nxp.mcuxpresso.tools.macosx_11.8.0.202306131047/tools/bin/../lib/gcc/arm-none-eabi/12.2.1/../../../../arm-none-eabi/lib/thumb/v7e-m+fp/hard/libcr_c.a(fseek.o)
 .ARM.attributes
                0x00000000000002d8       0x34 /Applications/MCUXpressoIDE_11.8.0_1165/ide/plugins/com.nxp.mcuxpresso.tools.macosx_11.8.0.202306131047/tools/bin/../lib/gcc/arm-none-eabi/12.2.1/../../../../arm-none-eabi/lib/thumb/v7e-m+fp/hard/libcr_c.a(ftell.o)
 .ARM.attributes
                0x000000000000030c       0x34 /Applications/MCUXpressoIDE_11.8.0_1165/ide/plugins/com.nxp.mcuxpresso.tools.macosx_11.8.0.202306131047/tools/bin/../lib/gcc/arm-none-eabi/12.2.1/../../../../arm-none-eabi/lib/thumb/v7e-m+fp/hard/libcr_c.a(remove.o)
 .ARM.attributes
                0x0000000000000340       0x34 /Applications/MCUXpressoIDE_11.8.0_1165/ide/plugins/com.nxp.mcuxpresso.tools.macosx_11.8.0.202306131047/tools/bin/../lib/gcc/arm-none-eabi/12.2.1/../../../../arm-none-eabi/lib/thumb/v7e-m+fp/hard/libcr_c.a(strlen.o)
 .ARM.attributes
                0x0000000000000374       0x34 /Applications/MCUXpressoIDE_11.8.0_1165/ide/plugins/com.nxp.mcuxpresso.tools.macosx_11.8.0.202306131047/tools/bin/../lib/gcc/arm-none-eabi/12.2.1/../../../../arm-none-eabi/lib/thumb/v7e-m+fp/hard/libcr_c.a(memset.o)
 .ARM.attributes
                0x00000000000003a8       0x34 /Applications/MCUXpressoIDE_11.8.0_1165/ide/plugins/com.nxp.mcuxpresso.tools.macosx_11.8.0.202306131047/tools/bin/../lib/gcc/arm-none-eabi/12.2.1/../../../../arm-none-eabi/lib/thumb/v7e-m+fp/hard/libcr_c.a(_do_fflush.o)
 .ARM.attributes
                0x00000000000003dc       0x34 /Applications/MCUXpressoIDE_11.8.0_1165/ide/plugins/com.nxp.mcuxpresso.tools.macosx_11.8.0.202306131047/tools/bin/../lib/gcc/arm-none-eabi/12.2.1/../../../../arm-none-eabi/lib/thumb/v7e-m+fp/hard/libcr_c.a(_fflush.o)
 .ARM.attributes
                0x0000000000000410       0x34 /Applications/MCUXpressoIDE_11.8.0_1165/ide/plugins/com.nxp.mcuxpresso.tools.macosx_11.8.0.202306131047/tools/bin/../lib/gcc/arm-none-eabi/12.2.1/../../../../arm-none-eabi/lib/thumb/v7e-m+fp/hard/libcr_c.a(_writebuf.o)
 .ARM.attributes
                0x0000000000000444       0x34 /Applications/MCUXpressoIDE_11.8.0_1165/ide/plugins/com.nxp.mcuxpresso.tools.macosx_11.8.0.202306131047/tools/bin/../lib/gcc/arm-none-eabi/12.2.1/../../../../arm-none-eabi/lib/thumb/v7e-m+fp/hard/libcr_c.a(alloc.o)
 .ARM.attributes
                0x0000000000000478       0x34 /Applications/MCUXpressoIDE_11.8.0_1165/ide/plugins/com.nxp.mcuxpresso.tools.macosx_11.8.0.202306131047/tools/bin/../lib/gcc/arm-none-eabi/12.2.1/../../../../arm-none-eabi/lib/thumb/v7e-m+fp/hard/libcr_c.a(errno.o)
 .ARM.attributes
                0x00000000000004ac       0x34 /Applications/MCUXpressoIDE_11.8.0_1165/ide/plugins/com.nxp.mcuxpresso.tools.macosx_11.8.0.202306131047/tools/bin/../lib/gcc/arm-none-eabi/12.2.1/../../../../arm-none-eabi/lib/thumb/v7e-m+fp/hard/libcr_c.a(_deferredlazyseek.o)
 .ARM.attributes
                0x00000000000004e0       0x20 /Applications/MCUXpressoIDE_11.8.0_1165/ide/plugins/com.nxp.mcuxpresso.tools.macosx_11.8.0.202306131047/tools/bin/../lib/gcc/arm-none-eabi/12.2.1/thumb/v7e-m+fp/hard/libcr_eabihelpers.a(memcpy.o)
 .ARM.attributes
                0x0000000000000500       0x34 /Applications/MCUXpressoIDE_11.8.0_1165/ide/plugins/com.nxp.mcuxpresso.tools.macosx_11.8.0.202306131047/tools/bin/../lib/gcc/arm-none-eabi/12.2.1/../../../../arm-none-eabi/lib/thumb/v7e-m+fp/hard/libcr_nohost_nf.a(__ciob.o)
 .ARM.attributes
                0x0000000000000534       0x34 /Applications/MCUXpressoIDE_11.8.0_1165/ide/plugins/com.nxp.mcuxpresso.tools.macosx_11.8.0.202306131047/tools/bin/../lib/gcc/arm-none-eabi/12.2.1/../../../../arm-none-eabi/lib/thumb/v7e-m+fp/hard/libcr_nohost_nf.a(__sys_close.o)
 .ARM.attributes
                0x0000000000000568       0x34 /Applications/MCUXpressoIDE_11.8.0_1165/ide/plugins/com.nxp.mcuxpresso.tools.macosx_11.8.0.202306131047/tools/bin/../lib/gcc/arm-none-eabi/12.2.1/../../../../arm-none-eabi/lib/thumb/v7e-m+fp/hard/libcr_nohost_nf.a(__sys_flen.o)
 .ARM.attributes
                0x000000000000059c       0x34 /Applications/MCUXpressoIDE_11.8.0_1165/ide/plugins/com.nxp.mcuxpresso.tools.macosx_11.8.0.202306131047/tools/bin/../lib/gcc/arm-none-eabi/12.2.1/../../../../arm-none-eabi/lib/thumb/v7e-m+fp/hard/libcr_nohost_nf.a(__sys_istty.o)
 .ARM.attributes
                0x00000000000005d0       0x34 /Applications/MCUXpressoIDE_11.8.0_1165/ide/plugins/com.nxp.mcuxpresso.tools.macosx_11.8.0.202306131047/tools/bin/../lib/gcc/arm-none-eabi/12.2.1/../../../../arm-none-eabi/lib/thumb/v7e-m+fp/hard/libcr_nohost_nf.a(__sys_remove.o)
 .ARM.attributes
                0x0000000000000604       0x34 /Applications/MCUXpressoIDE_11.8.0_1165/ide/plugins/com.nxp.mcuxpresso.tools.macosx_11.8.0.202306131047/tools/bin/../lib/gcc/arm-none-eabi/12.2.1/../../../../arm-none-eabi/lib/thumb/v7e-m+fp/hard/libcr_nohost_nf.a(__sys_seek.o)
 .ARM.attributes
                0x0000000000000638       0x34 /Applications/MCUXpressoIDE_11.8.0_1165/ide/plugins/com.nxp.mcuxpresso.tools.macosx_11.8.0.202306131047/tools/bin/../lib/gcc/arm-none-eabi/12.2.1/../../../../arm-none-eabi/lib/thumb/v7e-m+fp/hard/libcr_nohost_nf.a(__sys_tmpnam.o)
 .ARM.attributes
                0x000000000000066c       0x34 /Applications/MCUXpressoIDE_11.8.0_1165/ide/plugins/com.nxp.mcuxpresso.tools.macosx_11.8.0.202306131047/tools/bin/../lib/gcc/arm-none-eabi/12.2.1/../../../../arm-none-eabi/lib/thumb/v7e-m+fp/hard/libcr_nohost_nf.a(__sys_write.o)

.debug_frame    0x0000000000000000      0xc8c
 .debug_frame   0x0000000000000000       0xf8 ./source/drv/accel.o
 .debug_frame   0x00000000000000f8      0x154 ./source/drv/i2c.o
 .debug_frame   0x000000000000024c       0x48 ./source/App.o
 .debug_frame   0x0000000000000294       0x70 ./SDK/startup/hardware.o
 .debug_frame   0x0000000000000304       0x2c ./SDK/startup/main.o
 .debug_frame   0x0000000000000330      0x904 ./SDK/startup/startup_mk64f12.o
 .debug_frame   0x0000000000000c34       0x58 ./SDK/CMSIS/system_MK64F12.o

.debug_loclists
                0x0000000000000000      0x113
 .debug_loclists
                0x0000000000000000      0x113 ./SDK/startup/startup_mk64f12.o
