../source/drv/CAN_SPI.c:178:6:CAN_SPI_Init	24	static
../source/drv/CAN_SPI.c:288:9:CAN_SPI_Is_Read_Ready	8	static
../source/drv/CAN_SPI.c:293:9:CAN_SPI_Is_Busy	4	static
../source/drv/CAN_SPI.c:304:15:CAN_SPI_Get_Data	16	static
../source/drv/CAN_SPI.c:315:9:CAN_SPI_Attempt_to_read	16	static
../source/drv/CAN_SPI.c:333:6:CAN_SPI_ReceiveInfo	16	static
../source/drv/CAN_SPI.c:422:6:CAN_SPI_SendInfo	16	static
../source/drv/CAN_SPI.c:504:13:load_TX_buffer	48	static
../source/drv/CAN_SPI.c:520:13:write_SPICAN	48	static
../source/drv/CAN_SPI.c:537:13:read_SPICAN	40	static
../source/drv/CAN_SPI.c:554:13:read_RX_buffer	40	static
../source/drv/CAN_SPI.c:570:13:read_status	40	static
../source/drv/CAN_SPI.c:586:13:RTS	32	static
../source/drv/CAN_SPI.c:599:13:parseData	24	static
../source/drv/CAN_SPI.c:619:13:checkDoubleBuffers	48	static
../source/drv/CAN_SPI.c:645:9:PORTC_IRQHandler	16	static
../source/drv/CAN_SPI.c:658:13:queue_Init	16	static
../source/drv/CAN_SPI.c:670:15:push_Queue_Element	24	static
../source/drv/CAN_SPI.c:697:22:pull_Queue_Element	40	static
../source/drv/CAN_SPI.c:724:16:get_Queue_Status	16	static
../source/drv/CAN_SPI.c:736:13:flush_Queue	16	static
