Archive member included to satisfy reference by file (symbol)

c:/nxp/mcuxpressoide_10.2.0_759/ide/tools/bin/../lib/gcc/arm-none-eabi/7.2.1/../../../../arm-none-eabi/lib/thumb/v7e-m/fpv4-sp/hard\libcr_nohost_nf.a(_cr__main.o)
                              ./startup/startup_mk64f12.o (__main)
c:/nxp/mcuxpressoide_10.2.0_759/ide/tools/bin/../lib/gcc/arm-none-eabi/7.2.1/../../../../arm-none-eabi/lib/thumb/v7e-m/fpv4-sp/hard\libcr_c.a(initio.o)
                              c:/nxp/mcuxpressoide_10.2.0_759/ide/tools/bin/../lib/gcc/arm-none-eabi/7.2.1/../../../../arm-none-eabi/lib/thumb/v7e-m/fpv4-sp/hard\libcr_nohost_nf.a(_cr__main.o) (_initio)
c:/nxp/mcuxpressoide_10.2.0_759/ide/tools/bin/../lib/gcc/arm-none-eabi/7.2.1/../../../../arm-none-eabi/lib/thumb/v7e-m/fpv4-sp/hard\libcr_c.a(setvbuf.o)
                              c:/nxp/mcuxpressoide_10.2.0_759/ide/tools/bin/../lib/gcc/arm-none-eabi/7.2.1/../../../../arm-none-eabi/lib/thumb/v7e-m/fpv4-sp/hard\libcr_c.a(initio.o) (setvbuf)
c:/nxp/mcuxpressoide_10.2.0_759/ide/tools/bin/../lib/gcc/arm-none-eabi/7.2.1/../../../../arm-none-eabi/lib/thumb/v7e-m/fpv4-sp/hard\libcr_c.a(_fdopen.o)
                              c:/nxp/mcuxpressoide_10.2.0_759/ide/tools/bin/../lib/gcc/arm-none-eabi/7.2.1/../../../../arm-none-eabi/lib/thumb/v7e-m/fpv4-sp/hard\libcr_c.a(initio.o) (_fdopen)
c:/nxp/mcuxpressoide_10.2.0_759/ide/tools/bin/../lib/gcc/arm-none-eabi/7.2.1/../../../../arm-none-eabi/lib/thumb/v7e-m/fpv4-sp/hard\libcr_c.a(fclose.o)
                              c:/nxp/mcuxpressoide_10.2.0_759/ide/tools/bin/../lib/gcc/arm-none-eabi/7.2.1/../../../../arm-none-eabi/lib/thumb/v7e-m/fpv4-sp/hard\libcr_c.a(initio.o) (fclose)
c:/nxp/mcuxpressoide_10.2.0_759/ide/tools/bin/../lib/gcc/arm-none-eabi/7.2.1/../../../../arm-none-eabi/lib/thumb/v7e-m/fpv4-sp/hard\libcr_c.a(fflush.o)
                              c:/nxp/mcuxpressoide_10.2.0_759/ide/tools/bin/../lib/gcc/arm-none-eabi/7.2.1/../../../../arm-none-eabi/lib/thumb/v7e-m/fpv4-sp/hard\libcr_c.a(fclose.o) (fflush)
c:/nxp/mcuxpressoide_10.2.0_759/ide/tools/bin/../lib/gcc/arm-none-eabi/7.2.1/../../../../arm-none-eabi/lib/thumb/v7e-m/fpv4-sp/hard\libcr_c.a(fseek.o)
                              c:/nxp/mcuxpressoide_10.2.0_759/ide/tools/bin/../lib/gcc/arm-none-eabi/7.2.1/../../../../arm-none-eabi/lib/thumb/v7e-m/fpv4-sp/hard\libcr_c.a(_fdopen.o) (fseek)
c:/nxp/mcuxpressoide_10.2.0_759/ide/tools/bin/../lib/gcc/arm-none-eabi/7.2.1/../../../../arm-none-eabi/lib/thumb/v7e-m/fpv4-sp/hard\libcr_c.a(ftell.o)
                              c:/nxp/mcuxpressoide_10.2.0_759/ide/tools/bin/../lib/gcc/arm-none-eabi/7.2.1/../../../../arm-none-eabi/lib/thumb/v7e-m/fpv4-sp/hard\libcr_c.a(fseek.o) (ftell)
c:/nxp/mcuxpressoide_10.2.0_759/ide/tools/bin/../lib/gcc/arm-none-eabi/7.2.1/../../../../arm-none-eabi/lib/thumb/v7e-m/fpv4-sp/hard\libcr_c.a(remove.o)
                              c:/nxp/mcuxpressoide_10.2.0_759/ide/tools/bin/../lib/gcc/arm-none-eabi/7.2.1/../../../../arm-none-eabi/lib/thumb/v7e-m/fpv4-sp/hard\libcr_c.a(fclose.o) (remove)
c:/nxp/mcuxpressoide_10.2.0_759/ide/tools/bin/../lib/gcc/arm-none-eabi/7.2.1/../../../../arm-none-eabi/lib/thumb/v7e-m/fpv4-sp/hard\libcr_c.a(strlen.o)
                              c:/nxp/mcuxpressoide_10.2.0_759/ide/tools/bin/../lib/gcc/arm-none-eabi/7.2.1/../../../../arm-none-eabi/lib/thumb/v7e-m/fpv4-sp/hard\libcr_c.a(remove.o) (strlen)
c:/nxp/mcuxpressoide_10.2.0_759/ide/tools/bin/../lib/gcc/arm-none-eabi/7.2.1/../../../../arm-none-eabi/lib/thumb/v7e-m/fpv4-sp/hard\libcr_c.a(memset.o)
                              c:/nxp/mcuxpressoide_10.2.0_759/ide/tools/bin/../lib/gcc/arm-none-eabi/7.2.1/../../../../arm-none-eabi/lib/thumb/v7e-m/fpv4-sp/hard\libcr_c.a(fclose.o) (memset)
c:/nxp/mcuxpressoide_10.2.0_759/ide/tools/bin/../lib/gcc/arm-none-eabi/7.2.1/../../../../arm-none-eabi/lib/thumb/v7e-m/fpv4-sp/hard\libcr_c.a(_do_fflush.o)
                              c:/nxp/mcuxpressoide_10.2.0_759/ide/tools/bin/../lib/gcc/arm-none-eabi/7.2.1/../../../../arm-none-eabi/lib/thumb/v7e-m/fpv4-sp/hard\libcr_c.a(fflush.o) (_do_fflush)
c:/nxp/mcuxpressoide_10.2.0_759/ide/tools/bin/../lib/gcc/arm-none-eabi/7.2.1/../../../../arm-none-eabi/lib/thumb/v7e-m/fpv4-sp/hard\libcr_c.a(_fflush.o)
                              c:/nxp/mcuxpressoide_10.2.0_759/ide/tools/bin/../lib/gcc/arm-none-eabi/7.2.1/../../../../arm-none-eabi/lib/thumb/v7e-m/fpv4-sp/hard\libcr_c.a(_do_fflush.o) (_fflush)
c:/nxp/mcuxpressoide_10.2.0_759/ide/tools/bin/../lib/gcc/arm-none-eabi/7.2.1/../../../../arm-none-eabi/lib/thumb/v7e-m/fpv4-sp/hard\libcr_c.a(_writebuf.o)
                              c:/nxp/mcuxpressoide_10.2.0_759/ide/tools/bin/../lib/gcc/arm-none-eabi/7.2.1/../../../../arm-none-eabi/lib/thumb/v7e-m/fpv4-sp/hard\libcr_c.a(_fflush.o) (_Cwritebuf)
c:/nxp/mcuxpressoide_10.2.0_759/ide/tools/bin/../lib/gcc/arm-none-eabi/7.2.1/../../../../arm-none-eabi/lib/thumb/v7e-m/fpv4-sp/hard\libcr_c.a(alloc.o)
[...]
Memory Configuration

Name             Origin             Length             Attributes
PROGRAM_FLASH    0x00000000         0x00100000         xr
SRAM_UPPER       0x20000000         0x00030000         xrw
SRAM_LOWER       0x1fff0000         0x00010000         xrw
FLEX_RAM         0x14000000         0x00001000         xrw
*default*        0x00000000         0xffffffff

Linker script and memory map

LOAD ./startup/startup_mk64f12.o
LOAD ./source/CAN_SPI.o
LOAD ./source/SPI.o
LOAD ./source/Systick.o
LOAD ./source/UART.o
LOAD ./source/gpio.o
LOAD ./source/hardware.o
LOAD ./source/main.o
LOAD ./CMSIS/system_MK64F12.o
START GROUP
LOAD c:/nxp/mcuxpressoide_10.2.0_759/ide/tools/bin/../lib/gcc/arm-none-eabi/7.2.1/../../../../arm-none-eabi/lib/thumb/v7e-m/fpv4-sp/hard\libcr_nohost_nf.a
LOAD c:/nxp/mcuxpressoide_10.2.0_759/ide/tools/bin/../lib/gcc/arm-none-eabi/7.2.1/../../../../arm-none-eabi/lib/thumb/v7e-m/fpv4-sp/hard\libcr_c.a
LOAD c:/nxp/mcuxpressoide_10.2.0_759/ide/tools/bin/../lib/gcc/arm-none-eabi/7.2.1/thumb/v7e-m/fpv4-sp/hard\libcr_eabihelpers.a
END GROUP
                0x00000000                __base_PROGRAM_FLASH = 0x0
                0x00000000                __base_Flash = 0x0
                0x00100000                __top_PROGRAM_FLASH = 0x100000
                0x00100000                __top_Flash = 0x100000
                0x20000000                __base_SRAM_UPPER = 0x20000000
                0x20000000                __base_RAM = 0x20000000
                0x20030000                __top_SRAM_UPPER = 0x20030000
                0x20030000                __top_RAM = 0x20030000
                0x1fff0000                __base_SRAM_LOWER = 0x1fff0000
                0x1fff0000                __base_RAM2 = 0x1fff0000
                0x20000000                __top_SRAM_LOWER = 0x20000000
                0x20000000                __top_RAM2 = 0x20000000
                0x14000000                __base_FLEX_RAM = 0x14000000
                0x14000000                __base_RAM3 = 0x14000000
                0x14001000                __top_FLEX_RAM = 0x14001000
                0x14001000                __top_RAM3 = 0x14001000

.text           0x00000000     0x21a8
 FILL mask 0xff
                0x00000000                __vectors_start__ = ABSOLUTE (.)
 *(.isr_vector)
 .isr_vector    0x00000000      0x198 ./startup/startup_mk64f12.o
                0x00000000                g_pfnVectors
                0x00000000                __Vectors
                0x00000198                . = ALIGN (0x4)
                0x00000198                __section_table_start = .
                0x00000198                __data_section_table = .
                0x00000198        0x4 LONG 0x21a8 LOADADDR (.data)
                0x0000019c        0x4 LONG 0x20000000 ADDR (.data)
                0x000001a0        0x4 LONG 0x0 SIZEOF (.data)
                0x000001a4        0x4 LONG 0x21a8 LOADADDR (.data_RAM2)
                0x000001a8        0x4 LONG 0x1fff0000 ADDR (.data_RAM2)
                0x000001ac        0x4 LONG 0x0 SIZEOF (.data_RAM2)
                0x000001b0        0x4 LONG 0x21a8 LOADADDR (.data_RAM3)
                0x000001b4        0x4 LONG 0x14000000 ADDR (.data_RAM3)
                0x000001b8        0x4 LONG 0x0 SIZEOF (.data_RAM3)
                0x000001bc                __data_section_table_end = .
                0x000001bc                __bss_section_table = .
                0x000001bc        0x4 LONG 0x20000000 ADDR (.bss)
                0x000001c0        0x4 LONG 0x4f0 SIZEOF (.bss)
                0x000001c4        0x4 LONG 0x1fff0000 ADDR (.bss_RAM2)
                0x000001c8        0x4 LONG 0x0 SIZEOF (.bss_RAM2)
                0x000001cc        0x4 LONG 0x14000000 ADDR (.bss_RAM3)
                0x000001d0        0x4 LONG 0x0 SIZEOF (.bss_RAM3)
                0x000001d4                __bss_section_table_end = .
                0x000001d4                __section_table_end = .
 *(.after_vectors*)
 .after_vectors.init_data
                0x000001d4       0x1e ./startup/startup_mk64f12.o
                0x000001d4                data_init
 .after_vectors.init_bss
                0x000001f2       0x12 ./startup/startup_mk64f12.o
                0x000001f2                bss_init
 .after_vectors.reset
                0x00000204       0x4c ./startup/startup_mk64f12.o
                0x00000204                ResetISR
 .after_vectors
                0x00000250       0x14 ./startup/startup_mk64f12.o
                0x00000250                NMI_Handler
                0x00000252                HardFault_Handler
                0x00000254                MemManage_Handler
                0x00000256                BusFault_Handler
                0x00000258                UsageFault_Handler
                0x0000025a                SVC_Handler
                0x0000025c                DebugMon_Handler
                0x0000025e                PendSV_Handler
                0x00000262                DMA_Error_DriverIRQHandler
                0x00000262                LPTMR0_DriverIRQHandler
                0x00000262                FTM1_DriverIRQHandler
                0x00000262                FTM2_DriverIRQHandler
                0x00000262                PIT2_DriverIRQHandler
                0x00000262                SDHC_DriverIRQHandler
                0x00000262                I2S0_Tx_DriverIRQHandler
                0x00000262                RTC_Seconds_DriverIRQHandler
                0x00000262                DMA6_DriverIRQHandler
                0x00000262                LLWU_DriverIRQHandler
                0x00000262                MCM_DriverIRQHandler
                0x00000262                MCG_DriverIRQHandler
                0x00000262                ENET_1588_Timer_DriverIRQHandler
                0x00000262                I2C2_DriverIRQHandler
                0x00000262                DAC1_DriverIRQHandler
                0x00000262                SPI1_DriverIRQHandler
                0x00000262                CMP1_DriverIRQHandler
                0x00000262                UART5_RX_TX_DriverIRQHandler
                0x00000262                FTM0_DriverIRQHandler
                0x00000262                IntDefaultHandler
                0x00000262                USB0_DriverIRQHandler
                0x00000262                UART5_ERR_DriverIRQHandler
                0x00000262                PORTC_DriverIRQHandler
                0x00000262                DMA11_DriverIRQHandler
                0x00000262                DAC0_DriverIRQHandler
                0x00000262                DMA10_DriverIRQHandler
                0x00000262                CMP2_DriverIRQHandler
                0x00000262                UART2_ERR_DriverIRQHandler
                0x00000262                SPI2_DriverIRQHandler
                0x00000262                LVD_LVW_DriverIRQHandler
                0x00000262                PIT0_DriverIRQHandler
                0x00000262                RNG_DriverIRQHandler
                0x00000262                DMA12_DriverIRQHandler
                0x00000262                DMA4_DriverIRQHandler
                0x00000262                UART2_RX_TX_DriverIRQHandler
                0x00000262                USBDCD_DriverIRQHandler
                0x00000262                UART3_ERR_DriverIRQHandler
                0x00000262                DMA3_DriverIRQHandler
                0x00000262                DMA8_DriverIRQHandler
                0x00000262                DMA9_DriverIRQHandler
                0x00000262                UART0_ERR_DriverIRQHandler
                0x00000262                CMT_DriverIRQHandler
                0x00000262                Reserved71_DriverIRQHandler
                0x00000262                ADC1_DriverIRQHandler
                0x00000262                PORTA_DriverIRQHandler
                0x00000262                DMA14_DriverIRQHandler
                0x00000262                PIT3_DriverIRQHandler
                0x00000262                PIT1_DriverIRQHandler
                0x00000262                WDOG_EWM_DriverIRQHandler
                0x00000262                PDB0_DriverIRQHandler
                0x00000262                RTC_DriverIRQHandler
                0x00000262                I2S0_Rx_DriverIRQHandler
                0x00000262                Read_Collision_DriverIRQHandler
                0x00000262                SWI_DriverIRQHandler
                0x00000262                UART4_RX_TX_DriverIRQHandler
                0x00000262                UART4_ERR_DriverIRQHandler
                0x00000262                PORTB_DriverIRQHandler
                0x00000262                UART0_LON_DriverIRQHandler
                0x00000262                DMA0_DriverIRQHandler
                0x00000262                DMA1_DriverIRQHandler
                0x00000262                I2C1_DriverIRQHandler
                0x00000262                UART3_RX_TX_DriverIRQHandler
                0x00000262                ENET_Receive_DriverIRQHandler
                0x00000262                DMA13_DriverIRQHandler
                0x00000262                ENET_Error_DriverIRQHandler
                0x00000262                DMA15_DriverIRQHandler
                0x00000262                UART0_RX_TX_DriverIRQHandler
                0x00000262                SPI0_DriverIRQHandler
                0x00000262                ADC0_DriverIRQHandler
                0x00000262                CMP0_DriverIRQHandler
                0x00000262                CAN0_DriverIRQHandler
                0x00000262                FTM3_DriverIRQHandler
                0x00000262                DMA5_DriverIRQHandler
                0x00000262                UART1_ERR_DriverIRQHandler
                0x00000262                DMA2_DriverIRQHandler
                0x00000262                ENET_Transmit_DriverIRQHandler
                0x00000262                PORTD_DriverIRQHandler
                0x00000262                PORTE_DriverIRQHandler
                0x00000262                FTFE_DriverIRQHandler
                0x00000262                I2C0_DriverIRQHandler
                0x00000262                DMA7_DriverIRQHandler
                0x00000262                UART1_RX_TX_DriverIRQHandler
                0x00000400                . = 0x400
 *fill*         0x00000264      0x19c ff
                0x00000400                PROVIDE (__FLASH_CONFIG_START__, .)
 *(.FlashConfig)
 .FlashConfig   0x00000400       0x10 ./startup/startup_mk64f12.o
                0x00000400                Flash_Config
                0x00000410                PROVIDE (__FLASH_CONFIG_END__, .)
                0x00000001                ASSERT (! ((__FLASH_CONFIG_START__ == __FLASH_CONFIG_END__)), Linker Flash Config Support Enabled, but no .FlashConfig section provided within application)
 *(.text*)
 .text.DMA0_IRQHandler
                0x00000410        0x8 ./startup/startup_mk64f12.o
                0x00000410                DMA0_IRQHandler
 .text.DMA1_IRQHandler
                0x00000418        0x8 ./startup/startup_mk64f12.o
                0x00000418                DMA1_IRQHandler
 .text.DMA2_IRQHandler
                0x00000420        0x8 ./startup/startup_mk64f12.o
                0x00000420                DMA2_IRQHandler
 .text.DMA3_IRQHandler
                0x00000428        0x8 ./startup/startup_mk64f12.o
                0x00000428                DMA3_IRQHandler
 .text.DMA4_IRQHandler
                0x00000430        0x8 ./startup/startup_mk64f12.o
                0x00000430                DMA4_IRQHandler
 .text.DMA5_IRQHandler
                0x00000438        0x8 ./startup/startup_mk64f12.o
                0x00000438                DMA5_IRQHandler
 .text.DMA6_IRQHandler
                0x00000440        0x8 ./startup/startup_mk64f12.o
                0x00000440                DMA6_IRQHandler
 .text.DMA7_IRQHandler
                0x00000448        0x8 ./startup/startup_mk64f12.o
                0x00000448                DMA7_IRQHandler
 .text.DMA8_IRQHandler
                0x00000450        0x8 ./startup/startup_mk64f12.o
                0x00000450                DMA8_IRQHandler
 .text.DMA9_IRQHandler
                0x00000458        0x8 ./startup/startup_mk64f12.o
                0x00000458                DMA9_IRQHandler
 .text.DMA10_IRQHandler
                0x00000460        0x8 ./startup/startup_mk64f12.o
                0x00000460                DMA10_IRQHandler
 .text.DMA11_IRQHandler
                0x00000468        0x8 ./startup/startup_mk64f12.o
                0x00000468                DMA11_IRQHandler
 .text.DMA12_IRQHandler
                0x00000470        0x8 ./startup/startup_mk64f12.o
                0x00000470                DMA12_IRQHandler
 .text.DMA13_IRQHandler
                0x00000478        0x8 ./startup/startup_mk64f12.o
                0x00000478                DMA13_IRQHandler
 .text.DMA14_IRQHandler
                0x00000480        0x8 ./startup/startup_mk64f12.o
                0x00000480                DMA14_IRQHandler
 .text.DMA15_IRQHandler
                0x00000488        0x8 ./startup/startup_mk64f12.o
                0x00000488                DMA15_IRQHandler
 .text.DMA_Error_IRQHandler
                0x00000490        0x8 ./startup/startup_mk64f12.o
                0x00000490                DMA_Error_IRQHandler
 .text.MCM_IRQHandler
                0x00000498        0x8 ./startup/startup_mk64f12.o
                0x00000498                MCM_IRQHandler
 .text.FTFE_IRQHandler
                0x000004a0        0x8 ./startup/startup_mk64f12.o
                0x000004a0                FTFE_IRQHandler
 .text.Read_Collision_IRQHandler
                0x000004a8        0x8 ./startup/startup_mk64f12.o
                0x000004a8                Read_Collision_IRQHandler
 .text.LVD_LVW_IRQHandler
                0x000004b0        0x8 ./startup/startup_mk64f12.o
                0x000004b0                LVD_LVW_IRQHandler
 .text.LLWU_IRQHandler
                0x000004b8        0x8 ./startup/startup_mk64f12.o
                0x000004b8                LLWU_IRQHandler
 .text.WDOG_EWM_IRQHandler
                0x000004c0        0x8 ./startup/startup_mk64f12.o
                0x000004c0                WDOG_EWM_IRQHandler
 .text.RNG_IRQHandler
                0x000004c8        0x8 ./startup/startup_mk64f12.o
                0x000004c8                RNG_IRQHandler
 .text.I2C0_IRQHandler
                0x000004d0        0x8 ./startup/startup_mk64f12.o
                0x000004d0                I2C0_IRQHandler
 .text.I2C1_IRQHandler
                0x000004d8        0x8 ./startup/startup_mk64f12.o
                0x000004d8                I2C1_IRQHandler
 .text.SPI1_IRQHandler
                0x000004e0        0x8 ./startup/startup_mk64f12.o
                0x000004e0                SPI1_IRQHandler
 .text.I2S0_Tx_IRQHandler
                0x000004e8        0x8 ./startup/startup_mk64f12.o
                0x000004e8                I2S0_Tx_IRQHandler
 .text.I2S0_Rx_IRQHandler
                0x000004f0        0x8 ./startup/startup_mk64f12.o
                0x000004f0                I2S0_Rx_IRQHandler
 .text.UART0_LON_IRQHandler
                0x000004f8        0x8 ./startup/startup_mk64f12.o
                0x000004f8                UART0_LON_IRQHandler
 .text.UART0_ERR_IRQHandler
                0x00000500        0x8 ./startup/startup_mk64f12.o
                0x00000500                UART0_ERR_IRQHandler
 .text.UART1_ERR_IRQHandler
                0x00000508        0x8 ./startup/startup_mk64f12.o
                0x00000508                UART1_ERR_IRQHandler
 .text.UART2_ERR_IRQHandler
                0x00000510        0x8 ./startup/startup_mk64f12.o
                0x00000510                UART2_ERR_IRQHandler
 .text.UART3_ERR_IRQHandler
                0x00000518        0x8 ./startup/startup_mk64f12.o
                0x00000518                UART3_ERR_IRQHandler
 .text.ADC0_IRQHandler
                0x00000520        0x8 ./startup/startup_mk64f12.o
                0x00000520                ADC0_IRQHandler
 .text.CMP0_IRQHandler
                0x00000528        0x8 ./startup/startup_mk64f12.o
                0x00000528                CMP0_IRQHandler
 .text.CMP1_IRQHandler
                0x00000530        0x8 ./startup/startup_mk64f12.o
                0x00000530                CMP1_IRQHandler
 .text.FTM0_IRQHandler
                0x00000538        0x8 ./startup/startup_mk64f12.o
                0x00000538                FTM0_IRQHandler
 .text.FTM1_IRQHandler
                0x00000540        0x8 ./startup/startup_mk64f12.o
                0x00000540                FTM1_IRQHandler
 .text.FTM2_IRQHandler
                0x00000548        0x8 ./startup/startup_mk64f12.o
                0x00000548                FTM2_IRQHandler
 .text.CMT_IRQHandler
                0x00000550        0x8 ./startup/startup_mk64f12.o
                0x00000550                CMT_IRQHandler
 .text.RTC_IRQHandler
                0x00000558        0x8 ./startup/startup_mk64f12.o
                0x00000558                RTC_IRQHandler
 .text.RTC_Seconds_IRQHandler
                0x00000560        0x8 ./startup/startup_mk64f12.o
                0x00000560                RTC_Seconds_IRQHandler
 .text.PIT0_IRQHandler
                0x00000568        0x8 ./startup/startup_mk64f12.o
                0x00000568                PIT0_IRQHandler
 .text.PIT1_IRQHandler
                0x00000570        0x8 ./startup/startup_mk64f12.o
                0x00000570                PIT1_IRQHandler
 .text.PIT2_IRQHandler
                0x00000578        0x8 ./startup/startup_mk64f12.o
                0x00000578                PIT2_IRQHandler
 .text.PIT3_IRQHandler
                0x00000580        0x8 ./startup/startup_mk64f12.o
                0x00000580                PIT3_IRQHandler
 .text.PDB0_IRQHandler
                0x00000588        0x8 ./startup/startup_mk64f12.o
                0x00000588                PDB0_IRQHandler
 .text.USB0_IRQHandler
                0x00000590        0x8 ./startup/startup_mk64f12.o
                0x00000590                USB0_IRQHandler
 .text.USBDCD_IRQHandler
                0x00000598        0x8 ./startup/startup_mk64f12.o
                0x00000598                USBDCD_IRQHandler
 .text.Reserved71_IRQHandler
                0x000005a0        0x8 ./startup/startup_mk64f12.o
                0x000005a0                Reserved71_IRQHandler
 .text.DAC0_IRQHandler
                0x000005a8        0x8 ./startup/startup_mk64f12.o
                0x000005a8                DAC0_IRQHandler
 .text.MCG_IRQHandler
                0x000005b0        0x8 ./startup/startup_mk64f12.o
                0x000005b0                MCG_IRQHandler
 .text.LPTMR0_IRQHandler
                0x000005b8        0x8 ./startup/startup_mk64f12.o
                0x000005b8                LPTMR0_IRQHandler
 .text.PORTA_IRQHandler
                0x000005c0        0x8 ./startup/startup_mk64f12.o
                0x000005c0                PORTA_IRQHandler
 .text.PORTB_IRQHandler
                0x000005c8        0x8 ./startup/startup_mk64f12.o
                0x000005c8                PORTB_IRQHandler
 .text.PORTC_IRQHandler
                0x000005d0        0x8 ./startup/startup_mk64f12.o
                0x000005d0                PORTC_IRQHandler
 .text.PORTE_IRQHandler
                0x000005d8        0x8 ./startup/startup_mk64f12.o
                0x000005d8                PORTE_IRQHandler
 .text.SWI_IRQHandler
                0x000005e0        0x8 ./startup/startup_mk64f12.o
                0x000005e0                SWI_IRQHandler
 .text.SPI2_IRQHandler
                0x000005e8        0x8 ./startup/startup_mk64f12.o
                0x000005e8                SPI2_IRQHandler
 .text.UART4_ERR_IRQHandler
                0x000005f0        0x8 ./startup/startup_mk64f12.o
                0x000005f0                UART4_ERR_IRQHandler
 .text.UART5_RX_TX_IRQHandler
                0x000005f8        0x8 ./startup/startup_mk64f12.o
                0x000005f8                UART5_RX_TX_IRQHandler
 .text.UART5_ERR_IRQHandler
                0x00000600        0x8 ./startup/startup_mk64f12.o
                0x00000600                UART5_ERR_IRQHandler
 .text.CMP2_IRQHandler
                0x00000608        0x8 ./startup/startup_mk64f12.o
                0x00000608                CMP2_IRQHandler
 .text.FTM3_IRQHandler
                0x00000610        0x8 ./startup/startup_mk64f12.o
                0x00000610                FTM3_IRQHandler
 .text.DAC1_IRQHandler
                0x00000618        0x8 ./startup/startup_mk64f12.o
                0x00000618                DAC1_IRQHandler
 .text.ADC1_IRQHandler
                0x00000620        0x8 ./startup/startup_mk64f12.o
                0x00000620                ADC1_IRQHandler
 .text.I2C2_IRQHandler
                0x00000628        0x8 ./startup/startup_mk64f12.o
                0x00000628                I2C2_IRQHandler
 .text.CAN0_ORed_Message_buffer_IRQHandler
                0x00000630        0x8 ./startup/startup_mk64f12.o
                0x00000630                CAN0_ORed_Message_buffer_IRQHandler
 .text.CAN0_Bus_Off_IRQHandler
                0x00000638        0x8 ./startup/startup_mk64f12.o
                0x00000638                CAN0_Bus_Off_IRQHandler
 .text.CAN0_Error_IRQHandler
                0x00000640        0x8 ./startup/startup_mk64f12.o
                0x00000640                CAN0_Error_IRQHandler
 .text.CAN0_Tx_Warning_IRQHandler
                0x00000648        0x8 ./startup/startup_mk64f12.o
                0x00000648                CAN0_Tx_Warning_IRQHandler
 .text.CAN0_Rx_Warning_IRQHandler
                0x00000650        0x8 ./startup/startup_mk64f12.o
                0x00000650                CAN0_Rx_Warning_IRQHandler
 .text.CAN0_Wake_Up_IRQHandler
                0x00000658        0x8 ./startup/startup_mk64f12.o
                0x00000658                CAN0_Wake_Up_IRQHandler
 .text.SDHC_IRQHandler
                0x00000660        0x8 ./startup/startup_mk64f12.o
                0x00000660                SDHC_IRQHandler
 .text.ENET_1588_Timer_IRQHandler
                0x00000668        0x8 ./startup/startup_mk64f12.o
                0x00000668                ENET_1588_Timer_IRQHandler
 .text.ENET_Transmit_IRQHandler
                0x00000670        0x8 ./startup/startup_mk64f12.o
                0x00000670                ENET_Transmit_IRQHandler
 .text.ENET_Receive_IRQHandler
                0x00000678        0x8 ./startup/startup_mk64f12.o
                0x00000678                ENET_Receive_IRQHandler
 .text.ENET_Error_IRQHandler
                0x00000680        0x8 ./startup/startup_mk64f12.o
                0x00000680                ENET_Error_IRQHandler
 .text.CAN_SPI_Init
                0x00000688      0x1f2 ./source/CAN_SPI.o
                0x00000688                CAN_SPI_Init
 *fill*         0x0000087a        0x2 ff
 .text.CAN_SPI_ReceiveInfo
                0x0000087c       0xec ./source/CAN_SPI.o
                0x0000087c                CAN_SPI_ReceiveInfo
 .text.write_SPICAN
                0x00000968       0x60 ./source/CAN_SPI.o
 .text.read_SPICAN
                0x000009c8       0x58 ./source/CAN_SPI.o
 .text.read_RX_buffer
                0x00000a20       0x5a ./source/CAN_SPI.o
 *fill*         0x00000a7a        0x2 ff
 .text.checkDoubleBuffers
                0x00000a7c       0x40 ./source/CAN_SPI.o
 .text.PORTD_IRQHandler
                0x00000abc       0x2c ./source/CAN_SPI.o
                0x00000abc                PORTD_IRQHandler
 .text.get_Queue_Status
                0x00000ae8       0x2c ./source/CAN_SPI.o
 .text.NVIC_EnableIRQ
                0x00000b14       0x34 ./source/SPI.o
 .text.SPI_Init
                0x00000b48      0x128 ./source/SPI.o
                0x00000b48                SPI_Init
 .text.SPI_Get_DataBytes
                0x00000c70       0x3a ./source/SPI.o
                0x00000c70                SPI_Get_DataBytes
 *fill*         0x00000caa        0x2 ff
 .text.SPI_SendMsg
                0x00000cac       0xa4 ./source/SPI.o
                0x00000cac                SPI_SendMsg
 .text.SPI_SendData
                0x00000d50       0xbc ./source/SPI.o
                0x00000d50                SPI_SendData
 .text.SPI_Transmission_In_Process
                0x00000e0c       0x20 ./source/SPI.o
                0x00000e0c                SPI_Transmission_In_Process
 .text.SPI0_IRQHandler
                0x00000e2c       0xb8 ./source/SPI.o
                0x00000e2c                SPI0_IRQHandler
 .text.queue_Init
                0x00000ee4       0x70 ./source/SPI.o
 .text.push_Queue_Element
                0x00000f54       0xe0 ./source/SPI.o
 .text.pull_Queue_Element
                0x00001034      0x100 ./source/SPI.o
 .text.get_Queue_Status
                0x00001134       0x2c ./source/SPI.o
 .text.flush_Queue
                0x00001160       0x50 ./source/SPI.o
 .text.SysTick_Handler
                0x000011b0       0xac ./source/Systick.o
                0x000011b0                SysTick_Handler
 .text.NVIC_EnableIRQ
                0x0000125c       0x34 ./source/UART.o
 .text.UART_Init
                0x00001290      0x160 ./source/UART.o
                0x00001290                UART_Init
 .text.UART_SetBaudRate
                0x000013f0       0xb8 ./source/UART.o
                0x000013f0                UART_SetBaudRate
 .text.UART_rx_tx_irq_handler
                0x000014a8       0x78 ./source/UART.o
                0x000014a8                UART_rx_tx_irq_handler
 .text.queue_Init
                0x00001520       0x54 ./source/UART.o
 .text.push_Queue_Element
                0x00001574       0xa8 ./source/UART.o
 .text.pull_Queue_Element
                0x0000161c       0xa8 ./source/UART.o
 .text.get_Queue_Status
                0x000016c4       0x28 ./source/UART.o
 .text.UART0_RX_TX_IRQHandler
                0x000016ec       0x24 ./source/UART.o
                0x000016ec                UART0_RX_TX_IRQHandler
 .text.UART1_RX_TX_IRQHandler
                0x00001710       0x24 ./source/UART.o
                0x00001710                UART1_RX_TX_IRQHandler
 .text.UART2_RX_TX_IRQHandler
                0x00001734       0x24 ./source/UART.o
                0x00001734                UART2_RX_TX_IRQHandler
 .text.UART3_RX_TX_IRQHandler
                0x00001758       0x24 ./source/UART.o
                0x00001758                UART3_RX_TX_IRQHandler
 .text.UART4_RX_TX_IRQHandler
                0x0000177c       0x24 ./source/UART.o
                0x0000177c                UART4_RX_TX_IRQHandler
 .text.NVIC_EnableIRQ
                0x000017a0       0x34 ./source/gpio.o
 .text.gpioMode
                0x000017d4      0x228 ./source/gpio.o
                0x000017d4                gpioMode
 .text.gpioIRQ_Config
                0x000019fc       0x70 ./source/gpio.o
                0x000019fc                gpioIRQ_Config
 .text.hw_Init  0x00001a6c       0xf4 ./source/hardware.o
                0x00001a6c                hw_Init
 .text.hw_EnableInterrupts
                0x00001b60       0x30 ./source/hardware.o
                0x00001b60                hw_EnableInterrupts
 .text.hw_DisableInterrupts
                0x00001b90       0x20 ./source/hardware.o
                0x00001b90                hw_DisableInterrupts
 .text.main     0x00001bb0       0x60 ./source/main.o
                0x00001bb0                main
 .text.SystemInit
                0x00001c10       0x40 ./CMSIS/system_MK64F12.o
                0x00001c10                SystemInit
 .text.__main   0x00001c50        0xe c:/nxp/mcuxpressoide_10.2.0_759/ide/tools/bin/../lib/gcc/arm-none-eabi/7.2.1/../../../../arm-none-eabi/lib/thumb/v7e-m/fpv4-sp/hard\libcr_nohost_nf.a(_cr__main.o)
                0x00001c50                __main
 *fill*         0x00001c5e        0x2 ff
 .text._initio  0x00001c60       0x78 c:/nxp/mcuxpressoide_10.2.0_759/ide/tools/bin/../lib/gcc/arm-none-eabi/7.2.1/../../../../arm-none-eabi/lib/thumb/v7e-m/fpv4-sp/hard\libcr_c.a(initio.o)
                0x00001c60                _initio
 .text.setvbuf  0x00001cd8       0x40 c:/nxp/mcuxpressoide_10.2.0_759/ide/tools/bin/../lib/gcc/arm-none-eabi/7.2.1/../../../../arm-none-eabi/lib/thumb/v7e-m/fpv4-sp/hard\libcr_c.a(setvbuf.o)
                0x00001cd8                setvbuf
 .text._fdopen  0x00001d18       0x68 c:/nxp/mcuxpressoide_10.2.0_759/ide/tools/bin/../lib/gcc/arm-none-eabi/7.2.1/../../../../arm-none-eabi/lib/thumb/v7e-m/fpv4-sp/hard\libcr_c.a(_fdopen.o)
                0x00001d18                _fdopen
 .text.fclose   0x00001d80       0x58 c:/nxp/mcuxpressoide_10.2.0_759/ide/tools/bin/../lib/gcc/arm-none-eabi/7.2.1/../../../../arm-none-eabi/lib/thumb/v7e-m/fpv4-sp/hard\libcr_c.a(fclose.o)
                0x00001d80                fclose
 .text.fflush   0x00001dd8       0x44 c:/nxp/mcuxpressoide_10.2.0_759/ide/tools/bin/../lib/gcc/arm-none-eabi/7.2.1/../../../../arm-none-eabi/lib/thumb/v7e-m/fpv4-sp/hard\libcr_c.a(fflush.o)
                0x00001dd8                fflush
 .text.fseek    0x00001e1c      0x100 c:/nxp/mcuxpressoide_10.2.0_759/ide/tools/bin/../lib/gcc/arm-none-eabi/7.2.1/../../../../arm-none-eabi/lib/thumb/v7e-m/fpv4-sp/hard\libcr_c.a(fseek.o)
                0x00001e1c                fseek
 .text.ftell    0x00001f1c       0x44 c:/nxp/mcuxpressoide_10.2.0_759/ide/tools/bin/../lib/gcc/arm-none-eabi/7.2.1/../../../../arm-none-eabi/lib/thumb/v7e-m/fpv4-sp/hard\libcr_c.a(ftell.o)
                0x00001f1c                ftell
 .text.remove   0x00001f60       0x14 c:/nxp/mcuxpressoide_10.2.0_759/ide/tools/bin/../lib/gcc/arm-none-eabi/7.2.1/../../../../arm-none-eabi/lib/thumb/v7e-m/fpv4-sp/hard\libcr_c.a(remove.o)
                0x00001f60                remove
 .text.strlen   0x00001f74       0x4a c:/nxp/mcuxpressoide_10.2.0_759/ide/tools/bin/../lib/gcc/arm-none-eabi/7.2.1/../../../../arm-none-eabi/lib/thumb/v7e-m/fpv4-sp/hard\libcr_c.a(strlen.o)
                0x00001f74                strlen
 .text.memset   0x00001fbe        0x4 c:/nxp/mcuxpressoide_10.2.0_759/ide/tools/bin/../lib/gcc/arm-none-eabi/7.2.1/../../../../arm-none-eabi/lib/thumb/v7e-m/fpv4-sp/hard\libcr_c.a(memset.o)
                0x00001fbe                memset
 .text._do_fflush
                0x00001fc2       0x40 c:/nxp/mcuxpressoide_10.2.0_759/ide/tools/bin/../lib/gcc/arm-none-eabi/7.2.1/../../../../arm-none-eabi/lib/thumb/v7e-m/fpv4-sp/hard\libcr_c.a(_do_fflush.o)
                0x00001fc2                _do_fflush
 .text._fflush  0x00002002       0x52 c:/nxp/mcuxpressoide_10.2.0_759/ide/tools/bin/../lib/gcc/arm-none-eabi/7.2.1/../../../../arm-none-eabi/lib/thumb/v7e-m/fpv4-sp/hard\libcr_c.a(_fflush.o)
                0x00002002                _fflush
 .text._Cwritebuf
                0x00002054       0x6c c:/nxp/mcuxpressoide_10.2.0_759/ide/tools/bin/../lib/gcc/arm-none-eabi/7.2.1/../../../../arm-none-eabi/lib/thumb/v7e-m/fpv4-sp/hard\libcr_c.a(_writebuf.o)
                0x00002054                _Cwritebuf
 .text.free     0x000020c0       0x30 c:/nxp/mcuxpressoide_10.2.0_759/ide/tools/bin/../lib/gcc/arm-none-eabi/7.2.1/../../../../arm-none-eabi/lib/thumb/v7e-m/fpv4-sp/hard\libcr_c.a(alloc.o)
                0x000020c0                free
 .text._deferredlazyseek
                0x000020f0       0x40 c:/nxp/mcuxpressoide_10.2.0_759/ide/tools/bin/../lib/gcc/arm-none-eabi/7.2.1/../../../../arm-none-eabi/lib/thumb/v7e-m/fpv4-sp/hard\libcr_c.a(_deferredlazyseek.o)
                0x000020f0                _deferredlazyseek
 .text.__aeabi_memset_lowlevel
                0x00002130       0x32 c:/nxp/mcuxpressoide_10.2.0_759/ide/tools/bin/../lib/gcc/arm-none-eabi/7.2.1/thumb/v7e-m/fpv4-sp/hard\libcr_eabihelpers.a(memcpy.o)
                0x00002130                __aeabi_lowlevel_memset
 .text.__sys_close
                0x00002162        0x6 c:/nxp/mcuxpressoide_10.2.0_759/ide/tools/bin/../lib/gcc/arm-none-eabi/7.2.1/../../../../arm-none-eabi/lib/thumb/v7e-m/fpv4-sp/hard\libcr_nohost_nf.a(__sys_close.o)
                0x00002162                __sys_close
 .text.__sys_flen
                0x00002168        0x6 c:/nxp/mcuxpressoide_10.2.0_759/ide/tools/bin/../lib/gcc/arm-none-eabi/7.2.1/../../../../arm-none-eabi/lib/thumb/v7e-m/fpv4-sp/hard\libcr_nohost_nf.a(__sys_flen.o)
                0x00002168                __sys_flen
 .text.__sys_istty
                0x0000216e        0x6 c:/nxp/mcuxpressoide_10.2.0_759/ide/tools/bin/../lib/gcc/arm-none-eabi/7.2.1/../../../../arm-none-eabi/lib/thumb/v7e-m/fpv4-sp/hard\libcr_nohost_nf.a(__sys_istty.o)
                0x0000216e                __sys_istty
 .text.__sys_remove
                0x00002174        0x6 c:/nxp/mcuxpressoide_10.2.0_759/ide/tools/bin/../lib/gcc/arm-none-eabi/7.2.1/../../../../arm-none-eabi/lib/thumb/v7e-m/fpv4-sp/hard\libcr_nohost_nf.a(__sys_remove.o)
                0x00002174                __sys_remove
 .text.__sys_seek
                0x0000217a        0x6 c:/nxp/mcuxpressoide_10.2.0_759/ide/tools/bin/../lib/gcc/arm-none-eabi/7.2.1/../../../../arm-none-eabi/lib/thumb/v7e-m/fpv4-sp/hard\libcr_nohost_nf.a(__sys_seek.o)
                0x0000217a                __sys_seek
 .text.__sys_tmpnam
                0x00002180        0x6 c:/nxp/mcuxpressoide_10.2.0_759/ide/tools/bin/../lib/gcc/arm-none-eabi/7.2.1/../../../../arm-none-eabi/lib/thumb/v7e-m/fpv4-sp/hard\libcr_nohost_nf.a(__sys_tmpnam.o)
                0x00002180                __sys_tmpnam
 .text.__sys_write
                0x00002186        0x4 c:/nxp/mcuxpressoide_10.2.0_759/ide/tools/bin/../lib/gcc/arm-none-eabi/7.2.1/../../../../arm-none-eabi/lib/thumb/v7e-m/fpv4-sp/hard\libcr_nohost_nf.a(__sys_write.o)
                0x00002186                __sys_write
 *(.rodata .rodata.* .constdata .constdata.*)
 *fill*         0x0000218a        0x2 ff
 .rodata        0x0000218c       0x12 ./source/main.o
 .rodata._initio.str1.1
                0x0000219e        0x4 c:/nxp/mcuxpressoide_10.2.0_759/ide/tools/bin/../lib/gcc/arm-none-eabi/7.2.1/../../../../arm-none-eabi/lib/thumb/v7e-m/fpv4-sp/hard\libcr_c.a(initio.o)
 *fill*         0x000021a2        0x2 ff
 .rodata.__num_Ciob_streams
                0x000021a4        0x4 c:/nxp/mcuxpressoide_10.2.0_759/ide/tools/bin/../lib/gcc/arm-none-eabi/7.2.1/../../../../arm-none-eabi/lib/thumb/v7e-m/fpv4-sp/hard\libcr_nohost_nf.a(__ciob.o)
                0x000021a4                __num_Ciob_streams
                0x000021a8                . = ALIGN (0x8)

.glue_7         0x000021a8        0x0
 .glue_7        0x000021a8        0x0 linker stubs

.glue_7t        0x000021a8        0x0
 .glue_7t       0x000021a8        0x0 linker stubs

.vfp11_veneer   0x000021a8        0x0
 .vfp11_veneer  0x000021a8        0x0 linker stubs

.v4_bx          0x000021a8        0x0
 .v4_bx         0x000021a8        0x0 linker stubs

.iplt           0x000021a8        0x0
 .iplt          0x000021a8        0x0 ./startup/startup_mk64f12.o

.rel.dyn        0x000021a8        0x0
 .rel.iplt      0x000021a8        0x0 ./startup/startup_mk64f12.o

.ARM.extab
 *(.ARM.extab* .gnu.linkonce.armextab.*)
                0x000021a8                __exidx_start = .

.ARM.exidx
 *(.ARM.exidx* .gnu.linkonce.armexidx.*)
                0x000021a8                __exidx_end = .
                0x000021a8                _etext = .

.m_usb_data
 *(m_usb_bdt)

.data_RAM2      0x1fff0000        0x0 load address 0x000021a8
 FILL mask 0xff
                [!provide]                PROVIDE (__start_data_RAM2, .)
 *(.ramfunc.$RAM2)
 *(.ramfunc.$SRAM_LOWER)
 *(.data.$RAM2*)
 *(.data.$SRAM_LOWER*)
                0x1fff0000                . = ALIGN (0x8)
                [!provide]                PROVIDE (__end_data_RAM2, .)

.data_RAM3      0x14000000        0x0 load address 0x000021a8
 FILL mask 0xff
                [!provide]                PROVIDE (__start_data_RAM3, .)
 *(.ramfunc.$RAM3)
 *(.ramfunc.$FLEX_RAM)
 *(.data.$RAM3*)
 *(.data.$FLEX_RAM*)
                0x14000000                . = ALIGN (0x8)
                [!provide]                PROVIDE (__end_data_RAM3, .)

.uninit_RESERVED
                0x20000000        0x0
 *(.bss.$RESERVED*)
                0x20000000                . = ALIGN (0x4)
                0x20000000                _end_uninit_RESERVED = .

.data           0x20000000        0x0 load address 0x000021a8
 FILL mask 0xff
                0x20000000                _data = .
 *(vtable)
 *(.ramfunc*)
 *(.data*)
                0x20000000                . = ALIGN (0x8)
                0x20000000                _edata = .

.igot.plt       0x20000000        0x0 load address 0x000021a8
 .igot.plt      0x20000000        0x0 ./startup/startup_mk64f12.o

.bss_RAM2       0x1fff0000        0x0
                [!provide]                PROVIDE (__start_bss_RAM2, .)
 *(.bss.$RAM2*)
 *(.bss.$SRAM_LOWER*)
                0x1fff0000                . = ALIGN ((. != 0x0)?0x8:0x1)
                [!provide]                PROVIDE (__end_bss_RAM2, .)

.bss_RAM3       0x14000000        0x0
                [!provide]                PROVIDE (__start_bss_RAM3, .)
 *(.bss.$RAM3*)
 *(.bss.$FLEX_RAM*)
                0x14000000                . = ALIGN ((. != 0x0)?0x8:0x1)
                [!provide]                PROVIDE (__end_bss_RAM3, .)

.bss            0x20000000      0x4f0
                0x20000000                _bss = .
 *(.bss*)
 .bss.can_spi_buffers
                0x20000000       0xfc ./source/CAN_SPI.o
                0x20000000                can_spi_buffers
 .bss.aux.7070  0x200000fc       0x10 ./source/CAN_SPI.o
 .bss.intStatus.7071
                0x2000010c        0x1 ./source/CAN_SPI.o
 *fill*         0x2000010d        0x3 
 .bss.spi_buffers
                0x20000110       0xe0 ./source/SPI.o
                0x20000110                spi_buffers
 .bss.transfer_complete
                0x200001f0        0x1 ./source/SPI.o
 *fill*         0x200001f1        0x3 
 .bss.externalCB
                0x200001f4        0x4 ./source/SPI.o
 .bss.systick_Callback_Array
                0x200001f8       0xb4 ./source/Systick.o
 .bss.num_Callbacks
                0x200002ac        0x4 ./source/Systick.o
 .bss.uart_buffers
                0x200002b0      0x180 ./source/UART.o
                0x200002b0                uart_buffers
 .bss.__LDM_interruptDisableCount
                0x20000430        0x4 ./source/hardware.o
 .bss.errno     0x20000434        0x4 c:/nxp/mcuxpressoide_10.2.0_759/ide/tools/bin/../lib/gcc/arm-none-eabi/7.2.1/../../../../arm-none-eabi/lib/thumb/v7e-m/fpv4-sp/hard\libcr_c.a(errno.o)
                0x20000434                errno
 .bss.__Ciob    0x20000438       0xb4 c:/nxp/mcuxpressoide_10.2.0_759/ide/tools/bin/../lib/gcc/arm-none-eabi/7.2.1/../../../../arm-none-eabi/lib/thumb/v7e-m/fpv4-sp/hard\libcr_nohost_nf.a(__ciob.o)
                0x20000438                __Ciob
 *(COMMON)
                0x200004f0                . = ALIGN (0x8)
 *fill*         0x200004ec        0x4 
                0x200004f0                _ebss = .
                [!provide]                PROVIDE (end, .)

.noinit_RAM2    0x1fff0000        0x0
 *(.noinit.$RAM2*)
 *(.noinit.$SRAM_LOWER*)
                0x1fff0000                . = ALIGN (0x8)

.noinit_RAM3    0x14000000        0x0
 *(.noinit.$RAM3*)
 *(.noinit.$FLEX_RAM*)
                0x14000000                . = ALIGN (0x8)

.noinit         0x200004f0        0x0
                0x200004f0                _noinit = .
 *(.noinit*)
                0x200004f0                . = ALIGN (0x8)
                0x200004f0                _end_noinit = .
                0x00001000                _HeapSize = 0x1000

.heap           0x200004f0     0x1000
                0x200004f0                _pvHeapStart = .
                0x200014f0                . = (. + _HeapSize)
 *fill*         0x200004f0     0x1000 
                0x200014f0                . = ALIGN (0x8)
                0x200014f0                _pvHeapLimit = .
                0x00001000                _StackSize = 0x1000

.heap2stackfill
                0x200014f0     0x1000
                0x200024f0                . = (. + _StackSize)
 *fill*         0x200014f0     0x1000 

.stack          0x2002f000        0x0
                0x2002f000                _vStackBase = .
                0x2002f000                . = ALIGN (0x8)
                0x20030000                _vStackTop = (. + _StackSize)
                0x00000000                _image_start = LOADADDR (.text)
                0x000021a8                _image_end = (LOADADDR (.data) + SIZEOF (.data))
                0x000021a8                _image_size = (_image_end - _image_start)
OUTPUT(UART1.axf elf32-littlearm)

.debug_info     0x00000000     0x440d
 .debug_info    0x00000000      0x8b0 ./startup/startup_mk64f12.o
 .debug_info    0x000008b0      0x7f9 ./source/CAN_SPI.o
 .debug_info    0x000010a9      0xd6c ./source/SPI.o
 .debug_info    0x00001e15      0x22f ./source/Systick.o
 .debug_info    0x00002044      0xcdd ./source/UART.o
 .debug_info    0x00002d21      0x92b ./source/gpio.o
 .debug_info    0x0000364c      0x6aa ./source/hardware.o
 .debug_info    0x00003cf6       0xf8 ./source/main.o
 .debug_info    0x00003dee      0x61f ./CMSIS/system_MK64F12.o

.debug_abbrev   0x00000000      0xff9
 .debug_abbrev  0x00000000      0x15c ./startup/startup_mk64f12.o
 .debug_abbrev  0x0000015c      0x262 ./source/CAN_SPI.o
 .debug_abbrev  0x000003be      0x2ed ./source/SPI.o
 .debug_abbrev  0x000006ab      0x169 ./source/Systick.o
 .debug_abbrev  0x00000814      0x2df ./source/UART.o
 .debug_abbrev  0x00000af3      0x1d5 ./source/gpio.o
 .debug_abbrev  0x00000cc8      0x14d ./source/hardware.o
 .debug_abbrev  0x00000e15       0xa8 ./source/main.o
 .debug_abbrev  0x00000ebd      0x13c ./CMSIS/system_MK64F12.o

.debug_aranges  0x00000000      0x610
 .debug_aranges
                0x00000000      0x330 ./startup/startup_mk64f12.o
 .debug_aranges
                0x00000330       0xb0 ./source/CAN_SPI.o
 .debug_aranges
                0x000003e0       0x98 ./source/SPI.o
 .debug_aranges
                0x00000478       0x30 ./source/Systick.o
 .debug_aranges
                0x000004a8       0xa0 ./source/UART.o
 .debug_aranges
                0x00000548       0x50 ./source/gpio.o
 .debug_aranges
                0x00000598       0x30 ./source/hardware.o
 .debug_aranges
                0x000005c8       0x20 ./source/main.o
 .debug_aranges
                0x000005e8       0x28 ./CMSIS/system_MK64F12.o

.debug_ranges   0x00000000      0x598
 .debug_ranges  0x00000000      0x320 ./startup/startup_mk64f12.o
 .debug_ranges  0x00000320       0xa0 ./source/CAN_SPI.o
 .debug_ranges  0x000003c0       0xa0 ./source/SPI.o
 .debug_ranges  0x00000460       0x20 ./source/Systick.o
 .debug_ranges  0x00000480       0x90 ./source/UART.o
 .debug_ranges  0x00000510       0x40 ./source/gpio.o
 .debug_ranges  0x00000550       0x20 ./source/hardware.o
 .debug_ranges  0x00000570       0x10 ./source/main.o
 .debug_ranges  0x00000580       0x18 ./CMSIS/system_MK64F12.o

.debug_macro    0x00000000    0x11c64
 .debug_macro   0x00000000       0x29 ./startup/startup_mk64f12.o
 .debug_macro   0x00000029      0xa7e ./startup/startup_mk64f12.o
 .debug_macro   0x00000aa7      0x1a7 ./source/CAN_SPI.o
 .debug_macro   0x00000c4e       0x10 ./source/CAN_SPI.o
 .debug_macro   0x00000c5e      0x12d ./source/CAN_SPI.o
 .debug_macro   0x00000d8b      0x5b2 ./source/CAN_SPI.o
 .debug_macro   0x0000133d       0x22 ./source/CAN_SPI.o
 .debug_macro   0x0000135f       0x10 ./source/CAN_SPI.o
 .debug_macro   0x0000136f       0x5b ./source/CAN_SPI.o
 .debug_macro   0x000013ca       0x3b ./source/CAN_SPI.o
 .debug_macro   0x00001405       0x50 ./source/CAN_SPI.o
 .debug_macro   0x00001455      0xd40 ./source/CAN_SPI.o
 .debug_macro   0x00002195       0x44 ./source/CAN_SPI.o
 .debug_macro   0x000021d9     0xe07b ./source/CAN_SPI.o
 .debug_macro   0x00010254     0x13c7 ./source/CAN_SPI.o
 .debug_macro   0x0001161b       0x16 ./source/CAN_SPI.o
 .debug_macro   0x00011631       0x10 ./source/CAN_SPI.o
 .debug_macro   0x00011641       0x3a ./source/CAN_SPI.o
 .debug_macro   0x0001167b      0x101 ./source/SPI.o
 .debug_macro   0x0001177c       0xd6 ./source/Systick.o
 .debug_macro   0x00011852       0x1c ./source/Systick.o
 .debug_macro   0x0001186e       0xfb ./source/UART.o
 .debug_macro   0x00011969       0xc3 ./source/gpio.o
 .debug_macro   0x00011a2c       0xbb ./source/hardware.o
 .debug_macro   0x00011ae7       0xde ./source/main.o
 .debug_macro   0x00011bc5       0x9f ./CMSIS/system_MK64F12.o

.debug_line     0x00000000     0x1fce
 .debug_line    0x00000000      0x6d4 ./startup/startup_mk64f12.o
 .debug_line    0x000006d4      0x502 ./source/CAN_SPI.o
 .debug_line    0x00000bd6      0x417 ./source/SPI.o
 .debug_line    0x00000fed      0x27b ./source/Systick.o
 .debug_line    0x00001268      0x3fe ./source/UART.o
 .debug_line    0x00001666      0x285 ./source/gpio.o
 .debug_line    0x000018eb      0x278 ./source/hardware.o
 .debug_line    0x00001b63      0x25f ./source/main.o
 .debug_line    0x00001dc2      0x20c ./CMSIS/system_MK64F12.o

.debug_str      0x00000000    0x79385
 .debug_str     0x00000000     0x35c1 ./startup/startup_mk64f12.o
                               0x3619 (size before relaxing)
 .debug_str     0x000035c1    0x74db2 ./source/CAN_SPI.o
                              0x77bf0 (size before relaxing)
 .debug_str     0x00078373      0x895 ./source/SPI.o
                              0x78007 (size before relaxing)
 .debug_str     0x00078c08      0x165 ./source/Systick.o
                              0x776e1 (size before relaxing)
 .debug_str     0x00078d6d      0x214 ./source/UART.o
                              0x77fd5 (size before relaxing)
 .debug_str     0x00078f81      0x22b ./source/gpio.o
                              0x70cd3 (size before relaxing)
 .debug_str     0x000791ac      0x16a ./source/hardware.o
                              0x777a0 (size before relaxing)
 .debug_str     0x00079316       0x20 ./source/main.o
                              0x775a9 (size before relaxing)
 .debug_str     0x00079336       0x4f ./CMSIS/system_MK64F12.o
                              0x776a1 (size before relaxing)

.comment        0x00000000       0x7e
 .comment       0x00000000       0x7e ./startup/startup_mk64f12.o
                                 0x7f (size before relaxing)
 .comment       0x0000007e       0x7f ./source/CAN_SPI.o
 .comment       0x0000007e       0x7f ./source/SPI.o
 .comment       0x0000007e       0x7f ./source/Systick.o
 .comment       0x0000007e       0x7f ./source/UART.o
 .comment       0x0000007e       0x7f ./source/gpio.o
 .comment       0x0000007e       0x7f ./source/hardware.o
 .comment       0x0000007e       0x7f ./source/main.o
 .comment       0x0000007e       0x7f ./CMSIS/system_MK64F12.o
 .comment       0x0000007e       0x7f c:/nxp/mcuxpressoide_10.2.0_759/ide/tools/bin/../lib/gcc/arm-none-eabi/7.2.1/../../../../arm-none-eabi/lib/thumb/v7e-m/fpv4-sp/hard\libcr_nohost_nf.a(_cr__main.o)
 .comment       0x0000007e       0x7f c:/nxp/mcuxpressoide_10.2.0_759/ide/tools/bin/../lib/gcc/arm-none-eabi/7.2.1/../../../../arm-none-eabi/lib/thumb/v7e-m/fpv4-sp/hard\libcr_c.a(initio.o)
 .comment       0x0000007e       0x7f c:/nxp/mcuxpressoide_10.2.0_759/ide/tools/bin/../lib/gcc/arm-none-eabi/7.2.1/../../../../arm-none-eabi/lib/thumb/v7e-m/fpv4-sp/hard\libcr_c.a(setvbuf.o)
 .comment       0x0000007e       0x7f c:/nxp/mcuxpressoide_10.2.0_759/ide/tools/bin/../lib/gcc/arm-none-eabi/7.2.1/../../../../arm-none-eabi/lib/thumb/v7e-m/fpv4-sp/hard\libcr_c.a(_fdopen.o)
 .comment       0x0000007e       0x7f c:/nxp/mcuxpressoide_10.2.0_759/ide/tools/bin/../lib/gcc/arm-none-eabi/7.2.1/../../../../arm-none-eabi/lib/thumb/v7e-m/fpv4-sp/hard\libcr_c.a(fclose.o)
 .comment       0x0000007e       0x7f c:/nxp/mcuxpressoide_10.2.0_759/ide/tools/bin/../lib/gcc/arm-none-eabi/7.2.1/../../../../arm-none-eabi/lib/thumb/v7e-m/fpv4-sp/hard\libcr_c.a(fflush.o)
 .comment       0x0000007e       0x7f c:/nxp/mcuxpressoide_10.2.0_759/ide/tools/bin/../lib/gcc/arm-none-eabi/7.2.1/../../../../arm-none-eabi/lib/thumb/v7e-m/fpv4-sp/hard\libcr_c.a(fseek.o)
 .comment       0x0000007e       0x7f c:/nxp/mcuxpressoide_10.2.0_759/ide/tools/bin/../lib/gcc/arm-none-eabi/7.2.1/../../../../arm-none-eabi/lib/thumb/v7e-m/fpv4-sp/hard\libcr_c.a(ftell.o)
 .comment       0x0000007e       0x7f c:/nxp/mcuxpressoide_10.2.0_759/ide/tools/bin/../lib/gcc/arm-none-eabi/7.2.1/../../../../arm-none-eabi/lib/thumb/v7e-m/fpv4-sp/hard\libcr_c.a(remove.o)
 .comment       0x0000007e       0x7f c:/nxp/mcuxpressoide_10.2.0_759/ide/tools/bin/../lib/gcc/arm-none-eabi/7.2.1/../../../../arm-none-eabi/lib/thumb/v7e-m/fpv4-sp/hard\libcr_c.a(strlen.o)
 .comment       0x0000007e       0x7f c:/nxp/mcuxpressoide_10.2.0_759/ide/tools/bin/../lib/gcc/arm-none-eabi/7.2.1/../../../../arm-none-eabi/lib/thumb/v7e-m/fpv4-sp/hard\libcr_c.a(memset.o)
 .comment       0x0000007e       0x7f c:/nxp/mcuxpressoide_10.2.0_759/ide/tools/bin/../lib/gcc/arm-none-eabi/7.2.1/../../../../arm-none-eabi/lib/thumb/v7e-m/fpv4-sp/hard\libcr_c.a(_do_fflush.o)
 .comment       0x0000007e       0x7f c:/nxp/mcuxpressoide_10.2.0_759/ide/tools/bin/../lib/gcc/arm-none-eabi/7.2.1/../../../../arm-none-eabi/lib/thumb/v7e-m/fpv4-sp/hard\libcr_c.a(_fflush.o)
 .comment       0x0000007e       0x7f c:/nxp/mcuxpressoide_10.2.0_759/ide/tools/bin/../lib/gcc/arm-none-eabi/7.2.1/../../../../arm-none-eabi/lib/thumb/v7e-m/fpv4-sp/hard\libcr_c.a(_writebuf.o)
 .comment       0x0000007e       0x7f c:/nxp/mcuxpressoide_10.2.0_759/ide/tools/bin/../lib/gcc/arm-none-eabi/7.2.1/../../../../arm-none-eabi/lib/thumb/v7e-m/fpv4-sp/hard\libcr_c.a(alloc.o)
 .comment       0x0000007e       0x7f c:/nxp/mcuxpressoide_10.2.0_759/ide/tools/bin/../lib/gcc/arm-none-eabi/7.2.1/../../../../arm-none-eabi/lib/thumb/v7e-m/fpv4-sp/hard\libcr_c.a(errno.o)
 .comment       0x0000007e       0x7f c:/nxp/mcuxpressoide_10.2.0_759/ide/tools/bin/../lib/gcc/arm-none-eabi/7.2.1/../../../../arm-none-eabi/lib/thumb/v7e-m/fpv4-sp/hard\libcr_c.a(_deferredlazyseek.o)
 .comment       0x0000007e       0x7f c:/nxp/mcuxpressoide_10.2.0_759/ide/tools/bin/../lib/gcc/arm-none-eabi/7.2.1/../../../../arm-none-eabi/lib/thumb/v7e-m/fpv4-sp/hard\libcr_nohost_nf.a(__ciob.o)
 .comment       0x0000007e       0x7f c:/nxp/mcuxpressoide_10.2.0_759/ide/tools/bin/../lib/gcc/arm-none-eabi/7.2.1/../../../../arm-none-eabi/lib/thumb/v7e-m/fpv4-sp/hard\libcr_nohost_nf.a(__sys_close.o)
 .comment       0x0000007e       0x7f c:/nxp/mcuxpressoide_10.2.0_759/ide/tools/bin/../lib/gcc/arm-none-eabi/7.2.1/../../../../arm-none-eabi/lib/thumb/v7e-m/fpv4-sp/hard\libcr_nohost_nf.a(__sys_flen.o)
 .comment       0x0000007e       0x7f c:/nxp/mcuxpressoide_10.2.0_759/ide/tools/bin/../lib/gcc/arm-none-eabi/7.2.1/../../../../arm-none-eabi/lib/thumb/v7e-m/fpv4-sp/hard\libcr_nohost_nf.a(__sys_istty.o)
 .comment       0x0000007e       0x7f c:/nxp/mcuxpressoide_10.2.0_759/ide/tools/bin/../lib/gcc/arm-none-eabi/7.2.1/../../../../arm-none-eabi/lib/thumb/v7e-m/fpv4-sp/hard\libcr_nohost_nf.a(__sys_remove.o)
 .comment       0x0000007e       0x7f c:/nxp/mcuxpressoide_10.2.0_759/ide/tools/bin/../lib/gcc/arm-none-eabi/7.2.1/../../../../arm-none-eabi/lib/thumb/v7e-m/fpv4-sp/hard\libcr_nohost_nf.a(__sys_seek.o)
 .comment       0x0000007e       0x7f c:/nxp/mcuxpressoide_10.2.0_759/ide/tools/bin/../lib/gcc/arm-none-eabi/7.2.1/../../../../arm-none-eabi/lib/thumb/v7e-m/fpv4-sp/hard\libcr_nohost_nf.a(__sys_tmpnam.o)
 .comment       0x0000007e       0x7f c:/nxp/mcuxpressoide_10.2.0_759/ide/tools/bin/../lib/gcc/arm-none-eabi/7.2.1/../../../../arm-none-eabi/lib/thumb/v7e-m/fpv4-sp/hard\libcr_nohost_nf.a(__sys_write.o)

.ARM.attributes
                0x00000000       0x37
 .ARM.attributes
                0x00000000       0x39 ./startup/startup_mk64f12.o
 .ARM.attributes
                0x00000039       0x39 ./source/CAN_SPI.o
 .ARM.attributes
                0x00000072       0x39 ./source/SPI.o
 .ARM.attributes
                0x000000ab       0x39 ./source/Systick.o
 .ARM.attributes
                0x000000e4       0x39 ./source/UART.o
 .ARM.attributes
                0x0000011d       0x39 ./source/gpio.o
 .ARM.attributes
                0x00000156       0x39 ./source/hardware.o
 .ARM.attributes
                0x0000018f       0x39 ./source/main.o
 .ARM.attributes
                0x000001c8       0x39 ./CMSIS/system_MK64F12.o
 .ARM.attributes
                0x00000201       0x39 c:/nxp/mcuxpressoide_10.2.0_759/ide/tools/bin/../lib/gcc/arm-none-eabi/7.2.1/../../../../arm-none-eabi/lib/thumb/v7e-m/fpv4-sp/hard\libcr_nohost_nf.a(_cr__main.o)
 .ARM.attributes
                0x0000023a       0x39 c:/nxp/mcuxpressoide_10.2.0_759/ide/tools/bin/../lib/gcc/arm-none-eabi/7.2.1/../../../../arm-none-eabi/lib/thumb/v7e-m/fpv4-sp/hard\libcr_c.a(initio.o)
 .ARM.attributes
                0x00000273       0x39 c:/nxp/mcuxpressoide_10.2.0_759/ide/tools/bin/../lib/gcc/arm-none-eabi/7.2.1/../../../../arm-none-eabi/lib/thumb/v7e-m/fpv4-sp/hard\libcr_c.a(setvbuf.o)
 .ARM.attributes
                0x000002ac       0x39 c:/nxp/mcuxpressoide_10.2.0_759/ide/tools/bin/../lib/gcc/arm-none-eabi/7.2.1/../../../../arm-none-eabi/lib/thumb/v7e-m/fpv4-sp/hard\libcr_c.a(_fdopen.o)
 .ARM.attributes
                0x000002e5       0x39 c:/nxp/mcuxpressoide_10.2.0_759/ide/tools/bin/../lib/gcc/arm-none-eabi/7.2.1/../../../../arm-none-eabi/lib/thumb/v7e-m/fpv4-sp/hard\libcr_c.a(fclose.o)
 .ARM.attributes
                0x0000031e       0x39 c:/nxp/mcuxpressoide_10.2.0_759/ide/tools/bin/../lib/gcc/arm-none-eabi/7.2.1/../../../../arm-none-eabi/lib/thumb/v7e-m/fpv4-sp/hard\libcr_c.a(fflush.o)
 .ARM.attributes
                0x00000357       0x39 c:/nxp/mcuxpressoide_10.2.0_759/ide/tools/bin/../lib/gcc/arm-none-eabi/7.2.1/../../../../arm-none-eabi/lib/thumb/v7e-m/fpv4-sp/hard\libcr_c.a(fseek.o)
 .ARM.attributes
                0x00000390       0x39 c:/nxp/mcuxpressoide_10.2.0_759/ide/tools/bin/../lib/gcc/arm-none-eabi/7.2.1/../../../../arm-none-eabi/lib/thumb/v7e-m/fpv4-sp/hard\libcr_c.a(ftell.o)
 .ARM.attributes
                0x000003c9       0x39 c:/nxp/mcuxpressoide_10.2.0_759/ide/tools/bin/../lib/gcc/arm-none-eabi/7.2.1/../../../../arm-none-eabi/lib/thumb/v7e-m/fpv4-sp/hard\libcr_c.a(remove.o)
 .ARM.attributes
                0x00000402       0x39 c:/nxp/mcuxpressoide_10.2.0_759/ide/tools/bin/../lib/gcc/arm-none-eabi/7.2.1/../../../../arm-none-eabi/lib/thumb/v7e-m/fpv4-sp/hard\libcr_c.a(strlen.o)
 .ARM.attributes
                0x0000043b       0x39 c:/nxp/mcuxpressoide_10.2.0_759/ide/tools/bin/../lib/gcc/arm-none-eabi/7.2.1/../../../../arm-none-eabi/lib/thumb/v7e-m/fpv4-sp/hard\libcr_c.a(memset.o)
 .ARM.attributes
                0x00000474       0x39 c:/nxp/mcuxpressoide_10.2.0_759/ide/tools/bin/../lib/gcc/arm-none-eabi/7.2.1/../../../../arm-none-eabi/lib/thumb/v7e-m/fpv4-sp/hard\libcr_c.a(_do_fflush.o)
 .ARM.attributes
                0x000004ad       0x39 c:/nxp/mcuxpressoide_10.2.0_759/ide/tools/bin/../lib/gcc/arm-none-eabi/7.2.1/../../../../arm-none-eabi/lib/thumb/v7e-m/fpv4-sp/hard\libcr_c.a(_fflush.o)
 .ARM.attributes
                0x000004e6       0x39 c:/nxp/mcuxpressoide_10.2.0_759/ide/tools/bin/../lib/gcc/arm-none-eabi/7.2.1/../../../../arm-none-eabi/lib/thumb/v7e-m/fpv4-sp/hard\libcr_c.a(_writebuf.o)
 .ARM.attributes
                0x0000051f       0x39 c:/nxp/mcuxpressoide_10.2.0_759/ide/tools/bin/../lib/gcc/arm-none-eabi/7.2.1/../../../../arm-none-eabi/lib/thumb/v7e-m/fpv4-sp/hard\libcr_c.a(alloc.o)
 .ARM.attributes
                0x00000558       0x39 c:/nxp/mcuxpressoide_10.2.0_759/ide/tools/bin/../lib/gcc/arm-none-eabi/7.2.1/../../../../arm-none-eabi/lib/thumb/v7e-m/fpv4-sp/hard\libcr_c.a(errno.o)
 .ARM.attributes
                0x00000591       0x39 c:/nxp/mcuxpressoide_10.2.0_759/ide/tools/bin/../lib/gcc/arm-none-eabi/7.2.1/../../../../arm-none-eabi/lib/thumb/v7e-m/fpv4-sp/hard\libcr_c.a(_deferredlazyseek.o)
 .ARM.attributes
                0x000005ca       0x25 c:/nxp/mcuxpressoide_10.2.0_759/ide/tools/bin/../lib/gcc/arm-none-eabi/7.2.1/thumb/v7e-m/fpv4-sp/hard\libcr_eabihelpers.a(memcpy.o)
 .ARM.attributes
                0x000005ef       0x39 c:/nxp/mcuxpressoide_10.2.0_759/ide/tools/bin/../lib/gcc/arm-none-eabi/7.2.1/../../../../arm-none-eabi/lib/thumb/v7e-m/fpv4-sp/hard\libcr_nohost_nf.a(__ciob.o)
 .ARM.attributes
                0x00000628       0x39 c:/nxp/mcuxpressoide_10.2.0_759/ide/tools/bin/../lib/gcc/arm-none-eabi/7.2.1/../../../../arm-none-eabi/lib/thumb/v7e-m/fpv4-sp/hard\libcr_nohost_nf.a(__sys_close.o)
 .ARM.attributes
                0x00000661       0x39 c:/nxp/mcuxpressoide_10.2.0_759/ide/tools/bin/../lib/gcc/arm-none-eabi/7.2.1/../../../../arm-none-eabi/lib/thumb/v7e-m/fpv4-sp/hard\libcr_nohost_nf.a(__sys_flen.o)
 .ARM.attributes
                0x0000069a       0x39 c:/nxp/mcuxpressoide_10.2.0_759/ide/tools/bin/../lib/gcc/arm-none-eabi/7.2.1/../../../../arm-none-eabi/lib/thumb/v7e-m/fpv4-sp/hard\libcr_nohost_nf.a(__sys_istty.o)
 .ARM.attributes
                0x000006d3       0x39 c:/nxp/mcuxpressoide_10.2.0_759/ide/tools/bin/../lib/gcc/arm-none-eabi/7.2.1/../../../../arm-none-eabi/lib/thumb/v7e-m/fpv4-sp/hard\libcr_nohost_nf.a(__sys_remove.o)
 .ARM.attributes
                0x0000070c       0x39 c:/nxp/mcuxpressoide_10.2.0_759/ide/tools/bin/../lib/gcc/arm-none-eabi/7.2.1/../../../../arm-none-eabi/lib/thumb/v7e-m/fpv4-sp/hard\libcr_nohost_nf.a(__sys_seek.o)
 .ARM.attributes
                0x00000745       0x39 c:/nxp/mcuxpressoide_10.2.0_759/ide/tools/bin/../lib/gcc/arm-none-eabi/7.2.1/../../../../arm-none-eabi/lib/thumb/v7e-m/fpv4-sp/hard\libcr_nohost_nf.a(__sys_tmpnam.o)
 .ARM.attributes
                0x0000077e       0x39 c:/nxp/mcuxpressoide_10.2.0_759/ide/tools/bin/../lib/gcc/arm-none-eabi/7.2.1/../../../../arm-none-eabi/lib/thumb/v7e-m/fpv4-sp/hard\libcr_nohost_nf.a(__sys_write.o)

.debug_frame    0x00000000     0x15b8
 .debug_frame   0x00000000      0xa60 ./startup/startup_mk64f12.o
 .debug_frame   0x00000a60      0x318 ./source/CAN_SPI.o
 .debug_frame   0x00000d78      0x280 ./source/SPI.o
 .debug_frame   0x00000ff8       0x98 ./source/Systick.o
 .debug_frame   0x00001090      0x2f4 ./source/UART.o
 .debug_frame   0x00001384      0x12c ./source/gpio.o
 .debug_frame   0x000014b0       0x7c ./source/hardware.o
 .debug_frame   0x0000152c       0x2c ./source/main.o
 .debug_frame   0x00001558       0x60 ./CMSIS/system_MK64F12.o
