Archive member included to satisfy reference by file (symbol)

c:/nxp/mcuxpressoide_10.2.0_759/ide/tools/bin/../lib/gcc/arm-none-eabi/7.2.1/../../../../arm-none-eabi/lib/thumb/v7e-m/fpv4-sp/hard\libcr_nohost_nf.a(_cr__main.o)
                              ./startup/startup_mk64f12.o (__main)
c:/nxp/mcuxpressoide_10.2.0_759/ide/tools/bin/../lib/gcc/arm-none-eabi/7.2.1/../../../../arm-none-eabi/lib/thumb/v7e-m/fpv4-sp/hard\libcr_c.a(initio.o)
                              c:/nxp/mcuxpressoide_10.2.0_759/ide/tools/bin/../lib/gcc/arm-none-eabi/7.2.1/../../../../arm-none-eabi/lib/thumb/v7e-m/fpv4-sp/hard\libcr_nohost_nf.a(_cr__main.o) (_initio)
c:/nxp/mcuxpressoide_10.2.0_759/ide/tools/bin/../lib/gcc/arm-none-eabi/7.2.1/../../../../arm-none-eabi/lib/thumb/v7e-m/fpv4-sp/hard\libcr_c.a(setvbuf.o)
                              c:/nxp/mcuxpressoide_10.2.0_759/ide/tools/bin/../lib/gcc/arm-none-eabi/7.2.1/../../../../arm-none-eabi/lib/thumb/v7e-m/fpv4-sp/hard\libcr_c.a(initio.o) (setvbuf)
c:/nxp/mcuxpressoide_10.2.0_759/ide/tools/bin/../lib/gcc/arm-none-eabi/7.2.1/../../../../arm-none-eabi/lib/thumb/v7e-m/fpv4-sp/hard\libcr_c.a(_fdopen.o)
                              c:/nxp/mcuxpressoide_10.2.0_759/ide/tools/bin/../lib/gcc/arm-none-eabi/7.2.1/../../../../arm-none-eabi/lib/thumb/v7e-m/fpv4-sp/hard\libcr_c.a(initio.o) (_fdopen)
c:/nxp/mcuxpressoide_10.2.0_759/ide/tools/bin/../lib/gcc/arm-none-eabi/7.2.1/../../../../arm-none-eabi/lib/thumb/v7e-m/fpv4-sp/hard\libcr_c.a(fclose.o)
                              c:/nxp/mcuxpressoide_10.2.0_759/ide/tools/bin/../lib/gcc/arm-none-eabi/7.2.1/../../../../arm-none-eabi/lib/thumb/v7e-m/fpv4-sp/hard\libcr_c.a(initio.o) (fclose)
c:/nxp/mcuxpressoide_10.2.0_759/ide/tools/bin/../lib/gcc/arm-none-eabi/7.2.1/../../../../arm-none-eabi/lib/thumb/v7e-m/fpv4-sp/hard\libcr_c.a(fflush.o)
                              c:/nxp/mcuxpressoide_10.2.0_759/ide/tools/bin/../lib/gcc/arm-none-eabi/7.2.1/../../../../arm-none-eabi/lib/thumb/v7e-m/fpv4-sp/hard\libcr_c.a(fclose.o) (fflush)
c:/nxp/mcuxpressoide_10.2.0_759/ide/tools/bin/../lib/gcc/arm-none-eabi/7.2.1/../../../../arm-none-eabi/lib/thumb/v7e-m/fpv4-sp/hard\libcr_c.a(fseek.o)
                              c:/nxp/mcuxpressoide_10.2.0_759/ide/tools/bin/../lib/gcc/arm-none-eabi/7.2.1/../../../../arm-none-eabi/lib/thumb/v7e-m/fpv4-sp/hard\libcr_c.a(_fdopen.o) (fseek)
c:/nxp/mcuxpressoide_10.2.0_759/ide/tools/bin/../lib/gcc/arm-none-eabi/7.2.1/../../../../arm-none-eabi/lib/thumb/v7e-m/fpv4-sp/hard\libcr_c.a(ftell.o)
                              c:/nxp/mcuxpressoide_10.2.0_759/ide/tools/bin/../lib/gcc/arm-none-eabi/7.2.1/../../../../arm-none-eabi/lib/thumb/v7e-m/fpv4-sp/hard\libcr_c.a(fseek.o) (ftell)
c:/nxp/mcuxpressoide_10.2.0_759/ide/tools/bin/../lib/gcc/arm-none-eabi/7.2.1/../../../../arm-none-eabi/lib/thumb/v7e-m/fpv4-sp/hard\libcr_c.a(remove.o)
                              c:/nxp/mcuxpressoide_10.2.0_759/ide/tools/bin/../lib/gcc/arm-none-eabi/7.2.1/../../../../arm-none-eabi/lib/thumb/v7e-m/fpv4-sp/hard\libcr_c.a(fclose.o) (remove)
c:/nxp/mcuxpressoide_10.2.0_759/ide/tools/bin/../lib/gcc/arm-none-eabi/7.2.1/../../../../arm-none-eabi/lib/thumb/v7e-m/fpv4-sp/hard\libcr_c.a(strlen.o)
                              c:/nxp/mcuxpressoide_10.2.0_759/ide/tools/bin/../lib/gcc/arm-none-eabi/7.2.1/../../../../arm-none-eabi/lib/thumb/v7e-m/fpv4-sp/hard\libcr_c.a(remove.o) (strlen)
c:/nxp/mcuxpressoide_10.2.0_759/ide/tools/bin/../lib/gcc/arm-none-eabi/7.2.1/../../../../arm-none-eabi/lib/thumb/v7e-m/fpv4-sp/hard\libcr_c.a(memset.o)
                              c:/nxp/mcuxpressoide_10.2.0_759/ide/tools/bin/../lib/gcc/arm-none-eabi/7.2.1/../../../../arm-none-eabi/lib/thumb/v7e-m/fpv4-sp/hard\libcr_c.a(fclose.o) (memset)
c:/nxp/mcuxpressoide_10.2.0_759/ide/tools/bin/../lib/gcc/arm-none-eabi/7.2.1/../../../../arm-none-eabi/lib/thumb/v7e-m/fpv4-sp/hard\libcr_c.a(_do_fflush.o)
                              c:/nxp/mcuxpressoide_10.2.0_759/ide/tools/bin/../lib/gcc/arm-none-eabi/7.2.1/../../../../arm-none-eabi/lib/thumb/v7e-m/fpv4-sp/hard\libcr_c.a(fflush.o) (_do_fflush)
c:/nxp/mcuxpressoide_10.2.0_759/ide/tools/bin/../lib/gcc/arm-none-eabi/7.2.1/../../../../arm-none-eabi/lib/thumb/v7e-m/fpv4-sp/hard\libcr_c.a(_fflush.o)
                              c:/nxp/mcuxpressoide_10.2.0_759/ide/tools/bin/../lib/gcc/arm-none-eabi/7.2.1/../../../../arm-none-eabi/lib/thumb/v7e-m/fpv4-sp/hard\libcr_c.a(_do_fflush.o) (_fflush)
c:/nxp/mcuxpressoide_10.2.0_759/ide/tools/bin/../lib/gcc/arm-none-eabi/7.2.1/../../../../arm-none-eabi/lib/thumb/v7e-m/fpv4-sp/hard\libcr_c.a(_writebuf.o)
                              c:/nxp/mcuxpressoide_10.2.0_759/ide/tools/bin/../lib/gcc/arm-none-eabi/7.2.1/../../../../arm-none-eabi/lib/thumb/v7e-m/fpv4-sp/hard\libcr_c.a(_fflush.o) (_Cwritebuf)
c:/nxp/mcuxpressoide_10.2.0_759/ide/tools/bin/../lib/gcc/arm-none-eabi/7.2.1/../../../../arm-none-eabi/lib/thumb/v7e-m/fpv4-sp/hard\libcr_c.a(alloc.o)
[...]
Memory Configuration

Name             Origin             Length             Attributes
PROGRAM_FLASH    0x00000000         0x00100000         xr
SRAM_UPPER       0x20000000         0x00030000         xrw
SRAM_LOWER       0x1fff0000         0x00010000         xrw
FLEX_RAM         0x14000000         0x00001000         xrw
*default*        0x00000000         0xffffffff

Linker script and memory map

LOAD ./startup/startup_mk64f12.o
LOAD ./source/CAN_SPI.o
LOAD ./source/SPI.o
LOAD ./source/Systick.o
LOAD ./source/UART.o
LOAD ./source/gpio.o
LOAD ./source/hardware.o
LOAD ./source/main.o
LOAD ./CMSIS/system_MK64F12.o
START GROUP
LOAD c:/nxp/mcuxpressoide_10.2.0_759/ide/tools/bin/../lib/gcc/arm-none-eabi/7.2.1/../../../../arm-none-eabi/lib/thumb/v7e-m/fpv4-sp/hard\libcr_nohost_nf.a
LOAD c:/nxp/mcuxpressoide_10.2.0_759/ide/tools/bin/../lib/gcc/arm-none-eabi/7.2.1/../../../../arm-none-eabi/lib/thumb/v7e-m/fpv4-sp/hard\libcr_c.a
LOAD c:/nxp/mcuxpressoide_10.2.0_759/ide/tools/bin/../lib/gcc/arm-none-eabi/7.2.1/thumb/v7e-m/fpv4-sp/hard\libcr_eabihelpers.a
END GROUP
                0x00000000                __base_PROGRAM_FLASH = 0x0
                0x00000000                __base_Flash = 0x0
                0x00100000                __top_PROGRAM_FLASH = 0x100000
                0x00100000                __top_Flash = 0x100000
                0x20000000                __base_SRAM_UPPER = 0x20000000
                0x20000000                __base_RAM = 0x20000000
                0x20030000                __top_SRAM_UPPER = 0x20030000
                0x20030000                __top_RAM = 0x20030000
                0x1fff0000                __base_SRAM_LOWER = 0x1fff0000
                0x1fff0000                __base_RAM2 = 0x1fff0000
                0x20000000                __top_SRAM_LOWER = 0x20000000
                0x20000000                __top_RAM2 = 0x20000000
                0x14000000                __base_FLEX_RAM = 0x14000000
                0x14000000                __base_RAM3 = 0x14000000
                0x14001000                __top_FLEX_RAM = 0x14001000
                0x14001000                __top_RAM3 = 0x14001000

.text           0x00000000     0x2500
 FILL mask 0xff
                0x00000000                __vectors_start__ = ABSOLUTE (.)
 *(.isr_vector)
 .isr_vector    0x00000000      0x198 ./startup/startup_mk64f12.o
                0x00000000                g_pfnVectors
                0x00000000                __Vectors
                0x00000198                . = ALIGN (0x4)
                0x00000198                __section_table_start = .
                0x00000198                __data_section_table = .
                0x00000198        0x4 LONG 0x2500 LOADADDR (.data)
                0x0000019c        0x4 LONG 0x20000000 ADDR (.data)
                0x000001a0        0x4 LONG 0x0 SIZEOF (.data)
                0x000001a4        0x4 LONG 0x2500 LOADADDR (.data_RAM2)
                0x000001a8        0x4 LONG 0x1fff0000 ADDR (.data_RAM2)
                0x000001ac        0x4 LONG 0x0 SIZEOF (.data_RAM2)
                0x000001b0        0x4 LONG 0x2500 LOADADDR (.data_RAM3)
                0x000001b4        0x4 LONG 0x14000000 ADDR (.data_RAM3)
                0x000001b8        0x4 LONG 0x0 SIZEOF (.data_RAM3)
                0x000001bc                __data_section_table_end = .
                0x000001bc                __bss_section_table = .
                0x000001bc        0x4 LONG 0x20000000 ADDR (.bss)
                0x000001c0        0x4 LONG 0x678 SIZEOF (.bss)
                0x000001c4        0x4 LONG 0x1fff0000 ADDR (.bss_RAM2)
                0x000001c8        0x4 LONG 0x0 SIZEOF (.bss_RAM2)
                0x000001cc        0x4 LONG 0x14000000 ADDR (.bss_RAM3)
                0x000001d0        0x4 LONG 0x0 SIZEOF (.bss_RAM3)
                0x000001d4                __bss_section_table_end = .
                0x000001d4                __section_table_end = .
 *(.after_vectors*)
 .after_vectors.init_data
                0x000001d4       0x1e ./startup/startup_mk64f12.o
                0x000001d4                data_init
 .after_vectors.init_bss
                0x000001f2       0x12 ./startup/startup_mk64f12.o
                0x000001f2                bss_init
 .after_vectors.reset
                0x00000204       0x4c ./startup/startup_mk64f12.o
                0x00000204                ResetISR
 .after_vectors
                0x00000250       0x14 ./startup/startup_mk64f12.o
                0x00000250                NMI_Handler
                0x00000252                HardFault_Handler
                0x00000254                MemManage_Handler
                0x00000256                BusFault_Handler
                0x00000258                UsageFault_Handler
                0x0000025a                SVC_Handler
                0x0000025c                DebugMon_Handler
                0x0000025e                PendSV_Handler
                0x00000262                DMA_Error_DriverIRQHandler
                0x00000262                LPTMR0_DriverIRQHandler
                0x00000262                FTM1_DriverIRQHandler
                0x00000262                FTM2_DriverIRQHandler
                0x00000262                PIT2_DriverIRQHandler
                0x00000262                SDHC_DriverIRQHandler
                0x00000262                I2S0_Tx_DriverIRQHandler
                0x00000262                RTC_Seconds_DriverIRQHandler
                0x00000262                DMA6_DriverIRQHandler
                0x00000262                LLWU_DriverIRQHandler
                0x00000262                MCM_DriverIRQHandler
                0x00000262                MCG_DriverIRQHandler
                0x00000262                ENET_1588_Timer_DriverIRQHandler
                0x00000262                I2C2_DriverIRQHandler
                0x00000262                DAC1_DriverIRQHandler
                0x00000262                SPI1_DriverIRQHandler
                0x00000262                CMP1_DriverIRQHandler
                0x00000262                UART5_RX_TX_DriverIRQHandler
                0x00000262                FTM0_DriverIRQHandler
                0x00000262                IntDefaultHandler
                0x00000262                USB0_DriverIRQHandler
                0x00000262                UART5_ERR_DriverIRQHandler
                0x00000262                PORTC_DriverIRQHandler
                0x00000262                DMA11_DriverIRQHandler
                0x00000262                DAC0_DriverIRQHandler
                0x00000262                DMA10_DriverIRQHandler
                0x00000262                CMP2_DriverIRQHandler
                0x00000262                UART2_ERR_DriverIRQHandler
                0x00000262                SPI2_DriverIRQHandler
                0x00000262                LVD_LVW_DriverIRQHandler
                0x00000262                PIT0_DriverIRQHandler
                0x00000262                RNG_DriverIRQHandler
                0x00000262                DMA12_DriverIRQHandler
                0x00000262                DMA4_DriverIRQHandler
                0x00000262                UART2_RX_TX_DriverIRQHandler
                0x00000262                USBDCD_DriverIRQHandler
                0x00000262                UART3_ERR_DriverIRQHandler
                0x00000262                DMA3_DriverIRQHandler
                0x00000262                DMA8_DriverIRQHandler
                0x00000262                DMA9_DriverIRQHandler
                0x00000262                UART0_ERR_DriverIRQHandler
                0x00000262                CMT_DriverIRQHandler
                0x00000262                Reserved71_DriverIRQHandler
                0x00000262                ADC1_DriverIRQHandler
                0x00000262                PORTA_DriverIRQHandler
                0x00000262                DMA14_DriverIRQHandler
                0x00000262                PIT3_DriverIRQHandler
                0x00000262                PIT1_DriverIRQHandler
                0x00000262                WDOG_EWM_DriverIRQHandler
                0x00000262                PDB0_DriverIRQHandler
                0x00000262                RTC_DriverIRQHandler
                0x00000262                I2S0_Rx_DriverIRQHandler
                0x00000262                Read_Collision_DriverIRQHandler
                0x00000262                SWI_DriverIRQHandler
                0x00000262                UART4_RX_TX_DriverIRQHandler
                0x00000262                UART4_ERR_DriverIRQHandler
                0x00000262                PORTB_DriverIRQHandler
                0x00000262                UART0_LON_DriverIRQHandler
                0x00000262                DMA0_DriverIRQHandler
                0x00000262                DMA1_DriverIRQHandler
                0x00000262                I2C1_DriverIRQHandler
                0x00000262                UART3_RX_TX_DriverIRQHandler
                0x00000262                ENET_Receive_DriverIRQHandler
                0x00000262                DMA13_DriverIRQHandler
                0x00000262                ENET_Error_DriverIRQHandler
                0x00000262                DMA15_DriverIRQHandler
                0x00000262                UART0_RX_TX_DriverIRQHandler
                0x00000262                SPI0_DriverIRQHandler
                0x00000262                ADC0_DriverIRQHandler
                0x00000262                CMP0_DriverIRQHandler
                0x00000262                CAN0_DriverIRQHandler
                0x00000262                FTM3_DriverIRQHandler
                0x00000262                DMA5_DriverIRQHandler
                0x00000262                UART1_ERR_DriverIRQHandler
                0x00000262                DMA2_DriverIRQHandler
                0x00000262                ENET_Transmit_DriverIRQHandler
                0x00000262                PORTD_DriverIRQHandler
                0x00000262                PORTE_DriverIRQHandler
                0x00000262                FTFE_DriverIRQHandler
                0x00000262                I2C0_DriverIRQHandler
                0x00000262                DMA7_DriverIRQHandler
                0x00000262                UART1_RX_TX_DriverIRQHandler
                0x00000400                . = 0x400
 *fill*         0x00000264      0x19c ff
                0x00000400                PROVIDE (__FLASH_CONFIG_START__, .)
 *(.FlashConfig)
 .FlashConfig   0x00000400       0x10 ./startup/startup_mk64f12.o
                0x00000400                Flash_Config
                0x00000410                PROVIDE (__FLASH_CONFIG_END__, .)
                0x00000001                ASSERT (! ((__FLASH_CONFIG_START__ == __FLASH_CONFIG_END__)), Linker Flash Config Support Enabled, but no .FlashConfig section provided within application)
 *(.text*)
 .text.DMA0_IRQHandler
                0x00000410        0x8 ./startup/startup_mk64f12.o
                0x00000410                DMA0_IRQHandler
 .text.DMA1_IRQHandler
                0x00000418        0x8 ./startup/startup_mk64f12.o
                0x00000418                DMA1_IRQHandler
 .text.DMA2_IRQHandler
                0x00000420        0x8 ./startup/startup_mk64f12.o
                0x00000420                DMA2_IRQHandler
 .text.DMA3_IRQHandler
                0x00000428        0x8 ./startup/startup_mk64f12.o
                0x00000428                DMA3_IRQHandler
 .text.DMA4_IRQHandler
                0x00000430        0x8 ./startup/startup_mk64f12.o
                0x00000430                DMA4_IRQHandler
 .text.DMA5_IRQHandler
                0x00000438        0x8 ./startup/startup_mk64f12.o
                0x00000438                DMA5_IRQHandler
 .text.DMA6_IRQHandler
                0x00000440        0x8 ./startup/startup_mk64f12.o
                0x00000440                DMA6_IRQHandler
 .text.DMA7_IRQHandler
                0x00000448        0x8 ./startup/startup_mk64f12.o
                0x00000448                DMA7_IRQHandler
 .text.DMA8_IRQHandler
                0x00000450        0x8 ./startup/startup_mk64f12.o
                0x00000450                DMA8_IRQHandler
 .text.DMA9_IRQHandler
                0x00000458        0x8 ./startup/startup_mk64f12.o
                0x00000458                DMA9_IRQHandler
 .text.DMA10_IRQHandler
                0x00000460        0x8 ./startup/startup_mk64f12.o
                0x00000460                DMA10_IRQHandler
 .text.DMA11_IRQHandler
                0x00000468        0x8 ./startup/startup_mk64f12.o
                0x00000468                DMA11_IRQHandler
 .text.DMA12_IRQHandler
                0x00000470        0x8 ./startup/startup_mk64f12.o
                0x00000470                DMA12_IRQHandler
 .text.DMA13_IRQHandler
                0x00000478        0x8 ./startup/startup_mk64f12.o
                0x00000478                DMA13_IRQHandler
 .text.DMA14_IRQHandler
                0x00000480        0x8 ./startup/startup_mk64f12.o
                0x00000480                DMA14_IRQHandler
 .text.DMA15_IRQHandler
                0x00000488        0x8 ./startup/startup_mk64f12.o
                0x00000488                DMA15_IRQHandler
 .text.DMA_Error_IRQHandler
                0x00000490        0x8 ./startup/startup_mk64f12.o
                0x00000490                DMA_Error_IRQHandler
 .text.MCM_IRQHandler
                0x00000498        0x8 ./startup/startup_mk64f12.o
                0x00000498                MCM_IRQHandler
 .text.FTFE_IRQHandler
                0x000004a0        0x8 ./startup/startup_mk64f12.o
                0x000004a0                FTFE_IRQHandler
 .text.Read_Collision_IRQHandler
                0x000004a8        0x8 ./startup/startup_mk64f12.o
                0x000004a8                Read_Collision_IRQHandler
 .text.LVD_LVW_IRQHandler
                0x000004b0        0x8 ./startup/startup_mk64f12.o
                0x000004b0                LVD_LVW_IRQHandler
 .text.LLWU_IRQHandler
                0x000004b8        0x8 ./startup/startup_mk64f12.o
                0x000004b8                LLWU_IRQHandler
 .text.WDOG_EWM_IRQHandler
                0x000004c0        0x8 ./startup/startup_mk64f12.o
                0x000004c0                WDOG_EWM_IRQHandler
 .text.RNG_IRQHandler
                0x000004c8        0x8 ./startup/startup_mk64f12.o
                0x000004c8                RNG_IRQHandler
 .text.I2C0_IRQHandler
                0x000004d0        0x8 ./startup/startup_mk64f12.o
                0x000004d0                I2C0_IRQHandler
 .text.I2C1_IRQHandler
                0x000004d8        0x8 ./startup/startup_mk64f12.o
                0x000004d8                I2C1_IRQHandler
 .text.SPI1_IRQHandler
                0x000004e0        0x8 ./startup/startup_mk64f12.o
                0x000004e0                SPI1_IRQHandler
 .text.I2S0_Tx_IRQHandler
                0x000004e8        0x8 ./startup/startup_mk64f12.o
                0x000004e8                I2S0_Tx_IRQHandler
 .text.I2S0_Rx_IRQHandler
                0x000004f0        0x8 ./startup/startup_mk64f12.o
                0x000004f0                I2S0_Rx_IRQHandler
 .text.UART0_LON_IRQHandler
                0x000004f8        0x8 ./startup/startup_mk64f12.o
                0x000004f8                UART0_LON_IRQHandler
 .text.UART0_ERR_IRQHandler
                0x00000500        0x8 ./startup/startup_mk64f12.o
                0x00000500                UART0_ERR_IRQHandler
 .text.UART1_ERR_IRQHandler
                0x00000508        0x8 ./startup/startup_mk64f12.o
                0x00000508                UART1_ERR_IRQHandler
 .text.UART2_ERR_IRQHandler
                0x00000510        0x8 ./startup/startup_mk64f12.o
                0x00000510                UART2_ERR_IRQHandler
 .text.UART3_ERR_IRQHandler
                0x00000518        0x8 ./startup/startup_mk64f12.o
                0x00000518                UART3_ERR_IRQHandler
 .text.ADC0_IRQHandler
                0x00000520        0x8 ./startup/startup_mk64f12.o
                0x00000520                ADC0_IRQHandler
 .text.CMP0_IRQHandler
                0x00000528        0x8 ./startup/startup_mk64f12.o
                0x00000528                CMP0_IRQHandler
 .text.CMP1_IRQHandler
                0x00000530        0x8 ./startup/startup_mk64f12.o
                0x00000530                CMP1_IRQHandler
 .text.FTM0_IRQHandler
                0x00000538        0x8 ./startup/startup_mk64f12.o
                0x00000538                FTM0_IRQHandler
 .text.FTM1_IRQHandler
                0x00000540        0x8 ./startup/startup_mk64f12.o
                0x00000540                FTM1_IRQHandler
 .text.FTM2_IRQHandler
                0x00000548        0x8 ./startup/startup_mk64f12.o
                0x00000548                FTM2_IRQHandler
 .text.CMT_IRQHandler
                0x00000550        0x8 ./startup/startup_mk64f12.o
                0x00000550                CMT_IRQHandler
 .text.RTC_IRQHandler
                0x00000558        0x8 ./startup/startup_mk64f12.o
                0x00000558                RTC_IRQHandler
 .text.RTC_Seconds_IRQHandler
                0x00000560        0x8 ./startup/startup_mk64f12.o
                0x00000560                RTC_Seconds_IRQHandler
 .text.PIT0_IRQHandler
                0x00000568        0x8 ./startup/startup_mk64f12.o
                0x00000568                PIT0_IRQHandler
 .text.PIT1_IRQHandler
                0x00000570        0x8 ./startup/startup_mk64f12.o
                0x00000570                PIT1_IRQHandler
 .text.PIT2_IRQHandler
                0x00000578        0x8 ./startup/startup_mk64f12.o
                0x00000578                PIT2_IRQHandler
 .text.PIT3_IRQHandler
                0x00000580        0x8 ./startup/startup_mk64f12.o
                0x00000580                PIT3_IRQHandler
 .text.PDB0_IRQHandler
                0x00000588        0x8 ./startup/startup_mk64f12.o
                0x00000588                PDB0_IRQHandler
 .text.USB0_IRQHandler
                0x00000590        0x8 ./startup/startup_mk64f12.o
                0x00000590                USB0_IRQHandler
 .text.USBDCD_IRQHandler
                0x00000598        0x8 ./startup/startup_mk64f12.o
                0x00000598                USBDCD_IRQHandler
 .text.Reserved71_IRQHandler
                0x000005a0        0x8 ./startup/startup_mk64f12.o
                0x000005a0                Reserved71_IRQHandler
 .text.DAC0_IRQHandler
                0x000005a8        0x8 ./startup/startup_mk64f12.o
                0x000005a8                DAC0_IRQHandler
 .text.MCG_IRQHandler
                0x000005b0        0x8 ./startup/startup_mk64f12.o
                0x000005b0                MCG_IRQHandler
 .text.LPTMR0_IRQHandler
                0x000005b8        0x8 ./startup/startup_mk64f12.o
                0x000005b8                LPTMR0_IRQHandler
 .text.PORTA_IRQHandler
                0x000005c0        0x8 ./startup/startup_mk64f12.o
                0x000005c0                PORTA_IRQHandler
 .text.PORTB_IRQHandler
                0x000005c8        0x8 ./startup/startup_mk64f12.o
                0x000005c8                PORTB_IRQHandler
 .text.PORTD_IRQHandler
                0x000005d0        0x8 ./startup/startup_mk64f12.o
                0x000005d0                PORTD_IRQHandler
 .text.PORTE_IRQHandler
                0x000005d8        0x8 ./startup/startup_mk64f12.o
                0x000005d8                PORTE_IRQHandler
 .text.SWI_IRQHandler
                0x000005e0        0x8 ./startup/startup_mk64f12.o
                0x000005e0                SWI_IRQHandler
 .text.SPI2_IRQHandler
                0x000005e8        0x8 ./startup/startup_mk64f12.o
                0x000005e8                SPI2_IRQHandler
 .text.UART4_ERR_IRQHandler
                0x000005f0        0x8 ./startup/startup_mk64f12.o
                0x000005f0                UART4_ERR_IRQHandler
 .text.UART5_RX_TX_IRQHandler
                0x000005f8        0x8 ./startup/startup_mk64f12.o
                0x000005f8                UART5_RX_TX_IRQHandler
 .text.UART5_ERR_IRQHandler
                0x00000600        0x8 ./startup/startup_mk64f12.o
                0x00000600                UART5_ERR_IRQHandler
 .text.CMP2_IRQHandler
                0x00000608        0x8 ./startup/startup_mk64f12.o
                0x00000608                CMP2_IRQHandler
 .text.FTM3_IRQHandler
                0x00000610        0x8 ./startup/startup_mk64f12.o
                0x00000610                FTM3_IRQHandler
 .text.DAC1_IRQHandler
                0x00000618        0x8 ./startup/startup_mk64f12.o
                0x00000618                DAC1_IRQHandler
 .text.ADC1_IRQHandler
                0x00000620        0x8 ./startup/startup_mk64f12.o
                0x00000620                ADC1_IRQHandler
 .text.I2C2_IRQHandler
                0x00000628        0x8 ./startup/startup_mk64f12.o
                0x00000628                I2C2_IRQHandler
 .text.CAN0_ORed_Message_buffer_IRQHandler
                0x00000630        0x8 ./startup/startup_mk64f12.o
                0x00000630                CAN0_ORed_Message_buffer_IRQHandler
 .text.CAN0_Bus_Off_IRQHandler
                0x00000638        0x8 ./startup/startup_mk64f12.o
                0x00000638                CAN0_Bus_Off_IRQHandler
 .text.CAN0_Error_IRQHandler
                0x00000640        0x8 ./startup/startup_mk64f12.o
                0x00000640                CAN0_Error_IRQHandler
 .text.CAN0_Tx_Warning_IRQHandler
                0x00000648        0x8 ./startup/startup_mk64f12.o
                0x00000648                CAN0_Tx_Warning_IRQHandler
 .text.CAN0_Rx_Warning_IRQHandler
                0x00000650        0x8 ./startup/startup_mk64f12.o
                0x00000650                CAN0_Rx_Warning_IRQHandler
 .text.CAN0_Wake_Up_IRQHandler
                0x00000658        0x8 ./startup/startup_mk64f12.o
                0x00000658                CAN0_Wake_Up_IRQHandler
 .text.SDHC_IRQHandler
                0x00000660        0x8 ./startup/startup_mk64f12.o
                0x00000660                SDHC_IRQHandler
 .text.ENET_1588_Timer_IRQHandler
                0x00000668        0x8 ./startup/startup_mk64f12.o
                0x00000668                ENET_1588_Timer_IRQHandler
 .text.ENET_Transmit_IRQHandler
                0x00000670        0x8 ./startup/startup_mk64f12.o
                0x00000670                ENET_Transmit_IRQHandler
 .text.ENET_Receive_IRQHandler
                0x00000678        0x8 ./startup/startup_mk64f12.o
                0x00000678                ENET_Receive_IRQHandler
 .text.ENET_Error_IRQHandler
                0x00000680        0x8 ./startup/startup_mk64f12.o
                0x00000680                ENET_Error_IRQHandler
 .text.CAN_SPI_Init
                0x00000688      0x1f8 ./source/CAN_SPI.o
                0x00000688                CAN_SPI_Init
 .text.CAN_SPI_ReceiveInfo
                0x00000880       0xec ./source/CAN_SPI.o
                0x00000880                CAN_SPI_ReceiveInfo
 .text.CAN_SPI_SendInfo
                0x0000096c      0x10c ./source/CAN_SPI.o
                0x0000096c                CAN_SPI_SendInfo
 .text.load_TX_buffer
                0x00000a78       0x60 ./source/CAN_SPI.o
 .text.write_SPICAN
                0x00000ad8       0x5e ./source/CAN_SPI.o
 .text.read_SPICAN
                0x00000b36       0x56 ./source/CAN_SPI.o
 .text.read_RX_buffer
                0x00000b8c       0x58 ./source/CAN_SPI.o
 .text.read_status
                0x00000be4       0x44 ./source/CAN_SPI.o
 .text.RTS      0x00000c28       0x36 ./source/CAN_SPI.o
 .text.parseData
                0x00000c5e       0x76 ./source/CAN_SPI.o
 .text.checkDoubleBuffers
                0x00000cd4       0xa8 ./source/CAN_SPI.o
 .text.PORTC_IRQHandler
                0x00000d7c       0x2c ./source/CAN_SPI.o
                0x00000d7c                PORTC_IRQHandler
 .text.queue_Init
                0x00000da8       0x74 ./source/CAN_SPI.o
 .text.push_Queue_Element
                0x00000e1c       0xf8 ./source/CAN_SPI.o
 .text.get_Queue_Status
                0x00000f14       0x30 ./source/CAN_SPI.o
 .text.NVIC_EnableIRQ
                0x00000f44       0x34 ./source/SPI.o
 .text.SPI_Init
                0x00000f78      0x128 ./source/SPI.o
                0x00000f78                SPI_Init
 .text.SPI_Get_DataBytes
                0x000010a0       0x3a ./source/SPI.o
                0x000010a0                SPI_Get_DataBytes
 *fill*         0x000010da        0x2 ff
 .text.SPI_SendData
                0x000010dc       0xbc ./source/SPI.o
                0x000010dc                SPI_SendData
 .text.SPI_Transmission_In_Process
                0x00001198       0x20 ./source/SPI.o
                0x00001198                SPI_Transmission_In_Process
 .text.SPI0_IRQHandler
                0x000011b8       0xb8 ./source/SPI.o
                0x000011b8                SPI0_IRQHandler
 .text.queue_Init
                0x00001270       0x70 ./source/SPI.o
 .text.push_Queue_Element
                0x000012e0       0xe0 ./source/SPI.o
 .text.pull_Queue_Element
                0x000013c0      0x100 ./source/SPI.o
 .text.get_Queue_Status
                0x000014c0       0x2c ./source/SPI.o
 .text.flush_Queue
                0x000014ec       0x50 ./source/SPI.o
 .text.SysTick_Handler
                0x0000153c       0xac ./source/Systick.o
                0x0000153c                SysTick_Handler
 .text.NVIC_EnableIRQ
                0x000015e8       0x34 ./source/UART.o
 .text.UART_Init
                0x0000161c      0x160 ./source/UART.o
                0x0000161c                UART_Init
 .text.UART_SetBaudRate
                0x0000177c       0xb8 ./source/UART.o
                0x0000177c                UART_SetBaudRate
 .text.UART_rx_tx_irq_handler
                0x00001834       0x78 ./source/UART.o
                0x00001834                UART_rx_tx_irq_handler
 .text.queue_Init
                0x000018ac       0x54 ./source/UART.o
 .text.push_Queue_Element
                0x00001900       0xa8 ./source/UART.o
 .text.pull_Queue_Element
                0x000019a8       0xa8 ./source/UART.o
 .text.get_Queue_Status
                0x00001a50       0x28 ./source/UART.o
 .text.UART0_RX_TX_IRQHandler
                0x00001a78       0x24 ./source/UART.o
                0x00001a78                UART0_RX_TX_IRQHandler
 .text.UART1_RX_TX_IRQHandler
                0x00001a9c       0x24 ./source/UART.o
                0x00001a9c                UART1_RX_TX_IRQHandler
 .text.UART2_RX_TX_IRQHandler
                0x00001ac0       0x24 ./source/UART.o
                0x00001ac0                UART2_RX_TX_IRQHandler
 .text.UART3_RX_TX_IRQHandler
                0x00001ae4       0x24 ./source/UART.o
                0x00001ae4                UART3_RX_TX_IRQHandler
 .text.UART4_RX_TX_IRQHandler
                0x00001b08       0x24 ./source/UART.o
                0x00001b08                UART4_RX_TX_IRQHandler
 .text.NVIC_EnableIRQ
                0x00001b2c       0x34 ./source/gpio.o
 .text.gpioMode
                0x00001b60      0x228 ./source/gpio.o
                0x00001b60                gpioMode
 .text.gpioIRQ_Config
                0x00001d88       0x70 ./source/gpio.o
                0x00001d88                gpioIRQ_Config
 .text.hw_Init  0x00001df8       0xf4 ./source/hardware.o
                0x00001df8                hw_Init
 .text.hw_EnableInterrupts
                0x00001eec       0x30 ./source/hardware.o
                0x00001eec                hw_EnableInterrupts
 .text.hw_DisableInterrupts
                0x00001f1c       0x20 ./source/hardware.o
                0x00001f1c                hw_DisableInterrupts
 .text.main     0x00001f3c       0x34 ./source/main.o
                0x00001f3c                main
 .text.SystemInit
                0x00001f70       0x40 ./CMSIS/system_MK64F12.o
                0x00001f70                SystemInit
 .text.__main   0x00001fb0        0xe c:/nxp/mcuxpressoide_10.2.0_759/ide/tools/bin/../lib/gcc/arm-none-eabi/7.2.1/../../../../arm-none-eabi/lib/thumb/v7e-m/fpv4-sp/hard\libcr_nohost_nf.a(_cr__main.o)
                0x00001fb0                __main
 *fill*         0x00001fbe        0x2 ff
 .text._initio  0x00001fc0       0x78 c:/nxp/mcuxpressoide_10.2.0_759/ide/tools/bin/../lib/gcc/arm-none-eabi/7.2.1/../../../../arm-none-eabi/lib/thumb/v7e-m/fpv4-sp/hard\libcr_c.a(initio.o)
                0x00001fc0                _initio
 .text.setvbuf  0x00002038       0x40 c:/nxp/mcuxpressoide_10.2.0_759/ide/tools/bin/../lib/gcc/arm-none-eabi/7.2.1/../../../../arm-none-eabi/lib/thumb/v7e-m/fpv4-sp/hard\libcr_c.a(setvbuf.o)
                0x00002038                setvbuf
 .text._fdopen  0x00002078       0x68 c:/nxp/mcuxpressoide_10.2.0_759/ide/tools/bin/../lib/gcc/arm-none-eabi/7.2.1/../../../../arm-none-eabi/lib/thumb/v7e-m/fpv4-sp/hard\libcr_c.a(_fdopen.o)
                0x00002078                _fdopen
 .text.fclose   0x000020e0       0x58 c:/nxp/mcuxpressoide_10.2.0_759/ide/tools/bin/../lib/gcc/arm-none-eabi/7.2.1/../../../../arm-none-eabi/lib/thumb/v7e-m/fpv4-sp/hard\libcr_c.a(fclose.o)
                0x000020e0                fclose
 .text.fflush   0x00002138       0x44 c:/nxp/mcuxpressoide_10.2.0_759/ide/tools/bin/../lib/gcc/arm-none-eabi/7.2.1/../../../../arm-none-eabi/lib/thumb/v7e-m/fpv4-sp/hard\libcr_c.a(fflush.o)
                0x00002138                fflush
 .text.fseek    0x0000217c      0x100 c:/nxp/mcuxpressoide_10.2.0_759/ide/tools/bin/../lib/gcc/arm-none-eabi/7.2.1/../../../../arm-none-eabi/lib/thumb/v7e-m/fpv4-sp/hard\libcr_c.a(fseek.o)
                0x0000217c                fseek
 .text.ftell    0x0000227c       0x44 c:/nxp/mcuxpressoide_10.2.0_759/ide/tools/bin/../lib/gcc/arm-none-eabi/7.2.1/../../../../arm-none-eabi/lib/thumb/v7e-m/fpv4-sp/hard\libcr_c.a(ftell.o)
                0x0000227c                ftell
 .text.remove   0x000022c0       0x14 c:/nxp/mcuxpressoide_10.2.0_759/ide/tools/bin/../lib/gcc/arm-none-eabi/7.2.1/../../../../arm-none-eabi/lib/thumb/v7e-m/fpv4-sp/hard\libcr_c.a(remove.o)
                0x000022c0                remove
 .text.strlen   0x000022d4       0x4a c:/nxp/mcuxpressoide_10.2.0_759/ide/tools/bin/../lib/gcc/arm-none-eabi/7.2.1/../../../../arm-none-eabi/lib/thumb/v7e-m/fpv4-sp/hard\libcr_c.a(strlen.o)
                0x000022d4                strlen
 .text.memset   0x0000231e        0x4 c:/nxp/mcuxpressoide_10.2.0_759/ide/tools/bin/../lib/gcc/arm-none-eabi/7.2.1/../../../../arm-none-eabi/lib/thumb/v7e-m/fpv4-sp/hard\libcr_c.a(memset.o)
                0x0000231e                memset
 .text._do_fflush
                0x00002322       0x40 c:/nxp/mcuxpressoide_10.2.0_759/ide/tools/bin/../lib/gcc/arm-none-eabi/7.2.1/../../../../arm-none-eabi/lib/thumb/v7e-m/fpv4-sp/hard\libcr_c.a(_do_fflush.o)
                0x00002322                _do_fflush
 .text._fflush  0x00002362       0x52 c:/nxp/mcuxpressoide_10.2.0_759/ide/tools/bin/../lib/gcc/arm-none-eabi/7.2.1/../../../../arm-none-eabi/lib/thumb/v7e-m/fpv4-sp/hard\libcr_c.a(_fflush.o)
                0x00002362                _fflush
 .text._Cwritebuf
                0x000023b4       0x6c c:/nxp/mcuxpressoide_10.2.0_759/ide/tools/bin/../lib/gcc/arm-none-eabi/7.2.1/../../../../arm-none-eabi/lib/thumb/v7e-m/fpv4-sp/hard\libcr_c.a(_writebuf.o)
                0x000023b4                _Cwritebuf
 .text.free     0x00002420       0x30 c:/nxp/mcuxpressoide_10.2.0_759/ide/tools/bin/../lib/gcc/arm-none-eabi/7.2.1/../../../../arm-none-eabi/lib/thumb/v7e-m/fpv4-sp/hard\libcr_c.a(alloc.o)
                0x00002420                free
 .text._deferredlazyseek
                0x00002450       0x40 c:/nxp/mcuxpressoide_10.2.0_759/ide/tools/bin/../lib/gcc/arm-none-eabi/7.2.1/../../../../arm-none-eabi/lib/thumb/v7e-m/fpv4-sp/hard\libcr_c.a(_deferredlazyseek.o)
                0x00002450                _deferredlazyseek
 .text.__aeabi_memset_lowlevel
                0x00002490       0x32 c:/nxp/mcuxpressoide_10.2.0_759/ide/tools/bin/../lib/gcc/arm-none-eabi/7.2.1/thumb/v7e-m/fpv4-sp/hard\libcr_eabihelpers.a(memcpy.o)
                0x00002490                __aeabi_lowlevel_memset
 .text.__sys_close
                0x000024c2        0x6 c:/nxp/mcuxpressoide_10.2.0_759/ide/tools/bin/../lib/gcc/arm-none-eabi/7.2.1/../../../../arm-none-eabi/lib/thumb/v7e-m/fpv4-sp/hard\libcr_nohost_nf.a(__sys_close.o)
                0x000024c2                __sys_close
 .text.__sys_flen
                0x000024c8        0x6 c:/nxp/mcuxpressoide_10.2.0_759/ide/tools/bin/../lib/gcc/arm-none-eabi/7.2.1/../../../../arm-none-eabi/lib/thumb/v7e-m/fpv4-sp/hard\libcr_nohost_nf.a(__sys_flen.o)
                0x000024c8                __sys_flen
 .text.__sys_istty
                0x000024ce        0x6 c:/nxp/mcuxpressoide_10.2.0_759/ide/tools/bin/../lib/gcc/arm-none-eabi/7.2.1/../../../../arm-none-eabi/lib/thumb/v7e-m/fpv4-sp/hard\libcr_nohost_nf.a(__sys_istty.o)
                0x000024ce                __sys_istty
 .text.__sys_remove
                0x000024d4        0x6 c:/nxp/mcuxpressoide_10.2.0_759/ide/tools/bin/../lib/gcc/arm-none-eabi/7.2.1/../../../../arm-none-eabi/lib/thumb/v7e-m/fpv4-sp/hard\libcr_nohost_nf.a(__sys_remove.o)
                0x000024d4                __sys_remove
 .text.__sys_seek
                0x000024da        0x6 c:/nxp/mcuxpressoide_10.2.0_759/ide/tools/bin/../lib/gcc/arm-none-eabi/7.2.1/../../../../arm-none-eabi/lib/thumb/v7e-m/fpv4-sp/hard\libcr_nohost_nf.a(__sys_seek.o)
                0x000024da                __sys_seek
 .text.__sys_tmpnam
                0x000024e0        0x6 c:/nxp/mcuxpressoide_10.2.0_759/ide/tools/bin/../lib/gcc/arm-none-eabi/7.2.1/../../../../arm-none-eabi/lib/thumb/v7e-m/fpv4-sp/hard\libcr_nohost_nf.a(__sys_tmpnam.o)
                0x000024e0                __sys_tmpnam
 .text.__sys_write
                0x000024e6        0x4 c:/nxp/mcuxpressoide_10.2.0_759/ide/tools/bin/../lib/gcc/arm-none-eabi/7.2.1/../../../../arm-none-eabi/lib/thumb/v7e-m/fpv4-sp/hard\libcr_nohost_nf.a(__sys_write.o)
                0x000024e6                __sys_write
 *(.rodata .rodata.* .constdata .constdata.*)
 *fill*         0x000024ea        0x2 ff
 .rodata        0x000024ec        0xc ./source/main.o
 .rodata._initio.str1.1
                0x000024f8        0x4 c:/nxp/mcuxpressoide_10.2.0_759/ide/tools/bin/../lib/gcc/arm-none-eabi/7.2.1/../../../../arm-none-eabi/lib/thumb/v7e-m/fpv4-sp/hard\libcr_c.a(initio.o)
 .rodata.__num_Ciob_streams
                0x000024fc        0x4 c:/nxp/mcuxpressoide_10.2.0_759/ide/tools/bin/../lib/gcc/arm-none-eabi/7.2.1/../../../../arm-none-eabi/lib/thumb/v7e-m/fpv4-sp/hard\libcr_nohost_nf.a(__ciob.o)
                0x000024fc                __num_Ciob_streams
                0x00002500                . = ALIGN (0x8)

.glue_7         0x00002500        0x0
 .glue_7        0x00002500        0x0 linker stubs

.glue_7t        0x00002500        0x0
 .glue_7t       0x00002500        0x0 linker stubs

.vfp11_veneer   0x00002500        0x0
 .vfp11_veneer  0x00002500        0x0 linker stubs

.v4_bx          0x00002500        0x0
 .v4_bx         0x00002500        0x0 linker stubs

.iplt           0x00002500        0x0
 .iplt          0x00002500        0x0 ./startup/startup_mk64f12.o

.rel.dyn        0x00002500        0x0
 .rel.iplt      0x00002500        0x0 ./startup/startup_mk64f12.o

.ARM.extab
 *(.ARM.extab* .gnu.linkonce.armextab.*)
                0x00002500                __exidx_start = .

.ARM.exidx
 *(.ARM.exidx* .gnu.linkonce.armexidx.*)
                0x00002500                __exidx_end = .
                0x00002500                _etext = .

.m_usb_data
 *(m_usb_bdt)

.data_RAM2      0x1fff0000        0x0 load address 0x00002500
 FILL mask 0xff
                [!provide]                PROVIDE (__start_data_RAM2, .)
 *(.ramfunc.$RAM2)
 *(.ramfunc.$SRAM_LOWER)
 *(.data.$RAM2*)
 *(.data.$SRAM_LOWER*)
                0x1fff0000                . = ALIGN (0x8)
                [!provide]                PROVIDE (__end_data_RAM2, .)

.data_RAM3      0x14000000        0x0 load address 0x00002500
 FILL mask 0xff
                [!provide]                PROVIDE (__start_data_RAM3, .)
 *(.ramfunc.$RAM3)
 *(.ramfunc.$FLEX_RAM)
 *(.data.$RAM3*)
 *(.data.$FLEX_RAM*)
                0x14000000                . = ALIGN (0x8)
                [!provide]                PROVIDE (__end_data_RAM3, .)

.uninit_RESERVED
                0x20000000        0x0
 *(.bss.$RESERVED*)
                0x20000000                . = ALIGN (0x4)
                0x20000000                _end_uninit_RESERVED = .

.data           0x20000000        0x0 load address 0x00002500
 FILL mask 0xff
                0x20000000                _data = .
 *(vtable)
 *(.ramfunc*)
 *(.data*)
                0x20000000                . = ALIGN (0x8)
                0x20000000                _edata = .

.igot.plt       0x20000000        0x0 load address 0x00002500
 .igot.plt      0x20000000        0x0 ./startup/startup_mk64f12.o

.bss_RAM2       0x1fff0000        0x0
                [!provide]                PROVIDE (__start_bss_RAM2, .)
 *(.bss.$RAM2*)
 *(.bss.$SRAM_LOWER*)
                0x1fff0000                . = ALIGN ((. != 0x0)?0x8:0x1)
                [!provide]                PROVIDE (__end_bss_RAM2, .)

.bss_RAM3       0x14000000        0x0
                [!provide]                PROVIDE (__start_bss_RAM3, .)
 *(.bss.$RAM3*)
 *(.bss.$FLEX_RAM*)
                0x14000000                . = ALIGN ((. != 0x0)?0x8:0x1)
                [!provide]                PROVIDE (__end_bss_RAM3, .)

.bss            0x20000000      0x678
                0x20000000                _bss = .
 *(.bss*)
 .bss.can_spi_buffers
                0x20000000      0x264 ./source/CAN_SPI.o
                0x20000000                can_spi_buffers
 .bss.aux.7070  0x20000264       0x10 ./source/CAN_SPI.o
 .bss.intStatus.7071
                0x20000274        0x1 ./source/CAN_SPI.o
 .bss.sendState.7082
                0x20000275        0x1 ./source/CAN_SPI.o
 *fill*         0x20000276        0x2 
 .bss.data_to_send.7084
                0x20000278       0x10 ./source/CAN_SPI.o
 .bss.aux.7083  0x20000288       0x10 ./source/CAN_SPI.o
 .bss.rxStatus.7086
                0x20000298        0x1 ./source/CAN_SPI.o
 .bss.number_buffer.7085
                0x20000299        0x1 ./source/CAN_SPI.o
 *fill*         0x2000029a        0x2 
 .bss.spi_buffers
                0x2000029c       0xe0 ./source/SPI.o
                0x2000029c                spi_buffers
 .bss.transfer_complete
                0x2000037c        0x1 ./source/SPI.o
 *fill*         0x2000037d        0x3 
 .bss.externalCB
                0x20000380        0x4 ./source/SPI.o
 .bss.systick_Callback_Array
                0x20000384       0xb4 ./source/Systick.o
 .bss.num_Callbacks
                0x20000438        0x4 ./source/Systick.o
 .bss.uart_buffers
                0x2000043c      0x180 ./source/UART.o
                0x2000043c                uart_buffers
 .bss.__LDM_interruptDisableCount
                0x200005bc        0x4 ./source/hardware.o
 .bss.errno     0x200005c0        0x4 c:/nxp/mcuxpressoide_10.2.0_759/ide/tools/bin/../lib/gcc/arm-none-eabi/7.2.1/../../../../arm-none-eabi/lib/thumb/v7e-m/fpv4-sp/hard\libcr_c.a(errno.o)
                0x200005c0                errno
 .bss.__Ciob    0x200005c4       0xb4 c:/nxp/mcuxpressoide_10.2.0_759/ide/tools/bin/../lib/gcc/arm-none-eabi/7.2.1/../../../../arm-none-eabi/lib/thumb/v7e-m/fpv4-sp/hard\libcr_nohost_nf.a(__ciob.o)
                0x200005c4                __Ciob
 *(COMMON)
                0x20000678                . = ALIGN (0x8)
                0x20000678                _ebss = .
                [!provide]                PROVIDE (end, .)

.noinit_RAM2    0x1fff0000        0x0
 *(.noinit.$RAM2*)
 *(.noinit.$SRAM_LOWER*)
                0x1fff0000                . = ALIGN (0x8)

.noinit_RAM3    0x14000000        0x0
 *(.noinit.$RAM3*)
 *(.noinit.$FLEX_RAM*)
                0x14000000                . = ALIGN (0x8)

.noinit         0x20000678        0x0
                0x20000678                _noinit = .
 *(.noinit*)
                0x20000678                . = ALIGN (0x8)
                0x20000678                _end_noinit = .
                0x00001000                _HeapSize = 0x1000

.heap           0x20000678     0x1000
                0x20000678                _pvHeapStart = .
                0x20001678                . = (. + _HeapSize)
 *fill*         0x20000678     0x1000 
                0x20001678                . = ALIGN (0x8)
                0x20001678                _pvHeapLimit = .
                0x00001000                _StackSize = 0x1000

.heap2stackfill
                0x20001678     0x1000
                0x20002678                . = (. + _StackSize)
 *fill*         0x20001678     0x1000 

.stack          0x2002f000        0x0
                0x2002f000                _vStackBase = .
                0x2002f000                . = ALIGN (0x8)
                0x20030000                _vStackTop = (. + _StackSize)
                0x00000000                _image_start = LOADADDR (.text)
                0x00002500                _image_end = (LOADADDR (.data) + SIZEOF (.data))
                0x00002500                _image_size = (_image_end - _image_start)
OUTPUT(UART1.axf elf32-littlearm)

.debug_info     0x00000000     0x4479
 .debug_info    0x00000000      0x8b0 ./startup/startup_mk64f12.o
 .debug_info    0x000008b0      0x7f6 ./source/CAN_SPI.o
 .debug_info    0x000010a6      0xd6c ./source/SPI.o
 .debug_info    0x00001e12      0x22f ./source/Systick.o
 .debug_info    0x00002041      0xcdd ./source/UART.o
 .debug_info    0x00002d1e      0x92b ./source/gpio.o
 .debug_info    0x00003649      0x6aa ./source/hardware.o
 .debug_info    0x00003cf3      0x167 ./source/main.o
 .debug_info    0x00003e5a      0x61f ./CMSIS/system_MK64F12.o

.debug_abbrev   0x00000000     0x1031
 .debug_abbrev  0x00000000      0x15c ./startup/startup_mk64f12.o
 .debug_abbrev  0x0000015c      0x264 ./source/CAN_SPI.o
 .debug_abbrev  0x000003c0      0x2ed ./source/SPI.o
 .debug_abbrev  0x000006ad      0x169 ./source/Systick.o
 .debug_abbrev  0x00000816      0x2df ./source/UART.o
 .debug_abbrev  0x00000af5      0x1d5 ./source/gpio.o
 .debug_abbrev  0x00000cca      0x14d ./source/hardware.o
 .debug_abbrev  0x00000e17       0xde ./source/main.o
 .debug_abbrev  0x00000ef5      0x13c ./CMSIS/system_MK64F12.o

.debug_aranges  0x00000000      0x610
 .debug_aranges
                0x00000000      0x330 ./startup/startup_mk64f12.o
 .debug_aranges
                0x00000330       0xb0 ./source/CAN_SPI.o
 .debug_aranges
                0x000003e0       0x98 ./source/SPI.o
 .debug_aranges
                0x00000478       0x30 ./source/Systick.o
 .debug_aranges
                0x000004a8       0xa0 ./source/UART.o
 .debug_aranges
                0x00000548       0x50 ./source/gpio.o
 .debug_aranges
                0x00000598       0x30 ./source/hardware.o
 .debug_aranges
                0x000005c8       0x20 ./source/main.o
 .debug_aranges
                0x000005e8       0x28 ./CMSIS/system_MK64F12.o

.debug_ranges   0x00000000      0x598
 .debug_ranges  0x00000000      0x320 ./startup/startup_mk64f12.o
 .debug_ranges  0x00000320       0xa0 ./source/CAN_SPI.o
 .debug_ranges  0x000003c0       0xa0 ./source/SPI.o
 .debug_ranges  0x00000460       0x20 ./source/Systick.o
 .debug_ranges  0x00000480       0x90 ./source/UART.o
 .debug_ranges  0x00000510       0x40 ./source/gpio.o
 .debug_ranges  0x00000550       0x20 ./source/hardware.o
 .debug_ranges  0x00000570       0x10 ./source/main.o
 .debug_ranges  0x00000580       0x18 ./CMSIS/system_MK64F12.o

.debug_macro    0x00000000    0x11c6a
 .debug_macro   0x00000000       0x29 ./startup/startup_mk64f12.o
 .debug_macro   0x00000029      0xa7e ./startup/startup_mk64f12.o
 .debug_macro   0x00000aa7      0x1ad ./source/CAN_SPI.o
 .debug_macro   0x00000c54       0x10 ./source/CAN_SPI.o
 .debug_macro   0x00000c64      0x12d ./source/CAN_SPI.o
 .debug_macro   0x00000d91      0x5b2 ./source/CAN_SPI.o
 .debug_macro   0x00001343       0x22 ./source/CAN_SPI.o
 .debug_macro   0x00001365       0x10 ./source/CAN_SPI.o
 .debug_macro   0x00001375       0x5b ./source/CAN_SPI.o
 .debug_macro   0x000013d0       0x3b ./source/CAN_SPI.o
 .debug_macro   0x0000140b       0x50 ./source/CAN_SPI.o
 .debug_macro   0x0000145b      0xd40 ./source/CAN_SPI.o
 .debug_macro   0x0000219b       0x44 ./source/CAN_SPI.o
 .debug_macro   0x000021df     0xe07b ./source/CAN_SPI.o
 .debug_macro   0x0001025a     0x13c7 ./source/CAN_SPI.o
 .debug_macro   0x00011621       0x16 ./source/CAN_SPI.o
 .debug_macro   0x00011637       0x10 ./source/CAN_SPI.o
 .debug_macro   0x00011647       0x3a ./source/CAN_SPI.o
 .debug_macro   0x00011681      0x101 ./source/SPI.o
 .debug_macro   0x00011782       0xd6 ./source/Systick.o
 .debug_macro   0x00011858       0x1c ./source/Systick.o
 .debug_macro   0x00011874       0xfb ./source/UART.o
 .debug_macro   0x0001196f       0xc3 ./source/gpio.o
 .debug_macro   0x00011a32       0xbb ./source/hardware.o
 .debug_macro   0x00011aed       0xde ./source/main.o
 .debug_macro   0x00011bcb       0x9f ./CMSIS/system_MK64F12.o

.debug_line     0x00000000     0x1fd5
 .debug_line    0x00000000      0x6d4 ./startup/startup_mk64f12.o
 .debug_line    0x000006d4      0x522 ./source/CAN_SPI.o
 .debug_line    0x00000bf6      0x417 ./source/SPI.o
 .debug_line    0x0000100d      0x27b ./source/Systick.o
 .debug_line    0x00001288      0x3fe ./source/UART.o
 .debug_line    0x00001686      0x285 ./source/gpio.o
 .debug_line    0x0000190b      0x278 ./source/hardware.o
 .debug_line    0x00001b83      0x246 ./source/main.o
 .debug_line    0x00001dc9      0x20c ./CMSIS/system_MK64F12.o

.debug_str      0x00000000    0x79392
 .debug_str     0x00000000     0x35c1 ./startup/startup_mk64f12.o
                               0x3619 (size before relaxing)
 .debug_str     0x000035c1    0x74dbf ./source/CAN_SPI.o
                              0x77bfd (size before relaxing)
 .debug_str     0x00078380      0x886 ./source/SPI.o
                              0x78007 (size before relaxing)
 .debug_str     0x00078c06      0x165 ./source/Systick.o
                              0x776e1 (size before relaxing)
 .debug_str     0x00078d6b      0x223 ./source/UART.o
                              0x77fd5 (size before relaxing)
 .debug_str     0x00078f8e      0x22b ./source/gpio.o
                              0x70cd3 (size before relaxing)
 .debug_str     0x000791b9      0x16a ./source/hardware.o
                              0x777a0 (size before relaxing)
 .debug_str     0x00079323       0x20 ./source/main.o
                              0x775da (size before relaxing)
 .debug_str     0x00079343       0x4f ./CMSIS/system_MK64F12.o
                              0x776a1 (size before relaxing)

.comment        0x00000000       0x7e
 .comment       0x00000000       0x7e ./startup/startup_mk64f12.o
                                 0x7f (size before relaxing)
 .comment       0x0000007e       0x7f ./source/CAN_SPI.o
 .comment       0x0000007e       0x7f ./source/SPI.o
 .comment       0x0000007e       0x7f ./source/Systick.o
 .comment       0x0000007e       0x7f ./source/UART.o
 .comment       0x0000007e       0x7f ./source/gpio.o
 .comment       0x0000007e       0x7f ./source/hardware.o
 .comment       0x0000007e       0x7f ./source/main.o
 .comment       0x0000007e       0x7f ./CMSIS/system_MK64F12.o
 .comment       0x0000007e       0x7f c:/nxp/mcuxpressoide_10.2.0_759/ide/tools/bin/../lib/gcc/arm-none-eabi/7.2.1/../../../../arm-none-eabi/lib/thumb/v7e-m/fpv4-sp/hard\libcr_nohost_nf.a(_cr__main.o)
 .comment       0x0000007e       0x7f c:/nxp/mcuxpressoide_10.2.0_759/ide/tools/bin/../lib/gcc/arm-none-eabi/7.2.1/../../../../arm-none-eabi/lib/thumb/v7e-m/fpv4-sp/hard\libcr_c.a(initio.o)
 .comment       0x0000007e       0x7f c:/nxp/mcuxpressoide_10.2.0_759/ide/tools/bin/../lib/gcc/arm-none-eabi/7.2.1/../../../../arm-none-eabi/lib/thumb/v7e-m/fpv4-sp/hard\libcr_c.a(setvbuf.o)
 .comment       0x0000007e       0x7f c:/nxp/mcuxpressoide_10.2.0_759/ide/tools/bin/../lib/gcc/arm-none-eabi/7.2.1/../../../../arm-none-eabi/lib/thumb/v7e-m/fpv4-sp/hard\libcr_c.a(_fdopen.o)
 .comment       0x0000007e       0x7f c:/nxp/mcuxpressoide_10.2.0_759/ide/tools/bin/../lib/gcc/arm-none-eabi/7.2.1/../../../../arm-none-eabi/lib/thumb/v7e-m/fpv4-sp/hard\libcr_c.a(fclose.o)
 .comment       0x0000007e       0x7f c:/nxp/mcuxpressoide_10.2.0_759/ide/tools/bin/../lib/gcc/arm-none-eabi/7.2.1/../../../../arm-none-eabi/lib/thumb/v7e-m/fpv4-sp/hard\libcr_c.a(fflush.o)
 .comment       0x0000007e       0x7f c:/nxp/mcuxpressoide_10.2.0_759/ide/tools/bin/../lib/gcc/arm-none-eabi/7.2.1/../../../../arm-none-eabi/lib/thumb/v7e-m/fpv4-sp/hard\libcr_c.a(fseek.o)
 .comment       0x0000007e       0x7f c:/nxp/mcuxpressoide_10.2.0_759/ide/tools/bin/../lib/gcc/arm-none-eabi/7.2.1/../../../../arm-none-eabi/lib/thumb/v7e-m/fpv4-sp/hard\libcr_c.a(ftell.o)
 .comment       0x0000007e       0x7f c:/nxp/mcuxpressoide_10.2.0_759/ide/tools/bin/../lib/gcc/arm-none-eabi/7.2.1/../../../../arm-none-eabi/lib/thumb/v7e-m/fpv4-sp/hard\libcr_c.a(remove.o)
 .comment       0x0000007e       0x7f c:/nxp/mcuxpressoide_10.2.0_759/ide/tools/bin/../lib/gcc/arm-none-eabi/7.2.1/../../../../arm-none-eabi/lib/thumb/v7e-m/fpv4-sp/hard\libcr_c.a(strlen.o)
 .comment       0x0000007e       0x7f c:/nxp/mcuxpressoide_10.2.0_759/ide/tools/bin/../lib/gcc/arm-none-eabi/7.2.1/../../../../arm-none-eabi/lib/thumb/v7e-m/fpv4-sp/hard\libcr_c.a(memset.o)
 .comment       0x0000007e       0x7f c:/nxp/mcuxpressoide_10.2.0_759/ide/tools/bin/../lib/gcc/arm-none-eabi/7.2.1/../../../../arm-none-eabi/lib/thumb/v7e-m/fpv4-sp/hard\libcr_c.a(_do_fflush.o)
 .comment       0x0000007e       0x7f c:/nxp/mcuxpressoide_10.2.0_759/ide/tools/bin/../lib/gcc/arm-none-eabi/7.2.1/../../../../arm-none-eabi/lib/thumb/v7e-m/fpv4-sp/hard\libcr_c.a(_fflush.o)
 .comment       0x0000007e       0x7f c:/nxp/mcuxpressoide_10.2.0_759/ide/tools/bin/../lib/gcc/arm-none-eabi/7.2.1/../../../../arm-none-eabi/lib/thumb/v7e-m/fpv4-sp/hard\libcr_c.a(_writebuf.o)
 .comment       0x0000007e       0x7f c:/nxp/mcuxpressoide_10.2.0_759/ide/tools/bin/../lib/gcc/arm-none-eabi/7.2.1/../../../../arm-none-eabi/lib/thumb/v7e-m/fpv4-sp/hard\libcr_c.a(alloc.o)
 .comment       0x0000007e       0x7f c:/nxp/mcuxpressoide_10.2.0_759/ide/tools/bin/../lib/gcc/arm-none-eabi/7.2.1/../../../../arm-none-eabi/lib/thumb/v7e-m/fpv4-sp/hard\libcr_c.a(errno.o)
 .comment       0x0000007e       0x7f c:/nxp/mcuxpressoide_10.2.0_759/ide/tools/bin/../lib/gcc/arm-none-eabi/7.2.1/../../../../arm-none-eabi/lib/thumb/v7e-m/fpv4-sp/hard\libcr_c.a(_deferredlazyseek.o)
 .comment       0x0000007e       0x7f c:/nxp/mcuxpressoide_10.2.0_759/ide/tools/bin/../lib/gcc/arm-none-eabi/7.2.1/../../../../arm-none-eabi/lib/thumb/v7e-m/fpv4-sp/hard\libcr_nohost_nf.a(__ciob.o)
 .comment       0x0000007e       0x7f c:/nxp/mcuxpressoide_10.2.0_759/ide/tools/bin/../lib/gcc/arm-none-eabi/7.2.1/../../../../arm-none-eabi/lib/thumb/v7e-m/fpv4-sp/hard\libcr_nohost_nf.a(__sys_close.o)
 .comment       0x0000007e       0x7f c:/nxp/mcuxpressoide_10.2.0_759/ide/tools/bin/../lib/gcc/arm-none-eabi/7.2.1/../../../../arm-none-eabi/lib/thumb/v7e-m/fpv4-sp/hard\libcr_nohost_nf.a(__sys_flen.o)
 .comment       0x0000007e       0x7f c:/nxp/mcuxpressoide_10.2.0_759/ide/tools/bin/../lib/gcc/arm-none-eabi/7.2.1/../../../../arm-none-eabi/lib/thumb/v7e-m/fpv4-sp/hard\libcr_nohost_nf.a(__sys_istty.o)
 .comment       0x0000007e       0x7f c:/nxp/mcuxpressoide_10.2.0_759/ide/tools/bin/../lib/gcc/arm-none-eabi/7.2.1/../../../../arm-none-eabi/lib/thumb/v7e-m/fpv4-sp/hard\libcr_nohost_nf.a(__sys_remove.o)
 .comment       0x0000007e       0x7f c:/nxp/mcuxpressoide_10.2.0_759/ide/tools/bin/../lib/gcc/arm-none-eabi/7.2.1/../../../../arm-none-eabi/lib/thumb/v7e-m/fpv4-sp/hard\libcr_nohost_nf.a(__sys_seek.o)
 .comment       0x0000007e       0x7f c:/nxp/mcuxpressoide_10.2.0_759/ide/tools/bin/../lib/gcc/arm-none-eabi/7.2.1/../../../../arm-none-eabi/lib/thumb/v7e-m/fpv4-sp/hard\libcr_nohost_nf.a(__sys_tmpnam.o)
 .comment       0x0000007e       0x7f c:/nxp/mcuxpressoide_10.2.0_759/ide/tools/bin/../lib/gcc/arm-none-eabi/7.2.1/../../../../arm-none-eabi/lib/thumb/v7e-m/fpv4-sp/hard\libcr_nohost_nf.a(__sys_write.o)

.ARM.attributes
                0x00000000       0x37
 .ARM.attributes
                0x00000000       0x39 ./startup/startup_mk64f12.o
 .ARM.attributes
                0x00000039       0x39 ./source/CAN_SPI.o
 .ARM.attributes
                0x00000072       0x39 ./source/SPI.o
 .ARM.attributes
                0x000000ab       0x39 ./source/Systick.o
 .ARM.attributes
                0x000000e4       0x39 ./source/UART.o
 .ARM.attributes
                0x0000011d       0x39 ./source/gpio.o
 .ARM.attributes
                0x00000156       0x39 ./source/hardware.o
 .ARM.attributes
                0x0000018f       0x39 ./source/main.o
 .ARM.attributes
                0x000001c8       0x39 ./CMSIS/system_MK64F12.o
 .ARM.attributes
                0x00000201       0x39 c:/nxp/mcuxpressoide_10.2.0_759/ide/tools/bin/../lib/gcc/arm-none-eabi/7.2.1/../../../../arm-none-eabi/lib/thumb/v7e-m/fpv4-sp/hard\libcr_nohost_nf.a(_cr__main.o)
 .ARM.attributes
                0x0000023a       0x39 c:/nxp/mcuxpressoide_10.2.0_759/ide/tools/bin/../lib/gcc/arm-none-eabi/7.2.1/../../../../arm-none-eabi/lib/thumb/v7e-m/fpv4-sp/hard\libcr_c.a(initio.o)
 .ARM.attributes
                0x00000273       0x39 c:/nxp/mcuxpressoide_10.2.0_759/ide/tools/bin/../lib/gcc/arm-none-eabi/7.2.1/../../../../arm-none-eabi/lib/thumb/v7e-m/fpv4-sp/hard\libcr_c.a(setvbuf.o)
 .ARM.attributes
                0x000002ac       0x39 c:/nxp/mcuxpressoide_10.2.0_759/ide/tools/bin/../lib/gcc/arm-none-eabi/7.2.1/../../../../arm-none-eabi/lib/thumb/v7e-m/fpv4-sp/hard\libcr_c.a(_fdopen.o)
 .ARM.attributes
                0x000002e5       0x39 c:/nxp/mcuxpressoide_10.2.0_759/ide/tools/bin/../lib/gcc/arm-none-eabi/7.2.1/../../../../arm-none-eabi/lib/thumb/v7e-m/fpv4-sp/hard\libcr_c.a(fclose.o)
 .ARM.attributes
                0x0000031e       0x39 c:/nxp/mcuxpressoide_10.2.0_759/ide/tools/bin/../lib/gcc/arm-none-eabi/7.2.1/../../../../arm-none-eabi/lib/thumb/v7e-m/fpv4-sp/hard\libcr_c.a(fflush.o)
 .ARM.attributes
                0x00000357       0x39 c:/nxp/mcuxpressoide_10.2.0_759/ide/tools/bin/../lib/gcc/arm-none-eabi/7.2.1/../../../../arm-none-eabi/lib/thumb/v7e-m/fpv4-sp/hard\libcr_c.a(fseek.o)
 .ARM.attributes
                0x00000390       0x39 c:/nxp/mcuxpressoide_10.2.0_759/ide/tools/bin/../lib/gcc/arm-none-eabi/7.2.1/../../../../arm-none-eabi/lib/thumb/v7e-m/fpv4-sp/hard\libcr_c.a(ftell.o)
 .ARM.attributes
                0x000003c9       0x39 c:/nxp/mcuxpressoide_10.2.0_759/ide/tools/bin/../lib/gcc/arm-none-eabi/7.2.1/../../../../arm-none-eabi/lib/thumb/v7e-m/fpv4-sp/hard\libcr_c.a(remove.o)
 .ARM.attributes
                0x00000402       0x39 c:/nxp/mcuxpressoide_10.2.0_759/ide/tools/bin/../lib/gcc/arm-none-eabi/7.2.1/../../../../arm-none-eabi/lib/thumb/v7e-m/fpv4-sp/hard\libcr_c.a(strlen.o)
 .ARM.attributes
                0x0000043b       0x39 c:/nxp/mcuxpressoide_10.2.0_759/ide/tools/bin/../lib/gcc/arm-none-eabi/7.2.1/../../../../arm-none-eabi/lib/thumb/v7e-m/fpv4-sp/hard\libcr_c.a(memset.o)
 .ARM.attributes
                0x00000474       0x39 c:/nxp/mcuxpressoide_10.2.0_759/ide/tools/bin/../lib/gcc/arm-none-eabi/7.2.1/../../../../arm-none-eabi/lib/thumb/v7e-m/fpv4-sp/hard\libcr_c.a(_do_fflush.o)
 .ARM.attributes
                0x000004ad       0x39 c:/nxp/mcuxpressoide_10.2.0_759/ide/tools/bin/../lib/gcc/arm-none-eabi/7.2.1/../../../../arm-none-eabi/lib/thumb/v7e-m/fpv4-sp/hard\libcr_c.a(_fflush.o)
 .ARM.attributes
                0x000004e6       0x39 c:/nxp/mcuxpressoide_10.2.0_759/ide/tools/bin/../lib/gcc/arm-none-eabi/7.2.1/../../../../arm-none-eabi/lib/thumb/v7e-m/fpv4-sp/hard\libcr_c.a(_writebuf.o)
 .ARM.attributes
                0x0000051f       0x39 c:/nxp/mcuxpressoide_10.2.0_759/ide/tools/bin/../lib/gcc/arm-none-eabi/7.2.1/../../../../arm-none-eabi/lib/thumb/v7e-m/fpv4-sp/hard\libcr_c.a(alloc.o)
 .ARM.attributes
                0x00000558       0x39 c:/nxp/mcuxpressoide_10.2.0_759/ide/tools/bin/../lib/gcc/arm-none-eabi/7.2.1/../../../../arm-none-eabi/lib/thumb/v7e-m/fpv4-sp/hard\libcr_c.a(errno.o)
 .ARM.attributes
                0x00000591       0x39 c:/nxp/mcuxpressoide_10.2.0_759/ide/tools/bin/../lib/gcc/arm-none-eabi/7.2.1/../../../../arm-none-eabi/lib/thumb/v7e-m/fpv4-sp/hard\libcr_c.a(_deferredlazyseek.o)
 .ARM.attributes
                0x000005ca       0x25 c:/nxp/mcuxpressoide_10.2.0_759/ide/tools/bin/../lib/gcc/arm-none-eabi/7.2.1/thumb/v7e-m/fpv4-sp/hard\libcr_eabihelpers.a(memcpy.o)
 .ARM.attributes
                0x000005ef       0x39 c:/nxp/mcuxpressoide_10.2.0_759/ide/tools/bin/../lib/gcc/arm-none-eabi/7.2.1/../../../../arm-none-eabi/lib/thumb/v7e-m/fpv4-sp/hard\libcr_nohost_nf.a(__ciob.o)
 .ARM.attributes
                0x00000628       0x39 c:/nxp/mcuxpressoide_10.2.0_759/ide/tools/bin/../lib/gcc/arm-none-eabi/7.2.1/../../../../arm-none-eabi/lib/thumb/v7e-m/fpv4-sp/hard\libcr_nohost_nf.a(__sys_close.o)
 .ARM.attributes
                0x00000661       0x39 c:/nxp/mcuxpressoide_10.2.0_759/ide/tools/bin/../lib/gcc/arm-none-eabi/7.2.1/../../../../arm-none-eabi/lib/thumb/v7e-m/fpv4-sp/hard\libcr_nohost_nf.a(__sys_flen.o)
 .ARM.attributes
                0x0000069a       0x39 c:/nxp/mcuxpressoide_10.2.0_759/ide/tools/bin/../lib/gcc/arm-none-eabi/7.2.1/../../../../arm-none-eabi/lib/thumb/v7e-m/fpv4-sp/hard\libcr_nohost_nf.a(__sys_istty.o)
 .ARM.attributes
                0x000006d3       0x39 c:/nxp/mcuxpressoide_10.2.0_759/ide/tools/bin/../lib/gcc/arm-none-eabi/7.2.1/../../../../arm-none-eabi/lib/thumb/v7e-m/fpv4-sp/hard\libcr_nohost_nf.a(__sys_remove.o)
 .ARM.attributes
                0x0000070c       0x39 c:/nxp/mcuxpressoide_10.2.0_759/ide/tools/bin/../lib/gcc/arm-none-eabi/7.2.1/../../../../arm-none-eabi/lib/thumb/v7e-m/fpv4-sp/hard\libcr_nohost_nf.a(__sys_seek.o)
 .ARM.attributes
                0x00000745       0x39 c:/nxp/mcuxpressoide_10.2.0_759/ide/tools/bin/../lib/gcc/arm-none-eabi/7.2.1/../../../../arm-none-eabi/lib/thumb/v7e-m/fpv4-sp/hard\libcr_nohost_nf.a(__sys_tmpnam.o)
 .ARM.attributes
                0x0000077e       0x39 c:/nxp/mcuxpressoide_10.2.0_759/ide/tools/bin/../lib/gcc/arm-none-eabi/7.2.1/../../../../arm-none-eabi/lib/thumb/v7e-m/fpv4-sp/hard\libcr_nohost_nf.a(__sys_write.o)

.debug_frame    0x00000000     0x15bc
 .debug_frame   0x00000000      0xa60 ./startup/startup_mk64f12.o
 .debug_frame   0x00000a60      0x318 ./source/CAN_SPI.o
 .debug_frame   0x00000d78      0x280 ./source/SPI.o
 .debug_frame   0x00000ff8       0x98 ./source/Systick.o
 .debug_frame   0x00001090      0x2f4 ./source/UART.o
 .debug_frame   0x00001384      0x12c ./source/gpio.o
 .debug_frame   0x000014b0       0x7c ./source/hardware.o
 .debug_frame   0x0000152c       0x30 ./source/main.o
 .debug_frame   0x0000155c       0x60 ./CMSIS/system_MK64F12.o
