../drivers/HAL/AudioPlayer.c:447:13:Edma_Callback	32	static
../drivers/HAL/AudioPlayer.c:110:6:AudioPlayer_Init	40	static
../drivers/HAL/AudioPlayer.c:149:6:AudioPlayer_UpdateSampleRate	32	static
../drivers/HAL/AudioPlayer.c:105:6:AudioPlayer_DEMOMode	8	static
../drivers/HAL/AudioPlayer.c:136:6:AudioPlayer_LoadSongInfo	8	static
../drivers/HAL/AudioPlayer.c:308:18:AudioPlayer_UpdateBackBuffer	8	static
../drivers/HAL/AudioPlayer.c:320:6:AudioPlayer_IsBackBufferFree	0	static
../drivers/HAL/AudioPlayer.c:325:6:AudioPlayer_Play	40	static
../drivers/HAL/AudioPlayer.c:358:6:AudioPlayer_Pause	0	static
../drivers/HAL/AudioPlayer.c:363:6:AudioPlayer_Stop	0	static
