../drivers/HAL/AudioPlayer.c:431:13:Edma_Callback	32	static
../drivers/HAL/AudioPlayer.c:102:6:AudioPlayer_Init	40	static
../drivers/HAL/AudioPlayer.c:133:6:AudioPlayer_UpdateSampleRate	32	static
../drivers/HAL/AudioPlayer.c:97:6:AudioPlayer_DEMOMode	8	static
../drivers/HAL/AudioPlayer.c:120:6:AudioPlayer_LoadSongInfo	8	static
../drivers/HAL/AudioPlayer.c:292:18:AudioPlayer_UpdateBackBuffer	8	static
../drivers/HAL/AudioPlayer.c:304:6:AudioPlayer_IsBackBufferFree	0	static
../drivers/HAL/AudioPlayer.c:309:6:AudioPlayer_Play	40	static
../drivers/HAL/AudioPlayer.c:342:6:AudioPlayer_Pause	0	static
../drivers/HAL/AudioPlayer.c:347:6:AudioPlayer_Stop	0	static
