../drivers/HAL/OLEDdisplay.c:49:13:OLED_Command	40	static
../drivers/HAL/OLEDdisplay.c:82:13:OLED_Reset	8	static
../drivers/HAL/OLEDdisplay.c:228:6:OLED_Refresh	32	static
../drivers/HAL/OLEDdisplay.c:239:6:OLED_Clear	8	static
../drivers/HAL/OLEDdisplay.c:202:6:OLED_Init	8	static
../drivers/HAL/OLEDdisplay.c:244:6:OLED_Fill	8	static
../drivers/HAL/OLEDdisplay.c:251:6:OLED_Display_Mode	8	static
../drivers/HAL/OLEDdisplay.c:265:6:OLED_Set_Pixel	4	static
../drivers/HAL/OLEDdisplay.c:286:6:OLED_Set_Scroll_Pixel	0	static
../drivers/HAL/OLEDdisplay.c:357:6:OLED_Set_Text	112	static
../drivers/HAL/OLEDdisplay.c:416:13:rollCLB	24	static
../drivers/HAL/OLEDdisplay.c:386:6:OLED_Copy_Image	16	static
../drivers/HAL/OLEDdisplay.c:399:6:OLEDisInit	0	static
../drivers/HAL/OLEDdisplay.c:404:6:OLED_write_Text	8	static
