../drivers/HAL/OLEDdisplay.c:35:13:OLED_Command	40	static
../drivers/HAL/OLEDdisplay.c:68:13:OLED_Reset	8	static
../drivers/HAL/OLEDdisplay.c:204:6:OLED_Refresh	32	static
../drivers/HAL/OLEDdisplay.c:215:6:OLED_Clear	8	static
../drivers/HAL/OLEDdisplay.c:179:6:OLED_Init	8	static
../drivers/HAL/OLEDdisplay.c:221:6:OLED_Fill	8	static
../drivers/HAL/OLEDdisplay.c:228:6:OLED_Display_Mode	8	static
../drivers/HAL/OLEDdisplay.c:242:6:OLED_Set_Pixel	4	static
../drivers/HAL/OLEDdisplay.c:263:6:OLED_Set_Text	104	static
../drivers/HAL/OLEDdisplay.c:298:6:OLED_Copy_Image	16	static
../drivers/HAL/OLEDdisplay.c:311:6:OLEDisInit	0	static
