../drivers/HAL/Timer.c:216:12:getArrayEffectiveLength	0	static
../drivers/HAL/Timer.c:39:6:Timer_Init	8	static
../drivers/HAL/Timer.c:51:5:Timer_AddCallback	32	static
../drivers/HAL/Timer.c:63:12:Timer_Delete	24	static
../drivers/HAL/Timer.c:231:13:Timer_PISR	24	static
../drivers/HAL/Timer.c:99:12:Timer_Pause	24	static
../drivers/HAL/Timer.c:120:12:Timer_Resume	24	static
../drivers/HAL/Timer.c:141:12:Timer_Reset	24	static
../drivers/HAL/Timer.c:162:12:Timer_ChangePeriod	32	static
../drivers/HAL/Timer.c:188:7:Timer_GetCallbackProgress	16	static
