../source/FSM/States/pin_entry.c:33:6:pin_accept_number	16	static
../source/FSM/States/pin_entry.c:76:6:pin_down_number	16	static
../source/FSM/States/pin_entry.c:90:6:pin_up_number	16	static
../source/FSM/States/pin_entry.c:106:6:msg_pin_short	8	static
../source/FSM/States/pin_entry.c:111:6:msg_fail_pin	8	static
../source/FSM/States/pin_entry.c:116:6:msg_pin_3_times	8	static
../source/FSM/States/pin_entry.c:124:6:msg_ok_pin	8	static
../source/FSM/States/pin_entry.c:130:6:init_pin	8	static
../source/FSM/States/pin_entry.c:137:6:msg_fail_encoder	8	static
../source/FSM/States/pin_entry.c:143:6:msg_ok_encoder	8	static
../source/FSM/States/pin_entry.c:150:13:write_hidden	24	static
