../source/FSM/States/pin_entry.c:39:6:pin_accept_number	16	static
../source/FSM/States/pin_entry.c:82:6:pin_down_number	16	static
../source/FSM/States/pin_entry.c:96:6:pin_up_number	16	static
../source/FSM/States/pin_entry.c:112:6:msg_pin_short	8	static
../source/FSM/States/pin_entry.c:117:6:msg_fail_pin	8	static
../source/FSM/States/pin_entry.c:122:6:msg_pin_3_times	8	static
../source/FSM/States/pin_entry.c:130:6:msg_ok_pin	8	static
../source/FSM/States/pin_entry.c:137:6:init_pin	8	static
../source/FSM/States/pin_entry.c:144:6:msg_fail_encoder	8	static
../source/FSM/States/pin_entry.c:150:6:msg_ok_encoder	8	static
../source/FSM/States/pin_entry.c:157:13:write_hidden	24	static
../source/FSM/States/pin_entry.c:176:6:update_floor_information	24	static
