Archive member included to satisfy reference by file (symbol)

/Users/agus/Micros/Github/Micros-Grupo-5/TPS/MP3Player/libs/libarm_cortexM4lf_math.a(arm_q31_to_float.o)
                              ./source/equalizer/equalizer.o (arm_q31_to_float)
/Users/agus/Micros/Github/Micros-Grupo-5/TPS/MP3Player/libs/libarm_cortexM4lf_math.a(arm_float_to_q31.o)
                              ./source/equalizer/equalizer.o (arm_float_to_q31)
/Users/agus/Micros/Github/Micros-Grupo-5/TPS/MP3Player/libs/libarm_cortexM4lf_math.a(arm_rfft_fast_init_f32.o)
                              ./source/fft/vumeterRefresh.o (arm_rfft_fast_init_f32)
/Users/agus/Micros/Github/Micros-Grupo-5/TPS/MP3Player/libs/libarm_cortexM4lf_math.a(arm_rfft_fast_f32.o)
                              ./source/fft/vumeterRefresh.o (arm_rfft_fast_f32)
/Users/agus/Micros/Github/Micros-Grupo-5/TPS/MP3Player/libs/libarm_cortexM4lf_math.a(arm_cfft_f32.o)
                              /Users/agus/Micros/Github/Micros-Grupo-5/TPS/MP3Player/libs/libarm_cortexM4lf_math.a(arm_rfft_fast_f32.o) (arm_cfft_f32)
/Users/agus/Micros/Github/Micros-Grupo-5/TPS/MP3Player/libs/libarm_cortexM4lf_math.a(arm_bitreversal2.o)
                              /Users/agus/Micros/Github/Micros-Grupo-5/TPS/MP3Player/libs/libarm_cortexM4lf_math.a(arm_cfft_f32.o) (arm_bitreversal_32)
/Users/agus/Micros/Github/Micros-Grupo-5/TPS/MP3Player/libs/libarm_cortexM4lf_math.a(arm_biquad_cascade_df1_init_q31.o)
                              ./source/equalizer/equalizer.o (arm_biquad_cascade_df1_init_q31)
/Users/agus/Micros/Github/Micros-Grupo-5/TPS/MP3Player/libs/libarm_cortexM4lf_math.a(arm_biquad_cascade_df1_fast_q31.o)
                              ./source/equalizer/equalizer.o (arm_biquad_cascade_df1_fast_q31)
/Users/agus/Micros/Github/Micros-Grupo-5/TPS/MP3Player/libs/libarm_cortexM4lf_math.a(arm_biquad_cascade_df1_32x64_q31.o)
                              ./source/equalizer/equalizer.o (arm_biquad_cas_df1_32x64_q31)
/Users/agus/Micros/Github/Micros-Grupo-5/TPS/MP3Player/libs/libarm_cortexM4lf_math.a(arm_biquad_cascade_df1_32x64_init_q31.o)
                              ./source/equalizer/equalizer.o (arm_biquad_cas_df1_32x64_init_q31)
/Users/agus/Micros/Github/Micros-Grupo-5/TPS/MP3Player/libs/libarm_cortexM4lf_math.a(arm_scale_q31.o)
                              ./source/equalizer/equalizer.o (arm_scale_q31)
/Users/agus/Micros/Github/Micros-Grupo-5/TPS/MP3Player/libs/libarm_cortexM4lf_math.a(arm_scale_f32.o)
                              ./source/equalizer/equalizer.o (arm_scale_f32)
/Users/agus/Micros/Github/Micros-Grupo-5/TPS/MP3Player/libs/libarm_cortexM4lf_math.a(arm_common_tables.o)
                              /Users/agus/Micros/Github/Micros-Grupo-5/TPS/MP3Player/libs/libarm_cortexM4lf_math.a(arm_rfft_fast_init_f32.o) (twiddleCoef_rfft_4096)
/Users/agus/Micros/Github/Micros-Grupo-5/TPS/MP3Player/libs/libarm_cortexM4lf_math.a(arm_cfft_radix8_f32.o)
                              /Users/agus/Micros/Github/Micros-Grupo-5/TPS/MP3Player/libs/libarm_cortexM4lf_math.a(arm_cfft_f32.o) (arm_radix8_butterfly_f32)
/Applications/MCUXpressoIDE_11.8.0_1165/ide/plugins/com.nxp.mcuxpresso.tools.macosx_11.8.0.202306131047/tools/bin/../lib/gcc/arm-none-eabi/12.2.1/../../../../arm-none-eabi/lib/thumb/v7e-m+fp/hard/libcr_semihost_nf.a(_cr__main.o)
                              ./startup/startup_mk64f12.o (__main)
/Applications/MCUXpressoIDE_11.8.0_1165/ide/plugins/com.nxp.mcuxpresso.tools.macosx_11.8.0.202306131047/tools/bin/../lib/gcc/arm-none-eabi/12.2.1/../../../../arm-none-eabi/lib/thumb/v7e-m+fp/hard/libcr_semihost_nf.a(_cr_assert.o)
                              ./drivers/SDK/SD/fsl_sd.o (__assertion_failed)
/Applications/MCUXpressoIDE_11.8.0_1165/ide/plugins/com.nxp.mcuxpresso.tools.macosx_11.8.0.202306131047/tools/bin/../lib/gcc/arm-none-eabi/12.2.1/../../../../arm-none-eabi/lib/thumb/v7e-m+fp/hard/libcr_semihost_nf.a(__ciob.o)
                              /Applications/MCUXpressoIDE_11.8.0_1165/ide/plugins/com.nxp.mcuxpresso.tools.macosx_11.8.0.202306131047/tools/bin/../lib/gcc/arm-none-eabi/12.2.1/../../../../arm-none-eabi/lib/thumb/v7e-m+fp/hard/libcr_semihost_nf.a(_cr_assert.o) (__Ciob)
/Applications/MCUXpressoIDE_11.8.0_1165/ide/plugins/com.nxp.mcuxpresso.tools.macosx_11.8.0.202306131047/tools/bin/../lib/gcc/arm-none-eabi/12.2.1/../../../../arm-none-eabi/lib/thumb/v7e-m+fp/hard/libcr_semihost_nf.a(__sys_appexit.o)
                              /Applications/MCUXpressoIDE_11.8.0_1165/ide/plugins/com.nxp.mcuxpresso.tools.macosx_11.8.0.202306131047/tools/bin/../lib/gcc/arm-none-eabi/12.2.1/../../../../arm-none-eabi/lib/thumb/v7e-m+fp/hard/libcr_semihost_nf.a(_cr_assert.o) (__sys_appexit)
/Applications/MCUXpressoIDE_11.8.0_1165/ide/plugins/com.nxp.mcuxpresso.tools.macosx_11.8.0.202306131047/tools/bin/../lib/gcc/arm-none-eabi/12.2.1/../../../../arm-none-eabi/lib/thumb/v7e-m+fp/hard/libcr_c.a(sqrtf_m4_hardfp.o)
                              ./source/fft/vumeterRefresh.o (sqrtf)
[...]
Memory Configuration

Name             Origin             Length             Attributes
PROGRAM_FLASH    0x0000000000000000 0x0000000000100000 xr
SRAM_UPPER       0x0000000020000000 0x0000000000030000 xrw
SRAM_LOWER       0x000000001fff0000 0x0000000000010000 xrw
FLEX_RAM         0x0000000014000000 0x0000000000001000 xrw
*default*        0x0000000000000000 0xffffffffffffffff

Linker script and memory map

LOAD ./startup/hardware.o
LOAD ./startup/main.o
LOAD ./startup/semihost_hardfault.o
LOAD ./startup/startup_mk64f12.o
LOAD ./source/fsm/States/effects_state.o
LOAD ./source/fsm/States/file_selection_state.o
LOAD ./source/fsm/States/idle_state.o
LOAD ./source/fsm/States/init_state.o
LOAD ./source/fsm/States/player_state.o
LOAD ./source/fsm/fsm.o
LOAD ./source/fsm/fsm_table.o
LOAD ./source/file_manager/file_system_manager.o
LOAD ./source/fft/vumeterRefresh.o
LOAD ./source/equalizer/equalizer.o
LOAD ./source/equalizer/math_helper.o
LOAD ./source/audio_manager/audio_manager.o
LOAD ./source/User/userData.o
LOAD ./source/User/userInput.o
LOAD ./source/FSM_1/States/brightness.o
LOAD ./source/FSM_1/States/encoder_entry.o
LOAD ./source/FSM_1/States/id_entry.o
LOAD ./source/FSM_1/States/pin_entry.o
LOAD ./source/FSM_1/FSM.o
LOAD ./source/EventQueue/queue.o
LOAD ./source/App.o
LOAD ./source/queue.o
LOAD ./drivers/SDK/SD/fsl_sd.o
LOAD ./drivers/SDK/SD/fsl_sdhc.o
LOAD ./drivers/SDK/SD/fsl_sdmmc_common.o
LOAD ./drivers/SDK/SD/fsl_sdmmc_host.o
LOAD ./drivers/SDK/SD/sdmmc_config.o
LOAD ./drivers/SDK/clock_config.o
LOAD ./drivers/SDK/fsl_clock.o
LOAD ./drivers/SDK/fsl_common.o
LOAD ./drivers/SDK/fsl_dac.o
LOAD ./drivers/SDK/fsl_dmamux.o
LOAD ./drivers/SDK/fsl_dspi.o
LOAD ./drivers/SDK/fsl_edma.o
LOAD ./drivers/SDK/fsl_pdb.o
LOAD ./drivers/SDK/fsl_pmc.o
LOAD ./drivers/SDK/fsl_rcm.o
LOAD ./drivers/SDK/fsl_rtc.o
LOAD ./drivers/SDK/fsl_smc.o
LOAD ./drivers/SDK/fsl_sysmpu.o
LOAD ./drivers/SDK/power_mode_switch.o
LOAD ./drivers/MCAL/SysTick.o
LOAD ./drivers/MCAL/ftm.o
LOAD ./drivers/MCAL/gpio.o
LOAD ./drivers/MCAL/uart.o
LOAD ./drivers/HAL/AudioPlayer.o
LOAD ./drivers/HAL/I2CWrapper.o
LOAD ./drivers/HAL/OLEDdisplay.o
LOAD ./drivers/HAL/SPI_wrapper.o
LOAD ./drivers/HAL/Timer.o
LOAD ./drivers/HAL/button.o
LOAD ./drivers/HAL/daytime.o
LOAD ./drivers/HAL/decoder.o
LOAD ./drivers/HAL/encoder.o
LOAD ./drivers/HAL/matrix_display.o
LOAD ./drivers/HAL/memory_manager.o
LOAD ./device/system_MK64F12.o
LOAD ./component/lists/generic_list.o
LOAD ./component/id3/read_id3.o
LOAD ./component/helix/real/bitstream.o
LOAD ./component/helix/real/buffers.o
LOAD ./component/helix/real/dct32.o
LOAD ./component/helix/real/dequant.o
LOAD ./component/helix/real/dqchan.o
LOAD ./component/helix/real/huffman.o
LOAD ./component/helix/real/hufftabs.o
LOAD ./component/helix/real/imdct.o
LOAD ./component/helix/real/polyphase.o
LOAD ./component/helix/real/scalfact.o
LOAD ./component/helix/real/stproc.o
LOAD ./component/helix/real/subband.o
LOAD ./component/helix/real/trigtabs_fixpt.o
LOAD ./component/helix/mp3dec.o
LOAD ./component/helix/mp3tabs.o
LOAD ./component/fatfs/fsl_sd_disk/fsl_sd_disk.o
LOAD ./component/fatfs/diskio.o
LOAD ./component/fatfs/ff.o
LOAD ./component/fatfs/ffsystem.o
LOAD ./component/fatfs/ffunicode.o
LOAD /Users/agus/Micros/Github/Micros-Grupo-5/TPS/MP3Player/libs/libarm_cortexM4lf_math.a
START GROUP
LOAD /Applications/MCUXpressoIDE_11.8.0_1165/ide/plugins/com.nxp.mcuxpresso.tools.macosx_11.8.0.202306131047/tools/bin/../lib/gcc/arm-none-eabi/12.2.1/../../../../arm-none-eabi/lib/thumb/v7e-m+fp/hard/libcr_semihost_nf.a
LOAD /Applications/MCUXpressoIDE_11.8.0_1165/ide/plugins/com.nxp.mcuxpresso.tools.macosx_11.8.0.202306131047/tools/bin/../lib/gcc/arm-none-eabi/12.2.1/../../../../arm-none-eabi/lib/thumb/v7e-m+fp/hard/libcr_c.a
LOAD /Applications/MCUXpressoIDE_11.8.0_1165/ide/plugins/com.nxp.mcuxpresso.tools.macosx_11.8.0.202306131047/tools/bin/../lib/gcc/arm-none-eabi/12.2.1/thumb/v7e-m+fp/hard/libcr_eabihelpers.a
LOAD /Applications/MCUXpressoIDE_11.8.0_1165/ide/plugins/com.nxp.mcuxpresso.tools.macosx_11.8.0.202306131047/tools/bin/../lib/gcc/arm-none-eabi/12.2.1/thumb/v7e-m+fp/hard/libgcc.a
END GROUP
                0x0000000000000000                __base_PROGRAM_FLASH = 0x0
                0x0000000000000000                __base_Flash = 0x0
                0x0000000000100000                __top_PROGRAM_FLASH = 0x100000
                0x0000000000100000                __top_Flash = 0x100000
                0x0000000020000000                __base_SRAM_UPPER = 0x20000000
                0x0000000020000000                __base_RAM = 0x20000000
                0x0000000020030000                __top_SRAM_UPPER = 0x20030000
                0x0000000020030000                __top_RAM = 0x20030000
                0x000000001fff0000                __base_SRAM_LOWER = 0x1fff0000
                0x000000001fff0000                __base_RAM2 = 0x1fff0000
                0x0000000020000000                __top_SRAM_LOWER = 0x20000000
                0x0000000020000000                __top_RAM2 = 0x20000000
                0x0000000014000000                __base_FLEX_RAM = 0x14000000
                0x0000000014000000                __base_RAM3 = 0x14000000
                0x0000000014001000                __top_FLEX_RAM = 0x14001000
                0x0000000014001000                __top_RAM3 = 0x14001000

.text           0x0000000000000000     0x2368
 FILL mask 0xff
                0x0000000000000000                __vectors_start__ = ABSOLUTE (.)
 *(SORT_BY_ALIGNMENT(.isr_vector))
 .isr_vector    0x0000000000000000      0x198 ./startup/startup_mk64f12.o
                0x0000000000000000                __Vectors
                0x0000000000000000                g_pfnVectors
                0x0000000000000198                . = ALIGN (0x4)
                0x0000000000000198                __section_table_start = .
                0x0000000000000198                __data_section_table = .
                0x0000000000000198        0x4 LONG 0x2368 LOADADDR (.data)
                0x000000000000019c        0x4 LONG 0x20000000 ADDR (.data)
                0x00000000000001a0        0x4 LONG 0x198 SIZEOF (.data)
                0x00000000000001a4        0x4 LONG 0x2368 LOADADDR (.data_RAM2)
                0x00000000000001a8        0x4 LONG 0x1fff0000 ADDR (.data_RAM2)
                0x00000000000001ac        0x4 LONG 0x0 SIZEOF (.data_RAM2)
                0x00000000000001b0        0x4 LONG 0x2368 LOADADDR (.data_RAM3)
                0x00000000000001b4        0x4 LONG 0x14000000 ADDR (.data_RAM3)
                0x00000000000001b8        0x4 LONG 0x0 SIZEOF (.data_RAM3)
                0x00000000000001bc                __data_section_table_end = .
                0x00000000000001bc                __bss_section_table = .
                0x00000000000001bc        0x4 LONG 0x20000198 ADDR (.bss)
                0x00000000000001c0        0x4 LONG 0x2be8 SIZEOF (.bss)
                0x00000000000001c4        0x4 LONG 0x1fff0000 ADDR (.bss_RAM2)
                0x00000000000001c8        0x4 LONG 0x0 SIZEOF (.bss_RAM2)
                0x00000000000001cc        0x4 LONG 0x14000000 ADDR (.bss_RAM3)
                0x00000000000001d0        0x4 LONG 0x0 SIZEOF (.bss_RAM3)
                0x00000000000001d4                __bss_section_table_end = .
                0x00000000000001d4                __section_table_end = .
 *(SORT_BY_ALIGNMENT(.after_vectors*))
 .after_vectors.reset
                0x00000000000001d4       0x4c ./startup/startup_mk64f12.o
                0x00000000000001d4                ResetISR
 .after_vectors
                0x0000000000000220       0x14 ./startup/startup_mk64f12.o
                0x0000000000000220                NMI_Handler
                0x0000000000000224                MemManage_Handler
                0x0000000000000226                BusFault_Handler
                0x0000000000000228                UsageFault_Handler
                0x000000000000022a                SVC_Handler
                0x000000000000022c                DebugMon_Handler
                0x000000000000022e                PendSV_Handler
                0x0000000000000232                I2S0_Tx_DriverIRQHandler
                0x0000000000000232                RTC_Seconds_DriverIRQHandler
                0x0000000000000232                LLWU_DriverIRQHandler
                0x0000000000000232                MCM_DriverIRQHandler
                0x0000000000000232                MCG_DriverIRQHandler
                0x0000000000000232                ENET_1588_Timer_DriverIRQHandler
                0x0000000000000232                I2C2_DriverIRQHandler
                0x0000000000000232                DAC1_DriverIRQHandler
                0x0000000000000232                CMP1_DriverIRQHandler
                0x0000000000000232                UART5_RX_TX_DriverIRQHandler
                0x0000000000000232                FTM0_DriverIRQHandler
                0x0000000000000232                IntDefaultHandler
                0x0000000000000232                USB0_DriverIRQHandler
                0x0000000000000232                UART5_ERR_DriverIRQHandler
                0x0000000000000232                PORTC_DriverIRQHandler
                0x0000000000000232                DAC0_DriverIRQHandler
                0x0000000000000232                CMP2_DriverIRQHandler
                0x0000000000000232                UART2_ERR_DriverIRQHandler
                0x0000000000000232                LVD_LVW_DriverIRQHandler
                0x0000000000000232                PIT0_DriverIRQHandler
                0x0000000000000232                RNG_DriverIRQHandler
                0x0000000000000232                UART2_RX_TX_DriverIRQHandler
                0x0000000000000232                USBDCD_DriverIRQHandler
                0x0000000000000232                UART3_ERR_DriverIRQHandler
                0x0000000000000232                UART0_ERR_DriverIRQHandler
                0x0000000000000232                CMT_DriverIRQHandler
                0x0000000000000232                Reserved71_DriverIRQHandler
                0x0000000000000232                ADC1_DriverIRQHandler
                0x0000000000000232                PORTA_DriverIRQHandler
                0x0000000000000232                PIT3_DriverIRQHandler
                0x0000000000000232                PIT1_DriverIRQHandler
                0x0000000000000232                WDOG_EWM_DriverIRQHandler
                0x0000000000000232                PDB0_DriverIRQHandler
                0x0000000000000232                RTC_DriverIRQHandler
                0x0000000000000232                I2S0_Rx_DriverIRQHandler
                0x0000000000000232                Read_Collision_DriverIRQHandler
                0x0000000000000232                SWI_DriverIRQHandler
                0x0000000000000232                UART4_RX_TX_DriverIRQHandler
                0x0000000000000232                UART4_ERR_DriverIRQHandler
                0x0000000000000232                UART0_LON_DriverIRQHandler
                0x0000000000000232                I2C1_DriverIRQHandler
                0x0000000000000232                UART3_RX_TX_DriverIRQHandler
                0x0000000000000232                ENET_Receive_DriverIRQHandler
                0x0000000000000232                ENET_Error_DriverIRQHandler
                0x0000000000000232                UART0_RX_TX_DriverIRQHandler
                0x0000000000000232                ADC0_DriverIRQHandler
                0x0000000000000232                CMP0_DriverIRQHandler
                0x0000000000000232                CAN0_DriverIRQHandler
                0x0000000000000232                FTM3_DriverIRQHandler
                0x0000000000000232                UART1_ERR_DriverIRQHandler
                0x0000000000000232                ENET_Transmit_DriverIRQHandler
                0x0000000000000232                PORTD_DriverIRQHandler
                0x0000000000000232                PORTE_DriverIRQHandler
                0x0000000000000232                FTFE_DriverIRQHandler
                0x0000000000000232                I2C0_DriverIRQHandler
                0x0000000000000232                UART1_RX_TX_DriverIRQHandler
                0x0000000000000232                PORTB_DriverIRQHandler
                0x0000000000000232                LPTMR0_DriverIRQHandler
                0x0000000000000232                DMA_Error_DriverIRQHandler
                0x0000000000000232                FTM1_DriverIRQHandler
                0x0000000000000232                FTM2_DriverIRQHandler
                0x0000000000000232                PIT2_DriverIRQHandler
 .after_vectors.init_data
                0x0000000000000234       0x1e ./startup/startup_mk64f12.o
                0x0000000000000234                data_init
 .after_vectors.init_bss
                0x0000000000000252       0x12 ./startup/startup_mk64f12.o
                0x0000000000000252                bss_init
                0x0000000000000400                . = 0x400
 *fill*         0x0000000000000264      0x19c ff
                0x0000000000000400                PROVIDE (__FLASH_CONFIG_START__ = .)
 *(SORT_BY_ALIGNMENT(.FlashConfig))
 .FlashConfig   0x0000000000000400       0x10 ./startup/startup_mk64f12.o
                0x0000000000000400                Flash_Config
                0x0000000000000410                PROVIDE (__FLASH_CONFIG_END__ = .)
                0x0000000000000001                ASSERT (! ((__FLASH_CONFIG_START__ == __FLASH_CONFIG_END__)), Linker Flash Config Support Enabled, but no .FlashConfig section provided within application)
 *(SORT_BY_ALIGNMENT(.text*))
 .text.hw_Init  0x0000000000000410       0xb4 ./startup/hardware.o
                0x0000000000000410                hw_Init
 .text.hw_EnableInterrupts
                0x00000000000004c4       0x18 ./startup/hardware.o
                0x00000000000004c4                hw_EnableInterrupts
 .text.hw_DisableInterrupts
                0x00000000000004dc       0x10 ./startup/hardware.o
                0x00000000000004dc                hw_DisableInterrupts
 .text.check_encoder_id
                0x00000000000004ec       0x40 ./source/User/userData.o
                0x00000000000004ec                check_encoder_id
 .text.check_pin
                0x000000000000052c       0x30 ./source/User/userData.o
                0x000000000000052c                check_pin
 .text.up_number
                0x000000000000055c       0x28 ./source/FSM_1/States/encoder_entry.o
                0x000000000000055c                up_number
 .text.down_number
                0x0000000000000584       0x28 ./source/FSM_1/States/encoder_entry.o
                0x0000000000000584                down_number
 .text.accept_number
                0x00000000000005ac       0x48 ./source/FSM_1/States/encoder_entry.o
                0x00000000000005ac                accept_number
 .text.init_id  0x00000000000005f4       0x18 ./source/FSM_1/States/encoder_entry.o
                0x00000000000005f4                init_id
 .text.pin_accept_number
                0x000000000000060c       0x90 ./source/FSM_1/States/pin_entry.o
                0x000000000000060c                pin_accept_number
 .text.pin_down_number
                0x000000000000069c       0x28 ./source/FSM_1/States/pin_entry.o
                0x000000000000069c                pin_down_number
 .text.pin_up_number
                0x00000000000006c4       0x28 ./source/FSM_1/States/pin_entry.o
                0x00000000000006c4                pin_up_number
 .text.msg_ok_encoder
                0x00000000000006ec       0x18 ./source/FSM_1/States/pin_entry.o
                0x00000000000006ec                msg_ok_encoder
 .text.fsm_dispatcher
                0x0000000000000704       0x2c ./source/FSM_1/FSM.o
                0x0000000000000704                fsm_dispatcher
 .text.get_initial_state
                0x0000000000000730        0x8 ./source/FSM_1/FSM.o
                0x0000000000000730                get_initial_state
 .text.queue_Init
                0x0000000000000738       0x24 ./source/EventQueue/queue.o
                0x0000000000000738                queue_Init
 .text.push_Queue_Element
                0x000000000000075c       0x48 ./source/EventQueue/queue.o
                0x000000000000075c                push_Queue_Element
 .text.pull_Queue_Element
                0x00000000000007a4       0x3c ./source/EventQueue/queue.o
                0x00000000000007a4                pull_Queue_Element
 .text.App_Init
                0x00000000000007e0       0x28 ./source/App.o
                0x00000000000007e0                App_Init
 .text.App_Run  0x0000000000000808       0x1c ./source/App.o
                0x0000000000000808                App_Run
 .text.SDHC_DriverIRQHandler
                0x0000000000000824       0x2c ./drivers/SDK/SD/fsl_sdhc.o
                0x0000000000000824                SDHC_DriverIRQHandler
 .text.CLOCK_GetInternalRefClkSelectFreq
                0x0000000000000850       0x2c ./drivers/SDK/fsl_clock.o
 .text.CLOCK_GetMcgExtClkFreq
                0x000000000000087c       0x58 ./drivers/SDK/fsl_clock.o
 .text.CLOCK_GetFllExtRefClkFreq
                0x00000000000008d4       0x58 ./drivers/SDK/fsl_clock.o
 .text.CLOCK_GetOsc0ErClkFreq
                0x000000000000092c       0x30 ./drivers/SDK/fsl_clock.o
                0x000000000000092c                CLOCK_GetOsc0ErClkFreq
 .text.CLOCK_GetEr32kClkFreq
                0x000000000000095c       0x50 ./drivers/SDK/fsl_clock.o
                0x000000000000095c                CLOCK_GetEr32kClkFreq
 .text.CLOCK_GetFllFreq
                0x00000000000009ac       0x5c ./drivers/SDK/fsl_clock.o
                0x00000000000009ac                CLOCK_GetFllFreq
 .text.CLOCK_GetInternalRefClkFreq
                0x0000000000000a08       0x1c ./drivers/SDK/fsl_clock.o
                0x0000000000000a08                CLOCK_GetInternalRefClkFreq
 .text.CLOCK_GetPll0Freq
                0x0000000000000a24       0x40 ./drivers/SDK/fsl_clock.o
                0x0000000000000a24                CLOCK_GetPll0Freq
 .text.CLOCK_GetPllFllSelClkFreq
                0x0000000000000a64       0x30 ./drivers/SDK/fsl_clock.o
                0x0000000000000a64                CLOCK_GetPllFllSelClkFreq
 .text.CLOCK_GetOutClkFreq
                0x0000000000000a94       0x38 ./drivers/SDK/fsl_clock.o
                0x0000000000000a94                CLOCK_GetOutClkFreq
 .text.CLOCK_GetFixedFreqClkFreq
                0x0000000000000acc       0x30 ./drivers/SDK/fsl_clock.o
                0x0000000000000acc                CLOCK_GetFixedFreqClkFreq
 .text.CLOCK_GetFreq
                0x0000000000000afc       0xac ./drivers/SDK/fsl_clock.o
                0x0000000000000afc                CLOCK_GetFreq
 .text.DSPI_CommonIRQHandler
                0x0000000000000ba8       0x34 ./drivers/SDK/fsl_dspi.o
 .text.SPI1_DriverIRQHandler
                0x0000000000000bdc       0x24 ./drivers/SDK/fsl_dspi.o
                0x0000000000000bdc                SPI1_DriverIRQHandler
 .text.SPI2_DriverIRQHandler
                0x0000000000000c00       0x24 ./drivers/SDK/fsl_dspi.o
                0x0000000000000c00                SPI2_DriverIRQHandler
 .text.EDMA_HandleIRQ
                0x0000000000000c24       0xd4 ./drivers/SDK/fsl_edma.o
                0x0000000000000c24                EDMA_HandleIRQ
 .text.DMA0_DriverIRQHandler
                0x0000000000000cf8       0x14 ./drivers/SDK/fsl_edma.o
                0x0000000000000cf8                DMA0_DriverIRQHandler
 .text.DMA1_DriverIRQHandler
                0x0000000000000d0c       0x14 ./drivers/SDK/fsl_edma.o
                0x0000000000000d0c                DMA1_DriverIRQHandler
 .text.DMA2_DriverIRQHandler
                0x0000000000000d20       0x14 ./drivers/SDK/fsl_edma.o
                0x0000000000000d20                DMA2_DriverIRQHandler
 .text.DMA3_DriverIRQHandler
                0x0000000000000d34       0x14 ./drivers/SDK/fsl_edma.o
                0x0000000000000d34                DMA3_DriverIRQHandler
 .text.DMA4_DriverIRQHandler
                0x0000000000000d48       0x14 ./drivers/SDK/fsl_edma.o
                0x0000000000000d48                DMA4_DriverIRQHandler
 .text.DMA5_DriverIRQHandler
                0x0000000000000d5c       0x14 ./drivers/SDK/fsl_edma.o
                0x0000000000000d5c                DMA5_DriverIRQHandler
 .text.DMA6_DriverIRQHandler
                0x0000000000000d70       0x14 ./drivers/SDK/fsl_edma.o
                0x0000000000000d70                DMA6_DriverIRQHandler
 .text.DMA7_DriverIRQHandler
                0x0000000000000d84       0x14 ./drivers/SDK/fsl_edma.o
                0x0000000000000d84                DMA7_DriverIRQHandler
 .text.DMA8_DriverIRQHandler
                0x0000000000000d98       0x14 ./drivers/SDK/fsl_edma.o
                0x0000000000000d98                DMA8_DriverIRQHandler
 .text.DMA9_DriverIRQHandler
                0x0000000000000dac       0x14 ./drivers/SDK/fsl_edma.o
                0x0000000000000dac                DMA9_DriverIRQHandler
 .text.DMA10_DriverIRQHandler
                0x0000000000000dc0       0x14 ./drivers/SDK/fsl_edma.o
                0x0000000000000dc0                DMA10_DriverIRQHandler
 .text.DMA11_DriverIRQHandler
                0x0000000000000dd4       0x14 ./drivers/SDK/fsl_edma.o
                0x0000000000000dd4                DMA11_DriverIRQHandler
 .text.DMA12_DriverIRQHandler
                0x0000000000000de8       0x14 ./drivers/SDK/fsl_edma.o
                0x0000000000000de8                DMA12_DriverIRQHandler
 .text.DMA13_DriverIRQHandler
                0x0000000000000dfc       0x14 ./drivers/SDK/fsl_edma.o
                0x0000000000000dfc                DMA13_DriverIRQHandler
 .text.DMA14_DriverIRQHandler
                0x0000000000000e10       0x14 ./drivers/SDK/fsl_edma.o
                0x0000000000000e10                DMA14_DriverIRQHandler
 .text.DMA15_DriverIRQHandler
                0x0000000000000e24       0x14 ./drivers/SDK/fsl_edma.o
                0x0000000000000e24                DMA15_DriverIRQHandler
 .text.SysTick_Init
                0x0000000000000e38       0x50 ./drivers/MCAL/SysTick.o
                0x0000000000000e38                SysTick_Init
 .text.SysTick_AddCallback
                0x0000000000000e88       0x48 ./drivers/MCAL/SysTick.o
                0x0000000000000e88                SysTick_AddCallback
 .text.SysTick_Handler
                0x0000000000000ed0       0x5c ./drivers/MCAL/SysTick.o
                0x0000000000000ed0                SysTick_Handler
 .text.gpioMode
                0x0000000000000f2c       0x9c ./drivers/MCAL/gpio.o
                0x0000000000000f2c                gpioMode
 .text.gpioToggle
                0x0000000000000fc8       0x1c ./drivers/MCAL/gpio.o
                0x0000000000000fc8                gpioToggle
 .text.gpioRead
                0x0000000000000fe4       0x20 ./drivers/MCAL/gpio.o
                0x0000000000000fe4                gpioRead
 .text.interruptHandler
                0x0000000000001004       0x54 ./drivers/MCAL/gpio.o
                0x0000000000001004                interruptHandler
 .text.UART_rx_tx_irq_handler
                0x0000000000001058       0xd8 ./drivers/MCAL/uart.o
                0x0000000000001058                UART_rx_tx_irq_handler
 .text.UART0_RX_TX_IRQHandler
                0x0000000000001130       0x20 ./drivers/MCAL/uart.o
                0x0000000000001130                UART0_RX_TX_IRQHandler
 .text.UART1_RX_TX_IRQHandler
                0x0000000000001150       0x20 ./drivers/MCAL/uart.o
                0x0000000000001150                UART1_RX_TX_IRQHandler
 .text.UART2_RX_TX_IRQHandler
                0x0000000000001170       0x20 ./drivers/MCAL/uart.o
                0x0000000000001170                UART2_RX_TX_IRQHandler
 .text.UART3_RX_TX_IRQHandler
                0x0000000000001190       0x20 ./drivers/MCAL/uart.o
                0x0000000000001190                UART3_RX_TX_IRQHandler
 .text.UART4_RX_TX_IRQHandler
                0x00000000000011b0       0x20 ./drivers/MCAL/uart.o
                0x00000000000011b0                UART4_RX_TX_IRQHandler
 .text.SPI0_IRQHandler
                0x00000000000011d0       0x9c ./drivers/HAL/SPI_wrapper.o
                0x00000000000011d0                SPI0_IRQHandler
 .text.lookForMoves
                0x000000000000126c       0x7c ./drivers/HAL/encoder.o
                0x000000000000126c                lookForMoves
 .text.Encoder_Init
                0x00000000000012e8       0x50 ./drivers/HAL/encoder.o
                0x00000000000012e8                Encoder_Init
 .text.SystemInit
                0x0000000000001338       0x34 ./device/system_MK64F12.o
                0x0000000000001338                SystemInit
 .text.__assertion_failed
                0x000000000000136c       0x4c /Applications/MCUXpressoIDE_11.8.0_1165/ide/plugins/com.nxp.mcuxpresso.tools.macosx_11.8.0.202306131047/tools/bin/../lib/gcc/arm-none-eabi/12.2.1/../../../../arm-none-eabi/lib/thumb/v7e-m+fp/hard/libcr_semihost_nf.a(_cr_assert.o)
                0x000000000000136c                __assertion_failed
 .text.__sys_appexit
                0x00000000000013b8        0xc /Applications/MCUXpressoIDE_11.8.0_1165/ide/plugins/com.nxp.mcuxpresso.tools.macosx_11.8.0.202306131047/tools/bin/../lib/gcc/arm-none-eabi/12.2.1/../../../../arm-none-eabi/lib/thumb/v7e-m+fp/hard/libcr_semihost_nf.a(__sys_appexit.o)
                0x00000000000013b8                __exit
                0x00000000000013b8                __sys_appexit
 .text._Cwritebuf
                0x00000000000013c4       0x6c /Applications/MCUXpressoIDE_11.8.0_1165/ide/plugins/com.nxp.mcuxpresso.tools.macosx_11.8.0.202306131047/tools/bin/../lib/gcc/arm-none-eabi/12.2.1/../../../../arm-none-eabi/lib/thumb/v7e-m+fp/hard/libcr_c.a(_writebuf.o)
                0x00000000000013c4                _Cwritebuf
 .text.malloc   0x0000000000001430       0xe8 /Applications/MCUXpressoIDE_11.8.0_1165/ide/plugins/com.nxp.mcuxpresso.tools.macosx_11.8.0.202306131047/tools/bin/../lib/gcc/arm-none-eabi/12.2.1/../../../../arm-none-eabi/lib/thumb/v7e-m+fp/hard/libcr_c.a(alloc.o)
                0x0000000000001430                malloc
 .text._Csys_alloc
                0x0000000000001518       0x20 /Applications/MCUXpressoIDE_11.8.0_1165/ide/plugins/com.nxp.mcuxpresso.tools.macosx_11.8.0.202306131047/tools/bin/../lib/gcc/arm-none-eabi/12.2.1/../../../../arm-none-eabi/lib/thumb/v7e-m+fp/hard/libcr_c.a(alloc.o)
                0x0000000000001518                _Csys_alloc
 .text.fseek    0x0000000000001538       0xf8 /Applications/MCUXpressoIDE_11.8.0_1165/ide/plugins/com.nxp.mcuxpresso.tools.macosx_11.8.0.202306131047/tools/bin/../lib/gcc/arm-none-eabi/12.2.1/../../../../arm-none-eabi/lib/thumb/v7e-m+fp/hard/libcr_c.a(fseek.o)
                0x0000000000001538                fseek
 .text.ftell    0x0000000000001630       0x44 /Applications/MCUXpressoIDE_11.8.0_1165/ide/plugins/com.nxp.mcuxpresso.tools.macosx_11.8.0.202306131047/tools/bin/../lib/gcc/arm-none-eabi/12.2.1/../../../../arm-none-eabi/lib/thumb/v7e-m+fp/hard/libcr_c.a(ftell.o)
                0x0000000000001630                ftell
 .text._initio  0x0000000000001674       0x78 /Applications/MCUXpressoIDE_11.8.0_1165/ide/plugins/com.nxp.mcuxpresso.tools.macosx_11.8.0.202306131047/tools/bin/../lib/gcc/arm-none-eabi/12.2.1/../../../../arm-none-eabi/lib/thumb/v7e-m+fp/hard/libcr_c.a(initio.o)
                0x0000000000001674                _initio
 .text._sbrk    0x00000000000016ec       0x3c /Applications/MCUXpressoIDE_11.8.0_1165/ide/plugins/com.nxp.mcuxpresso.tools.macosx_11.8.0.202306131047/tools/bin/../lib/gcc/arm-none-eabi/12.2.1/../../../../arm-none-eabi/lib/thumb/v7e-m+fp/hard/libcr_c.a(_cr_sbrk.o)
                0x00000000000016ec                _sbrk
 .text.fflush   0x0000000000001728       0x3c /Applications/MCUXpressoIDE_11.8.0_1165/ide/plugins/com.nxp.mcuxpresso.tools.macosx_11.8.0.202306131047/tools/bin/../lib/gcc/arm-none-eabi/12.2.1/../../../../arm-none-eabi/lib/thumb/v7e-m+fp/hard/libcr_c.a(fflush.o)
                0x0000000000001728                fflush
 .text.__check_heap_overflow
                0x0000000000001764       0x18 /Applications/MCUXpressoIDE_11.8.0_1165/ide/plugins/com.nxp.mcuxpresso.tools.macosx_11.8.0.202306131047/tools/bin/../lib/gcc/arm-none-eabi/12.2.1/../../../../arm-none-eabi/lib/thumb/v7e-m+fp/hard/libcr_c.a(_cr_check_heap.o)
                0x0000000000001764                __check_heap_overflow
 .text.main     0x000000000000177c       0x18 ./startup/main.o
                0x000000000000177c                main
 .text.HardFault_Handler
                0x0000000000001794       0x2a ./startup/semihost_hardfault.o
                0x0000000000001794                HardFault_Handler
 .text.DMA0_IRQHandler
                0x00000000000017be        0x8 ./startup/startup_mk64f12.o
                0x00000000000017be                DMA0_IRQHandler
 .text.DMA1_IRQHandler
                0x00000000000017c6        0x8 ./startup/startup_mk64f12.o
                0x00000000000017c6                DMA1_IRQHandler
 .text.DMA2_IRQHandler
                0x00000000000017ce        0x8 ./startup/startup_mk64f12.o
                0x00000000000017ce                DMA2_IRQHandler
 .text.DMA3_IRQHandler
                0x00000000000017d6        0x8 ./startup/startup_mk64f12.o
                0x00000000000017d6                DMA3_IRQHandler
 .text.DMA4_IRQHandler
                0x00000000000017de        0x8 ./startup/startup_mk64f12.o
                0x00000000000017de                DMA4_IRQHandler
 .text.DMA5_IRQHandler
                0x00000000000017e6        0x8 ./startup/startup_mk64f12.o
                0x00000000000017e6                DMA5_IRQHandler
 .text.DMA6_IRQHandler
                0x00000000000017ee        0x8 ./startup/startup_mk64f12.o
                0x00000000000017ee                DMA6_IRQHandler
 .text.DMA7_IRQHandler
                0x00000000000017f6        0x8 ./startup/startup_mk64f12.o
                0x00000000000017f6                DMA7_IRQHandler
 .text.DMA8_IRQHandler
                0x00000000000017fe        0x8 ./startup/startup_mk64f12.o
                0x00000000000017fe                DMA8_IRQHandler
 .text.DMA9_IRQHandler
                0x0000000000001806        0x8 ./startup/startup_mk64f12.o
                0x0000000000001806                DMA9_IRQHandler
 .text.DMA10_IRQHandler
                0x000000000000180e        0x8 ./startup/startup_mk64f12.o
                0x000000000000180e                DMA10_IRQHandler
 .text.DMA11_IRQHandler
                0x0000000000001816        0x8 ./startup/startup_mk64f12.o
                0x0000000000001816                DMA11_IRQHandler
 .text.DMA12_IRQHandler
                0x000000000000181e        0x8 ./startup/startup_mk64f12.o
                0x000000000000181e                DMA12_IRQHandler
 .text.DMA13_IRQHandler
                0x0000000000001826        0x8 ./startup/startup_mk64f12.o
                0x0000000000001826                DMA13_IRQHandler
 .text.DMA14_IRQHandler
                0x000000000000182e        0x8 ./startup/startup_mk64f12.o
                0x000000000000182e                DMA14_IRQHandler
 .text.DMA15_IRQHandler
                0x0000000000001836        0x8 ./startup/startup_mk64f12.o
                0x0000000000001836                DMA15_IRQHandler
 .text.DMA_Error_IRQHandler
                0x000000000000183e        0x8 ./startup/startup_mk64f12.o
                0x000000000000183e                DMA_Error_IRQHandler
 .text.MCM_IRQHandler
                0x0000000000001846        0x8 ./startup/startup_mk64f12.o
                0x0000000000001846                MCM_IRQHandler
 .text.FTFE_IRQHandler
                0x000000000000184e        0x8 ./startup/startup_mk64f12.o
                0x000000000000184e                FTFE_IRQHandler
 .text.Read_Collision_IRQHandler
                0x0000000000001856        0x8 ./startup/startup_mk64f12.o
                0x0000000000001856                Read_Collision_IRQHandler
 .text.LVD_LVW_IRQHandler
                0x000000000000185e        0x8 ./startup/startup_mk64f12.o
                0x000000000000185e                LVD_LVW_IRQHandler
 .text.LLWU_IRQHandler
                0x0000000000001866        0x8 ./startup/startup_mk64f12.o
                0x0000000000001866                LLWU_IRQHandler
 .text.WDOG_EWM_IRQHandler
                0x000000000000186e        0x8 ./startup/startup_mk64f12.o
                0x000000000000186e                WDOG_EWM_IRQHandler
 .text.RNG_IRQHandler
                0x0000000000001876        0x8 ./startup/startup_mk64f12.o
                0x0000000000001876                RNG_IRQHandler
 .text.I2C0_IRQHandler
                0x000000000000187e        0x8 ./startup/startup_mk64f12.o
                0x000000000000187e                I2C0_IRQHandler
 .text.I2C1_IRQHandler
                0x0000000000001886        0x8 ./startup/startup_mk64f12.o
                0x0000000000001886                I2C1_IRQHandler
 .text.SPI1_IRQHandler
                0x000000000000188e        0x8 ./startup/startup_mk64f12.o
                0x000000000000188e                SPI1_IRQHandler
 .text.I2S0_Tx_IRQHandler
                0x0000000000001896        0x8 ./startup/startup_mk64f12.o
                0x0000000000001896                I2S0_Tx_IRQHandler
 .text.I2S0_Rx_IRQHandler
                0x000000000000189e        0x8 ./startup/startup_mk64f12.o
                0x000000000000189e                I2S0_Rx_IRQHandler
 .text.UART0_LON_IRQHandler
                0x00000000000018a6        0x8 ./startup/startup_mk64f12.o
                0x00000000000018a6                UART0_LON_IRQHandler
 .text.UART0_ERR_IRQHandler
                0x00000000000018ae        0x8 ./startup/startup_mk64f12.o
                0x00000000000018ae                UART0_ERR_IRQHandler
 .text.UART1_ERR_IRQHandler
                0x00000000000018b6        0x8 ./startup/startup_mk64f12.o
                0x00000000000018b6                UART1_ERR_IRQHandler
 .text.UART2_ERR_IRQHandler
                0x00000000000018be        0x8 ./startup/startup_mk64f12.o
                0x00000000000018be                UART2_ERR_IRQHandler
 .text.UART3_ERR_IRQHandler
                0x00000000000018c6        0x8 ./startup/startup_mk64f12.o
                0x00000000000018c6                UART3_ERR_IRQHandler
 .text.ADC0_IRQHandler
                0x00000000000018ce        0x8 ./startup/startup_mk64f12.o
                0x00000000000018ce                ADC0_IRQHandler
 .text.CMP0_IRQHandler
                0x00000000000018d6        0x8 ./startup/startup_mk64f12.o
                0x00000000000018d6                CMP0_IRQHandler
 .text.CMP1_IRQHandler
                0x00000000000018de        0x8 ./startup/startup_mk64f12.o
                0x00000000000018de                CMP1_IRQHandler
 .text.FTM0_IRQHandler
                0x00000000000018e6        0x8 ./startup/startup_mk64f12.o
                0x00000000000018e6                FTM0_IRQHandler
 .text.FTM1_IRQHandler
                0x00000000000018ee        0x8 ./startup/startup_mk64f12.o
                0x00000000000018ee                FTM1_IRQHandler
 .text.FTM2_IRQHandler
                0x00000000000018f6        0x8 ./startup/startup_mk64f12.o
                0x00000000000018f6                FTM2_IRQHandler
 .text.CMT_IRQHandler
                0x00000000000018fe        0x8 ./startup/startup_mk64f12.o
                0x00000000000018fe                CMT_IRQHandler
 .text.RTC_IRQHandler
                0x0000000000001906        0x8 ./startup/startup_mk64f12.o
                0x0000000000001906                RTC_IRQHandler
 .text.RTC_Seconds_IRQHandler
                0x000000000000190e        0x8 ./startup/startup_mk64f12.o
                0x000000000000190e                RTC_Seconds_IRQHandler
 .text.PIT0_IRQHandler
                0x0000000000001916        0x8 ./startup/startup_mk64f12.o
                0x0000000000001916                PIT0_IRQHandler
 .text.PIT1_IRQHandler
                0x000000000000191e        0x8 ./startup/startup_mk64f12.o
                0x000000000000191e                PIT1_IRQHandler
 .text.PIT2_IRQHandler
                0x0000000000001926        0x8 ./startup/startup_mk64f12.o
                0x0000000000001926                PIT2_IRQHandler
 .text.PIT3_IRQHandler
                0x000000000000192e        0x8 ./startup/startup_mk64f12.o
                0x000000000000192e                PIT3_IRQHandler
 .text.PDB0_IRQHandler
                0x0000000000001936        0x8 ./startup/startup_mk64f12.o
                0x0000000000001936                PDB0_IRQHandler
 .text.USB0_IRQHandler
                0x000000000000193e        0x8 ./startup/startup_mk64f12.o
                0x000000000000193e                USB0_IRQHandler
 .text.USBDCD_IRQHandler
                0x0000000000001946        0x8 ./startup/startup_mk64f12.o
                0x0000000000001946                USBDCD_IRQHandler
 .text.Reserved71_IRQHandler
                0x000000000000194e        0x8 ./startup/startup_mk64f12.o
                0x000000000000194e                Reserved71_IRQHandler
 .text.DAC0_IRQHandler
                0x0000000000001956        0x8 ./startup/startup_mk64f12.o
                0x0000000000001956                DAC0_IRQHandler
 .text.MCG_IRQHandler
                0x000000000000195e        0x8 ./startup/startup_mk64f12.o
                0x000000000000195e                MCG_IRQHandler
 .text.LPTMR0_IRQHandler
                0x0000000000001966        0x8 ./startup/startup_mk64f12.o
                0x0000000000001966                LPTMR0_IRQHandler
 .text.SWI_IRQHandler
                0x000000000000196e        0x8 ./startup/startup_mk64f12.o
                0x000000000000196e                SWI_IRQHandler
 .text.SPI2_IRQHandler
                0x0000000000001976        0x8 ./startup/startup_mk64f12.o
                0x0000000000001976                SPI2_IRQHandler
 .text.UART4_ERR_IRQHandler
                0x000000000000197e        0x8 ./startup/startup_mk64f12.o
                0x000000000000197e                UART4_ERR_IRQHandler
 .text.UART5_RX_TX_IRQHandler
                0x0000000000001986        0x8 ./startup/startup_mk64f12.o
                0x0000000000001986                UART5_RX_TX_IRQHandler
 .text.UART5_ERR_IRQHandler
                0x000000000000198e        0x8 ./startup/startup_mk64f12.o
                0x000000000000198e                UART5_ERR_IRQHandler
 .text.CMP2_IRQHandler
                0x0000000000001996        0x8 ./startup/startup_mk64f12.o
                0x0000000000001996                CMP2_IRQHandler
 .text.FTM3_IRQHandler
                0x000000000000199e        0x8 ./startup/startup_mk64f12.o
                0x000000000000199e                FTM3_IRQHandler
 .text.DAC1_IRQHandler
                0x00000000000019a6        0x8 ./startup/startup_mk64f12.o
                0x00000000000019a6                DAC1_IRQHandler
 .text.ADC1_IRQHandler
                0x00000000000019ae        0x8 ./startup/startup_mk64f12.o
                0x00000000000019ae                ADC1_IRQHandler
 .text.I2C2_IRQHandler
                0x00000000000019b6        0x8 ./startup/startup_mk64f12.o
                0x00000000000019b6                I2C2_IRQHandler
 .text.CAN0_ORed_Message_buffer_IRQHandler
                0x00000000000019be        0x8 ./startup/startup_mk64f12.o
                0x00000000000019be                CAN0_ORed_Message_buffer_IRQHandler
 .text.CAN0_Bus_Off_IRQHandler
                0x00000000000019c6        0x8 ./startup/startup_mk64f12.o
                0x00000000000019c6                CAN0_Bus_Off_IRQHandler
 .text.CAN0_Error_IRQHandler
                0x00000000000019ce        0x8 ./startup/startup_mk64f12.o
                0x00000000000019ce                CAN0_Error_IRQHandler
 .text.CAN0_Tx_Warning_IRQHandler
                0x00000000000019d6        0x8 ./startup/startup_mk64f12.o
                0x00000000000019d6                CAN0_Tx_Warning_IRQHandler
 .text.CAN0_Rx_Warning_IRQHandler
                0x00000000000019de        0x8 ./startup/startup_mk64f12.o
                0x00000000000019de                CAN0_Rx_Warning_IRQHandler
 .text.CAN0_Wake_Up_IRQHandler
                0x00000000000019e6        0x8 ./startup/startup_mk64f12.o
                0x00000000000019e6                CAN0_Wake_Up_IRQHandler
 .text.SDHC_IRQHandler
                0x00000000000019ee        0x8 ./startup/startup_mk64f12.o
                0x00000000000019ee                SDHC_IRQHandler
 .text.ENET_1588_Timer_IRQHandler
                0x00000000000019f6        0x8 ./startup/startup_mk64f12.o
                0x00000000000019f6                ENET_1588_Timer_IRQHandler
 .text.ENET_Transmit_IRQHandler
                0x00000000000019fe        0x8 ./startup/startup_mk64f12.o
                0x00000000000019fe                ENET_Transmit_IRQHandler
 .text.ENET_Receive_IRQHandler
                0x0000000000001a06        0x8 ./startup/startup_mk64f12.o
                0x0000000000001a06                ENET_Receive_IRQHandler
 .text.ENET_Error_IRQHandler
                0x0000000000001a0e        0x8 ./startup/startup_mk64f12.o
                0x0000000000001a0e                ENET_Error_IRQHandler
 .text.reset_array
                0x0000000000001a16       0x18 ./source/User/userInput.o
                0x0000000000001a16                reset_array
 .text.decrease_number
                0x0000000000001a2e       0x26 ./source/User/userInput.o
                0x0000000000001a2e                decrease_number
 .text.increase_number
                0x0000000000001a54       0x22 ./source/User/userInput.o
                0x0000000000001a54                increase_number
 .text.increase_pin_number
                0x0000000000001a76       0x2e ./source/User/userInput.o
                0x0000000000001a76                increase_pin_number
 .text.decrease_pin_number
                0x0000000000001aa4       0x42 ./source/User/userInput.o
                0x0000000000001aa4                decrease_pin_number
 .text.get_used_entries
                0x0000000000001ae6       0x2c ./source/User/userInput.o
                0x0000000000001ae6                get_used_entries
 .text.input_number
                0x0000000000001b12       0x44 ./source/User/userInput.o
                0x0000000000001b12                input_number
 .text.input_pin_number
                0x0000000000001b56       0x64 ./source/User/userInput.o
                0x0000000000001b56                input_pin_number
 .text.incr_bri
                0x0000000000001bba        0x2 ./source/FSM_1/States/brightness.o
                0x0000000000001bba                incr_bri
 .text.decr_bri
                0x0000000000001bbc        0x2 ./source/FSM_1/States/brightness.o
                0x0000000000001bbc                decr_bri
 .text.bri_message
                0x0000000000001bbe        0x2 ./source/FSM_1/States/brightness.o
                0x0000000000001bbe                bri_message
 .text.welcome_animation
                0x0000000000001bc0        0x2 ./source/FSM_1/States/id_entry.o
                0x0000000000001bc0                welcome_animation
 .text.msg_pin_short
                0x0000000000001bc2        0x2 ./source/FSM_1/States/pin_entry.o
                0x0000000000001bc2                msg_pin_short
 .text.msg_fail_pin
                0x0000000000001bc4        0x2 ./source/FSM_1/States/pin_entry.o
                0x0000000000001bc4                msg_fail_pin
 .text.msg_pin_3_times
                0x0000000000001bc6        0x2 ./source/FSM_1/States/pin_entry.o
                0x0000000000001bc6                msg_pin_3_times
 .text.msg_ok_pin
                0x0000000000001bc8        0x2 ./source/FSM_1/States/pin_entry.o
                0x0000000000001bc8                msg_ok_pin
 .text.msg_fail_encoder
                0x0000000000001bca        0x2 ./source/FSM_1/States/pin_entry.o
                0x0000000000001bca                msg_fail_encoder
 .text.pass     0x0000000000001bcc        0x2 ./source/FSM_1/FSM.o
 .text.start_fsm
                0x0000000000001bce        0x8 ./source/FSM_1/FSM.o
                0x0000000000001bce                start_fsm
 .text.getArrayEffectiveLength
                0x0000000000001bd6       0x16 ./drivers/MCAL/SysTick.o
 .text.PORTA_IRQHandler
                0x0000000000001bec       0x18 ./drivers/MCAL/gpio.o
                0x0000000000001bec                PORTA_IRQHandler
 .text.PORTB_IRQHandler
                0x0000000000001c04       0x18 ./drivers/MCAL/gpio.o
                0x0000000000001c04                PORTB_IRQHandler
 .text.PORTC_IRQHandler
                0x0000000000001c1c       0x18 ./drivers/MCAL/gpio.o
                0x0000000000001c1c                PORTC_IRQHandler
 .text.PORTD_IRQHandler
                0x0000000000001c34       0x18 ./drivers/MCAL/gpio.o
                0x0000000000001c34                PORTD_IRQHandler
 .text.PORTE_IRQHandler
                0x0000000000001c4c       0x18 ./drivers/MCAL/gpio.o
                0x0000000000001c4c                PORTE_IRQHandler
 .text.SystemInitHook
                0x0000000000001c64        0x2 ./device/system_MK64F12.o
                0x0000000000001c64                SystemInitHook
 .text.__main   0x0000000000001c66        0xe /Applications/MCUXpressoIDE_11.8.0_1165/ide/plugins/com.nxp.mcuxpresso.tools.macosx_11.8.0.202306131047/tools/bin/../lib/gcc/arm-none-eabi/12.2.1/../../../../arm-none-eabi/lib/thumb/v7e-m+fp/hard/libcr_semihost_nf.a(_cr__main.o)
                0x0000000000001c66                __main
                0x0000000000001c66                __CR_SEMIHOST
 .text.memset   0x0000000000001c74        0x4 /Applications/MCUXpressoIDE_11.8.0_1165/ide/plugins/com.nxp.mcuxpresso.tools.macosx_11.8.0.202306131047/tools/bin/../lib/gcc/arm-none-eabi/12.2.1/../../../../arm-none-eabi/lib/thumb/v7e-m+fp/hard/libcr_c.a(memset.o)
                0x0000000000001c74                memset
 .text._deferredlazyseek
                0x0000000000001c78       0x40 /Applications/MCUXpressoIDE_11.8.0_1165/ide/plugins/com.nxp.mcuxpresso.tools.macosx_11.8.0.202306131047/tools/bin/../lib/gcc/arm-none-eabi/12.2.1/../../../../arm-none-eabi/lib/thumb/v7e-m+fp/hard/libcr_c.a(_deferredlazyseek.o)
                0x0000000000001c78                _deferredlazyseek
 .text.__flsbuf
                0x0000000000001cb8      0x140 /Applications/MCUXpressoIDE_11.8.0_1165/ide/plugins/com.nxp.mcuxpresso.tools.macosx_11.8.0.202306131047/tools/bin/../lib/gcc/arm-none-eabi/12.2.1/../../../../arm-none-eabi/lib/thumb/v7e-m+fp/hard/libcr_c.a(_deferredlazyseek.o)
                0x0000000000001cb8                __flsbuf
 .text._fflush  0x0000000000001df8       0x52 /Applications/MCUXpressoIDE_11.8.0_1165/ide/plugins/com.nxp.mcuxpresso.tools.macosx_11.8.0.202306131047/tools/bin/../lib/gcc/arm-none-eabi/12.2.1/../../../../arm-none-eabi/lib/thumb/v7e-m+fp/hard/libcr_c.a(_fflush.o)
                0x0000000000001df8                _fflush
 .text.free     0x0000000000001e4a       0x30 /Applications/MCUXpressoIDE_11.8.0_1165/ide/plugins/com.nxp.mcuxpresso.tools.macosx_11.8.0.202306131047/tools/bin/../lib/gcc/arm-none-eabi/12.2.1/../../../../arm-none-eabi/lib/thumb/v7e-m+fp/hard/libcr_c.a(alloc.o)
                0x0000000000001e4a                free
 .text.fputs    0x0000000000001e7a       0x2c /Applications/MCUXpressoIDE_11.8.0_1165/ide/plugins/com.nxp.mcuxpresso.tools.macosx_11.8.0.202306131047/tools/bin/../lib/gcc/arm-none-eabi/12.2.1/../../../../arm-none-eabi/lib/thumb/v7e-m+fp/hard/libcr_c.a(fputs.o)
                0x0000000000001e7a                fputs
 .text.setvbuf  0x0000000000001ea6       0x3e /Applications/MCUXpressoIDE_11.8.0_1165/ide/plugins/com.nxp.mcuxpresso.tools.macosx_11.8.0.202306131047/tools/bin/../lib/gcc/arm-none-eabi/12.2.1/../../../../arm-none-eabi/lib/thumb/v7e-m+fp/hard/libcr_c.a(setvbuf.o)
                0x0000000000001ea6                setvbuf
 .text.strcmp   0x0000000000001ee4       0x46 /Applications/MCUXpressoIDE_11.8.0_1165/ide/plugins/com.nxp.mcuxpresso.tools.macosx_11.8.0.202306131047/tools/bin/../lib/gcc/arm-none-eabi/12.2.1/../../../../arm-none-eabi/lib/thumb/v7e-m+fp/hard/libcr_c.a(strcmp.o)
                0x0000000000001ee4                strcmp
 .text.strlen   0x0000000000001f2a       0x4e /Applications/MCUXpressoIDE_11.8.0_1165/ide/plugins/com.nxp.mcuxpresso.tools.macosx_11.8.0.202306131047/tools/bin/../lib/gcc/arm-none-eabi/12.2.1/../../../../arm-none-eabi/lib/thumb/v7e-m+fp/hard/libcr_c.a(strlen.o)
                0x0000000000001f2a                strlen
 .text._fdopen  0x0000000000001f78       0x68 /Applications/MCUXpressoIDE_11.8.0_1165/ide/plugins/com.nxp.mcuxpresso.tools.macosx_11.8.0.202306131047/tools/bin/../lib/gcc/arm-none-eabi/12.2.1/../../../../arm-none-eabi/lib/thumb/v7e-m+fp/hard/libcr_c.a(_fdopen.o)
                0x0000000000001f78                _fdopen
 .text.fclose   0x0000000000001fe0       0x58 /Applications/MCUXpressoIDE_11.8.0_1165/ide/plugins/com.nxp.mcuxpresso.tools.macosx_11.8.0.202306131047/tools/bin/../lib/gcc/arm-none-eabi/12.2.1/../../../../arm-none-eabi/lib/thumb/v7e-m+fp/hard/libcr_c.a(fclose.o)
                0x0000000000001fe0                fclose
 .text.remove   0x0000000000002038       0x14 /Applications/MCUXpressoIDE_11.8.0_1165/ide/plugins/com.nxp.mcuxpresso.tools.macosx_11.8.0.202306131047/tools/bin/../lib/gcc/arm-none-eabi/12.2.1/../../../../arm-none-eabi/lib/thumb/v7e-m+fp/hard/libcr_c.a(remove.o)
                0x0000000000002038                remove
 .text._do_fflush
                0x000000000000204c       0x40 /Applications/MCUXpressoIDE_11.8.0_1165/ide/plugins/com.nxp.mcuxpresso.tools.macosx_11.8.0.202306131047/tools/bin/../lib/gcc/arm-none-eabi/12.2.1/../../../../arm-none-eabi/lib/thumb/v7e-m+fp/hard/libcr_c.a(_do_fflush.o)
                0x000000000000204c                _do_fflush
 .text.__aeabi_memset_lowlevel
                0x000000000000208c       0x32 /Applications/MCUXpressoIDE_11.8.0_1165/ide/plugins/com.nxp.mcuxpresso.tools.macosx_11.8.0.202306131047/tools/bin/../lib/gcc/arm-none-eabi/12.2.1/thumb/v7e-m+fp/hard/libcr_eabihelpers.a(memcpy.o)
                0x000000000000208c                __aeabi_lowlevel_memset
 .text.__sys_close
                0x00000000000020be        0xc /Applications/MCUXpressoIDE_11.8.0_1165/ide/plugins/com.nxp.mcuxpresso.tools.macosx_11.8.0.202306131047/tools/bin/../lib/gcc/arm-none-eabi/12.2.1/../../../../arm-none-eabi/lib/thumb/v7e-m+fp/hard/libcr_semihost_nf.a(__sys_close.o)
                0x00000000000020be                __sys_close
 .text.__sys_flen
                0x00000000000020ca        0xc /Applications/MCUXpressoIDE_11.8.0_1165/ide/plugins/com.nxp.mcuxpresso.tools.macosx_11.8.0.202306131047/tools/bin/../lib/gcc/arm-none-eabi/12.2.1/../../../../arm-none-eabi/lib/thumb/v7e-m+fp/hard/libcr_semihost_nf.a(__sys_flen.o)
                0x00000000000020ca                __sys_flen
 .text.__sys_istty
                0x00000000000020d6        0xc /Applications/MCUXpressoIDE_11.8.0_1165/ide/plugins/com.nxp.mcuxpresso.tools.macosx_11.8.0.202306131047/tools/bin/../lib/gcc/arm-none-eabi/12.2.1/../../../../arm-none-eabi/lib/thumb/v7e-m+fp/hard/libcr_semihost_nf.a(__sys_istty.o)
                0x00000000000020d6                __sys_istty
 .text.__sys_remove
                0x00000000000020e2        0xc /Applications/MCUXpressoIDE_11.8.0_1165/ide/plugins/com.nxp.mcuxpresso.tools.macosx_11.8.0.202306131047/tools/bin/../lib/gcc/arm-none-eabi/12.2.1/../../../../arm-none-eabi/lib/thumb/v7e-m+fp/hard/libcr_semihost_nf.a(__sys_remove.o)
                0x00000000000020e2                __sys_remove
 .text.__sys_seek
                0x00000000000020ee        0xc /Applications/MCUXpressoIDE_11.8.0_1165/ide/plugins/com.nxp.mcuxpresso.tools.macosx_11.8.0.202306131047/tools/bin/../lib/gcc/arm-none-eabi/12.2.1/../../../../arm-none-eabi/lib/thumb/v7e-m+fp/hard/libcr_semihost_nf.a(__sys_seek.o)
                0x00000000000020ee                __sys_seek
 .text.__sys_tmpnam
                0x00000000000020fa        0xc /Applications/MCUXpressoIDE_11.8.0_1165/ide/plugins/com.nxp.mcuxpresso.tools.macosx_11.8.0.202306131047/tools/bin/../lib/gcc/arm-none-eabi/12.2.1/../../../../arm-none-eabi/lib/thumb/v7e-m+fp/hard/libcr_semihost_nf.a(__sys_tmpnam.o)
                0x00000000000020fa                __sys_tmpnam
 .text.__sys_write
                0x0000000000002106        0xc /Applications/MCUXpressoIDE_11.8.0_1165/ide/plugins/com.nxp.mcuxpresso.tools.macosx_11.8.0.202306131047/tools/bin/../lib/gcc/arm-none-eabi/12.2.1/../../../../arm-none-eabi/lib/thumb/v7e-m+fp/hard/libcr_semihost_nf.a(__sys_write.o)
                0x0000000000002106                __sys_write
 *(SORT_BY_ALIGNMENT(.rodata) SORT_BY_ALIGNMENT(.rodata.*) SORT_BY_ALIGNMENT(.constdata) SORT_BY_ALIGNMENT(.constdata.*))
 *fill*         0x0000000000002112        0x2 ff
 .rodata.str1.4
                0x0000000000002114       0x3a ./source/User/userData.o
 *fill*         0x000000000000214e        0x2 ff
 .rodata.user_array
                0x0000000000002150       0x54 ./source/User/userData.o
 .rodata.SDHC_DriverIRQHandler.str1.4
                0x00000000000021a4       0x2a ./drivers/SDK/SD/fsl_sdhc.o
 *fill*         0x00000000000021ce        0x2 ff
 .rodata.CLOCK_GetMcgExtClkFreq.str1.4
                0x00000000000021d0       0x49 ./drivers/SDK/fsl_clock.o
 *fill*         0x0000000000002219        0x3 ff
 .rodata.CLOCK_GetOsc0ErClkFreq.str1.4
                0x000000000000221c       0x1e ./drivers/SDK/fsl_clock.o
 *fill*         0x000000000000223a        0x2 ff
 .rodata.CLOCK_GetEr32kClkFreq.str1.4
                0x000000000000223c       0x1f ./drivers/SDK/fsl_clock.o
 *fill*         0x000000000000225b        0x1 ff
 .rodata.CLOCK_GetPll0Freq.str1.4
                0x000000000000225c       0x1d ./drivers/SDK/fsl_clock.o
 *fill*         0x0000000000002279        0x3 ff
 .rodata.fllFactorTable.1
                0x000000000000227c       0x10 ./drivers/SDK/fsl_clock.o
 .rodata.SPI1_DriverIRQHandler.str1.4
                0x000000000000228c       0x2a ./drivers/SDK/fsl_dspi.o
 *fill*         0x00000000000022b6        0x2 ff
 .rodata.SPI2_DriverIRQHandler.str1.4
                0x00000000000022b8       0x2a ./drivers/SDK/fsl_dspi.o
 *fill*         0x00000000000022e2        0x2 ff
 .rodata.EDMA_HandleIRQ.str1.4
                0x00000000000022e4       0x21 ./drivers/SDK/fsl_edma.o
 *fill*         0x0000000000002305        0x3 ff
 .rodata.gpioPorts
                0x0000000000002308       0x14 ./drivers/MCAL/gpio.o
 .rodata.ports  0x000000000000231c       0x14 ./drivers/MCAL/gpio.o
 .rodata.__num_Ciob_streams
                0x0000000000002330        0x4 /Applications/MCUXpressoIDE_11.8.0_1165/ide/plugins/com.nxp.mcuxpresso.tools.macosx_11.8.0.202306131047/tools/bin/../lib/gcc/arm-none-eabi/12.2.1/../../../../arm-none-eabi/lib/thumb/v7e-m+fp/hard/libcr_semihost_nf.a(__ciob.o)
                0x0000000000002330                __num_Ciob_streams
 .rodata.__assertion_failed.str1.1
                0x0000000000002334       0x15 /Applications/MCUXpressoIDE_11.8.0_1165/ide/plugins/com.nxp.mcuxpresso.tools.macosx_11.8.0.202306131047/tools/bin/../lib/gcc/arm-none-eabi/12.2.1/../../../../arm-none-eabi/lib/thumb/v7e-m+fp/hard/libcr_semihost_nf.a(_cr_assert.o)
 .rodata._Csys_alloc.str1.1
                0x0000000000002349       0x18 /Applications/MCUXpressoIDE_11.8.0_1165/ide/plugins/com.nxp.mcuxpresso.tools.macosx_11.8.0.202306131047/tools/bin/../lib/gcc/arm-none-eabi/12.2.1/../../../../arm-none-eabi/lib/thumb/v7e-m+fp/hard/libcr_c.a(alloc.o)
 .rodata._initio.str1.1
                0x0000000000002361        0x4 /Applications/MCUXpressoIDE_11.8.0_1165/ide/plugins/com.nxp.mcuxpresso.tools.macosx_11.8.0.202306131047/tools/bin/../lib/gcc/arm-none-eabi/12.2.1/../../../../arm-none-eabi/lib/thumb/v7e-m+fp/hard/libcr_c.a(initio.o)
                0x0000000000002368                . = ALIGN (0x8)
 *fill*         0x0000000000002365        0x3 ff

.glue_7         0x0000000000002368        0x0
 .glue_7        0x0000000000002368        0x0 linker stubs

.glue_7t        0x0000000000002368        0x0
 .glue_7t       0x0000000000002368        0x0 linker stubs

.vfp11_veneer   0x0000000000002368        0x0
 .vfp11_veneer  0x0000000000002368        0x0 linker stubs

.v4_bx          0x0000000000002368        0x0
 .v4_bx         0x0000000000002368        0x0 linker stubs

.iplt           0x0000000000002368        0x0
 .iplt          0x0000000000002368        0x0 ./startup/hardware.o

.rel.dyn        0x0000000000002368        0x0
 .rel.iplt      0x0000000000002368        0x0 ./startup/hardware.o

.ARM.extab
 *(SORT_BY_ALIGNMENT(.ARM.extab*) SORT_BY_ALIGNMENT(.gnu.linkonce.armextab.*))

.ARM.exidx      0x0000000000002368        0x0
                0x0000000000002368                __exidx_start = .
 *(SORT_BY_ALIGNMENT(.ARM.exidx*) SORT_BY_ALIGNMENT(.gnu.linkonce.armexidx.*))
                0x0000000000002368                __exidx_end = .
                0x0000000000002368                _etext = .

.m_usb_data
 *(SORT_BY_ALIGNMENT(m_usb_bdt))

.data_RAM2      0x000000001fff0000        0x0 load address 0x0000000000002368
 FILL mask 0xff
                [!provide]                        PROVIDE (__start_data_RAM2 = .)
                [!provide]                        PROVIDE (__start_data_SRAM_LOWER = .)
 *(SORT_BY_ALIGNMENT(.ramfunc.$RAM2))
 *(SORT_BY_ALIGNMENT(.ramfunc.$SRAM_LOWER))
 *(SORT_BY_ALIGNMENT(.data.$RAM2))
 *(SORT_BY_ALIGNMENT(.data.$SRAM_LOWER))
 *(SORT_BY_ALIGNMENT(.data.$RAM2.*))
 *(SORT_BY_ALIGNMENT(.data.$SRAM_LOWER.*))
                0x000000001fff0000                . = ALIGN (0x8)
                [!provide]                        PROVIDE (__end_data_RAM2 = .)
                [!provide]                        PROVIDE (__end_data_SRAM_LOWER = .)

.data_RAM3      0x0000000014000000        0x0 load address 0x0000000000002368
 FILL mask 0xff
                [!provide]                        PROVIDE (__start_data_RAM3 = .)
                [!provide]                        PROVIDE (__start_data_FLEX_RAM = .)
 *(SORT_BY_ALIGNMENT(.ramfunc.$RAM3))
 *(SORT_BY_ALIGNMENT(.ramfunc.$FLEX_RAM))
 *(SORT_BY_ALIGNMENT(.data.$RAM3))
 *(SORT_BY_ALIGNMENT(.data.$FLEX_RAM))
 *(SORT_BY_ALIGNMENT(.data.$RAM3.*))
 *(SORT_BY_ALIGNMENT(.data.$FLEX_RAM.*))
                0x0000000014000000                . = ALIGN (0x8)
                [!provide]                        PROVIDE (__end_data_RAM3 = .)
                [!provide]                        PROVIDE (__end_data_FLEX_RAM = .)

.uninit_RESERVED
                0x0000000020000000        0x0
                0x0000000020000000                _start_uninit_RESERVED = .
 *(SORT_BY_ALIGNMENT(.bss.$RESERVED*))
                0x0000000020000000                . = ALIGN (0x8)
                0x0000000020000000                _end_uninit_RESERVED = .

.data           0x0000000020000000      0x198 load address 0x0000000000002368
 FILL mask 0xff
                0x0000000020000000                _data = .
                [!provide]                        PROVIDE (__start_data_RAM = .)
                [!provide]                        PROVIDE (__start_data_SRAM_UPPER = .)
 *(SORT_BY_ALIGNMENT(vtable))
 *(SORT_BY_ALIGNMENT(.ramfunc*))
 *(SORT_BY_ALIGNMENT(CodeQuickAccess))
 *(SORT_BY_ALIGNMENT(DataQuickAccess))
 *(SORT_BY_ALIGNMENT(RamFunction))
 *(SORT_BY_ALIGNMENT(.data*))
 .data.GREEN_LED_ON
                0x0000000020000000       0x18 ./source/FSM_1/FSM.o
                0x0000000020000000                GREEN_LED_ON
 .data.RED_LED_ON
                0x0000000020000018       0x24 ./source/FSM_1/FSM.o
                0x0000000020000018                RED_LED_ON
 .data.PIN_ENTRY
                0x000000002000003c       0x78 ./source/FSM_1/FSM.o
                0x000000002000003c                PIN_ENTRY
 .data.ENCODER_ENTRY
                0x00000000200000b4       0x60 ./source/FSM_1/FSM.o
                0x00000000200000b4                ENCODER_ENTRY
 .data.ID_ENTRY
                0x0000000020000114       0x48 ./source/FSM_1/FSM.o
                0x0000000020000114                ID_ENTRY
 .data.BRIGHTNESS
                0x000000002000015c       0x30 ./source/FSM_1/FSM.o
                0x000000002000015c                BRIGHTNESS
 .data.s_fastIrcFreq
                0x000000002000018c        0x4 ./drivers/SDK/fsl_clock.o
 .data.s_slowIrcFreq
                0x0000000020000190        0x4 ./drivers/SDK/fsl_clock.o
 .data.p_out_front
                0x0000000020000194        0x2 ./drivers/HAL/SPI_wrapper.o
                0x0000000020000198                . = ALIGN (0x8)
 *fill*         0x0000000020000196        0x2 ff
                0x0000000020000198                _edata = .
                [!provide]                        PROVIDE (__end_data_RAM = .)
                [!provide]                        PROVIDE (__end_data_SRAM_UPPER = .)

.igot.plt       0x0000000020000198        0x0 load address 0x0000000000002500
 .igot.plt      0x0000000020000198        0x0 ./startup/hardware.o

.bss_RAM2       0x000000001fff0000        0x0
                [!provide]                        PROVIDE (__start_bss_RAM2 = .)
                [!provide]                        PROVIDE (__start_bss_SRAM_LOWER = .)
 *(SORT_BY_ALIGNMENT(.bss.$RAM2))
 *(SORT_BY_ALIGNMENT(.bss.$SRAM_LOWER))
 *(SORT_BY_ALIGNMENT(.bss.$RAM2.*))
 *(SORT_BY_ALIGNMENT(.bss.$SRAM_LOWER.*))
                0x000000001fff0000                . = ALIGN ((. != 0x0)?0x8:0x1)
                [!provide]                        PROVIDE (__end_bss_RAM2 = .)
                [!provide]                        PROVIDE (__end_bss_SRAM_LOWER = .)

.bss_RAM3       0x0000000014000000        0x0
                [!provide]                        PROVIDE (__start_bss_RAM3 = .)
                [!provide]                        PROVIDE (__start_bss_FLEX_RAM = .)
 *(SORT_BY_ALIGNMENT(.bss.$RAM3))
 *(SORT_BY_ALIGNMENT(.bss.$FLEX_RAM))
 *(SORT_BY_ALIGNMENT(.bss.$RAM3.*))
 *(SORT_BY_ALIGNMENT(.bss.$FLEX_RAM.*))
                0x0000000014000000                . = ALIGN ((. != 0x0)?0x8:0x1)
                [!provide]                        PROVIDE (__end_bss_RAM3 = .)
                [!provide]                        PROVIDE (__end_bss_FLEX_RAM = .)

.bss            0x0000000020000198     0x2be8
                0x0000000020000198                _bss = .
                [!provide]                        PROVIDE (__start_bss_RAM = .)
                [!provide]                        PROVIDE (__start_bss_SRAM_UPPER = .)
 *(SORT_BY_ALIGNMENT(.bss*))
 .bss.__LDM_interruptDisableCount
                0x0000000020000198        0x4 ./startup/hardware.o
 .bss.selected_user
                0x000000002000019c        0x4 ./source/User/userData.o
 .bss.id        0x00000000200001a0        0x9 ./source/FSM_1/States/encoder_entry.o
 *fill*         0x00000000200001a9        0x3 
 .bss.strike3   0x00000000200001ac        0x4 ./source/FSM_1/States/pin_entry.o
 .bss.pin       0x00000000200001b0        0x6 ./source/FSM_1/States/pin_entry.o
 *fill*         0x00000000200001b6        0x2 
 .bss.pout      0x00000000200001b8        0x4 ./source/EventQueue/queue.o
 .bss.pin       0x00000000200001bc        0x4 ./source/EventQueue/queue.o
 .bss.queue     0x00000000200001c0        0xf ./source/EventQueue/queue.o
 *fill*         0x00000000200001cf        0x1 
 .bss.current_state
                0x00000000200001d0        0x4 ./source/App.o
 .bss.s_sdhcIsr
                0x00000000200001d4        0x4 ./drivers/SDK/SD/fsl_sdhc.o
 .bss.s_sdhcHandle
                0x00000000200001d8        0x4 ./drivers/SDK/SD/fsl_sdhc.o
 .bss.g_xtal32Freq
                0x00000000200001dc        0x4 ./drivers/SDK/fsl_clock.o
                0x00000000200001dc                g_xtal32Freq
 .bss.g_xtal0Freq
                0x00000000200001e0        0x4 ./drivers/SDK/fsl_clock.o
                0x00000000200001e0                g_xtal0Freq
 .bss.s_dspiSlaveIsr
                0x00000000200001e4        0x4 ./drivers/SDK/fsl_dspi.o
 .bss.s_dspiMasterIsr
                0x00000000200001e8        0x4 ./drivers/SDK/fsl_dspi.o
 .bss.g_dspiHandle
                0x00000000200001ec        0xc ./drivers/SDK/fsl_dspi.o
 .bss.s_EDMAHandle
                0x00000000200001f8       0x40 ./drivers/SDK/fsl_edma.o
 .bss.freq      0x0000000020000238        0x4 ./drivers/MCAL/SysTick.o
 .bss.idCounter
                0x000000002000023c        0x4 ./drivers/MCAL/SysTick.o
 .bss.sysTickElements
                0x0000000020000240      0x190 ./drivers/MCAL/SysTick.o
 .bss.callbacks
                0x00000000200003d0      0x280 ./drivers/MCAL/gpio.o
 .bss.p_in_front
                0x0000000020000650        0x4 ./drivers/MCAL/uart.o
 .bss.p_in_rear
                0x0000000020000654        0x4 ./drivers/MCAL/uart.o
 .bss.buffer_in
                0x0000000020000658      0x194 ./drivers/MCAL/uart.o
 .bss.p_out_front
                0x00000000200007ec        0x4 ./drivers/MCAL/uart.o
 .bss.p_out_rear
                0x00000000200007f0        0x4 ./drivers/MCAL/uart.o
 .bss.buffer_out
                0x00000000200007f4      0x194 ./drivers/MCAL/uart.o
 .bss.buffer_out
                0x0000000020000988     0x2328 ./drivers/HAL/SPI_wrapper.o
 .bss.moves     0x0000000020002cb0        0x4 ./drivers/HAL/encoder.o
 .bss.__Ciob    0x0000000020002cb4       0xb4 /Applications/MCUXpressoIDE_11.8.0_1165/ide/plugins/com.nxp.mcuxpresso.tools.macosx_11.8.0.202306131047/tools/bin/../lib/gcc/arm-none-eabi/12.2.1/../../../../arm-none-eabi/lib/thumb/v7e-m+fp/hard/libcr_semihost_nf.a(__ciob.o)
                0x0000000020002cb4                __Ciob
 .bss.__end_of_heap
                0x0000000020002d68        0x4 /Applications/MCUXpressoIDE_11.8.0_1165/ide/plugins/com.nxp.mcuxpresso.tools.macosx_11.8.0.202306131047/tools/bin/../lib/gcc/arm-none-eabi/12.2.1/../../../../arm-none-eabi/lib/thumb/v7e-m+fp/hard/libcr_c.a(__init_alloc.o)
                0x0000000020002d68                __end_of_heap
 .bss.__heaps   0x0000000020002d6c        0x4 /Applications/MCUXpressoIDE_11.8.0_1165/ide/plugins/com.nxp.mcuxpresso.tools.macosx_11.8.0.202306131047/tools/bin/../lib/gcc/arm-none-eabi/12.2.1/../../../../arm-none-eabi/lib/thumb/v7e-m+fp/hard/libcr_c.a(__init_alloc.o)
                0x0000000020002d6c                __heaps
 .bss.errno     0x0000000020002d70        0x4 /Applications/MCUXpressoIDE_11.8.0_1165/ide/plugins/com.nxp.mcuxpresso.tools.macosx_11.8.0.202306131047/tools/bin/../lib/gcc/arm-none-eabi/12.2.1/../../../../arm-none-eabi/lib/thumb/v7e-m+fp/hard/libcr_c.a(errno.o)
                0x0000000020002d70                errno
 .bss.msg_size  0x0000000020002d74        0x2 ./drivers/HAL/SPI_wrapper.o
 .bss.curr_pos  0x0000000020002d76        0x1 ./source/FSM_1/States/encoder_entry.o
 .bss.curr_pos  0x0000000020002d77        0x1 ./source/FSM_1/States/pin_entry.o
 .bss.num_Of_Events
                0x0000000020002d78        0x1 ./source/EventQueue/queue.o
 .bss.alreadyInit
                0x0000000020002d79        0x1 ./drivers/MCAL/SysTick.o
 .bss.init.0    0x0000000020002d7a        0x1 ./drivers/HAL/encoder.o
 .bss.statusB   0x0000000020002d7b        0x1 ./drivers/HAL/encoder.o
 .bss.statusA   0x0000000020002d7c        0x1 ./drivers/HAL/encoder.o
 .bss.existingEvent
                0x0000000020002d7d        0x1 ./drivers/HAL/encoder.o
 *(SORT_BY_ALIGNMENT(COMMON))
                0x0000000020002d80                . = ALIGN (0x8)
 *fill*         0x0000000020002d7e        0x2 
                0x0000000020002d80                _ebss = .
                [!provide]                        PROVIDE (__end_bss_RAM = .)
                [!provide]                        PROVIDE (__end_bss_SRAM_UPPER = .)
                [!provide]                        PROVIDE (end = .)

.noinit_RAM2    0x000000001fff0000        0x0
                [!provide]                        PROVIDE (__start_noinit_RAM2 = .)
                [!provide]                        PROVIDE (__start_noinit_SRAM_LOWER = .)
 *(SORT_BY_ALIGNMENT(.noinit.$RAM2))
 *(SORT_BY_ALIGNMENT(.noinit.$SRAM_LOWER))
 *(SORT_BY_ALIGNMENT(.noinit.$RAM2.*))
 *(SORT_BY_ALIGNMENT(.noinit.$SRAM_LOWER.*))
                0x000000001fff0000                . = ALIGN (0x8)
                [!provide]                        PROVIDE (__end_noinit_RAM2 = .)
                [!provide]                        PROVIDE (__end_noinit_SRAM_LOWER = .)

.noinit_RAM3    0x0000000014000000        0x0
                [!provide]                        PROVIDE (__start_noinit_RAM3 = .)
                [!provide]                        PROVIDE (__start_noinit_FLEX_RAM = .)
 *(SORT_BY_ALIGNMENT(.noinit.$RAM3))
 *(SORT_BY_ALIGNMENT(.noinit.$FLEX_RAM))
 *(SORT_BY_ALIGNMENT(.noinit.$RAM3.*))
 *(SORT_BY_ALIGNMENT(.noinit.$FLEX_RAM.*))
                0x0000000014000000                . = ALIGN (0x8)
                [!provide]                        PROVIDE (__end_noinit_RAM3 = .)
                [!provide]                        PROVIDE (__end_noinit_FLEX_RAM = .)

.noinit         0x0000000020002d80        0x0
                0x0000000020002d80                _noinit = .
                [!provide]                        PROVIDE (__start_noinit_RAM = .)
                [!provide]                        PROVIDE (__start_noinit_SRAM_UPPER = .)
 *(SORT_BY_ALIGNMENT(.noinit*))
                0x0000000020002d80                . = ALIGN (0x8)
                0x0000000020002d80                _end_noinit = .
                [!provide]                        PROVIDE (__end_noinit_RAM = .)
                [!provide]                        PROVIDE (__end_noinit_SRAM_UPPER = .)
                0x0000000000001000                _HeapSize = 0x1000

.heap           0x0000000020002d80     0x1000
                0x0000000020002d80                _pvHeapStart = .
                0x0000000020003d80                . = (. + _HeapSize)
 *fill*         0x0000000020002d80     0x1000 
                0x0000000020003d80                . = ALIGN (0x8)
                0x0000000020003d80                _pvHeapLimit = .
                0x0000000000001000                _StackSize = 0x1000

.heap2stackfill
                0x0000000020003d80     0x1000
                0x0000000020004d80                . = (. + _StackSize)
 *fill*         0x0000000020003d80     0x1000 

.stack          0x000000002002f000        0x0
                0x000000002002f000                _vStackBase = .
                0x000000002002f000                . = ALIGN (0x8)
                0x0000000020030000                _vStackTop = (. + _StackSize)
                0x0000000000000000                _image_start = LOADADDR (.text)
                0x0000000000002500                _image_end = (LOADADDR (.data) + SIZEOF (.data))
                0x0000000000002500                _image_size = (_image_end - _image_start)
OUTPUT(MP3Player.axf elf32-littlearm)
LOAD linker stubs

.debug_info     0x0000000000000000    0x13a5c
 .debug_info    0x0000000000000000      0x68c ./startup/hardware.o
 .debug_info    0x000000000000068c       0xd8 ./startup/main.o
 .debug_info    0x0000000000000764       0x3d ./startup/semihost_hardfault.o
 .debug_info    0x00000000000007a1      0xc9f ./startup/startup_mk64f12.o
 .debug_info    0x0000000000001440      0x254 ./source/User/userData.o
 .debug_info    0x0000000000001694      0x4c2 ./source/User/userInput.o
 .debug_info    0x0000000000001b56       0x5b ./source/FSM_1/States/brightness.o
 .debug_info    0x0000000000001bb1      0x351 ./source/FSM_1/States/encoder_entry.o
 .debug_info    0x0000000000001f02       0x83 ./source/FSM_1/States/id_entry.o
 .debug_info    0x0000000000001f85      0x4de ./source/FSM_1/States/pin_entry.o
 .debug_info    0x0000000000002463      0x367 ./source/FSM_1/FSM.o
 .debug_info    0x00000000000027ca      0x1ef ./source/EventQueue/queue.o
 .debug_info    0x00000000000029b9      0x25d ./source/App.o
 .debug_info    0x0000000000002c16     0x2e98 ./drivers/SDK/SD/fsl_sdhc.o
 .debug_info    0x0000000000005aae     0x269c ./drivers/SDK/fsl_clock.o
 .debug_info    0x000000000000814a     0x4139 ./drivers/SDK/fsl_dspi.o
 .debug_info    0x000000000000c283     0x2c48 ./drivers/SDK/fsl_edma.o
 .debug_info    0x000000000000eecb      0x934 ./drivers/MCAL/SysTick.o
 .debug_info    0x000000000000f7ff      0xbeb ./drivers/MCAL/gpio.o
 .debug_info    0x00000000000103ea     0x1384 ./drivers/MCAL/uart.o
 .debug_info    0x000000000001176e     0x1a24 ./drivers/HAL/SPI_wrapper.o
 .debug_info    0x0000000000013192      0x28b ./drivers/HAL/encoder.o
 .debug_info    0x000000000001341d      0x63f ./device/system_MK64F12.o

.debug_abbrev   0x0000000000000000     0x2efa
 .debug_abbrev  0x0000000000000000      0x13a ./startup/hardware.o
 .debug_abbrev  0x000000000000013a       0x64 ./startup/main.o
 .debug_abbrev  0x000000000000019e       0x2f ./startup/semihost_hardfault.o
 .debug_abbrev  0x00000000000001cd      0x184 ./startup/startup_mk64f12.o
 .debug_abbrev  0x0000000000000351      0x156 ./source/User/userData.o
 .debug_abbrev  0x00000000000004a7      0x1ab ./source/User/userInput.o
 .debug_abbrev  0x0000000000000652       0x31 ./source/FSM_1/States/brightness.o
 .debug_abbrev  0x0000000000000683      0x152 ./source/FSM_1/States/encoder_entry.o
 .debug_abbrev  0x00000000000007d5       0x45 ./source/FSM_1/States/id_entry.o
 .debug_abbrev  0x000000000000081a      0x1bf ./source/FSM_1/States/pin_entry.o
 .debug_abbrev  0x00000000000009d9      0x18d ./source/FSM_1/FSM.o
 .debug_abbrev  0x0000000000000b66      0x10d ./source/EventQueue/queue.o
 .debug_abbrev  0x0000000000000c73      0x14d ./source/App.o
 .debug_abbrev  0x0000000000000dc0      0x428 ./drivers/SDK/SD/fsl_sdhc.o
 .debug_abbrev  0x00000000000011e8      0x48a ./drivers/SDK/fsl_clock.o
 .debug_abbrev  0x0000000000001672      0x4f7 ./drivers/SDK/fsl_dspi.o
 .debug_abbrev  0x0000000000001b69      0x4c7 ./drivers/SDK/fsl_edma.o
 .debug_abbrev  0x0000000000002030      0x293 ./drivers/MCAL/SysTick.o
 .debug_abbrev  0x00000000000022c3      0x284 ./drivers/MCAL/gpio.o
 .debug_abbrev  0x0000000000002547      0x34c ./drivers/MCAL/uart.o
 .debug_abbrev  0x0000000000002893      0x3be ./drivers/HAL/SPI_wrapper.o
 .debug_abbrev  0x0000000000002c51      0x154 ./drivers/HAL/encoder.o
 .debug_abbrev  0x0000000000002da5      0x155 ./device/system_MK64F12.o

.debug_aranges  0x0000000000000000      0xd20
 .debug_aranges
                0x0000000000000000       0x30 ./startup/hardware.o
 .debug_aranges
                0x0000000000000030       0x20 ./startup/main.o
 .debug_aranges
                0x0000000000000050       0x20 ./startup/semihost_hardfault.o
 .debug_aranges
                0x0000000000000070      0x330 ./startup/startup_mk64f12.o
 .debug_aranges
                0x00000000000003a0       0x30 ./source/User/userData.o
 .debug_aranges
                0x00000000000003d0       0x58 ./source/User/userInput.o
 .debug_aranges
                0x0000000000000428       0x30 ./source/FSM_1/States/brightness.o
 .debug_aranges
                0x0000000000000458       0x38 ./source/FSM_1/States/encoder_entry.o
 .debug_aranges
                0x0000000000000490       0x20 ./source/FSM_1/States/id_entry.o
 .debug_aranges
                0x00000000000004b0       0x68 ./source/FSM_1/States/pin_entry.o
 .debug_aranges
                0x0000000000000518       0x38 ./source/FSM_1/FSM.o
 .debug_aranges
                0x0000000000000550       0x38 ./source/EventQueue/queue.o
 .debug_aranges
                0x0000000000000588       0x30 ./source/App.o
 .debug_aranges
                0x00000000000005b8       0xb8 ./drivers/SDK/SD/fsl_sdhc.o
 .debug_aranges
                0x0000000000000670      0x1b0 ./drivers/SDK/fsl_clock.o
 .debug_aranges
                0x0000000000000820      0x128 ./drivers/SDK/fsl_dspi.o
 .debug_aranges
                0x0000000000000948      0x1c0 ./drivers/SDK/fsl_edma.o
 .debug_aranges
                0x0000000000000b08       0x68 ./drivers/MCAL/SysTick.o
 .debug_aranges
                0x0000000000000b70       0x78 ./drivers/MCAL/gpio.o
 .debug_aranges
                0x0000000000000be8       0xa0 ./drivers/MCAL/uart.o
 .debug_aranges
                0x0000000000000c88       0x38 ./drivers/HAL/SPI_wrapper.o
 .debug_aranges
                0x0000000000000cc0       0x30 ./drivers/HAL/encoder.o
 .debug_aranges
                0x0000000000000cf0       0x30 ./device/system_MK64F12.o

.debug_rnglists
                0x0000000000000000      0xd5f
 .debug_rnglists
                0x0000000000000000       0x20 ./startup/hardware.o
 .debug_rnglists
                0x0000000000000020       0x13 ./startup/main.o
 .debug_rnglists
                0x0000000000000033       0x13 ./startup/semihost_hardfault.o
 .debug_rnglists
                0x0000000000000046      0x25f ./startup/startup_mk64f12.o
 .debug_rnglists
                0x00000000000002a5       0x43 ./source/User/userData.o
 .debug_rnglists
                0x00000000000002e8       0x55 ./source/User/userInput.o
 .debug_rnglists
                0x000000000000033d       0x1f ./source/FSM_1/States/brightness.o
 .debug_rnglists
                0x000000000000035c       0x25 ./source/FSM_1/States/encoder_entry.o
 .debug_rnglists
                0x0000000000000381       0x13 ./source/FSM_1/States/id_entry.o
 .debug_rnglists
                0x0000000000000394       0x4a ./source/FSM_1/States/pin_entry.o
 .debug_rnglists
                0x00000000000003de       0x25 ./source/FSM_1/FSM.o
 .debug_rnglists
                0x0000000000000403       0x25 ./source/EventQueue/queue.o
 .debug_rnglists
                0x0000000000000428       0x1f ./source/App.o
 .debug_rnglists
                0x0000000000000447       0xd3 ./drivers/SDK/SD/fsl_sdhc.o
 .debug_rnglists
                0x000000000000051a      0x18f ./drivers/SDK/fsl_clock.o
 .debug_rnglists
                0x00000000000006a9      0x2d7 ./drivers/SDK/fsl_dspi.o
 .debug_rnglists
                0x0000000000000980      0x192 ./drivers/SDK/fsl_edma.o
 .debug_rnglists
                0x0000000000000b12       0x62 ./drivers/MCAL/SysTick.o
 .debug_rnglists
                0x0000000000000b74       0x62 ./drivers/MCAL/gpio.o
 .debug_rnglists
                0x0000000000000bd6       0x82 ./drivers/MCAL/uart.o
 .debug_rnglists
                0x0000000000000c58       0xbc ./drivers/HAL/SPI_wrapper.o
 .debug_rnglists
                0x0000000000000d14       0x2b ./drivers/HAL/encoder.o
 .debug_rnglists
                0x0000000000000d3f       0x20 ./device/system_MK64F12.o

.debug_macro    0x0000000000000000    0x13389
 .debug_macro   0x0000000000000000       0xb4 ./startup/hardware.o
 .debug_macro   0x00000000000000b4      0xaf0 ./startup/hardware.o
 .debug_macro   0x0000000000000ba4       0x10 ./startup/hardware.o
 .debug_macro   0x0000000000000bb4      0x12e ./startup/hardware.o
 .debug_macro   0x0000000000000ce2      0x5b3 ./startup/hardware.o
 .debug_macro   0x0000000000001295       0x22 ./startup/hardware.o
 .debug_macro   0x00000000000012b7       0x10 ./startup/hardware.o
 .debug_macro   0x00000000000012c7       0x57 ./startup/hardware.o
 .debug_macro   0x000000000000131e       0x1c ./startup/hardware.o
 .debug_macro   0x000000000000133a       0x22 ./startup/hardware.o
 .debug_macro   0x000000000000135c       0xfb ./startup/hardware.o
 .debug_macro   0x0000000000001457      0xeeb ./startup/hardware.o
 .debug_macro   0x0000000000002342       0x40 ./startup/hardware.o
 .debug_macro   0x0000000000002382     0xe977 ./startup/hardware.o
 .debug_macro   0x0000000000010cf9     0x1294 ./startup/hardware.o
 .debug_macro   0x0000000000011f8d       0x16 ./startup/hardware.o
 .debug_macro   0x0000000000011fa3       0xb4 ./startup/main.o
 .debug_macro   0x0000000000012057       0x11 ./startup/semihost_hardfault.o
 .debug_macro   0x0000000000012068       0x23 ./startup/startup_mk64f12.o
 .debug_macro   0x000000000001208b       0x68 ./source/User/userData.o
 .debug_macro   0x00000000000120f3       0x10 ./source/User/userData.o
 .debug_macro   0x0000000000012103       0xae ./source/User/userInput.o
 .debug_macro   0x00000000000121b1       0x1c ./source/User/userInput.o
 .debug_macro   0x00000000000121cd       0x1b ./source/FSM_1/States/brightness.o
 .debug_macro   0x00000000000121e8       0xcb ./source/FSM_1/States/encoder_entry.o
 .debug_macro   0x00000000000122b3       0x22 ./source/FSM_1/States/encoder_entry.o
 .debug_macro   0x00000000000122d5       0x59 ./source/FSM_1/States/id_entry.o
 .debug_macro   0x000000000001232e       0xd5 ./source/FSM_1/States/pin_entry.o
 .debug_macro   0x0000000000012403       0xed ./source/FSM_1/FSM.o
 .debug_macro   0x00000000000124f0       0xa5 ./source/EventQueue/queue.o
 .debug_macro   0x0000000000012595      0x102 ./source/App.o
 .debug_macro   0x0000000000012697       0x40 ./source/App.o
 .debug_macro   0x00000000000126d7      0x121 ./drivers/SDK/SD/fsl_sdhc.o
 .debug_macro   0x00000000000127f8       0x64 ./drivers/SDK/SD/fsl_sdhc.o
 .debug_macro   0x000000000001285c      0x1ba ./drivers/SDK/fsl_clock.o
 .debug_macro   0x0000000000012a16      0x117 ./drivers/SDK/fsl_dspi.o
 .debug_macro   0x0000000000012b2d       0x3a ./drivers/SDK/fsl_dspi.o
 .debug_macro   0x0000000000012b67       0x70 ./drivers/SDK/fsl_dspi.o
 .debug_macro   0x0000000000012bd7      0x11d ./drivers/SDK/fsl_edma.o
 .debug_macro   0x0000000000012cf4       0x10 ./drivers/SDK/fsl_edma.o
 .debug_macro   0x0000000000012d04      0x15b ./drivers/MCAL/SysTick.o
 .debug_macro   0x0000000000012e5f       0x16 ./drivers/MCAL/SysTick.o
 .debug_macro   0x0000000000012e75       0x1c ./drivers/MCAL/SysTick.o
 .debug_macro   0x0000000000012e91       0xde ./drivers/MCAL/gpio.o
 .debug_macro   0x0000000000012f6f      0x17e ./drivers/MCAL/uart.o
 .debug_macro   0x00000000000130ed       0x10 ./drivers/MCAL/uart.o
 .debug_macro   0x00000000000130fd      0x149 ./drivers/HAL/SPI_wrapper.o
 .debug_macro   0x0000000000013246       0x40 ./drivers/HAL/SPI_wrapper.o
 .debug_macro   0x0000000000013286       0x6b ./drivers/HAL/encoder.o
 .debug_macro   0x00000000000132f1       0x98 ./device/system_MK64F12.o

.debug_line     0x0000000000000000     0xd568
 .debug_line    0x0000000000000000      0x414 ./startup/hardware.o
 .debug_line    0x0000000000000414      0x2c7 ./startup/main.o
 .debug_line    0x00000000000006db       0x5a ./startup/semihost_hardfault.o
 .debug_line    0x0000000000000735      0xadd ./startup/startup_mk64f12.o
 .debug_line    0x0000000000001212      0x2ab ./source/User/userData.o
 .debug_line    0x00000000000014bd      0x5dc ./source/User/userInput.o
 .debug_line    0x0000000000001a99       0xd5 ./source/FSM_1/States/brightness.o
 .debug_line    0x0000000000001b6e      0x4ec ./source/FSM_1/States/encoder_entry.o
 .debug_line    0x000000000000205a      0x24a ./source/FSM_1/States/id_entry.o
 .debug_line    0x00000000000022a4      0x5bc ./source/FSM_1/States/pin_entry.o
 .debug_line    0x0000000000002860      0x45a ./source/FSM_1/FSM.o
 .debug_line    0x0000000000002cba      0x357 ./source/EventQueue/queue.o
 .debug_line    0x0000000000003011      0x4e1 ./source/App.o
 .debug_line    0x00000000000034f2     0x1655 ./drivers/SDK/SD/fsl_sdhc.o
 .debug_line    0x0000000000004b47     0x1b19 ./drivers/SDK/fsl_clock.o
 .debug_line    0x0000000000006660     0x29bd ./drivers/SDK/fsl_dspi.o
 .debug_line    0x000000000000901d     0x19b6 ./drivers/SDK/fsl_edma.o
 .debug_line    0x000000000000a9d3      0x8af ./drivers/MCAL/SysTick.o
 .debug_line    0x000000000000b282      0x67a ./drivers/MCAL/gpio.o
 .debug_line    0x000000000000b8fc      0x9d8 ./drivers/MCAL/uart.o
 .debug_line    0x000000000000c2d4      0xad0 ./drivers/HAL/SPI_wrapper.o
 .debug_line    0x000000000000cda4      0x369 ./drivers/HAL/encoder.o
 .debug_line    0x000000000000d10d      0x45b ./device/system_MK64F12.o

.debug_str      0x0000000000000000    0x81dcb
 .debug_str     0x0000000000000000    0x78363 ./startup/hardware.o
                                      0x783e9 (size before relaxing)
 .debug_str     0x0000000000078363       0x23 ./startup/main.o
                                      0x781f6 (size before relaxing)
 .debug_str     0x0000000000078386       0x32 ./startup/semihost_hardfault.o
                                       0x2ebf (size before relaxing)
 .debug_str     0x00000000000783b8      0x826 ./startup/startup_mk64f12.o
                                       0x3727 (size before relaxing)
 .debug_str     0x0000000000078bde       0xdb ./source/User/userData.o
                                       0x468b (size before relaxing)
 .debug_str     0x0000000000078cb9      0x272 ./source/User/userInput.o
                                      0x71609 (size before relaxing)
 .debug_str     0x0000000000078f2b       0x52 ./source/FSM_1/States/brightness.o
                                       0x2edf (size before relaxing)
 .debug_str     0x0000000000078f7d       0x5c ./source/FSM_1/States/encoder_entry.o
                                      0x715fa (size before relaxing)
 .debug_str     0x0000000000078fd9       0x41 ./source/FSM_1/States/id_entry.o
                                       0x45e2 (size before relaxing)
 .debug_str     0x000000000007901a       0xfd ./source/FSM_1/States/pin_entry.o
                                      0x716a1 (size before relaxing)
 .debug_str     0x0000000000079117       0xeb ./source/FSM_1/FSM.o
                                      0x716b1 (size before relaxing)
 .debug_str     0x0000000000079202       0x77 ./source/EventQueue/queue.o
                                      0x71533 (size before relaxing)
 .debug_str     0x0000000000079279      0x2b1 ./source/App.o
                                      0x78637 (size before relaxing)
 .debug_str     0x000000000007952a     0x3925 ./drivers/SDK/SD/fsl_sdhc.o
                                      0x7bbc1 (size before relaxing)
 .debug_str     0x000000000007ce4f     0x1a95 ./drivers/SDK/fsl_clock.o
                                      0x7b8e3 (size before relaxing)
 .debug_str     0x000000000007e8e4     0x140e ./drivers/SDK/fsl_dspi.o
                                      0x7b9d9 (size before relaxing)
 .debug_str     0x000000000007fcf2     0x10df ./drivers/SDK/fsl_edma.o
                                      0x7ae98 (size before relaxing)
 .debug_str     0x0000000000080dd1      0x576 ./drivers/MCAL/SysTick.o
                                      0x7a3bb (size before relaxing)
 .debug_str     0x0000000000081347      0x136 ./drivers/MCAL/gpio.o
                                      0x78c0b (size before relaxing)
 .debug_str     0x000000000008147d      0x54b ./drivers/MCAL/uart.o
                                      0x7aa46 (size before relaxing)
 .debug_str     0x00000000000819c8      0x335 ./drivers/HAL/SPI_wrapper.o
                                      0x7b38e (size before relaxing)
 .debug_str     0x0000000000081cfd       0x64 ./drivers/HAL/encoder.o
                                       0x48d3 (size before relaxing)
 .debug_str     0x0000000000081d61       0x6a ./device/system_MK64F12.o
                                      0x7830f (size before relaxing)

.comment        0x0000000000000000       0x85
 .comment       0x0000000000000000       0x40 ./startup/hardware.o
                                         0x41 (size before relaxing)
 .comment       0x0000000000000040       0x41 ./startup/main.o
 .comment       0x0000000000000040       0x41 ./startup/semihost_hardfault.o
 .comment       0x0000000000000040       0x41 ./startup/startup_mk64f12.o
 .comment       0x0000000000000040       0x41 ./source/User/userData.o
 .comment       0x0000000000000040       0x41 ./source/User/userInput.o
 .comment       0x0000000000000040       0x41 ./source/FSM_1/States/brightness.o
 .comment       0x0000000000000040       0x41 ./source/FSM_1/States/encoder_entry.o
 .comment       0x0000000000000040       0x41 ./source/FSM_1/States/id_entry.o
 .comment       0x0000000000000040       0x41 ./source/FSM_1/States/pin_entry.o
 .comment       0x0000000000000040       0x41 ./source/FSM_1/FSM.o
 .comment       0x0000000000000040       0x41 ./source/EventQueue/queue.o
 .comment       0x0000000000000040       0x41 ./source/App.o
 .comment       0x0000000000000040       0x41 ./drivers/SDK/SD/fsl_sdhc.o
 .comment       0x0000000000000040       0x41 ./drivers/SDK/fsl_clock.o
 .comment       0x0000000000000040       0x41 ./drivers/SDK/fsl_dspi.o
 .comment       0x0000000000000040       0x41 ./drivers/SDK/fsl_edma.o
 .comment       0x0000000000000040       0x41 ./drivers/MCAL/SysTick.o
 .comment       0x0000000000000040       0x41 ./drivers/MCAL/gpio.o
 .comment       0x0000000000000040       0x41 ./drivers/MCAL/uart.o
 .comment       0x0000000000000040       0x41 ./drivers/HAL/SPI_wrapper.o
 .comment       0x0000000000000040       0x41 ./drivers/HAL/encoder.o
 .comment       0x0000000000000040       0x41 ./device/system_MK64F12.o
 .comment       0x0000000000000040       0x45 /Applications/MCUXpressoIDE_11.8.0_1165/ide/plugins/com.nxp.mcuxpresso.tools.macosx_11.8.0.202306131047/tools/bin/../lib/gcc/arm-none-eabi/12.2.1/../../../../arm-none-eabi/lib/thumb/v7e-m+fp/hard/libcr_semihost_nf.a(_cr__main.o)
                                         0x46 (size before relaxing)
 .comment       0x0000000000000085       0x46 /Applications/MCUXpressoIDE_11.8.0_1165/ide/plugins/com.nxp.mcuxpresso.tools.macosx_11.8.0.202306131047/tools/bin/../lib/gcc/arm-none-eabi/12.2.1/../../../../arm-none-eabi/lib/thumb/v7e-m+fp/hard/libcr_semihost_nf.a(_cr_assert.o)
 .comment       0x0000000000000085       0x46 /Applications/MCUXpressoIDE_11.8.0_1165/ide/plugins/com.nxp.mcuxpresso.tools.macosx_11.8.0.202306131047/tools/bin/../lib/gcc/arm-none-eabi/12.2.1/../../../../arm-none-eabi/lib/thumb/v7e-m+fp/hard/libcr_semihost_nf.a(__ciob.o)
 .comment       0x0000000000000085       0x46 /Applications/MCUXpressoIDE_11.8.0_1165/ide/plugins/com.nxp.mcuxpresso.tools.macosx_11.8.0.202306131047/tools/bin/../lib/gcc/arm-none-eabi/12.2.1/../../../../arm-none-eabi/lib/thumb/v7e-m+fp/hard/libcr_c.a(memset.o)
 .comment       0x0000000000000085       0x46 /Applications/MCUXpressoIDE_11.8.0_1165/ide/plugins/com.nxp.mcuxpresso.tools.macosx_11.8.0.202306131047/tools/bin/../lib/gcc/arm-none-eabi/12.2.1/../../../../arm-none-eabi/lib/thumb/v7e-m+fp/hard/libcr_c.a(_deferredlazyseek.o)
 .comment       0x0000000000000085       0x46 /Applications/MCUXpressoIDE_11.8.0_1165/ide/plugins/com.nxp.mcuxpresso.tools.macosx_11.8.0.202306131047/tools/bin/../lib/gcc/arm-none-eabi/12.2.1/../../../../arm-none-eabi/lib/thumb/v7e-m+fp/hard/libcr_c.a(_fflush.o)
 .comment       0x0000000000000085       0x46 /Applications/MCUXpressoIDE_11.8.0_1165/ide/plugins/com.nxp.mcuxpresso.tools.macosx_11.8.0.202306131047/tools/bin/../lib/gcc/arm-none-eabi/12.2.1/../../../../arm-none-eabi/lib/thumb/v7e-m+fp/hard/libcr_c.a(_writebuf.o)
 .comment       0x0000000000000085       0x46 /Applications/MCUXpressoIDE_11.8.0_1165/ide/plugins/com.nxp.mcuxpresso.tools.macosx_11.8.0.202306131047/tools/bin/../lib/gcc/arm-none-eabi/12.2.1/../../../../arm-none-eabi/lib/thumb/v7e-m+fp/hard/libcr_c.a(alloc.o)
 .comment       0x0000000000000085       0x46 /Applications/MCUXpressoIDE_11.8.0_1165/ide/plugins/com.nxp.mcuxpresso.tools.macosx_11.8.0.202306131047/tools/bin/../lib/gcc/arm-none-eabi/12.2.1/../../../../arm-none-eabi/lib/thumb/v7e-m+fp/hard/libcr_c.a(fputs.o)
 .comment       0x0000000000000085       0x46 /Applications/MCUXpressoIDE_11.8.0_1165/ide/plugins/com.nxp.mcuxpresso.tools.macosx_11.8.0.202306131047/tools/bin/../lib/gcc/arm-none-eabi/12.2.1/../../../../arm-none-eabi/lib/thumb/v7e-m+fp/hard/libcr_c.a(fseek.o)
 .comment       0x0000000000000085       0x46 /Applications/MCUXpressoIDE_11.8.0_1165/ide/plugins/com.nxp.mcuxpresso.tools.macosx_11.8.0.202306131047/tools/bin/../lib/gcc/arm-none-eabi/12.2.1/../../../../arm-none-eabi/lib/thumb/v7e-m+fp/hard/libcr_c.a(ftell.o)
 .comment       0x0000000000000085       0x46 /Applications/MCUXpressoIDE_11.8.0_1165/ide/plugins/com.nxp.mcuxpresso.tools.macosx_11.8.0.202306131047/tools/bin/../lib/gcc/arm-none-eabi/12.2.1/../../../../arm-none-eabi/lib/thumb/v7e-m+fp/hard/libcr_c.a(initio.o)
 .comment       0x0000000000000085       0x46 /Applications/MCUXpressoIDE_11.8.0_1165/ide/plugins/com.nxp.mcuxpresso.tools.macosx_11.8.0.202306131047/tools/bin/../lib/gcc/arm-none-eabi/12.2.1/../../../../arm-none-eabi/lib/thumb/v7e-m+fp/hard/libcr_c.a(setvbuf.o)
 .comment       0x0000000000000085       0x46 /Applications/MCUXpressoIDE_11.8.0_1165/ide/plugins/com.nxp.mcuxpresso.tools.macosx_11.8.0.202306131047/tools/bin/../lib/gcc/arm-none-eabi/12.2.1/../../../../arm-none-eabi/lib/thumb/v7e-m+fp/hard/libcr_c.a(strcmp.o)
 .comment       0x0000000000000085       0x46 /Applications/MCUXpressoIDE_11.8.0_1165/ide/plugins/com.nxp.mcuxpresso.tools.macosx_11.8.0.202306131047/tools/bin/../lib/gcc/arm-none-eabi/12.2.1/../../../../arm-none-eabi/lib/thumb/v7e-m+fp/hard/libcr_c.a(strlen.o)
 .comment       0x0000000000000085       0x46 /Applications/MCUXpressoIDE_11.8.0_1165/ide/plugins/com.nxp.mcuxpresso.tools.macosx_11.8.0.202306131047/tools/bin/../lib/gcc/arm-none-eabi/12.2.1/../../../../arm-none-eabi/lib/thumb/v7e-m+fp/hard/libcr_c.a(__init_alloc.o)
 .comment       0x0000000000000085       0x46 /Applications/MCUXpressoIDE_11.8.0_1165/ide/plugins/com.nxp.mcuxpresso.tools.macosx_11.8.0.202306131047/tools/bin/../lib/gcc/arm-none-eabi/12.2.1/../../../../arm-none-eabi/lib/thumb/v7e-m+fp/hard/libcr_c.a(_cr_sbrk.o)
 .comment       0x0000000000000085       0x46 /Applications/MCUXpressoIDE_11.8.0_1165/ide/plugins/com.nxp.mcuxpresso.tools.macosx_11.8.0.202306131047/tools/bin/../lib/gcc/arm-none-eabi/12.2.1/../../../../arm-none-eabi/lib/thumb/v7e-m+fp/hard/libcr_c.a(_fdopen.o)
 .comment       0x0000000000000085       0x46 /Applications/MCUXpressoIDE_11.8.0_1165/ide/plugins/com.nxp.mcuxpresso.tools.macosx_11.8.0.202306131047/tools/bin/../lib/gcc/arm-none-eabi/12.2.1/../../../../arm-none-eabi/lib/thumb/v7e-m+fp/hard/libcr_c.a(errno.o)
 .comment       0x0000000000000085       0x46 /Applications/MCUXpressoIDE_11.8.0_1165/ide/plugins/com.nxp.mcuxpresso.tools.macosx_11.8.0.202306131047/tools/bin/../lib/gcc/arm-none-eabi/12.2.1/../../../../arm-none-eabi/lib/thumb/v7e-m+fp/hard/libcr_c.a(fclose.o)