Archive member included to satisfy reference by file (symbol)

c:/nxp/mcuxpressoide_10.2.0_759/ide/tools/bin/../lib/gcc/arm-none-eabi/7.2.1/../../../../arm-none-eabi/lib/thumb/v7e-m/fpv4-sp/hard\libcr_semihost_nf.a(_cr__main.o)
                              ./startup/startup_mk64f12.o (__main)
c:/nxp/mcuxpressoide_10.2.0_759/ide/tools/bin/../lib/gcc/arm-none-eabi/7.2.1/../../../../arm-none-eabi/lib/thumb/v7e-m/fpv4-sp/hard\libcr_semihost_nf.a(_cr_assert.o)
                              ./drivers/SDK/fsl_clock.o (__assertion_failed)
c:/nxp/mcuxpressoide_10.2.0_759/ide/tools/bin/../lib/gcc/arm-none-eabi/7.2.1/../../../../arm-none-eabi/lib/thumb/v7e-m/fpv4-sp/hard\libcr_semihost_nf.a(__ciob.o)
                              c:/nxp/mcuxpressoide_10.2.0_759/ide/tools/bin/../lib/gcc/arm-none-eabi/7.2.1/../../../../arm-none-eabi/lib/thumb/v7e-m/fpv4-sp/hard\libcr_semihost_nf.a(_cr_assert.o) (__Ciob)
c:/nxp/mcuxpressoide_10.2.0_759/ide/tools/bin/../lib/gcc/arm-none-eabi/7.2.1/../../../../arm-none-eabi/lib/thumb/v7e-m/fpv4-sp/hard\libcr_semihost_nf.a(__sys_appexit.o)
                              c:/nxp/mcuxpressoide_10.2.0_759/ide/tools/bin/../lib/gcc/arm-none-eabi/7.2.1/../../../../arm-none-eabi/lib/thumb/v7e-m/fpv4-sp/hard\libcr_semihost_nf.a(_cr_assert.o) (__sys_appexit)
c:/nxp/mcuxpressoide_10.2.0_759/ide/tools/bin/../lib/gcc/arm-none-eabi/7.2.1/../../../../arm-none-eabi/lib/thumb/v7e-m/fpv4-sp/hard\libcr_c.a(memcpy.o)
                              ./drivers/HAL/AudioPlayer.o (memcpy)
c:/nxp/mcuxpressoide_10.2.0_759/ide/tools/bin/../lib/gcc/arm-none-eabi/7.2.1/../../../../arm-none-eabi/lib/thumb/v7e-m/fpv4-sp/hard\libcr_c.a(memmove.o)
                              ./component/helix/mp3dec.o (memmove)
c:/nxp/mcuxpressoide_10.2.0_759/ide/tools/bin/../lib/gcc/arm-none-eabi/7.2.1/../../../../arm-none-eabi/lib/thumb/v7e-m/fpv4-sp/hard\libcr_c.a(memset.o)
                              ./drivers/SDK/fsl_dac.o (memset)
c:/nxp/mcuxpressoide_10.2.0_759/ide/tools/bin/../lib/gcc/arm-none-eabi/7.2.1/../../../../arm-none-eabi/lib/thumb/v7e-m/fpv4-sp/hard\libcr_c.a(_deferredlazyseek.o)
                              c:/nxp/mcuxpressoide_10.2.0_759/ide/tools/bin/../lib/gcc/arm-none-eabi/7.2.1/../../../../arm-none-eabi/lib/thumb/v7e-m/fpv4-sp/hard\libcr_semihost_nf.a(_cr_assert.o) (__flsbuf)
c:/nxp/mcuxpressoide_10.2.0_759/ide/tools/bin/../lib/gcc/arm-none-eabi/7.2.1/../../../../arm-none-eabi/lib/thumb/v7e-m/fpv4-sp/hard\libcr_c.a(_fflush.o)
                              c:/nxp/mcuxpressoide_10.2.0_759/ide/tools/bin/../lib/gcc/arm-none-eabi/7.2.1/../../../../arm-none-eabi/lib/thumb/v7e-m/fpv4-sp/hard\libcr_c.a(_deferredlazyseek.o) (_fflush)
c:/nxp/mcuxpressoide_10.2.0_759/ide/tools/bin/../lib/gcc/arm-none-eabi/7.2.1/../../../../arm-none-eabi/lib/thumb/v7e-m/fpv4-sp/hard\libcr_c.a(_writebuf.o)
                              c:/nxp/mcuxpressoide_10.2.0_759/ide/tools/bin/../lib/gcc/arm-none-eabi/7.2.1/../../../../arm-none-eabi/lib/thumb/v7e-m/fpv4-sp/hard\libcr_c.a(_deferredlazyseek.o) (_Cwritebuf)
c:/nxp/mcuxpressoide_10.2.0_759/ide/tools/bin/../lib/gcc/arm-none-eabi/7.2.1/../../../../arm-none-eabi/lib/thumb/v7e-m/fpv4-sp/hard\libcr_c.a(alloc.o)
                              ./drivers/SDK/fsl_common.o (malloc)
c:/nxp/mcuxpressoide_10.2.0_759/ide/tools/bin/../lib/gcc/arm-none-eabi/7.2.1/../../../../arm-none-eabi/lib/thumb/v7e-m/fpv4-sp/hard\libcr_c.a(fpprintf.o)
                              ./drivers/SDK/power_mode_switch.o (printf)
c:/nxp/mcuxpressoide_10.2.0_759/ide/tools/bin/../lib/gcc/arm-none-eabi/7.2.1/../../../../arm-none-eabi/lib/thumb/v7e-m/fpv4-sp/hard\libcr_c.a(fputs.o)
                              c:/nxp/mcuxpressoide_10.2.0_759/ide/tools/bin/../lib/gcc/arm-none-eabi/7.2.1/../../../../arm-none-eabi/lib/thumb/v7e-m/fpv4-sp/hard\libcr_semihost_nf.a(_cr_assert.o) (fputs)
c:/nxp/mcuxpressoide_10.2.0_759/ide/tools/bin/../lib/gcc/arm-none-eabi/7.2.1/../../../../arm-none-eabi/lib/thumb/v7e-m/fpv4-sp/hard\libcr_c.a(fseek.o)
                              c:/nxp/mcuxpressoide_10.2.0_759/ide/tools/bin/../lib/gcc/arm-none-eabi/7.2.1/../../../../arm-none-eabi/lib/thumb/v7e-m/fpv4-sp/hard\libcr_c.a(_deferredlazyseek.o) (fseek)
c:/nxp/mcuxpressoide_10.2.0_759/ide/tools/bin/../lib/gcc/arm-none-eabi/7.2.1/../../../../arm-none-eabi/lib/thumb/v7e-m/fpv4-sp/hard\libcr_c.a(ftell.o)
                              c:/nxp/mcuxpressoide_10.2.0_759/ide/tools/bin/../lib/gcc/arm-none-eabi/7.2.1/../../../../arm-none-eabi/lib/thumb/v7e-m/fpv4-sp/hard\libcr_c.a(fseek.o) (ftell)
c:/nxp/mcuxpressoide_10.2.0_759/ide/tools/bin/../lib/gcc/arm-none-eabi/7.2.1/../../../../arm-none-eabi/lib/thumb/v7e-m/fpv4-sp/hard\libcr_c.a(initio.o)
                              c:/nxp/mcuxpressoide_10.2.0_759/ide/tools/bin/../lib/gcc/arm-none-eabi/7.2.1/../../../../arm-none-eabi/lib/thumb/v7e-m/fpv4-sp/hard\libcr_semihost_nf.a(_cr__main.o) (_initio)
[...]
Memory Configuration

Name             Origin             Length             Attributes
PROGRAM_FLASH    0x00000000         0x00100000         xr
SRAM_UPPER       0x20000000         0x00030000         xrw
SRAM_LOWER       0x1fff0000         0x00010000         xrw
FLEX_RAM         0x14000000         0x00001000         xrw
*default*        0x00000000         0xffffffff

Linker script and memory map

LOAD ./startup/hardware.o
LOAD ./startup/main.o
LOAD ./startup/semihost_hardfault.o
LOAD ./startup/startup_mk64f12.o
LOAD ./source/file_manager/file_system_manager.o
LOAD ./source/fft/vumeterRefresh.o
LOAD ./source/equalizer/equalizer.o
LOAD ./source/equalizer/math_helper.o
LOAD ./source/audio_manager/audio_manager.o
LOAD ./source/FSM_1/States/Init.o
LOAD ./source/FSM_1/States/audioPLayer.o
LOAD ./source/FSM_1/States/equalizer.o
LOAD ./source/FSM_1/States/file_selection.o
LOAD ./source/FSM_1/States/idle.o
LOAD ./source/FSM_1/FSM.o
LOAD ./source/EventQueue/queue.o
LOAD ./source/App.o
LOAD ./source/App_test.o
LOAD ./drivers/SDK/clock_config.o
LOAD ./drivers/SDK/fsl_clock.o
LOAD ./drivers/SDK/fsl_common.o
LOAD ./drivers/SDK/fsl_dac.o
LOAD ./drivers/SDK/fsl_dmamux.o
LOAD ./drivers/SDK/fsl_dspi.o
LOAD ./drivers/SDK/fsl_edma.o
LOAD ./drivers/SDK/fsl_i2c.o
LOAD ./drivers/SDK/fsl_pdb.o
LOAD ./drivers/SDK/fsl_pmc.o
LOAD ./drivers/SDK/fsl_rcm.o
LOAD ./drivers/SDK/fsl_rtc.o
LOAD ./drivers/SDK/fsl_smc.o
LOAD ./drivers/SDK/fsl_sysmpu.o
LOAD ./drivers/SDK/power_mode_switch.o
LOAD ./drivers/MCAL/SysTick.o
LOAD ./drivers/MCAL/ftm.o
LOAD ./drivers/MCAL/gpio.o
LOAD ./drivers/MCAL/uart.o
LOAD ./drivers/HAL/AudioPlayer.o
LOAD ./drivers/HAL/I2CWrapper.o
LOAD ./drivers/HAL/OLEDdisplay.o
LOAD ./drivers/HAL/SPI_wrapper.o
LOAD ./drivers/HAL/Timer.o
LOAD ./drivers/HAL/button.o
LOAD ./drivers/HAL/daytime.o
LOAD ./drivers/HAL/decoder.o
LOAD ./drivers/HAL/encoder.o
LOAD ./drivers/HAL/matrix_display.o
LOAD ./drivers/HAL/memory_handler.o
LOAD ./drivers/HAL/memory_manager.o
LOAD ./device/system_MK64F12.o
LOAD ./component/lists/generic_list.o
LOAD ./component/id3/read_id3.o
LOAD ./component/helix/real/bitstream.o
LOAD ./component/helix/real/buffers.o
LOAD ./component/helix/real/dct32.o
LOAD ./component/helix/real/dequant.o
LOAD ./component/helix/real/dqchan.o
LOAD ./component/helix/real/huffman.o
LOAD ./component/helix/real/hufftabs.o
LOAD ./component/helix/real/imdct.o
LOAD ./component/helix/real/polyphase.o
LOAD ./component/helix/real/scalfact.o
LOAD ./component/helix/real/stproc.o
LOAD ./component/helix/real/subband.o
LOAD ./component/helix/real/trigtabs_fixpt.o
LOAD ./component/helix/mp3dec.o
LOAD ./component/helix/mp3tabs.o
LOAD ./component/fatfs/fsl_sd_disk/fsl_sd_disk.o
LOAD ./component/fatfs/diskio.o
LOAD ./component/fatfs/ff.o
LOAD ./component/fatfs/ffsystem.o
LOAD ./component/fatfs/ffunicode.o
LOAD ./component/SD/fsl_sd.o
LOAD ./component/SD/fsl_sdhc.o
LOAD ./component/SD/fsl_sdmmc_common.o
LOAD ./component/SD/fsl_sdmmc_host.o
LOAD ./component/SD/sdmmc_config.o
LOAD C:\Users\lucia\OneDrive\Documents\2C2023\Labo_de_Micros\repo\Micros-Grupo-5\TPS\TPFinal\libs\libarm_cortexM4lf_math.a
START GROUP
LOAD c:/nxp/mcuxpressoide_10.2.0_759/ide/tools/bin/../lib/gcc/arm-none-eabi/7.2.1/../../../../arm-none-eabi/lib/thumb/v7e-m/fpv4-sp/hard\libcr_semihost_nf.a
LOAD c:/nxp/mcuxpressoide_10.2.0_759/ide/tools/bin/../lib/gcc/arm-none-eabi/7.2.1/../../../../arm-none-eabi/lib/thumb/v7e-m/fpv4-sp/hard\libcr_c.a
LOAD c:/nxp/mcuxpressoide_10.2.0_759/ide/tools/bin/../lib/gcc/arm-none-eabi/7.2.1/thumb/v7e-m/fpv4-sp/hard\libcr_eabihelpers.a
END GROUP
                0x00000000                __base_PROGRAM_FLASH = 0x0
                0x00000000                __base_Flash = 0x0
                0x00100000                __top_PROGRAM_FLASH = 0x100000
                0x00100000                __top_Flash = 0x100000
                0x20000000                __base_SRAM_UPPER = 0x20000000
                0x20000000                __base_RAM = 0x20000000
                0x20030000                __top_SRAM_UPPER = 0x20030000
                0x20030000                __top_RAM = 0x20030000
                0x1fff0000                __base_SRAM_LOWER = 0x1fff0000
                0x1fff0000                __base_RAM2 = 0x1fff0000
                0x20000000                __top_SRAM_LOWER = 0x20000000
                0x20000000                __top_RAM2 = 0x20000000
                0x14000000                __base_FLEX_RAM = 0x14000000
                0x14000000                __base_RAM3 = 0x14000000
                0x14001000                __top_FLEX_RAM = 0x14001000
                0x14001000                __top_RAM3 = 0x14001000

.text           0x00000000     0x3468
 FILL mask 0xff
                0x00000000                __vectors_start__ = ABSOLUTE (.)
 *(SORT_BY_ALIGNMENT(.isr_vector))
 .isr_vector    0x00000000      0x198 ./startup/startup_mk64f12.o
                0x00000000                g_pfnVectors
                0x00000000                __Vectors
                0x00000198                . = ALIGN (0x4)
                0x00000198                __section_table_start = .
                0x00000198                __data_section_table = .
                0x00000198        0x4 LONG 0x3468 LOADADDR (.data)
                0x0000019c        0x4 LONG 0x20000000 ADDR (.data)
                0x000001a0        0x4 LONG 0x10 SIZEOF (.data)
                0x000001a4        0x4 LONG 0x3468 LOADADDR (.data_RAM2)
                0x000001a8        0x4 LONG 0x1fff0000 ADDR (.data_RAM2)
                0x000001ac        0x4 LONG 0x0 SIZEOF (.data_RAM2)
                0x000001b0        0x4 LONG 0x3468 LOADADDR (.data_RAM3)
                0x000001b4        0x4 LONG 0x14000000 ADDR (.data_RAM3)
                0x000001b8        0x4 LONG 0x0 SIZEOF (.data_RAM3)
                0x000001bc                __data_section_table_end = .
                0x000001bc                __bss_section_table = .
                0x000001bc        0x4 LONG 0x20000010 ADDR (.bss)
                0x000001c0        0x4 LONG 0x2f58 SIZEOF (.bss)
                0x000001c4        0x4 LONG 0x1fff0000 ADDR (.bss_RAM2)
                0x000001c8        0x4 LONG 0x0 SIZEOF (.bss_RAM2)
                0x000001cc        0x4 LONG 0x14000000 ADDR (.bss_RAM3)
                0x000001d0        0x4 LONG 0x0 SIZEOF (.bss_RAM3)
                0x000001d4                __bss_section_table_end = .
                0x000001d4                __section_table_end = .
 *(SORT_BY_ALIGNMENT(.after_vectors*))
 .after_vectors.reset
                0x000001d4       0x4c ./startup/startup_mk64f12.o
                0x000001d4                ResetISR
 .after_vectors
                0x00000220       0x14 ./startup/startup_mk64f12.o
                0x00000220                NMI_Handler
                0x00000224                MemManage_Handler
                0x00000226                BusFault_Handler
                0x00000228                UsageFault_Handler
                0x0000022a                SVC_Handler
                0x0000022c                DebugMon_Handler
                0x0000022e                PendSV_Handler
                0x00000232                FTM2_DriverIRQHandler
                0x00000232                PIT2_DriverIRQHandler
                0x00000232                I2S0_Tx_DriverIRQHandler
                0x00000232                RTC_Seconds_DriverIRQHandler
                0x00000232                LLWU_DriverIRQHandler
                0x00000232                MCM_DriverIRQHandler
                0x00000232                MCG_DriverIRQHandler
                0x00000232                ENET_1588_Timer_DriverIRQHandler
                0x00000232                DAC1_DriverIRQHandler
                0x00000232                FTM1_DriverIRQHandler
                0x00000232                CMP1_DriverIRQHandler
                0x00000232                UART5_RX_TX_DriverIRQHandler
                0x00000232                FTM0_DriverIRQHandler
                0x00000232                IntDefaultHandler
                0x00000232                USB0_DriverIRQHandler
                0x00000232                UART5_ERR_DriverIRQHandler
                0x00000232                PORTC_DriverIRQHandler
                0x00000232                DAC0_DriverIRQHandler
                0x00000232                CMP2_DriverIRQHandler
                0x00000232                UART2_ERR_DriverIRQHandler
                0x00000232                LVD_LVW_DriverIRQHandler
                0x00000232                PIT0_DriverIRQHandler
                0x00000232                RNG_DriverIRQHandler
                0x00000232                DMA_Error_DriverIRQHandler
                0x00000232                USBDCD_DriverIRQHandler
                0x00000232                UART3_ERR_DriverIRQHandler
                0x00000232                UART0_ERR_DriverIRQHandler
                0x00000232                CMT_DriverIRQHandler
                0x00000232                Reserved71_DriverIRQHandler
                0x00000232                ADC1_DriverIRQHandler
                0x00000232                PORTA_DriverIRQHandler
                0x00000232                PIT3_DriverIRQHandler
                0x00000232                PIT1_DriverIRQHandler
                0x00000232                WDOG_EWM_DriverIRQHandler
                0x00000232                PDB0_DriverIRQHandler
                0x00000232                RTC_DriverIRQHandler
                0x00000232                I2S0_Rx_DriverIRQHandler
                0x00000232                Read_Collision_DriverIRQHandler
                0x00000232                SWI_DriverIRQHandler
                0x00000232                UART4_RX_TX_DriverIRQHandler
                0x00000232                UART4_ERR_DriverIRQHandler
                0x00000232                LPTMR0_DriverIRQHandler
                0x00000232                UART0_LON_DriverIRQHandler
                0x00000232                PORTB_DriverIRQHandler
                0x00000232                UART3_RX_TX_DriverIRQHandler
                0x00000232                ENET_Receive_DriverIRQHandler
                0x00000232                ENET_Error_DriverIRQHandler
                0x00000232                UART0_RX_TX_DriverIRQHandler
                0x00000232                ADC0_DriverIRQHandler
                0x00000232                CMP0_DriverIRQHandler
                0x00000232                CAN0_DriverIRQHandler
                0x00000232                FTM3_DriverIRQHandler
                0x00000232                UART2_RX_TX_DriverIRQHandler
                0x00000232                UART1_ERR_DriverIRQHandler
                0x00000232                ENET_Transmit_DriverIRQHandler
                0x00000232                PORTD_DriverIRQHandler
                0x00000232                PORTE_DriverIRQHandler
                0x00000232                FTFE_DriverIRQHandler
                0x00000232                UART1_RX_TX_DriverIRQHandler
 .after_vectors.init_data
                0x00000234       0x1e ./startup/startup_mk64f12.o
                0x00000234                data_init
 .after_vectors.init_bss
                0x00000252       0x12 ./startup/startup_mk64f12.o
                0x00000252                bss_init
                0x00000400                . = 0x400
 *fill*         0x00000264      0x19c ff
                0x00000400                PROVIDE (__FLASH_CONFIG_START__, .)
 *(SORT_BY_ALIGNMENT(.FlashConfig))
 .FlashConfig   0x00000400       0x10 ./startup/startup_mk64f12.o
                0x00000400                Flash_Config
                0x00000410                PROVIDE (__FLASH_CONFIG_END__, .)
                0x00000001                ASSERT (! ((__FLASH_CONFIG_START__ == __FLASH_CONFIG_END__)), Linker Flash Config Support Enabled, but no .FlashConfig section provided within application)
 *(SORT_BY_ALIGNMENT(.text*))
 .text.hw_Init  0x00000410       0xc0 ./startup/hardware.o
                0x00000410                hw_Init
 .text.hw_EnableInterrupts
                0x000004d0       0x18 ./startup/hardware.o
                0x000004d0                hw_EnableInterrupts
 .text.hw_DisableInterrupts
                0x000004e8       0x10 ./startup/hardware.o
                0x000004e8                hw_DisableInterrupts
 .text.CLOCK_GetInternalRefClkSelectFreq
                0x000004f8       0x2c ./drivers/SDK/fsl_clock.o
 .text.CLOCK_GetMcgExtClkFreq
                0x00000524       0x58 ./drivers/SDK/fsl_clock.o
 .text.CLOCK_GetFllExtRefClkFreq
                0x0000057c       0x60 ./drivers/SDK/fsl_clock.o
 .text.CLOCK_GetOsc0ErClkFreq
                0x000005dc       0x30 ./drivers/SDK/fsl_clock.o
                0x000005dc                CLOCK_GetOsc0ErClkFreq
 .text.CLOCK_GetEr32kClkFreq
                0x0000060c       0x50 ./drivers/SDK/fsl_clock.o
                0x0000060c                CLOCK_GetEr32kClkFreq
 .text.CLOCK_GetFllFreq
                0x0000065c       0x5c ./drivers/SDK/fsl_clock.o
                0x0000065c                CLOCK_GetFllFreq
 .text.CLOCK_GetInternalRefClkFreq
                0x000006b8       0x1c ./drivers/SDK/fsl_clock.o
                0x000006b8                CLOCK_GetInternalRefClkFreq
 .text.CLOCK_GetPll0Freq
                0x000006d4       0x44 ./drivers/SDK/fsl_clock.o
                0x000006d4                CLOCK_GetPll0Freq
 .text.CLOCK_GetPllFllSelClkFreq
                0x00000718       0x34 ./drivers/SDK/fsl_clock.o
                0x00000718                CLOCK_GetPllFllSelClkFreq
 .text.CLOCK_GetOutClkFreq
                0x0000074c       0x38 ./drivers/SDK/fsl_clock.o
                0x0000074c                CLOCK_GetOutClkFreq
 .text.CLOCK_GetFixedFreqClkFreq
                0x00000784       0x30 ./drivers/SDK/fsl_clock.o
                0x00000784                CLOCK_GetFixedFreqClkFreq
 .text.CLOCK_GetFreq
                0x000007b4       0xbc ./drivers/SDK/fsl_clock.o
                0x000007b4                CLOCK_GetFreq
 .text.DSPI_CommonIRQHandler
                0x00000870       0x34 ./drivers/SDK/fsl_dspi.o
 .text.SPI1_DriverIRQHandler
                0x000008a4       0x24 ./drivers/SDK/fsl_dspi.o
                0x000008a4                SPI1_DriverIRQHandler
 .text.SPI2_DriverIRQHandler
                0x000008c8       0x24 ./drivers/SDK/fsl_dspi.o
                0x000008c8                SPI2_DriverIRQHandler
 .text.EDMA_HandleIRQ
                0x000008ec       0xd4 ./drivers/SDK/fsl_edma.o
                0x000008ec                EDMA_HandleIRQ
 .text.DMA0_DriverIRQHandler
                0x000009c0       0x14 ./drivers/SDK/fsl_edma.o
                0x000009c0                DMA0_DriverIRQHandler
 .text.DMA1_DriverIRQHandler
                0x000009d4       0x14 ./drivers/SDK/fsl_edma.o
                0x000009d4                DMA1_DriverIRQHandler
 .text.DMA2_DriverIRQHandler
                0x000009e8       0x14 ./drivers/SDK/fsl_edma.o
                0x000009e8                DMA2_DriverIRQHandler
 .text.DMA3_DriverIRQHandler
                0x000009fc       0x14 ./drivers/SDK/fsl_edma.o
                0x000009fc                DMA3_DriverIRQHandler
 .text.DMA4_DriverIRQHandler
                0x00000a10       0x14 ./drivers/SDK/fsl_edma.o
                0x00000a10                DMA4_DriverIRQHandler
 .text.DMA5_DriverIRQHandler
                0x00000a24       0x14 ./drivers/SDK/fsl_edma.o
                0x00000a24                DMA5_DriverIRQHandler
 .text.DMA6_DriverIRQHandler
                0x00000a38       0x14 ./drivers/SDK/fsl_edma.o
                0x00000a38                DMA6_DriverIRQHandler
 .text.DMA7_DriverIRQHandler
                0x00000a4c       0x14 ./drivers/SDK/fsl_edma.o
                0x00000a4c                DMA7_DriverIRQHandler
 .text.DMA8_DriverIRQHandler
                0x00000a60       0x14 ./drivers/SDK/fsl_edma.o
                0x00000a60                DMA8_DriverIRQHandler
 .text.DMA9_DriverIRQHandler
                0x00000a74       0x14 ./drivers/SDK/fsl_edma.o
                0x00000a74                DMA9_DriverIRQHandler
 .text.DMA10_DriverIRQHandler
                0x00000a88       0x14 ./drivers/SDK/fsl_edma.o
                0x00000a88                DMA10_DriverIRQHandler
 .text.DMA11_DriverIRQHandler
                0x00000a9c       0x14 ./drivers/SDK/fsl_edma.o
                0x00000a9c                DMA11_DriverIRQHandler
 .text.DMA12_DriverIRQHandler
                0x00000ab0       0x14 ./drivers/SDK/fsl_edma.o
                0x00000ab0                DMA12_DriverIRQHandler
 .text.DMA13_DriverIRQHandler
                0x00000ac4       0x14 ./drivers/SDK/fsl_edma.o
                0x00000ac4                DMA13_DriverIRQHandler
 .text.DMA14_DriverIRQHandler
                0x00000ad8       0x14 ./drivers/SDK/fsl_edma.o
                0x00000ad8                DMA14_DriverIRQHandler
 .text.DMA15_DriverIRQHandler
                0x00000aec       0x14 ./drivers/SDK/fsl_edma.o
                0x00000aec                DMA15_DriverIRQHandler
 .text.I2C_TransferCommonIRQHandler
                0x00000b00       0x30 ./drivers/SDK/fsl_i2c.o
 .text.I2C0_DriverIRQHandler
                0x00000b30       0x18 ./drivers/SDK/fsl_i2c.o
                0x00000b30                I2C0_DriverIRQHandler
 .text.I2C1_DriverIRQHandler
                0x00000b48       0x18 ./drivers/SDK/fsl_i2c.o
                0x00000b48                I2C1_DriverIRQHandler
 .text.I2C2_DriverIRQHandler
                0x00000b60       0x18 ./drivers/SDK/fsl_i2c.o
                0x00000b60                I2C2_DriverIRQHandler
 .text.SysTick_Handler
                0x00000b78       0x5c ./drivers/MCAL/SysTick.o
                0x00000b78                SysTick_Handler
 .text.gpioMode
                0x00000bd4       0xa0 ./drivers/MCAL/gpio.o
                0x00000bd4                gpioMode
 .text.gpioToggle
                0x00000c74       0x1c ./drivers/MCAL/gpio.o
                0x00000c74                gpioToggle
 .text.gpioRead
                0x00000c90       0x24 ./drivers/MCAL/gpio.o
                0x00000c90                gpioRead
 .text.gpioIRQ  0x00000cb4       0x58 ./drivers/MCAL/gpio.o
                0x00000cb4                gpioIRQ
 .text.interruptHandler
                0x00000d0c       0x54 ./drivers/MCAL/gpio.o
                0x00000d0c                interruptHandler
 .text.UART_rx_tx_irq_handler
                0x00000d60       0xd0 ./drivers/MCAL/uart.o
                0x00000d60                UART_rx_tx_irq_handler
 .text.UART0_RX_TX_IRQHandler
                0x00000e30       0x20 ./drivers/MCAL/uart.o
                0x00000e30                UART0_RX_TX_IRQHandler
 .text.UART1_RX_TX_IRQHandler
                0x00000e50       0x20 ./drivers/MCAL/uart.o
                0x00000e50                UART1_RX_TX_IRQHandler
 .text.UART2_RX_TX_IRQHandler
                0x00000e70       0x20 ./drivers/MCAL/uart.o
                0x00000e70                UART2_RX_TX_IRQHandler
 .text.UART3_RX_TX_IRQHandler
                0x00000e90       0x20 ./drivers/MCAL/uart.o
                0x00000e90                UART3_RX_TX_IRQHandler
 .text.UART4_RX_TX_IRQHandler
                0x00000eb0       0x20 ./drivers/MCAL/uart.o
                0x00000eb0                UART4_RX_TX_IRQHandler
 .text.SPI0_IRQHandler
                0x00000ed0       0xa4 ./drivers/HAL/SPI_wrapper.o
                0x00000ed0                SPI0_IRQHandler
 .text.Mm_Callback
                0x00000f74       0x28 ./drivers/HAL/memory_manager.o
 .text.Mm_Init  0x00000f9c       0x48 ./drivers/HAL/memory_manager.o
                0x00000f9c                Mm_Init
 .text.SystemInit
                0x00000fe4       0x34 ./device/system_MK64F12.o
                0x00000fe4                SystemInit
 .text.SD_HostInit
                0x00001018       0x4c ./component/SD/fsl_sd.o
                0x00001018                SD_HostInit
 .text.SDHC_GetInstance
                0x00001064       0x1c ./component/SD/fsl_sdhc.o
 .text.SDHC_ReceiveCommandResponse
                0x00001080       0x6c ./component/SD/fsl_sdhc.o
 .text.SDHC_TransferHandleIRQ
                0x000010ec      0x160 ./component/SD/fsl_sdhc.o
                0x000010ec                SDHC_TransferHandleIRQ
 .text.SDHC_Init
                0x0000124c       0xb4 ./component/SD/fsl_sdhc.o
                0x0000124c                SDHC_Init
 .text.SDHC_TransferCreateHandle
                0x00001300       0x74 ./component/SD/fsl_sdhc.o
                0x00001300                SDHC_TransferCreateHandle
 .text.SDHC_DriverIRQHandler
                0x00001374       0x2c ./component/SD/fsl_sdhc.o
                0x00001374                SDHC_DriverIRQHandler
 .text.SDMMCHOST_Init
                0x000013a0       0x70 ./component/SD/fsl_sdmmc_host.o
                0x000013a0                SDMMCHOST_Init
 .text.BOARD_SDDetectCallback
                0x00001410       0x18 ./component/SD/sdmmc_config.o
                0x00001410                BOARD_SDDetectCallback
 .text.BOARD_SDCardDetectInit
                0x00001428       0x40 ./component/SD/sdmmc_config.o
                0x00001428                BOARD_SDCardDetectInit
 .text.BOARD_SD_Config
                0x00001468       0x98 ./component/SD/sdmmc_config.o
                0x00001468                BOARD_SD_Config
 .text.__assertion_failed
                0x00001500       0x4c c:/nxp/mcuxpressoide_10.2.0_759/ide/tools/bin/../lib/gcc/arm-none-eabi/7.2.1/../../../../arm-none-eabi/lib/thumb/v7e-m/fpv4-sp/hard\libcr_semihost_nf.a(_cr_assert.o)
                0x00001500                __assertion_failed
 .text.__sys_appexit
                0x0000154c        0xc c:/nxp/mcuxpressoide_10.2.0_759/ide/tools/bin/../lib/gcc/arm-none-eabi/7.2.1/../../../../arm-none-eabi/lib/thumb/v7e-m/fpv4-sp/hard\libcr_semihost_nf.a(__sys_appexit.o)
                0x0000154c                __sys_appexit
                0x0000154c                __exit
 .text._Cwritebuf
                0x00001558       0x6c c:/nxp/mcuxpressoide_10.2.0_759/ide/tools/bin/../lib/gcc/arm-none-eabi/7.2.1/../../../../arm-none-eabi/lib/thumb/v7e-m/fpv4-sp/hard\libcr_c.a(_writebuf.o)
                0x00001558                _Cwritebuf
 .text.malloc   0x000015c4       0xc8 c:/nxp/mcuxpressoide_10.2.0_759/ide/tools/bin/../lib/gcc/arm-none-eabi/7.2.1/../../../../arm-none-eabi/lib/thumb/v7e-m/fpv4-sp/hard\libcr_c.a(alloc.o)
                0x000015c4                malloc
 .text._Csys_alloc
                0x0000168c       0x20 c:/nxp/mcuxpressoide_10.2.0_759/ide/tools/bin/../lib/gcc/arm-none-eabi/7.2.1/../../../../arm-none-eabi/lib/thumb/v7e-m/fpv4-sp/hard\libcr_c.a(alloc.o)
                0x0000168c                _Csys_alloc
 .text.fseek    0x000016ac      0x100 c:/nxp/mcuxpressoide_10.2.0_759/ide/tools/bin/../lib/gcc/arm-none-eabi/7.2.1/../../../../arm-none-eabi/lib/thumb/v7e-m/fpv4-sp/hard\libcr_c.a(fseek.o)
                0x000016ac                fseek
 .text.ftell    0x000017ac       0x44 c:/nxp/mcuxpressoide_10.2.0_759/ide/tools/bin/../lib/gcc/arm-none-eabi/7.2.1/../../../../arm-none-eabi/lib/thumb/v7e-m/fpv4-sp/hard\libcr_c.a(ftell.o)
                0x000017ac                ftell
 .text._initio  0x000017f0       0x78 c:/nxp/mcuxpressoide_10.2.0_759/ide/tools/bin/../lib/gcc/arm-none-eabi/7.2.1/../../../../arm-none-eabi/lib/thumb/v7e-m/fpv4-sp/hard\libcr_c.a(initio.o)
                0x000017f0                _initio
 .text.__vfprintf
                0x00001868      0xb98 c:/nxp/mcuxpressoide_10.2.0_759/ide/tools/bin/../lib/gcc/arm-none-eabi/7.2.1/../../../../arm-none-eabi/lib/thumb/v7e-m/fpv4-sp/hard\libcr_c.a(printf.o)
                0x00001868                __vfprintf
 .text._vsnprintf
                0x00002400       0x5c c:/nxp/mcuxpressoide_10.2.0_759/ide/tools/bin/../lib/gcc/arm-none-eabi/7.2.1/../../../../arm-none-eabi/lib/thumb/v7e-m/fpv4-sp/hard\libcr_c.a(printf.o)
                0x00002400                _vsnprintf
 .text._printf  0x0000245c       0x54 c:/nxp/mcuxpressoide_10.2.0_759/ide/tools/bin/../lib/gcc/arm-none-eabi/7.2.1/../../../../arm-none-eabi/lib/thumb/v7e-m/fpv4-sp/hard\libcr_c.a(printf.o)
                0x0000245c                _printf
 .text.setvbuf  0x000024b0       0x40 c:/nxp/mcuxpressoide_10.2.0_759/ide/tools/bin/../lib/gcc/arm-none-eabi/7.2.1/../../../../arm-none-eabi/lib/thumb/v7e-m/fpv4-sp/hard\libcr_c.a(setvbuf.o)
                0x000024b0                setvbuf
 .text._sbrk    0x000024f0       0x3c c:/nxp/mcuxpressoide_10.2.0_759/ide/tools/bin/../lib/gcc/arm-none-eabi/7.2.1/../../../../arm-none-eabi/lib/thumb/v7e-m/fpv4-sp/hard\libcr_c.a(_cr_sbrk.o)
                0x000024f0                _sbrk
 .text.fflush   0x0000252c       0x44 c:/nxp/mcuxpressoide_10.2.0_759/ide/tools/bin/../lib/gcc/arm-none-eabi/7.2.1/../../../../arm-none-eabi/lib/thumb/v7e-m/fpv4-sp/hard\libcr_c.a(fflush.o)
                0x0000252c                fflush
 .text.__check_heap_overflow
                0x00002570       0x18 c:/nxp/mcuxpressoide_10.2.0_759/ide/tools/bin/../lib/gcc/arm-none-eabi/7.2.1/../../../../arm-none-eabi/lib/thumb/v7e-m/fpv4-sp/hard\libcr_c.a(_cr_check_heap.o)
                0x00002570                __check_heap_overflow
 .text.main     0x00002588       0x18 ./startup/main.o
                0x00002588                main
 .text.HardFault_Handler
                0x000025a0       0x2a ./startup/semihost_hardfault.o
                0x000025a0                HardFault_Handler
 .text.DMA0_IRQHandler
                0x000025ca        0x8 ./startup/startup_mk64f12.o
                0x000025ca                DMA0_IRQHandler
 .text.DMA1_IRQHandler
                0x000025d2        0x8 ./startup/startup_mk64f12.o
                0x000025d2                DMA1_IRQHandler
 .text.DMA2_IRQHandler
                0x000025da        0x8 ./startup/startup_mk64f12.o
                0x000025da                DMA2_IRQHandler
 .text.DMA3_IRQHandler
                0x000025e2        0x8 ./startup/startup_mk64f12.o
                0x000025e2                DMA3_IRQHandler
 .text.DMA4_IRQHandler
                0x000025ea        0x8 ./startup/startup_mk64f12.o
                0x000025ea                DMA4_IRQHandler
 .text.DMA5_IRQHandler
                0x000025f2        0x8 ./startup/startup_mk64f12.o
                0x000025f2                DMA5_IRQHandler
 .text.DMA6_IRQHandler
                0x000025fa        0x8 ./startup/startup_mk64f12.o
                0x000025fa                DMA6_IRQHandler
 .text.DMA7_IRQHandler
                0x00002602        0x8 ./startup/startup_mk64f12.o
                0x00002602                DMA7_IRQHandler
 .text.DMA8_IRQHandler
                0x0000260a        0x8 ./startup/startup_mk64f12.o
                0x0000260a                DMA8_IRQHandler
 .text.DMA9_IRQHandler
                0x00002612        0x8 ./startup/startup_mk64f12.o
                0x00002612                DMA9_IRQHandler
 .text.DMA10_IRQHandler
                0x0000261a        0x8 ./startup/startup_mk64f12.o
                0x0000261a                DMA10_IRQHandler
 .text.DMA11_IRQHandler
                0x00002622        0x8 ./startup/startup_mk64f12.o
                0x00002622                DMA11_IRQHandler
 .text.DMA12_IRQHandler
                0x0000262a        0x8 ./startup/startup_mk64f12.o
                0x0000262a                DMA12_IRQHandler
 .text.DMA13_IRQHandler
                0x00002632        0x8 ./startup/startup_mk64f12.o
                0x00002632                DMA13_IRQHandler
 .text.DMA14_IRQHandler
                0x0000263a        0x8 ./startup/startup_mk64f12.o
                0x0000263a                DMA14_IRQHandler
 .text.DMA15_IRQHandler
                0x00002642        0x8 ./startup/startup_mk64f12.o
                0x00002642                DMA15_IRQHandler
 .text.DMA_Error_IRQHandler
                0x0000264a        0x8 ./startup/startup_mk64f12.o
                0x0000264a                DMA_Error_IRQHandler
 .text.MCM_IRQHandler
                0x00002652        0x8 ./startup/startup_mk64f12.o
                0x00002652                MCM_IRQHandler
 .text.FTFE_IRQHandler
                0x0000265a        0x8 ./startup/startup_mk64f12.o
                0x0000265a                FTFE_IRQHandler
 .text.Read_Collision_IRQHandler
                0x00002662        0x8 ./startup/startup_mk64f12.o
                0x00002662                Read_Collision_IRQHandler
 .text.LVD_LVW_IRQHandler
                0x0000266a        0x8 ./startup/startup_mk64f12.o
                0x0000266a                LVD_LVW_IRQHandler
 .text.LLWU_IRQHandler
                0x00002672        0x8 ./startup/startup_mk64f12.o
                0x00002672                LLWU_IRQHandler
 .text.WDOG_EWM_IRQHandler
                0x0000267a        0x8 ./startup/startup_mk64f12.o
                0x0000267a                WDOG_EWM_IRQHandler
 .text.RNG_IRQHandler
                0x00002682        0x8 ./startup/startup_mk64f12.o
                0x00002682                RNG_IRQHandler
 .text.I2C0_IRQHandler
                0x0000268a        0x8 ./startup/startup_mk64f12.o
                0x0000268a                I2C0_IRQHandler
 .text.I2C1_IRQHandler
                0x00002692        0x8 ./startup/startup_mk64f12.o
                0x00002692                I2C1_IRQHandler
 .text.SPI1_IRQHandler
                0x0000269a        0x8 ./startup/startup_mk64f12.o
                0x0000269a                SPI1_IRQHandler
 .text.I2S0_Tx_IRQHandler
                0x000026a2        0x8 ./startup/startup_mk64f12.o
                0x000026a2                I2S0_Tx_IRQHandler
 .text.I2S0_Rx_IRQHandler
                0x000026aa        0x8 ./startup/startup_mk64f12.o
                0x000026aa                I2S0_Rx_IRQHandler
 .text.UART0_LON_IRQHandler
                0x000026b2        0x8 ./startup/startup_mk64f12.o
                0x000026b2                UART0_LON_IRQHandler
 .text.UART0_ERR_IRQHandler
                0x000026ba        0x8 ./startup/startup_mk64f12.o
                0x000026ba                UART0_ERR_IRQHandler
 .text.UART1_ERR_IRQHandler
                0x000026c2        0x8 ./startup/startup_mk64f12.o
                0x000026c2                UART1_ERR_IRQHandler
 .text.UART2_ERR_IRQHandler
                0x000026ca        0x8 ./startup/startup_mk64f12.o
                0x000026ca                UART2_ERR_IRQHandler
 .text.UART3_ERR_IRQHandler
                0x000026d2        0x8 ./startup/startup_mk64f12.o
                0x000026d2                UART3_ERR_IRQHandler
 .text.ADC0_IRQHandler
                0x000026da        0x8 ./startup/startup_mk64f12.o
                0x000026da                ADC0_IRQHandler
 .text.CMP0_IRQHandler
                0x000026e2        0x8 ./startup/startup_mk64f12.o
                0x000026e2                CMP0_IRQHandler
 .text.CMP1_IRQHandler
                0x000026ea        0x8 ./startup/startup_mk64f12.o
                0x000026ea                CMP1_IRQHandler
 .text.FTM0_IRQHandler
                0x000026f2        0x8 ./startup/startup_mk64f12.o
                0x000026f2                FTM0_IRQHandler
 .text.FTM1_IRQHandler
                0x000026fa        0x8 ./startup/startup_mk64f12.o
                0x000026fa                FTM1_IRQHandler
 .text.FTM2_IRQHandler
                0x00002702        0x8 ./startup/startup_mk64f12.o
                0x00002702                FTM2_IRQHandler
 .text.CMT_IRQHandler
                0x0000270a        0x8 ./startup/startup_mk64f12.o
                0x0000270a                CMT_IRQHandler
 .text.RTC_IRQHandler
                0x00002712        0x8 ./startup/startup_mk64f12.o
                0x00002712                RTC_IRQHandler
 .text.RTC_Seconds_IRQHandler
                0x0000271a        0x8 ./startup/startup_mk64f12.o
                0x0000271a                RTC_Seconds_IRQHandler
 .text.PIT0_IRQHandler
                0x00002722        0x8 ./startup/startup_mk64f12.o
                0x00002722                PIT0_IRQHandler
 .text.PIT1_IRQHandler
                0x0000272a        0x8 ./startup/startup_mk64f12.o
                0x0000272a                PIT1_IRQHandler
 .text.PIT2_IRQHandler
                0x00002732        0x8 ./startup/startup_mk64f12.o
                0x00002732                PIT2_IRQHandler
 .text.PIT3_IRQHandler
                0x0000273a        0x8 ./startup/startup_mk64f12.o
                0x0000273a                PIT3_IRQHandler
 .text.PDB0_IRQHandler
                0x00002742        0x8 ./startup/startup_mk64f12.o
                0x00002742                PDB0_IRQHandler
 .text.USB0_IRQHandler
                0x0000274a        0x8 ./startup/startup_mk64f12.o
                0x0000274a                USB0_IRQHandler
 .text.USBDCD_IRQHandler
                0x00002752        0x8 ./startup/startup_mk64f12.o
                0x00002752                USBDCD_IRQHandler
 .text.Reserved71_IRQHandler
                0x0000275a        0x8 ./startup/startup_mk64f12.o
                0x0000275a                Reserved71_IRQHandler
 .text.DAC0_IRQHandler
                0x00002762        0x8 ./startup/startup_mk64f12.o
                0x00002762                DAC0_IRQHandler
 .text.MCG_IRQHandler
                0x0000276a        0x8 ./startup/startup_mk64f12.o
                0x0000276a                MCG_IRQHandler
 .text.LPTMR0_IRQHandler
                0x00002772        0x8 ./startup/startup_mk64f12.o
                0x00002772                LPTMR0_IRQHandler
 .text.SWI_IRQHandler
                0x0000277a        0x8 ./startup/startup_mk64f12.o
                0x0000277a                SWI_IRQHandler
 .text.SPI2_IRQHandler
                0x00002782        0x8 ./startup/startup_mk64f12.o
                0x00002782                SPI2_IRQHandler
 .text.UART4_ERR_IRQHandler
                0x0000278a        0x8 ./startup/startup_mk64f12.o
                0x0000278a                UART4_ERR_IRQHandler
 .text.UART5_RX_TX_IRQHandler
                0x00002792        0x8 ./startup/startup_mk64f12.o
                0x00002792                UART5_RX_TX_IRQHandler
 .text.UART5_ERR_IRQHandler
                0x0000279a        0x8 ./startup/startup_mk64f12.o
                0x0000279a                UART5_ERR_IRQHandler
 .text.CMP2_IRQHandler
                0x000027a2        0x8 ./startup/startup_mk64f12.o
                0x000027a2                CMP2_IRQHandler
 .text.FTM3_IRQHandler
                0x000027aa        0x8 ./startup/startup_mk64f12.o
                0x000027aa                FTM3_IRQHandler
 .text.DAC1_IRQHandler
                0x000027b2        0x8 ./startup/startup_mk64f12.o
                0x000027b2                DAC1_IRQHandler
 .text.ADC1_IRQHandler
                0x000027ba        0x8 ./startup/startup_mk64f12.o
                0x000027ba                ADC1_IRQHandler
 .text.I2C2_IRQHandler
                0x000027c2        0x8 ./startup/startup_mk64f12.o
                0x000027c2                I2C2_IRQHandler
 .text.CAN0_ORed_Message_buffer_IRQHandler
                0x000027ca        0x8 ./startup/startup_mk64f12.o
                0x000027ca                CAN0_ORed_Message_buffer_IRQHandler
 .text.CAN0_Bus_Off_IRQHandler
                0x000027d2        0x8 ./startup/startup_mk64f12.o
                0x000027d2                CAN0_Bus_Off_IRQHandler
 .text.CAN0_Error_IRQHandler
                0x000027da        0x8 ./startup/startup_mk64f12.o
                0x000027da                CAN0_Error_IRQHandler
 .text.CAN0_Tx_Warning_IRQHandler
                0x000027e2        0x8 ./startup/startup_mk64f12.o
                0x000027e2                CAN0_Tx_Warning_IRQHandler
 .text.CAN0_Rx_Warning_IRQHandler
                0x000027ea        0x8 ./startup/startup_mk64f12.o
                0x000027ea                CAN0_Rx_Warning_IRQHandler
 .text.CAN0_Wake_Up_IRQHandler
                0x000027f2        0x8 ./startup/startup_mk64f12.o
                0x000027f2                CAN0_Wake_Up_IRQHandler
 .text.SDHC_IRQHandler
                0x000027fa        0x8 ./startup/startup_mk64f12.o
                0x000027fa                SDHC_IRQHandler
 .text.ENET_1588_Timer_IRQHandler
                0x00002802        0x8 ./startup/startup_mk64f12.o
                0x00002802                ENET_1588_Timer_IRQHandler
 .text.ENET_Transmit_IRQHandler
                0x0000280a        0x8 ./startup/startup_mk64f12.o
                0x0000280a                ENET_Transmit_IRQHandler
 .text.ENET_Receive_IRQHandler
                0x00002812        0x8 ./startup/startup_mk64f12.o
                0x00002812                ENET_Receive_IRQHandler
 .text.ENET_Error_IRQHandler
                0x0000281a        0x8 ./startup/startup_mk64f12.o
                0x0000281a                ENET_Error_IRQHandler
 .text.App_Init_test
                0x00002822        0x8 ./source/App_test.o
                0x00002822                App_Init_test
 .text.App_Run_test
                0x0000282a        0x2 ./source/App_test.o
                0x0000282a                App_Run_test
 .text.getArrayEffectiveLength
                0x0000282c       0x16 ./drivers/MCAL/SysTick.o
 .text.PORTA_IRQHandler
                0x00002842       0x18 ./drivers/MCAL/gpio.o
                0x00002842                PORTA_IRQHandler
 .text.PORTB_IRQHandler
                0x0000285a       0x18 ./drivers/MCAL/gpio.o
                0x0000285a                PORTB_IRQHandler
 .text.PORTC_IRQHandler
                0x00002872       0x18 ./drivers/MCAL/gpio.o
                0x00002872                PORTC_IRQHandler
 .text.PORTD_IRQHandler
                0x0000288a       0x18 ./drivers/MCAL/gpio.o
                0x0000288a                PORTD_IRQHandler
 .text.PORTE_IRQHandler
                0x000028a2       0x18 ./drivers/MCAL/gpio.o
                0x000028a2                PORTE_IRQHandler
 .text.SystemInitHook
                0x000028ba        0x2 ./device/system_MK64F12.o
                0x000028ba                SystemInitHook
 .text.SDHC_ReadDataPort
                0x000028bc       0x4a ./component/SD/fsl_sdhc.o
 .text.SDHC_WriteDataPort
                0x00002906       0x4c ./component/SD/fsl_sdhc.o
 .text.SDMMCHOST_DetectCardInsertByHost
                0x00002952       0x1c ./component/SD/fsl_sdmmc_host.o
 .text.SDMMCHOST_DetectCardRemoveByHost
                0x0000296e       0x16 ./component/SD/fsl_sdmmc_host.o
 .text.SDMMCHOST_TransferCompleteCallback
                0x00002984        0x2 ./component/SD/fsl_sdmmc_host.o
 .text.SDMMCHOST_CardDetectInit
                0x00002986       0x34 ./component/SD/fsl_sdmmc_host.o
                0x00002986                SDMMCHOST_CardDetectInit
 .text.BOARD_SDCardGetDetectStatus
                0x000029ba        0xa ./component/SD/sdmmc_config.o
                0x000029ba                BOARD_SDCardGetDetectStatus
 .text.__main   0x000029c4        0xe c:/nxp/mcuxpressoide_10.2.0_759/ide/tools/bin/../lib/gcc/arm-none-eabi/7.2.1/../../../../arm-none-eabi/lib/thumb/v7e-m/fpv4-sp/hard\libcr_semihost_nf.a(_cr__main.o)
                0x000029c4                __CR_SEMIHOST
                0x000029c4                __main
 .text.memset   0x000029d2        0x4 c:/nxp/mcuxpressoide_10.2.0_759/ide/tools/bin/../lib/gcc/arm-none-eabi/7.2.1/../../../../arm-none-eabi/lib/thumb/v7e-m/fpv4-sp/hard\libcr_c.a(memset.o)
                0x000029d2                memset
 .text._deferredlazyseek
                0x000029d6       0x40 c:/nxp/mcuxpressoide_10.2.0_759/ide/tools/bin/../lib/gcc/arm-none-eabi/7.2.1/../../../../arm-none-eabi/lib/thumb/v7e-m/fpv4-sp/hard\libcr_c.a(_deferredlazyseek.o)
                0x000029d6                _deferredlazyseek
 .text.__flsbuf
                0x00002a16      0x140 c:/nxp/mcuxpressoide_10.2.0_759/ide/tools/bin/../lib/gcc/arm-none-eabi/7.2.1/../../../../arm-none-eabi/lib/thumb/v7e-m/fpv4-sp/hard\libcr_c.a(_deferredlazyseek.o)
                0x00002a16                __flsbuf
 .text._fflush  0x00002b56       0x52 c:/nxp/mcuxpressoide_10.2.0_759/ide/tools/bin/../lib/gcc/arm-none-eabi/7.2.1/../../../../arm-none-eabi/lib/thumb/v7e-m/fpv4-sp/hard\libcr_c.a(_fflush.o)
                0x00002b56                _fflush
 .text.free     0x00002ba8       0x30 c:/nxp/mcuxpressoide_10.2.0_759/ide/tools/bin/../lib/gcc/arm-none-eabi/7.2.1/../../../../arm-none-eabi/lib/thumb/v7e-m/fpv4-sp/hard\libcr_c.a(alloc.o)
                0x00002ba8                free
 .text.fputs    0x00002bd8       0x2c c:/nxp/mcuxpressoide_10.2.0_759/ide/tools/bin/../lib/gcc/arm-none-eabi/7.2.1/../../../../arm-none-eabi/lib/thumb/v7e-m/fpv4-sp/hard\libcr_c.a(fputs.o)
                0x00002bd8                fputs
 .text.no_fp_display
                0x00002c04        0x4 c:/nxp/mcuxpressoide_10.2.0_759/ide/tools/bin/../lib/gcc/arm-none-eabi/7.2.1/../../../../arm-none-eabi/lib/thumb/v7e-m/fpv4-sp/hard\libcr_c.a(printf.o)
 .text.strlen   0x00002c08       0x4a c:/nxp/mcuxpressoide_10.2.0_759/ide/tools/bin/../lib/gcc/arm-none-eabi/7.2.1/../../../../arm-none-eabi/lib/thumb/v7e-m/fpv4-sp/hard\libcr_c.a(strlen.o)
                0x00002c08                strlen
 .text._fdopen  0x00002c52       0x68 c:/nxp/mcuxpressoide_10.2.0_759/ide/tools/bin/../lib/gcc/arm-none-eabi/7.2.1/../../../../arm-none-eabi/lib/thumb/v7e-m/fpv4-sp/hard\libcr_c.a(_fdopen.o)
                0x00002c52                _fdopen
 .text.fclose   0x00002cba       0x58 c:/nxp/mcuxpressoide_10.2.0_759/ide/tools/bin/../lib/gcc/arm-none-eabi/7.2.1/../../../../arm-none-eabi/lib/thumb/v7e-m/fpv4-sp/hard\libcr_c.a(fclose.o)
                0x00002cba                fclose
 .text.remove   0x00002d12       0x14 c:/nxp/mcuxpressoide_10.2.0_759/ide/tools/bin/../lib/gcc/arm-none-eabi/7.2.1/../../../../arm-none-eabi/lib/thumb/v7e-m/fpv4-sp/hard\libcr_c.a(remove.o)
                0x00002d12                remove
 .text._do_fflush
                0x00002d26       0x40 c:/nxp/mcuxpressoide_10.2.0_759/ide/tools/bin/../lib/gcc/arm-none-eabi/7.2.1/../../../../arm-none-eabi/lib/thumb/v7e-m/fpv4-sp/hard\libcr_c.a(_do_fflush.o)
                0x00002d26                _do_fflush
 .text.__aeabi_memset_lowlevel
                0x00002d66       0x32 c:/nxp/mcuxpressoide_10.2.0_759/ide/tools/bin/../lib/gcc/arm-none-eabi/7.2.1/thumb/v7e-m/fpv4-sp/hard\libcr_eabihelpers.a(memcpy.o)
                0x00002d66                __aeabi_lowlevel_memset
 .text.__sys_close
                0x00002d98        0xc c:/nxp/mcuxpressoide_10.2.0_759/ide/tools/bin/../lib/gcc/arm-none-eabi/7.2.1/../../../../arm-none-eabi/lib/thumb/v7e-m/fpv4-sp/hard\libcr_semihost_nf.a(__sys_close.o)
                0x00002d98                __sys_close
 .text.__sys_flen
                0x00002da4        0xc c:/nxp/mcuxpressoide_10.2.0_759/ide/tools/bin/../lib/gcc/arm-none-eabi/7.2.1/../../../../arm-none-eabi/lib/thumb/v7e-m/fpv4-sp/hard\libcr_semihost_nf.a(__sys_flen.o)
                0x00002da4                __sys_flen
 .text.__sys_istty
                0x00002db0        0xc c:/nxp/mcuxpressoide_10.2.0_759/ide/tools/bin/../lib/gcc/arm-none-eabi/7.2.1/../../../../arm-none-eabi/lib/thumb/v7e-m/fpv4-sp/hard\libcr_semihost_nf.a(__sys_istty.o)
                0x00002db0                __sys_istty
 .text.__sys_remove
                0x00002dbc        0xc c:/nxp/mcuxpressoide_10.2.0_759/ide/tools/bin/../lib/gcc/arm-none-eabi/7.2.1/../../../../arm-none-eabi/lib/thumb/v7e-m/fpv4-sp/hard\libcr_semihost_nf.a(__sys_remove.o)
                0x00002dbc                __sys_remove
 .text.__sys_seek
                0x00002dc8        0xc c:/nxp/mcuxpressoide_10.2.0_759/ide/tools/bin/../lib/gcc/arm-none-eabi/7.2.1/../../../../arm-none-eabi/lib/thumb/v7e-m/fpv4-sp/hard\libcr_semihost_nf.a(__sys_seek.o)
                0x00002dc8                __sys_seek
 .text.__sys_tmpnam
                0x00002dd4        0xc c:/nxp/mcuxpressoide_10.2.0_759/ide/tools/bin/../lib/gcc/arm-none-eabi/7.2.1/../../../../arm-none-eabi/lib/thumb/v7e-m/fpv4-sp/hard\libcr_semihost_nf.a(__sys_tmpnam.o)
                0x00002dd4                __sys_tmpnam
 .text.__sys_write
                0x00002de0        0xc c:/nxp/mcuxpressoide_10.2.0_759/ide/tools/bin/../lib/gcc/arm-none-eabi/7.2.1/../../../../arm-none-eabi/lib/thumb/v7e-m/fpv4-sp/hard\libcr_semihost_nf.a(__sys_write.o)
                0x00002de0                __sys_write
 *(SORT_BY_ALIGNMENT(.rodata) SORT_BY_ALIGNMENT(.rodata.*) SORT_BY_ALIGNMENT(.constdata) SORT_BY_ALIGNMENT(.constdata.*))
 .rodata.CLOCK_GetEr32kClkFreq.str1.4
                0x00002dec       0x2e ./drivers/SDK/fsl_clock.o
 *fill*         0x00002e1a        0x2 ff
 .rodata.CLOCK_GetMcgExtClkFreq.str1.4
                0x00002e1c       0x68 ./drivers/SDK/fsl_clock.o
 .rodata.CLOCK_GetOsc0ErClkFreq.str1.4
                0x00002e84       0x2d ./drivers/SDK/fsl_clock.o
 *fill*         0x00002eb1        0x3 ff
 .rodata.CLOCK_GetPll0Freq.str1.4
                0x00002eb4       0x2c ./drivers/SDK/fsl_clock.o
 .rodata.fllFactorTable.7833
                0x00002ee0       0x10 ./drivers/SDK/fsl_clock.o
 .rodata.SPI1_DriverIRQHandler.str1.4
                0x00002ef0       0x39 ./drivers/SDK/fsl_dspi.o
 *fill*         0x00002f29        0x3 ff
 .rodata.SPI2_DriverIRQHandler.str1.4
                0x00002f2c       0x39 ./drivers/SDK/fsl_dspi.o
 *fill*         0x00002f65        0x3 ff
 .rodata.EDMA_HandleIRQ.str1.4
                0x00002f68       0x30 ./drivers/SDK/fsl_edma.o
 .rodata.gpioPorts
                0x00002f98       0x14 ./drivers/MCAL/gpio.o
 .rodata.ports  0x00002fac       0x14 ./drivers/MCAL/gpio.o
 .rodata.Mm_Init.str1.4
                0x00002fc0       0x16 ./drivers/HAL/memory_manager.o
 *fill*         0x00002fd6        0x2 ff
 .rodata.SD_HostInit.str1.4
                0x00002fd8       0x62 ./component/SD/fsl_sd.o
 *fill*         0x0000303a        0x2 ff
 .rodata.SDHC_DriverIRQHandler.str1.4
                0x0000303c       0x3a ./component/SD/fsl_sdhc.o
 *fill*         0x00003076        0x2 ff
 .rodata.SDHC_GetInstance.str1.4
                0x00003078       0x43 ./component/SD/fsl_sdhc.o
 *fill*         0x000030bb        0x1 ff
 .rodata.SDHC_Init.str1.4
                0x000030bc      0x156 ./component/SD/fsl_sdhc.o
 *fill*         0x00003212        0x2 ff
 .rodata.SDHC_ReceiveCommandResponse.str1.4
                0x00003214       0x31 ./component/SD/fsl_sdhc.o
 *fill*         0x00003245        0x3 ff
 .rodata.SDHC_TransferCreateHandle.str1.4
                0x00003248       0x67 ./component/SD/fsl_sdhc.o
 *fill*         0x000032af        0x1 ff
 .rodata.SDHC_TransferHandleIRQ.str1.4
                0x000032b0       0xa6 ./component/SD/fsl_sdhc.o
 *fill*         0x00003356        0x2 ff
 .rodata.SDMMCHOST_Init.str1.4
                0x00003358       0x73 ./component/SD/fsl_sdmmc_host.o
 *fill*         0x000033cb        0x1 ff
 .rodata.BOARD_SD_Config.str1.4
                0x000033cc       0x2c ./component/SD/sdmmc_config.o
                                 0x29 (size before relaxing)
 .rodata.__num_Ciob_streams
                0x000033f8        0x4 c:/nxp/mcuxpressoide_10.2.0_759/ide/tools/bin/../lib/gcc/arm-none-eabi/7.2.1/../../../../arm-none-eabi/lib/thumb/v7e-m/fpv4-sp/hard\libcr_semihost_nf.a(__ciob.o)
                0x000033f8                __num_Ciob_streams
 .rodata.__assertion_failed.str1.1
                0x000033fc       0x15 c:/nxp/mcuxpressoide_10.2.0_759/ide/tools/bin/../lib/gcc/arm-none-eabi/7.2.1/../../../../arm-none-eabi/lib/thumb/v7e-m/fpv4-sp/hard\libcr_semihost_nf.a(_cr_assert.o)
 .rodata._Csys_alloc.str1.1
                0x00003411       0x18 c:/nxp/mcuxpressoide_10.2.0_759/ide/tools/bin/../lib/gcc/arm-none-eabi/7.2.1/../../../../arm-none-eabi/lib/thumb/v7e-m/fpv4-sp/hard\libcr_c.a(alloc.o)
 .rodata._initio.str1.1
                0x00003429        0x4 c:/nxp/mcuxpressoide_10.2.0_759/ide/tools/bin/../lib/gcc/arm-none-eabi/7.2.1/../../../../arm-none-eabi/lib/thumb/v7e-m/fpv4-sp/hard\libcr_c.a(initio.o)
 .rodata.__vfprintf.str1.1
                0x0000342d       0x35 c:/nxp/mcuxpressoide_10.2.0_759/ide/tools/bin/../lib/gcc/arm-none-eabi/7.2.1/../../../../arm-none-eabi/lib/thumb/v7e-m/fpv4-sp/hard\libcr_c.a(printf.o)
                                 0x38 (size before relaxing)
                0x00003468                . = ALIGN (0x8)
 *fill*         0x00003462        0x6 ff

.glue_7         0x00003468        0x0
 .glue_7        0x00003468        0x0 linker stubs

.glue_7t        0x00003468        0x0
 .glue_7t       0x00003468        0x0 linker stubs

.vfp11_veneer   0x00003468        0x0
 .vfp11_veneer  0x00003468        0x0 linker stubs

.v4_bx          0x00003468        0x0
 .v4_bx         0x00003468        0x0 linker stubs

.iplt           0x00003468        0x0
 .iplt          0x00003468        0x0 ./startup/hardware.o

.rel.dyn        0x00003468        0x0
 .rel.iplt      0x00003468        0x0 ./startup/hardware.o

.ARM.extab
 *(SORT_BY_ALIGNMENT(.ARM.extab*) SORT_BY_ALIGNMENT(.gnu.linkonce.armextab.*))
                0x00003468                __exidx_start = .

.ARM.exidx
 *(SORT_BY_ALIGNMENT(.ARM.exidx*) SORT_BY_ALIGNMENT(.gnu.linkonce.armexidx.*))
                0x00003468                __exidx_end = .
                0x00003468                _etext = .

.m_usb_data
 *(SORT_BY_ALIGNMENT(m_usb_bdt))

.data_RAM2      0x1fff0000        0x0 load address 0x00003468
 FILL mask 0xff
                [!provide]                PROVIDE (__start_data_RAM2, .)
 *(SORT_BY_ALIGNMENT(.ramfunc.$RAM2))
 *(SORT_BY_ALIGNMENT(.ramfunc.$SRAM_LOWER))
 *(SORT_BY_ALIGNMENT(.data.$RAM2*))
 *(SORT_BY_ALIGNMENT(.data.$SRAM_LOWER*))
                0x1fff0000                . = ALIGN (0x8)
                [!provide]                PROVIDE (__end_data_RAM2, .)

.data_RAM3      0x14000000        0x0 load address 0x00003468
 FILL mask 0xff
                [!provide]                PROVIDE (__start_data_RAM3, .)
 *(SORT_BY_ALIGNMENT(.ramfunc.$RAM3))
 *(SORT_BY_ALIGNMENT(.ramfunc.$FLEX_RAM))
 *(SORT_BY_ALIGNMENT(.data.$RAM3*))
 *(SORT_BY_ALIGNMENT(.data.$FLEX_RAM*))
                0x14000000                . = ALIGN (0x8)
                [!provide]                PROVIDE (__end_data_RAM3, .)

.uninit_RESERVED
                0x20000000        0x0
 *(SORT_BY_ALIGNMENT(.bss.$RESERVED*))
                0x20000000                . = ALIGN (0x4)
                0x20000000                _end_uninit_RESERVED = .

.data           0x20000000       0x10 load address 0x00003468
 FILL mask 0xff
                0x20000000                _data = .
 *(SORT_BY_ALIGNMENT(vtable))
 *(SORT_BY_ALIGNMENT(.ramfunc*))
 *(SORT_BY_ALIGNMENT(.data*))
 .data.s_fastIrcFreq
                0x20000000        0x4 ./drivers/SDK/fsl_clock.o
 .data.s_slowIrcFreq
                0x20000004        0x4 ./drivers/SDK/fsl_clock.o
 .data.p_out_front
                0x20000008        0x2 ./drivers/HAL/SPI_wrapper.o
                0x20000010                . = ALIGN (0x8)
 *fill*         0x2000000a        0x6 ff
                0x20000010                _edata = .

.igot.plt       0x20000010        0x0 load address 0x00003478
 .igot.plt      0x20000010        0x0 ./startup/hardware.o

.bss_RAM2       0x1fff0000        0x0
                [!provide]                PROVIDE (__start_bss_RAM2, .)
 *(SORT_BY_ALIGNMENT(.bss.$RAM2*))
 *(SORT_BY_ALIGNMENT(.bss.$SRAM_LOWER*))
                0x1fff0000                . = ALIGN ((. != 0x0)?0x8:0x1)
                [!provide]                PROVIDE (__end_bss_RAM2, .)

.bss_RAM3       0x14000000        0x0
                [!provide]                PROVIDE (__start_bss_RAM3, .)
 *(SORT_BY_ALIGNMENT(.bss.$RAM3*))
 *(SORT_BY_ALIGNMENT(.bss.$FLEX_RAM*))
                0x14000000                . = ALIGN ((. != 0x0)?0x8:0x1)
                [!provide]                PROVIDE (__end_bss_RAM3, .)

.bss            0x20000010     0x2f58
                0x20000010                _bss = .
 *(SORT_BY_ALIGNMENT(.bss*))
 .bss.__LDM_interruptDisableCount
                0x20000010        0x4 ./startup/hardware.o
 .bss.g_xtal0Freq
                0x20000014        0x4 ./drivers/SDK/fsl_clock.o
                0x20000014                g_xtal0Freq
 .bss.g_xtal32Freq
                0x20000018        0x4 ./drivers/SDK/fsl_clock.o
                0x20000018                g_xtal32Freq
 .bss.g_dspiHandle
                0x2000001c        0xc ./drivers/SDK/fsl_dspi.o
 .bss.s_dspiMasterIsr
                0x20000028        0x4 ./drivers/SDK/fsl_dspi.o
 .bss.s_dspiSlaveIsr
                0x2000002c        0x4 ./drivers/SDK/fsl_dspi.o
 .bss.s_EDMAHandle
                0x20000030       0x40 ./drivers/SDK/fsl_edma.o
 .bss.s_i2cHandle
                0x20000070        0xc ./drivers/SDK/fsl_i2c.o
 .bss.s_i2cMasterIsr
                0x2000007c        0x4 ./drivers/SDK/fsl_i2c.o
 .bss.s_i2cSlaveIsr
                0x20000080        0x4 ./drivers/SDK/fsl_i2c.o
 .bss.sysTickElements
                0x20000084      0x190 ./drivers/MCAL/SysTick.o
 .bss.callbacks
                0x20000214      0x280 ./drivers/MCAL/gpio.o
 .bss.buffer_in
                0x20000494      0x194 ./drivers/MCAL/uart.o
 .bss.buffer_out
                0x20000628      0x194 ./drivers/MCAL/uart.o
 .bss.p_in_front
                0x200007bc        0x4 ./drivers/MCAL/uart.o
 .bss.p_in_rear
                0x200007c0        0x4 ./drivers/MCAL/uart.o
 .bss.p_out_front
                0x200007c4        0x4 ./drivers/MCAL/uart.o
 .bss.p_out_rear
                0x200007c8        0x4 ./drivers/MCAL/uart.o
 .bss.buffer_out
                0x200007cc     0x2328 ./drivers/HAL/SPI_wrapper.o
 .bss.g_sd      0x20002af4      0x298 ./component/fatfs/fsl_sd_disk/fsl_sd_disk.o
                0x20002af4                g_sd
 .bss.s_sdhcHandle
                0x20002d8c        0x4 ./component/SD/fsl_sdhc.o
 .bss.s_sdhcIsr
                0x20002d90        0x4 ./component/SD/fsl_sdhc.o
 .bss.s_cd      0x20002d94       0x14 ./component/SD/sdmmc_config.o
 .bss.s_event   0x20002da8       0x10 ./component/SD/sdmmc_config.o
 .bss.s_host    0x20002db8       0x64 ./component/SD/sdmmc_config.o
 .bss.s_sdmmcHostDmaBuffer
                0x20002e1c       0x80 ./component/SD/sdmmc_config.o
 .bss.__Ciob    0x20002e9c       0xb4 c:/nxp/mcuxpressoide_10.2.0_759/ide/tools/bin/../lib/gcc/arm-none-eabi/7.2.1/../../../../arm-none-eabi/lib/thumb/v7e-m/fpv4-sp/hard\libcr_semihost_nf.a(__ciob.o)
                0x20002e9c                __Ciob
 .bss.__end_of_heap
                0x20002f50        0x4 c:/nxp/mcuxpressoide_10.2.0_759/ide/tools/bin/../lib/gcc/arm-none-eabi/7.2.1/../../../../arm-none-eabi/lib/thumb/v7e-m/fpv4-sp/hard\libcr_c.a(__init_alloc.o)
                0x20002f50                __end_of_heap
 .bss.__heaps   0x20002f54        0x4 c:/nxp/mcuxpressoide_10.2.0_759/ide/tools/bin/../lib/gcc/arm-none-eabi/7.2.1/../../../../arm-none-eabi/lib/thumb/v7e-m/fpv4-sp/hard\libcr_c.a(__init_alloc.o)
                0x20002f54                __heaps
 .bss.errno     0x20002f58        0x4 c:/nxp/mcuxpressoide_10.2.0_759/ide/tools/bin/../lib/gcc/arm-none-eabi/7.2.1/../../../../arm-none-eabi/lib/thumb/v7e-m/fpv4-sp/hard\libcr_c.a(errno.o)
                0x20002f58                errno
 .bss.msg_size  0x20002f5c        0x2 ./drivers/HAL/SPI_wrapper.o
 .bss.SD_HostInitDone
                0x20002f5e        0x1 ./drivers/HAL/memory_manager.o
 .bss.SD_connected
                0x20002f5f        0x1 ./drivers/HAL/memory_manager.o
 .bss.SD_status
                0x20002f60        0x1 ./drivers/HAL/memory_manager.o
 *(SORT_BY_ALIGNMENT(COMMON))
                0x20002f68                . = ALIGN (0x8)
 *fill*         0x20002f61        0x7 
                0x20002f68                _ebss = .
                [!provide]                PROVIDE (end, .)

.noinit_RAM2    0x1fff0000        0x0
 *(SORT_BY_ALIGNMENT(.noinit.$RAM2*))
 *(SORT_BY_ALIGNMENT(.noinit.$SRAM_LOWER*))
                0x1fff0000                . = ALIGN (0x8)

.noinit_RAM3    0x14000000        0x0
 *(SORT_BY_ALIGNMENT(.noinit.$RAM3*))
 *(SORT_BY_ALIGNMENT(.noinit.$FLEX_RAM*))
                0x14000000                . = ALIGN (0x8)

.noinit         0x20002f68        0x0
                0x20002f68                _noinit = .
 *(SORT_BY_ALIGNMENT(.noinit*))
                0x20002f68                . = ALIGN (0x8)
                0x20002f68                _end_noinit = .
                0x00001000                _HeapSize = 0x1000

.heap           0x20002f68     0x1000
                0x20002f68                _pvHeapStart = .
                0x20003f68                . = (. + _HeapSize)
 *fill*         0x20002f68     0x1000 
                0x20003f68                . = ALIGN (0x8)
                0x20003f68                _pvHeapLimit = .
                0x00001000                _StackSize = 0x1000

.heap2stackfill
                0x20003f68     0x1000
                0x20004f68                . = (. + _StackSize)
 *fill*         0x20003f68     0x1000 

.stack          0x2002f000        0x0
                0x2002f000                _vStackBase = .
                0x2002f000                . = ALIGN (0x8)
                0x20030000                _vStackTop = (. + _StackSize)
                0x00000000                _image_start = LOADADDR (.text)
                0x00003478                _image_end = (LOADADDR (.data) + SIZEOF (.data))
                0x00003478                _image_size = (_image_end - _image_start)
OUTPUT(TPFinal.axf elf32-littlearm)

.debug_info     0x00000000    0x1e03d
 .debug_info    0x00000000      0x6aa ./startup/hardware.o
 .debug_info    0x000006aa      0x155 ./startup/main.o
 .debug_info    0x000007ff       0x3b ./startup/semihost_hardfault.o
 .debug_info    0x0000083a      0xc71 ./startup/startup_mk64f12.o
 .debug_info    0x000014ab      0xf80 ./source/App_test.o
 .debug_info    0x0000242b     0x24d4 ./drivers/SDK/fsl_clock.o
 .debug_info    0x000048ff     0x39f7 ./drivers/SDK/fsl_dspi.o
 .debug_info    0x000082f6     0x29da ./drivers/SDK/fsl_edma.o
 .debug_info    0x0000acd0     0x2732 ./drivers/SDK/fsl_i2c.o
 .debug_info    0x0000d402      0x9ef ./drivers/MCAL/SysTick.o
 .debug_info    0x0000ddf1      0xb78 ./drivers/MCAL/gpio.o
 .debug_info    0x0000e969     0x12f1 ./drivers/MCAL/uart.o
 .debug_info    0x0000fc5a     0x18f0 ./drivers/HAL/SPI_wrapper.o
 .debug_info    0x0001154a     0x1739 ./drivers/HAL/memory_manager.o
 .debug_info    0x00012c83      0x64b ./device/system_MK64F12.o
 .debug_info    0x000132ce     0x147a ./component/fatfs/fsl_sd_disk/fsl_sd_disk.o
 .debug_info    0x00014748     0x3de7 ./component/SD/fsl_sd.o
 .debug_info    0x0001852f     0x2acb ./component/SD/fsl_sdhc.o
 .debug_info    0x0001affa     0x14f6 ./component/SD/fsl_sdmmc_host.o
 .debug_info    0x0001c4f0     0x1b4d ./component/SD/sdmmc_config.o

.debug_abbrev   0x00000000     0x36b3
 .debug_abbrev  0x00000000      0x14d ./startup/hardware.o
 .debug_abbrev  0x0000014d       0xb9 ./startup/main.o
 .debug_abbrev  0x00000206       0x2f ./startup/semihost_hardfault.o
 .debug_abbrev  0x00000235      0x13b ./startup/startup_mk64f12.o
 .debug_abbrev  0x00000370      0x1e3 ./source/App_test.o
 .debug_abbrev  0x00000553      0x3f6 ./drivers/SDK/fsl_clock.o
 .debug_abbrev  0x00000949      0x43a ./drivers/SDK/fsl_dspi.o
 .debug_abbrev  0x00000d83      0x427 ./drivers/SDK/fsl_edma.o
 .debug_abbrev  0x000011aa      0x414 ./drivers/SDK/fsl_i2c.o
 .debug_abbrev  0x000015be      0x257 ./drivers/MCAL/SysTick.o
 .debug_abbrev  0x00001815      0x276 ./drivers/MCAL/gpio.o
 .debug_abbrev  0x00001a8b      0x2f7 ./drivers/MCAL/uart.o
 .debug_abbrev  0x00001d82      0x341 ./drivers/HAL/SPI_wrapper.o
 .debug_abbrev  0x000020c3      0x2d7 ./drivers/HAL/memory_manager.o
 .debug_abbrev  0x0000239a      0x15f ./device/system_MK64F12.o
 .debug_abbrev  0x000024f9      0x251 ./component/fatfs/fsl_sd_disk/fsl_sd_disk.o
 .debug_abbrev  0x0000274a      0x424 ./component/SD/fsl_sd.o
 .debug_abbrev  0x00002b6e      0x3d0 ./component/SD/fsl_sdhc.o
 .debug_abbrev  0x00002f3e      0x40a ./component/SD/fsl_sdmmc_host.o
 .debug_abbrev  0x00003348      0x36b ./component/SD/sdmmc_config.o

.debug_aranges  0x00000000      0xe88
 .debug_aranges
                0x00000000       0x30 ./startup/hardware.o
 .debug_aranges
                0x00000030       0x20 ./startup/main.o
 .debug_aranges
                0x00000050       0x20 ./startup/semihost_hardfault.o
 .debug_aranges
                0x00000070      0x330 ./startup/startup_mk64f12.o
 .debug_aranges
                0x000003a0       0x28 ./source/App_test.o
 .debug_aranges
                0x000003c8      0x1b0 ./drivers/SDK/fsl_clock.o
 .debug_aranges
                0x00000578      0x128 ./drivers/SDK/fsl_dspi.o
 .debug_aranges
                0x000006a0      0x1c0 ./drivers/SDK/fsl_edma.o
 .debug_aranges
                0x00000860      0x128 ./drivers/SDK/fsl_i2c.o
 .debug_aranges
                0x00000988       0x68 ./drivers/MCAL/SysTick.o
 .debug_aranges
                0x000009f0       0x78 ./drivers/MCAL/gpio.o
 .debug_aranges
                0x00000a68       0xa0 ./drivers/MCAL/uart.o
 .debug_aranges
                0x00000b08       0x38 ./drivers/HAL/SPI_wrapper.o
 .debug_aranges
                0x00000b40       0x50 ./drivers/HAL/memory_manager.o
 .debug_aranges
                0x00000b90       0x30 ./device/system_MK64F12.o
 .debug_aranges
                0x00000bc0       0x40 ./component/fatfs/fsl_sd_disk/fsl_sd_disk.o
 .debug_aranges
                0x00000c00       0xf0 ./component/SD/fsl_sd.o
 .debug_aranges
                0x00000cf0       0xb8 ./component/SD/fsl_sdhc.o
 .debug_aranges
                0x00000da8       0xa8 ./component/SD/fsl_sdmmc_host.o
 .debug_aranges
                0x00000e50       0x38 ./component/SD/sdmmc_config.o

.debug_ranges   0x00000000     0x14f8
 .debug_ranges  0x00000000       0x20 ./startup/hardware.o
 .debug_ranges  0x00000020       0x10 ./startup/main.o
 .debug_ranges  0x00000030       0x10 ./startup/semihost_hardfault.o
 .debug_ranges  0x00000040      0x320 ./startup/startup_mk64f12.o
 .debug_ranges  0x00000360       0x18 ./source/App_test.o
 .debug_ranges  0x00000378      0x230 ./drivers/SDK/fsl_clock.o
 .debug_ranges  0x000005a8      0x430 ./drivers/SDK/fsl_dspi.o
 .debug_ranges  0x000009d8      0x228 ./drivers/SDK/fsl_edma.o
 .debug_ranges  0x00000c00      0x1c0 ./drivers/SDK/fsl_i2c.o
 .debug_ranges  0x00000dc0       0x88 ./drivers/MCAL/SysTick.o
 .debug_ranges  0x00000e48       0x68 ./drivers/MCAL/gpio.o
 .debug_ranges  0x00000eb0       0x90 ./drivers/MCAL/uart.o
 .debug_ranges  0x00000f40       0x88 ./drivers/HAL/SPI_wrapper.o
 .debug_ranges  0x00000fc8       0x40 ./drivers/HAL/memory_manager.o
 .debug_ranges  0x00001008       0x20 ./device/system_MK64F12.o
 .debug_ranges  0x00001028       0x30 ./component/fatfs/fsl_sd_disk/fsl_sd_disk.o
 .debug_ranges  0x00001058      0x290 ./component/SD/fsl_sd.o
 .debug_ranges  0x000012e8      0x138 ./component/SD/fsl_sdhc.o
 .debug_ranges  0x00001420       0xb0 ./component/SD/fsl_sdmmc_host.o
 .debug_ranges  0x000014d0       0x28 ./component/SD/sdmmc_config.o

.debug_macro    0x00000000    0x13cf4
 .debug_macro   0x00000000       0xb4 ./startup/hardware.o
 .debug_macro   0x000000b4      0xa96 ./startup/hardware.o
 .debug_macro   0x00000b4a       0x10 ./startup/hardware.o
 .debug_macro   0x00000b5a      0x12d ./startup/hardware.o
 .debug_macro   0x00000c87      0x5b2 ./startup/hardware.o
 .debug_macro   0x00001239       0x22 ./startup/hardware.o
 .debug_macro   0x0000125b       0x10 ./startup/hardware.o
 .debug_macro   0x0000126b       0x57 ./startup/hardware.o
 .debug_macro   0x000012c2       0x1c ./startup/hardware.o
 .debug_macro   0x000012de       0x22 ./startup/hardware.o
 .debug_macro   0x00001300      0x101 ./startup/hardware.o
 .debug_macro   0x00001401      0xeeb ./startup/hardware.o
 .debug_macro   0x000022ec       0x40 ./startup/hardware.o
 .debug_macro   0x0000232c     0xe977 ./startup/hardware.o
 .debug_macro   0x00010ca3     0x1294 ./startup/hardware.o
 .debug_macro   0x00011f37       0x16 ./startup/hardware.o
 .debug_macro   0x00011f4d       0xba ./startup/main.o
 .debug_macro   0x00012007       0x11 ./startup/semihost_hardfault.o
 .debug_macro   0x00012018       0x23 ./startup/startup_mk64f12.o
 .debug_macro   0x0001203b      0x17b ./source/App_test.o
 .debug_macro   0x000121b6       0xee ./source/App_test.o
 .debug_macro   0x000122a4       0xb8 ./source/App_test.o
 .debug_macro   0x0001235c       0x6a ./source/App_test.o
 .debug_macro   0x000123c6       0x7c ./source/App_test.o
 .debug_macro   0x00012442      0x329 ./source/App_test.o
 .debug_macro   0x0001276b       0x40 ./source/App_test.o
 .debug_macro   0x000127ab      0x1ba ./drivers/SDK/fsl_clock.o
 .debug_macro   0x00012965      0x117 ./drivers/SDK/fsl_dspi.o
 .debug_macro   0x00012a7c       0x3a ./drivers/SDK/fsl_dspi.o
 .debug_macro   0x00012ab6      0x11d ./drivers/SDK/fsl_edma.o
 .debug_macro   0x00012bd3       0x10 ./drivers/SDK/fsl_edma.o
 .debug_macro   0x00012be3      0x103 ./drivers/SDK/fsl_i2c.o
 .debug_macro   0x00012ce6       0x1c ./drivers/SDK/fsl_i2c.o
 .debug_macro   0x00012d02      0x15b ./drivers/MCAL/SysTick.o
 .debug_macro   0x00012e5d       0x16 ./drivers/MCAL/SysTick.o
 .debug_macro   0x00012e73       0x1c ./drivers/MCAL/SysTick.o
 .debug_macro   0x00012e8f       0xd2 ./drivers/MCAL/SysTick.o
 .debug_macro   0x00012f61       0x6a ./drivers/MCAL/SysTick.o
 .debug_macro   0x00012fcb       0xe4 ./drivers/MCAL/gpio.o
 .debug_macro   0x000130af       0x3a ./drivers/MCAL/gpio.o
 .debug_macro   0x000130e9      0x185 ./drivers/MCAL/uart.o
 .debug_macro   0x0001326e      0x149 ./drivers/HAL/SPI_wrapper.o
 .debug_macro   0x000133b7       0x40 ./drivers/HAL/SPI_wrapper.o
 .debug_macro   0x000133f7      0x1a1 ./drivers/HAL/memory_manager.o
 .debug_macro   0x00013598       0x98 ./device/system_MK64F12.o
 .debug_macro   0x00013630      0x179 ./component/fatfs/fsl_sd_disk/fsl_sd_disk.o
 .debug_macro   0x000137a9      0x134 ./component/SD/fsl_sd.o
 .debug_macro   0x000138dd      0x121 ./component/SD/fsl_sdhc.o
 .debug_macro   0x000139fe       0x64 ./component/SD/fsl_sdhc.o
 .debug_macro   0x00013a62      0x124 ./component/SD/fsl_sdmmc_host.o
 .debug_macro   0x00013b86      0x16e ./component/SD/sdmmc_config.o

.debug_line     0x00000000     0x8275
 .debug_line    0x00000000      0x2cb ./startup/hardware.o
 .debug_line    0x000002cb      0x26f ./startup/main.o
 .debug_line    0x0000053a       0x51 ./startup/semihost_hardfault.o
 .debug_line    0x0000058b      0x6d4 ./startup/startup_mk64f12.o
 .debug_line    0x00000c5f      0x561 ./source/App_test.o
 .debug_line    0x000011c0      0x9e9 ./drivers/SDK/fsl_clock.o
 .debug_line    0x00001ba9      0xec7 ./drivers/SDK/fsl_dspi.o
 .debug_line    0x00002a70      0xb92 ./drivers/SDK/fsl_edma.o
 .debug_line    0x00003602      0xa22 ./drivers/SDK/fsl_i2c.o
 .debug_line    0x00004024      0x5bc ./drivers/MCAL/SysTick.o
 .debug_line    0x000045e0      0x4bd ./drivers/MCAL/gpio.o
 .debug_line    0x00004a9d      0x63e ./drivers/MCAL/uart.o
 .debug_line    0x000050db      0x617 ./drivers/HAL/SPI_wrapper.o
 .debug_line    0x000056f2      0x5a1 ./drivers/HAL/memory_manager.o
 .debug_line    0x00005c93      0x278 ./device/system_MK64F12.o
 .debug_line    0x00005f0b      0x513 ./component/fatfs/fsl_sd_disk/fsl_sd_disk.o
 .debug_line    0x0000641e      0xb53 ./component/SD/fsl_sd.o
 .debug_line    0x00006f71      0x8e4 ./component/SD/fsl_sdhc.o
 .debug_line    0x00007855      0x554 ./component/SD/fsl_sdmmc_host.o
 .debug_line    0x00007da9      0x4cc ./component/SD/sdmmc_config.o

.debug_str      0x00000000    0x874f7
 .debug_str     0x00000000    0x782f0 ./startup/hardware.o
                              0x7837e (size before relaxing)
 .debug_str     0x000782f0       0x3c ./startup/main.o
                              0x781ad (size before relaxing)
 .debug_str     0x0007832c       0x32 ./startup/semihost_hardfault.o
                               0x2de4 (size before relaxing)
 .debug_str     0x0007835e      0x81e ./startup/startup_mk64f12.o
                               0x3655 (size before relaxing)
 .debug_str     0x00078b7c     0x454c ./source/App_test.o
                              0x7c750 (size before relaxing)
 .debug_str     0x0007d0c8     0x25df ./drivers/SDK/fsl_clock.o
                              0x7b86b (size before relaxing)
 .debug_str     0x0007f6a7     0x1b9a ./drivers/SDK/fsl_dspi.o
                              0x7b974 (size before relaxing)
 .debug_str     0x00081241     0x10df ./drivers/SDK/fsl_edma.o
                              0x7ae2c (size before relaxing)
 .debug_str     0x00082320      0xc5d ./drivers/SDK/fsl_i2c.o
                              0x7af7a (size before relaxing)
 .debug_str     0x00082f7d      0x2ce ./drivers/MCAL/SysTick.o
                              0x7a3e6 (size before relaxing)
 .debug_str     0x0008324b      0x13c ./drivers/MCAL/gpio.o
                              0x78b98 (size before relaxing)
 .debug_str     0x00083387      0x54b ./drivers/MCAL/uart.o
                              0x7a9d9 (size before relaxing)
 .debug_str     0x000838d2      0x335 ./drivers/HAL/SPI_wrapper.o
                              0x7b331 (size before relaxing)
 .debug_str     0x00083c07      0x59f ./drivers/HAL/memory_manager.o
                              0x7d5cf (size before relaxing)
 .debug_str     0x000841a6       0x5a ./device/system_MK64F12.o
                              0x78294 (size before relaxing)
 .debug_str     0x00084200      0x101 ./component/fatfs/fsl_sd_disk/fsl_sd_disk.o
                              0x7d0ac (size before relaxing)
 .debug_str     0x00084301     0x1ca6 ./component/SD/fsl_sd.o
                              0x7e43c (size before relaxing)
 .debug_str     0x00085fa7      0xe93 ./component/SD/fsl_sdhc.o
                              0x7bb60 (size before relaxing)
 .debug_str     0x00086e3a      0x2d8 ./component/SD/fsl_sdmmc_host.o
                              0x7c202 (size before relaxing)
 .debug_str     0x00087112      0x3e5 ./component/SD/sdmmc_config.o
                              0x7d26a (size before relaxing)

.comment        0x00000000       0x7e
 .comment       0x00000000       0x7e ./startup/hardware.o
                                 0x7f (size before relaxing)
 .comment       0x0000007e       0x7f ./startup/main.o
 .comment       0x0000007e       0x7f ./startup/semihost_hardfault.o
 .comment       0x0000007e       0x7f ./startup/startup_mk64f12.o
 .comment       0x0000007e       0x7f ./source/App_test.o
 .comment       0x0000007e       0x7f ./drivers/SDK/fsl_clock.o
 .comment       0x0000007e       0x7f ./drivers/SDK/fsl_dspi.o
 .comment       0x0000007e       0x7f ./drivers/SDK/fsl_edma.o
 .comment       0x0000007e       0x7f ./drivers/SDK/fsl_i2c.o
 .comment       0x0000007e       0x7f ./drivers/MCAL/SysTick.o
 .comment       0x0000007e       0x7f ./drivers/MCAL/gpio.o
 .comment       0x0000007e       0x7f ./drivers/MCAL/uart.o
 .comment       0x0000007e       0x7f ./drivers/HAL/SPI_wrapper.o
 .comment       0x0000007e       0x7f ./drivers/HAL/memory_manager.o
 .comment       0x0000007e       0x7f ./device/system_MK64F12.o
 .comment       0x0000007e       0x7f ./component/fatfs/fsl_sd_disk/fsl_sd_disk.o
 .comment       0x0000007e       0x7f ./component/SD/fsl_sd.o
 .comment       0x0000007e       0x7f ./component/SD/fsl_sdhc.o
 .comment       0x0000007e       0x7f ./component/SD/fsl_sdmmc_host.o
 .comment       0x0000007e       0x7f ./component/SD/sdmmc_config.o
 .comment       0x0000007e       0x7f c:/nxp/mcuxpressoide_10.2.0_759/ide/tools/bin/../lib/gcc/arm-none-eabi/7.2.1/../../../../arm-none-eabi/lib/thumb/v7e-m/fpv4-sp/hard\libcr_semihost_nf.a(_cr__main.o)
 .comment       0x0000007e       0x7f c:/nxp/mcuxpressoide_10.2.0_759/ide/tools/bin/../lib/gcc/arm-none-eabi/7.2.1/../../../../arm-none-eabi/lib/thumb/v7e-m/fpv4-sp/hard\libcr_semihost_nf.a(_cr_assert.o)
 .comment       0x0000007e       0x7f c:/nxp/mcuxpressoide_10.2.0_759/ide/tools/bin/../lib/gcc/arm-none-eabi/7.2.1/../../../../arm-none-eabi/lib/thumb/v7e-m/fpv4-sp/hard\libcr_semihost_nf.a(__ciob.o)
 .comment       0x0000007e       0x7f c:/nxp/mcuxpressoide_10.2.0_759/ide/tools/bin/../lib/gcc/arm-none-eabi/7.2.1/../../../../arm-none-eabi/lib/thumb/v7e-m/fpv4-sp/hard\libcr_c.a(memset.o)
 .comment       0x0000007e       0x7f c:/nxp/mcuxpressoide_10.2.0_759/ide/tools/bin/../lib/gcc/arm-none-eabi/7.2.1/../../../../arm-none-eabi/lib/thumb/v7e-m/fpv4-sp/hard\libcr_c.a(_deferredlazyseek.o)
 .comment       0x0000007e       0x7f c:/nxp/mcuxpressoide_10.2.0_759/ide/tools/bin/../lib/gcc/arm-none-eabi/7.2.1/../../../../arm-none-eabi/lib/thumb/v7e-m/fpv4-sp/hard\libcr_c.a(_fflush.o)
 .comment       0x0000007e       0x7f c:/nxp/mcuxpressoide_10.2.0_759/ide/tools/bin/../lib/gcc/arm-none-eabi/7.2.1/../../../../arm-none-eabi/lib/thumb/v7e-m/fpv4-sp/hard\libcr_c.a(_writebuf.o)
 .comment       0x0000007e       0x7f c:/nxp/mcuxpressoide_10.2.0_759/ide/tools/bin/../lib/gcc/arm-none-eabi/7.2.1/../../../../arm-none-eabi/lib/thumb/v7e-m/fpv4-sp/hard\libcr_c.a(alloc.o)
 .comment       0x0000007e       0x7f c:/nxp/mcuxpressoide_10.2.0_759/ide/tools/bin/../lib/gcc/arm-none-eabi/7.2.1/../../../../arm-none-eabi/lib/thumb/v7e-m/fpv4-sp/hard\libcr_c.a(fputs.o)
 .comment       0x0000007e       0x7f c:/nxp/mcuxpressoide_10.2.0_759/ide/tools/bin/../lib/gcc/arm-none-eabi/7.2.1/../../../../arm-none-eabi/lib/thumb/v7e-m/fpv4-sp/hard\libcr_c.a(fseek.o)
 .comment       0x0000007e       0x7f c:/nxp/mcuxpressoide_10.2.0_759/ide/tools/bin/../lib/gcc/arm-none-eabi/7.2.1/../../../../arm-none-eabi/lib/thumb/v7e-m/fpv4-sp/hard\libcr_c.a(ftell.o)
 .comment       0x0000007e       0x7f c:/nxp/mcuxpressoide_10.2.0_759/ide/tools/bin/../lib/gcc/arm-none-eabi/7.2.1/../../../../arm-none-eabi/lib/thumb/v7e-m/fpv4-sp/hard\libcr_c.a(initio.o)
 .comment       0x0000007e       0x7f c:/nxp/mcuxpressoide_10.2.0_759/ide/tools/bin/../lib/gcc/arm-none-eabi/7.2.1/../../../../arm-none-eabi/lib/thumb/v7e-m/fpv4-sp/hard\libcr_c.a(printf.o)
 .comment       0x0000007e       0x7f c:/nxp/mcuxpressoide_10.2.0_759/ide/tools/bin/../lib/gcc/arm-none-eabi/7.2.1/../../../../arm-none-eabi/lib/thumb/v7e-m/fpv4-sp/hard\libcr_c.a(setvbuf.o)
 .comment       0x0000007e       0x7f c:/nxp/mcuxpressoide_10.2.0_759/ide/tools/bin/../lib/gcc/arm-none-eabi/7.2.1/../../../../arm-none-eabi/lib/thumb/v7e-m/fpv4-sp/hard\libcr_c.a(strlen.o)
 .comment       0x0000007e       0x7f c:/nxp/mcuxpressoide_10.2.0_759/ide/tools/bin/../lib/gcc/arm-none-eabi/7.2.1/../../../../arm-none-eabi/lib/thumb/v7e-m/fpv4-sp/hard\libcr_c.a(__init_alloc.o)
 .comment       0x0000007e       0x7f c:/nxp/mcuxpressoide_10.2.0_759/ide/tools/bin/../lib/gcc/arm-none-eabi/7.2.1/../../../../arm-none-eabi/lib/thumb/v7e-m/fpv4-sp/hard\libcr_c.a(_cr_sbrk.o)
 .comment       0x0000007e       0x7f c:/nxp/mcuxpressoide_10.2.0_759/ide/tools/bin/../lib/gcc/arm-none-eabi/7.2.1/../../../../arm-none-eabi/lib/thumb/v7e-m/fpv4-sp/hard\libcr_c.a(_fdopen.o)
 .comment       0x0000007e       0x7f c:/nxp/mcuxpressoide_10.2.0_759/ide/tools/bin/../lib/gcc/arm-none-eabi/7.2.1/../../../../arm-none-eabi/lib/thumb/v7e-m/fpv4-sp/hard\libcr_c.a(errno.o)
 .comment       0x0000007e       0x7f c:/nxp/mcuxpressoide_10.2.0_759/ide/tools/bin/../lib/gcc/arm-none-eabi/7.2.1/../../../../arm-none-eabi/lib/thumb/v7e-m/fpv4-sp/hard\libcr_c.a(fclose.o)
 .comment       0x0000007e       0x7f c:/nxp/mcuxpressoide_10.2.0_759/ide/tools/bin/../lib/gcc/arm-none-eabi/7.2.1/../../../../arm-none-eabi/lib/thumb/v7e-m/fpv4-sp/hard\libcr_c.a(fflush.o)
 .comment       0x0000007e       0x7f c:/nxp/mcuxpressoide_10.2.0_759/ide/tools/bin/../lib/gcc/arm-none-eabi/7.2.1/../../../../arm-none-eabi/lib/thumb/v7e-m/fpv4-sp/hard\libcr_c.a(remove.o)
 .comment       0x0000007e       0x7f c:/nxp/mcuxpressoide_10.2.0_759/ide/tools/bin/../lib/gcc/arm-none-eabi/7.2.1/../../../../arm-none-eabi/lib/thumb/v7e-m/fpv4-sp/hard\libcr_c.a(_cr_check_heap.o)
 .comment       0x0000007e       0x7f c:/nxp/mcuxpressoide_10.2.0_759/ide/tools/bin/../lib/gcc/arm-none-eabi/7.2.1/../../../../arm-none-eabi/lib/thumb/v7e-m/fpv4-sp/hard\libcr_c.a(_do_fflush.o)

.ARM.attributes
                0x00000000       0x37
 .ARM.attributes
                0x00000000       0x39 ./startup/hardware.o
 .ARM.attributes
                0x00000039       0x39 ./startup/main.o
 .ARM.attributes
                0x00000072       0x39 ./startup/semihost_hardfault.o
 .ARM.attributes
                0x000000ab       0x39 ./startup/startup_mk64f12.o
 .ARM.attributes
                0x000000e4       0x39 ./source/App_test.o
 .ARM.attributes
                0x0000011d       0x39 ./drivers/SDK/fsl_clock.o
 .ARM.attributes
                0x00000156       0x39 ./drivers/SDK/fsl_dspi.o
 .ARM.attributes
                0x0000018f       0x39 ./drivers/SDK/fsl_edma.o
 .ARM.attributes
                0x000001c8       0x39 ./drivers/SDK/fsl_i2c.o
 .ARM.attributes
                0x00000201       0x39 ./drivers/MCAL/SysTick.o
 .ARM.attributes
                0x0000023a       0x39 ./drivers/MCAL/gpio.o
 .ARM.attributes
                0x00000273       0x39 ./drivers/MCAL/uart.o
 .ARM.attributes
                0x000002ac       0x39 ./drivers/HAL/SPI_wrapper.o
 .ARM.attributes
                0x000002e5       0x39 ./drivers/HAL/memory_manager.o
 .ARM.attributes
                0x0000031e       0x39 ./device/system_MK64F12.o
 .ARM.attributes
                0x00000357       0x39 ./component/fatfs/fsl_sd_disk/fsl_sd_disk.o
 .ARM.attributes
                0x00000390       0x39 ./component/SD/fsl_sd.o
 .ARM.attributes
                0x000003c9       0x39 ./component/SD/fsl_sdhc.o
 .ARM.attributes
                0x00000402       0x39 ./component/SD/fsl_sdmmc_host.o
 .ARM.attributes
                0x0000043b       0x39 ./component/SD/sdmmc_config.o
 .ARM.attributes
                0x00000474       0x39 c:/nxp/mcuxpressoide_10.2.0_759/ide/tools/bin/../lib/gcc/arm-none-eabi/7.2.1/../../../../arm-none-eabi/lib/thumb/v7e-m/fpv4-sp/hard\libcr_semihost_nf.a(_cr__main.o)
 .ARM.attributes
                0x000004ad       0x39 c:/nxp/mcuxpressoide_10.2.0_759/ide/tools/bin/../lib/gcc/arm-none-eabi/7.2.1/../../../../arm-none-eabi/lib/thumb/v7e-m/fpv4-sp/hard\libcr_semihost_nf.a(_cr_assert.o)
 .ARM.attributes
                0x000004e6       0x39 c:/nxp/mcuxpressoide_10.2.0_759/ide/tools/bin/../lib/gcc/arm-none-eabi/7.2.1/../../../../arm-none-eabi/lib/thumb/v7e-m/fpv4-sp/hard\libcr_semihost_nf.a(__ciob.o)
 .ARM.attributes
                0x0000051f       0x25 c:/nxp/mcuxpressoide_10.2.0_759/ide/tools/bin/../lib/gcc/arm-none-eabi/7.2.1/../../../../arm-none-eabi/lib/thumb/v7e-m/fpv4-sp/hard\libcr_semihost_nf.a(__sys_appexit.o)
 .ARM.attributes
                0x00000544       0x39 c:/nxp/mcuxpressoide_10.2.0_759/ide/tools/bin/../lib/gcc/arm-none-eabi/7.2.1/../../../../arm-none-eabi/lib/thumb/v7e-m/fpv4-sp/hard\libcr_c.a(memset.o)
 .ARM.attributes
                0x0000057d       0x39 c:/nxp/mcuxpressoide_10.2.0_759/ide/tools/bin/../lib/gcc/arm-none-eabi/7.2.1/../../../../arm-none-eabi/lib/thumb/v7e-m/fpv4-sp/hard\libcr_c.a(_deferredlazyseek.o)
 .ARM.attributes
                0x000005b6       0x39 c:/nxp/mcuxpressoide_10.2.0_759/ide/tools/bin/../lib/gcc/arm-none-eabi/7.2.1/../../../../arm-none-eabi/lib/thumb/v7e-m/fpv4-sp/hard\libcr_c.a(_fflush.o)
 .ARM.attributes
                0x000005ef       0x39 c:/nxp/mcuxpressoide_10.2.0_759/ide/tools/bin/../lib/gcc/arm-none-eabi/7.2.1/../../../../arm-none-eabi/lib/thumb/v7e-m/fpv4-sp/hard\libcr_c.a(_writebuf.o)
 .ARM.attributes
                0x00000628       0x39 c:/nxp/mcuxpressoide_10.2.0_759/ide/tools/bin/../lib/gcc/arm-none-eabi/7.2.1/../../../../arm-none-eabi/lib/thumb/v7e-m/fpv4-sp/hard\libcr_c.a(alloc.o)
 .ARM.attributes
                0x00000661       0x39 c:/nxp/mcuxpressoide_10.2.0_759/ide/tools/bin/../lib/gcc/arm-none-eabi/7.2.1/../../../../arm-none-eabi/lib/thumb/v7e-m/fpv4-sp/hard\libcr_c.a(fputs.o)
 .ARM.attributes
                0x0000069a       0x39 c:/nxp/mcuxpressoide_10.2.0_759/ide/tools/bin/../lib/gcc/arm-none-eabi/7.2.1/../../../../arm-none-eabi/lib/thumb/v7e-m/fpv4-sp/hard\libcr_c.a(fseek.o)
 .ARM.attributes
                0x000006d3       0x39 c:/nxp/mcuxpressoide_10.2.0_759/ide/tools/bin/../lib/gcc/arm-none-eabi/7.2.1/../../../../arm-none-eabi/lib/thumb/v7e-m/fpv4-sp/hard\libcr_c.a(ftell.o)
 .ARM.attributes
                0x0000070c       0x39 c:/nxp/mcuxpressoide_10.2.0_759/ide/tools/bin/../lib/gcc/arm-none-eabi/7.2.1/../../../../arm-none-eabi/lib/thumb/v7e-m/fpv4-sp/hard\libcr_c.a(initio.o)
 .ARM.attributes
                0x00000745       0x39 c:/nxp/mcuxpressoide_10.2.0_759/ide/tools/bin/../lib/gcc/arm-none-eabi/7.2.1/../../../../arm-none-eabi/lib/thumb/v7e-m/fpv4-sp/hard\libcr_c.a(printf.o)
 .ARM.attributes
                0x0000077e       0x39 c:/nxp/mcuxpressoide_10.2.0_759/ide/tools/bin/../lib/gcc/arm-none-eabi/7.2.1/../../../../arm-none-eabi/lib/thumb/v7e-m/fpv4-sp/hard\libcr_c.a(setvbuf.o)
 .ARM.attributes
                0x000007b7       0x39 c:/nxp/mcuxpressoide_10.2.0_759/ide/tools/bin/../lib/gcc/arm-none-eabi/7.2.1/../../../../arm-none-eabi/lib/thumb/v7e-m/fpv4-sp/hard\libcr_c.a(strlen.o)
 .ARM.attributes
                0x000007f0       0x39 c:/nxp/mcuxpressoide_10.2.0_759/ide/tools/bin/../lib/gcc/arm-none-eabi/7.2.1/../../../../arm-none-eabi/lib/thumb/v7e-m/fpv4-sp/hard\libcr_c.a(__init_alloc.o)
 .ARM.attributes
                0x00000829       0x39 c:/nxp/mcuxpressoide_10.2.0_759/ide/tools/bin/../lib/gcc/arm-none-eabi/7.2.1/../../../../arm-none-eabi/lib/thumb/v7e-m/fpv4-sp/hard\libcr_c.a(_cr_sbrk.o)
 .ARM.attributes
                0x00000862       0x39 c:/nxp/mcuxpressoide_10.2.0_759/ide/tools/bin/../lib/gcc/arm-none-eabi/7.2.1/../../../../arm-none-eabi/lib/thumb/v7e-m/fpv4-sp/hard\libcr_c.a(_fdopen.o)
 .ARM.attributes
                0x0000089b       0x39 c:/nxp/mcuxpressoide_10.2.0_759/ide/tools/bin/../lib/gcc/arm-none-eabi/7.2.1/../../../../arm-none-eabi/lib/thumb/v7e-m/fpv4-sp/hard\libcr_c.a(errno.o)
 .ARM.attributes
                0x000008d4       0x39 c:/nxp/mcuxpressoide_10.2.0_759/ide/tools/bin/../lib/gcc/arm-none-eabi/7.2.1/../../../../arm-none-eabi/lib/thumb/v7e-m/fpv4-sp/hard\libcr_c.a(fclose.o)
 .ARM.attributes
                0x0000090d       0x39 c:/nxp/mcuxpressoide_10.2.0_759/ide/tools/bin/../lib/gcc/arm-none-eabi/7.2.1/../../../../arm-none-eabi/lib/thumb/v7e-m/fpv4-sp/hard\libcr_c.a(fflush.o)
 .ARM.attributes
                0x00000946       0x39 c:/nxp/mcuxpressoide_10.2.0_759/ide/tools/bin/../lib/gcc/arm-none-eabi/7.2.1/../../../../arm-none-eabi/lib/thumb/v7e-m/fpv4-sp/hard\libcr_c.a(remove.o)
 .ARM.attributes
                0x0000097f       0x39 c:/nxp/mcuxpressoide_10.2.0_759/ide/tools/bin/../lib/gcc/arm-none-eabi/7.2.1/../../../../arm-none-eabi/lib/thumb/v7e-m/fpv4-sp/hard\libcr_c.a(_cr_check_heap.o)
 .ARM.attributes
                0x000009b8       0x39 c:/nxp/mcuxpressoide_10.2.0_759/ide/tools/bin/../lib/gcc/arm-none-eabi/7.2.1/../../../../arm-none-eabi/lib/thumb/v7e-m/fpv4-sp/hard\libcr_c.a(_do_fflush.o)
 .ARM.attributes
                0x000009f1       0x25 c:/nxp/mcuxpressoide_10.2.0_759/ide/tools/bin/../lib/gcc/arm-none-eabi/7.2.1/thumb/v7e-m/fpv4-sp/hard\libcr_eabihelpers.a(memcpy.o)
 .ARM.attributes
                0x00000a16       0x25 c:/nxp/mcuxpressoide_10.2.0_759/ide/tools/bin/../lib/gcc/arm-none-eabi/7.2.1/../../../../arm-none-eabi/lib/thumb/v7e-m/fpv4-sp/hard\libcr_semihost_nf.a(__sys_close.o)
 .ARM.attributes
                0x00000a3b       0x25 c:/nxp/mcuxpressoide_10.2.0_759/ide/tools/bin/../lib/gcc/arm-none-eabi/7.2.1/../../../../arm-none-eabi/lib/thumb/v7e-m/fpv4-sp/hard\libcr_semihost_nf.a(__sys_flen.o)
 .ARM.attributes
                0x00000a60       0x25 c:/nxp/mcuxpressoide_10.2.0_759/ide/tools/bin/../lib/gcc/arm-none-eabi/7.2.1/../../../../arm-none-eabi/lib/thumb/v7e-m/fpv4-sp/hard\libcr_semihost_nf.a(__sys_istty.o)
 .ARM.attributes
                0x00000a85       0x25 c:/nxp/mcuxpressoide_10.2.0_759/ide/tools/bin/../lib/gcc/arm-none-eabi/7.2.1/../../../../arm-none-eabi/lib/thumb/v7e-m/fpv4-sp/hard\libcr_semihost_nf.a(__sys_remove.o)
 .ARM.attributes
                0x00000aaa       0x25 c:/nxp/mcuxpressoide_10.2.0_759/ide/tools/bin/../lib/gcc/arm-none-eabi/7.2.1/../../../../arm-none-eabi/lib/thumb/v7e-m/fpv4-sp/hard\libcr_semihost_nf.a(__sys_seek.o)
 .ARM.attributes
                0x00000acf       0x25 c:/nxp/mcuxpressoide_10.2.0_759/ide/tools/bin/../lib/gcc/arm-none-eabi/7.2.1/../../../../arm-none-eabi/lib/thumb/v7e-m/fpv4-sp/hard\libcr_semihost_nf.a(__sys_tmpnam.o)
 .ARM.attributes
                0x00000af4       0x25 c:/nxp/mcuxpressoide_10.2.0_759/ide/tools/bin/../lib/gcc/arm-none-eabi/7.2.1/../../../../arm-none-eabi/lib/thumb/v7e-m/fpv4-sp/hard\libcr_semihost_nf.a(__sys_write.o)

.debug_frame    0x00000000     0x2964
 .debug_frame   0x00000000       0x40 ./startup/hardware.o
 .debug_frame   0x00000040       0x28 ./startup/main.o
 .debug_frame   0x00000068       0x20 ./startup/semihost_hardfault.o
 .debug_frame   0x00000088      0x904 ./startup/startup_mk64f12.o
 .debug_frame   0x0000098c       0x38 ./source/App_test.o
 .debug_frame   0x000009c4      0x4bc ./drivers/SDK/fsl_clock.o
 .debug_frame   0x00000e80      0x3d8 ./drivers/SDK/fsl_dspi.o
 .debug_frame   0x00001258      0x554 ./drivers/SDK/fsl_edma.o
 .debug_frame   0x000017ac      0x388 ./drivers/SDK/fsl_i2c.o
 .debug_frame   0x00001b34      0x130 ./drivers/MCAL/SysTick.o
 .debug_frame   0x00001c64      0x15c ./drivers/MCAL/gpio.o
 .debug_frame   0x00001dc0      0x1d4 ./drivers/MCAL/uart.o
 .debug_frame   0x00001f94       0x9c ./drivers/HAL/SPI_wrapper.o
 .debug_frame   0x00002030       0xa4 ./drivers/HAL/memory_manager.o
 .debug_frame   0x000020d4       0x48 ./device/system_MK64F12.o
 .debug_frame   0x0000211c       0x78 ./component/fatfs/fsl_sd_disk/fsl_sd_disk.o
 .debug_frame   0x00002194      0x348 ./component/SD/fsl_sd.o
 .debug_frame   0x000024dc      0x264 ./component/SD/fsl_sdhc.o
 .debug_frame   0x00002740      0x1a8 ./component/SD/fsl_sdmmc_host.o
 .debug_frame   0x000028e8       0x7c ./component/SD/sdmmc_config.o

.debug_loc      0x00000000     0xfb90
 .debug_loc     0x00000000      0x1e7 ./startup/startup_mk64f12.o
 .debug_loc     0x000001e7     0x1699 ./drivers/SDK/fsl_clock.o
 .debug_loc     0x00001880     0x3126 ./drivers/SDK/fsl_dspi.o
 .debug_loc     0x000049a6     0x24e6 ./drivers/SDK/fsl_edma.o
 .debug_loc     0x00006e8c     0x24d4 ./drivers/SDK/fsl_i2c.o
 .debug_loc     0x00009360      0x4ee ./drivers/MCAL/SysTick.o
 .debug_loc     0x0000984e      0x380 ./drivers/MCAL/gpio.o
 .debug_loc     0x00009bce      0x7dc ./drivers/MCAL/uart.o
 .debug_loc     0x0000a3aa      0x868 ./drivers/HAL/SPI_wrapper.o
 .debug_loc     0x0000ac12       0x13 ./drivers/HAL/memory_manager.o
 .debug_loc     0x0000ac25      0x11e ./device/system_MK64F12.o
 .debug_loc     0x0000ad43      0x297 ./component/fatfs/fsl_sd_disk/fsl_sd_disk.o
 .debug_loc     0x0000afda     0x224e ./component/SD/fsl_sd.o
 .debug_loc     0x0000d228     0x1ef9 ./component/SD/fsl_sdhc.o
 .debug_loc     0x0000f121      0x6cd ./component/SD/fsl_sdmmc_host.o
 .debug_loc     0x0000f7ee      0x3a2 ./component/SD/sdmmc_config.o

Cross Reference Table

Symbol                                            File
ADC0_DriverIRQHandler                             ./startup/startup_mk64f12.o
ADC0_IRQHandler                                   ./startup/startup_mk64f12.o
ADC1_DriverIRQHandler                             ./startup/startup_mk64f12.o
ADC1_IRQHandler                                   ./startup/startup_mk64f12.o
APP_CheckPowerMode                                ./drivers/SDK/power_mode_switch.o
APP_GetWakeupConfig                               ./drivers/SDK/power_mode_switch.o
APP_PowerModeSwitch                               ./drivers/SDK/power_mode_switch.o
APP_PowerPostSwitchHook                           ./drivers/SDK/power_mode_switch.o
APP_PowerPreSwitchHook                            ./drivers/SDK/power_mode_switch.o
APP_SetClockRunFromVlpr                           ./drivers/SDK/power_mode_switch.o
APP_SetClockVlpr                                  ./drivers/SDK/power_mode_switch.o
APP_SetWakeupConfig                               ./drivers/SDK/power_mode_switch.o
APP_ShowPowerMode                                 ./drivers/SDK/power_mode_switch.o
AUDIO_PLAYER_STATE                                ./source/FSM_1/FSM.o
App_Init                                          ./source/App.o
App_Init_test                                     ./source/App_test.o
                                                  ./startup/main.o
App_Run                                           ./source/App.o
App_Run_test                                      ./source/App_test.o
                                                  ./startup/main.o
AudioPlayer_DEMOMode                              ./drivers/HAL/AudioPlayer.o
AudioPlayer_Init                                  ./drivers/HAL/AudioPlayer.o
                                                  ./source/App.o
AudioPlayer_IsBackBufferFree                      ./drivers/HAL/AudioPlayer.o
                                                  ./source/App.o
AudioPlayer_LoadSongInfo                          ./drivers/HAL/AudioPlayer.o
AudioPlayer_Pause                                 ./drivers/HAL/AudioPlayer.o
AudioPlayer_Play                                  ./drivers/HAL/AudioPlayer.o
AudioPlayer_Stop                                  ./drivers/HAL/AudioPlayer.o
AudioPlayer_UpdateBackBuffer                      ./drivers/HAL/AudioPlayer.o
AudioPlayer_UpdateSampleRate                      ./drivers/HAL/AudioPlayer.o
Audio_DecVolume                                   ./source/FSM_1/States/audioPLayer.o
Audio_IncVolume                                   ./source/FSM_1/States/audioPLayer.o
Audio_getVolume                                   ./source/FSM_1/States/audioPLayer.o
Audio_nextFile                                    ./source/FSM_1/States/audioPLayer.o
Audio_play                                        ./source/FSM_1/States/audioPLayer.o
Audio_prevFile                                    ./source/FSM_1/States/audioPLayer.o
Audio_selectFile                                  ./source/FSM_1/States/audioPLayer.o
Audio_stop                                        ./source/FSM_1/States/audioPLayer.o
Audio_toggle                                      ./source/FSM_1/States/audioPLayer.o
BOARD_BootClockRUN                                ./drivers/SDK/clock_config.o
BOARD_BootClockVLPR                               ./drivers/SDK/clock_config.o
BOARD_I2C_ConfigurePins                           ./drivers/HAL/I2CWrapper.o
                                                  ./drivers/HAL/OLEDdisplay.o
BOARD_InitBootClocks                              ./drivers/SDK/clock_config.o
                                                  ./drivers/HAL/OLEDdisplay.o
                                                  ./drivers/SDK/power_mode_switch.o
BOARD_InitPins                                    ./drivers/HAL/I2CWrapper.o
                                                  ./drivers/HAL/OLEDdisplay.o
BOARD_SDCardDetectInit                            ./component/SD/sdmmc_config.o
BOARD_SDCardGetDetectStatus                       ./component/SD/sdmmc_config.o
BOARD_SDDetectCallback                            ./component/SD/sdmmc_config.o
BOARD_SD_Config                                   ./component/SD/sdmmc_config.o
                                                  ./drivers/HAL/memory_manager.o
                                                  ./drivers/HAL/memory_handler.o
BusFault_Handler                                  ./startup/startup_mk64f12.o
CAN0_Bus_Off_IRQHandler                           ./startup/startup_mk64f12.o
CAN0_DriverIRQHandler                             ./startup/startup_mk64f12.o
CAN0_Error_IRQHandler                             ./startup/startup_mk64f12.o
CAN0_ORed_Message_buffer_IRQHandler               ./startup/startup_mk64f12.o
CAN0_Rx_Warning_IRQHandler                        ./startup/startup_mk64f12.o
CAN0_Tx_Warning_IRQHandler                        ./startup/startup_mk64f12.o
CAN0_Wake_Up_IRQHandler                           ./startup/startup_mk64f12.o
CLOCK_BootToBlpeMode                              ./drivers/SDK/fsl_clock.o
CLOCK_BootToBlpiMode                              ./drivers/SDK/fsl_clock.o
                                                  ./drivers/SDK/clock_config.o
CLOCK_BootToFeeMode                               ./drivers/SDK/fsl_clock.o
CLOCK_BootToFeiMode                               ./drivers/SDK/fsl_clock.o
CLOCK_BootToPeeMode                               ./drivers/SDK/fsl_clock.o
                                                  ./drivers/SDK/clock_config.o
CLOCK_CalcPllDiv                                  ./drivers/SDK/fsl_clock.o
CLOCK_ClearStatusFlags                            ./drivers/SDK/fsl_clock.o
CLOCK_DeinitOsc0                                  ./drivers/SDK/fsl_clock.o
CLOCK_EnablePll0                                  ./drivers/SDK/fsl_clock.o
CLOCK_EnableUsbfs0Clock                           ./drivers/SDK/fsl_clock.o
CLOCK_ExternalModeToFbeModeQuick                  ./drivers/SDK/fsl_clock.o
                                                  ./drivers/SDK/power_mode_switch.o
CLOCK_GetBusClkFreq                               ./drivers/SDK/fsl_clock.o
CLOCK_GetCoreSysClkFreq                           ./drivers/SDK/fsl_clock.o
CLOCK_GetEr32kClkFreq                             ./drivers/SDK/fsl_clock.o
CLOCK_GetFixedFreqClkFreq                         ./drivers/SDK/fsl_clock.o
CLOCK_GetFlashClkFreq                             ./drivers/SDK/fsl_clock.o
CLOCK_GetFlexBusClkFreq                           ./drivers/SDK/fsl_clock.o
CLOCK_GetFllFreq                                  ./drivers/SDK/fsl_clock.o
CLOCK_GetFreq                                     ./drivers/SDK/fsl_clock.o
                                                  ./component/SD/sdmmc_config.o
                                                  ./component/SD/fsl_sd.o
                                                  ./drivers/HAL/SPI_wrapper.o
                                                  ./drivers/HAL/I2CWrapper.o
                                                  ./drivers/MCAL/uart.o
                                                  ./drivers/MCAL/SysTick.o
                                                  ./drivers/SDK/power_mode_switch.o
CLOCK_GetInternalRefClkFreq                       ./drivers/SDK/fsl_clock.o
CLOCK_GetMode                                     ./drivers/SDK/fsl_clock.o
CLOCK_GetOsc0ErClkFreq                            ./drivers/SDK/fsl_clock.o
CLOCK_GetOutClkFreq                               ./drivers/SDK/fsl_clock.o