Archive member included to satisfy reference by file (symbol)

/Applications/MCUXpressoIDE_11.8.0_1165/ide/plugins/com.nxp.mcuxpresso.tools.macosx_11.8.0.202306131047/tools/bin/../lib/gcc/arm-none-eabi/12.2.1/../../../../arm-none-eabi/lib/thumb/v7e-m+fp/hard/libcr_semihost_nf.a(_cr__main.o)
                              ./startup/startup_mk64f12.o (__main)
/Applications/MCUXpressoIDE_11.8.0_1165/ide/plugins/com.nxp.mcuxpresso.tools.macosx_11.8.0.202306131047/tools/bin/../lib/gcc/arm-none-eabi/12.2.1/../../../../arm-none-eabi/lib/thumb/v7e-m+fp/hard/libcr_semihost_nf.a(_cr_assert.o)
                              ./drivers/SDK/SD/fsl_sd.o (__assertion_failed)
/Applications/MCUXpressoIDE_11.8.0_1165/ide/plugins/com.nxp.mcuxpresso.tools.macosx_11.8.0.202306131047/tools/bin/../lib/gcc/arm-none-eabi/12.2.1/../../../../arm-none-eabi/lib/thumb/v7e-m+fp/hard/libcr_semihost_nf.a(__ciob.o)
                              /Applications/MCUXpressoIDE_11.8.0_1165/ide/plugins/com.nxp.mcuxpresso.tools.macosx_11.8.0.202306131047/tools/bin/../lib/gcc/arm-none-eabi/12.2.1/../../../../arm-none-eabi/lib/thumb/v7e-m+fp/hard/libcr_semihost_nf.a(_cr_assert.o) (__Ciob)
/Applications/MCUXpressoIDE_11.8.0_1165/ide/plugins/com.nxp.mcuxpresso.tools.macosx_11.8.0.202306131047/tools/bin/../lib/gcc/arm-none-eabi/12.2.1/../../../../arm-none-eabi/lib/thumb/v7e-m+fp/hard/libcr_semihost_nf.a(__sys_appexit.o)
                              /Applications/MCUXpressoIDE_11.8.0_1165/ide/plugins/com.nxp.mcuxpresso.tools.macosx_11.8.0.202306131047/tools/bin/../lib/gcc/arm-none-eabi/12.2.1/../../../../arm-none-eabi/lib/thumb/v7e-m+fp/hard/libcr_semihost_nf.a(_cr_assert.o) (__sys_appexit)
/Applications/MCUXpressoIDE_11.8.0_1165/ide/plugins/com.nxp.mcuxpresso.tools.macosx_11.8.0.202306131047/tools/bin/../lib/gcc/arm-none-eabi/12.2.1/../../../../arm-none-eabi/lib/thumb/v7e-m+fp/hard/libcr_c.a(memcpy.o)
                              ./drivers/SDK/SD/fsl_sd.o (memcpy)
/Applications/MCUXpressoIDE_11.8.0_1165/ide/plugins/com.nxp.mcuxpresso.tools.macosx_11.8.0.202306131047/tools/bin/../lib/gcc/arm-none-eabi/12.2.1/../../../../arm-none-eabi/lib/thumb/v7e-m+fp/hard/libcr_c.a(memmove.o)
                              ./component/helix/mp3dec.o (memmove)
/Applications/MCUXpressoIDE_11.8.0_1165/ide/plugins/com.nxp.mcuxpresso.tools.macosx_11.8.0.202306131047/tools/bin/../lib/gcc/arm-none-eabi/12.2.1/../../../../arm-none-eabi/lib/thumb/v7e-m+fp/hard/libcr_c.a(memset.o)
                              ./drivers/SDK/SD/fsl_sd.o (memset)
/Applications/MCUXpressoIDE_11.8.0_1165/ide/plugins/com.nxp.mcuxpresso.tools.macosx_11.8.0.202306131047/tools/bin/../lib/gcc/arm-none-eabi/12.2.1/../../../../arm-none-eabi/lib/thumb/v7e-m+fp/hard/libcr_c.a(_deferredlazyseek.o)
                              /Applications/MCUXpressoIDE_11.8.0_1165/ide/plugins/com.nxp.mcuxpresso.tools.macosx_11.8.0.202306131047/tools/bin/../lib/gcc/arm-none-eabi/12.2.1/../../../../arm-none-eabi/lib/thumb/v7e-m+fp/hard/libcr_semihost_nf.a(_cr_assert.o) (__flsbuf)
/Applications/MCUXpressoIDE_11.8.0_1165/ide/plugins/com.nxp.mcuxpresso.tools.macosx_11.8.0.202306131047/tools/bin/../lib/gcc/arm-none-eabi/12.2.1/../../../../arm-none-eabi/lib/thumb/v7e-m+fp/hard/libcr_c.a(_fflush.o)
                              /Applications/MCUXpressoIDE_11.8.0_1165/ide/plugins/com.nxp.mcuxpresso.tools.macosx_11.8.0.202306131047/tools/bin/../lib/gcc/arm-none-eabi/12.2.1/../../../../arm-none-eabi/lib/thumb/v7e-m+fp/hard/libcr_c.a(_deferredlazyseek.o) (_fflush)
/Applications/MCUXpressoIDE_11.8.0_1165/ide/plugins/com.nxp.mcuxpresso.tools.macosx_11.8.0.202306131047/tools/bin/../lib/gcc/arm-none-eabi/12.2.1/../../../../arm-none-eabi/lib/thumb/v7e-m+fp/hard/libcr_c.a(_writebuf.o)
                              /Applications/MCUXpressoIDE_11.8.0_1165/ide/plugins/com.nxp.mcuxpresso.tools.macosx_11.8.0.202306131047/tools/bin/../lib/gcc/arm-none-eabi/12.2.1/../../../../arm-none-eabi/lib/thumb/v7e-m+fp/hard/libcr_c.a(_deferredlazyseek.o) (_Cwritebuf)
/Applications/MCUXpressoIDE_11.8.0_1165/ide/plugins/com.nxp.mcuxpresso.tools.macosx_11.8.0.202306131047/tools/bin/../lib/gcc/arm-none-eabi/12.2.1/../../../../arm-none-eabi/lib/thumb/v7e-m+fp/hard/libcr_c.a(alloc.o)
                              ./drivers/SDK/fsl_common.o (malloc)
/Applications/MCUXpressoIDE_11.8.0_1165/ide/plugins/com.nxp.mcuxpresso.tools.macosx_11.8.0.202306131047/tools/bin/../lib/gcc/arm-none-eabi/12.2.1/../../../../arm-none-eabi/lib/thumb/v7e-m+fp/hard/libcr_c.a(fpprintf.o)
                              ./drivers/SDK/power_mode_switch.o (printf)
/Applications/MCUXpressoIDE_11.8.0_1165/ide/plugins/com.nxp.mcuxpresso.tools.macosx_11.8.0.202306131047/tools/bin/../lib/gcc/arm-none-eabi/12.2.1/../../../../arm-none-eabi/lib/thumb/v7e-m+fp/hard/libcr_c.a(fputs.o)
[...]
Memory Configuration

Name             Origin             Length             Attributes
PROGRAM_FLASH    0x0000000000000000 0x0000000000100000 xr
SRAM_UPPER       0x0000000020000000 0x0000000000030000 xrw
SRAM_LOWER       0x000000001fff0000 0x0000000000010000 xrw
FLEX_RAM         0x0000000014000000 0x0000000000001000 xrw
*default*        0x0000000000000000 0xffffffffffffffff

Linker script and memory map

LOAD ./startup/hardware.o
LOAD ./startup/main.o
LOAD ./startup/semihost_hardfault.o
LOAD ./startup/startup_mk64f12.o
LOAD ./source/file_manager/file_system_manager.o
LOAD ./source/fft/vumeterRefresh.o
LOAD ./source/equalizer/equalizer.o
LOAD ./source/equalizer/math_helper.o
LOAD ./source/audio_manager/audio_manager.o
LOAD ./source/FSM_1/States/Init.o
LOAD ./source/FSM_1/States/idle.o
LOAD ./source/FSM_1/FSM.o
LOAD ./source/EventQueue/queue.o
LOAD ./source/App.o
LOAD ./drivers/SDK/SD/fsl_sd.o
LOAD ./drivers/SDK/SD/fsl_sdhc.o
LOAD ./drivers/SDK/SD/fsl_sdmmc_common.o
LOAD ./drivers/SDK/SD/fsl_sdmmc_host.o
LOAD ./drivers/SDK/SD/sdmmc_config.o
LOAD ./drivers/SDK/clock_config.o
LOAD ./drivers/SDK/fsl_clock.o
LOAD ./drivers/SDK/fsl_common.o
LOAD ./drivers/SDK/fsl_dac.o
LOAD ./drivers/SDK/fsl_dmamux.o
LOAD ./drivers/SDK/fsl_dspi.o
LOAD ./drivers/SDK/fsl_edma.o
LOAD ./drivers/SDK/fsl_i2c.o
LOAD ./drivers/SDK/fsl_pdb.o
LOAD ./drivers/SDK/fsl_pmc.o
LOAD ./drivers/SDK/fsl_rcm.o
LOAD ./drivers/SDK/fsl_rtc.o
LOAD ./drivers/SDK/fsl_smc.o
LOAD ./drivers/SDK/fsl_sysmpu.o
LOAD ./drivers/SDK/power_mode_switch.o
LOAD ./drivers/MCAL/SysTick.o
LOAD ./drivers/MCAL/ftm.o
LOAD ./drivers/MCAL/gpio.o
LOAD ./drivers/MCAL/uart.o
LOAD ./drivers/HAL/AudioPlayer.o
LOAD ./drivers/HAL/I2CWrapper.o
LOAD ./drivers/HAL/LPC845_SSD1306_OLED.o
LOAD ./drivers/HAL/OLEDdisplay.o
LOAD ./drivers/HAL/SPI_wrapper.o
LOAD ./drivers/HAL/Timer.o
LOAD ./drivers/HAL/button.o
LOAD ./drivers/HAL/daytime.o
LOAD ./drivers/HAL/decoder.o
LOAD ./drivers/HAL/encoder.o
LOAD ./drivers/HAL/matrix_display.o
LOAD ./drivers/HAL/memory_manager.o
LOAD ./device/system_MK64F12.o
LOAD ./component/lists/generic_list.o
LOAD ./component/id3/read_id3.o
LOAD ./component/helix/real/bitstream.o
LOAD ./component/helix/real/buffers.o
LOAD ./component/helix/real/dct32.o
LOAD ./component/helix/real/dequant.o
LOAD ./component/helix/real/dqchan.o
LOAD ./component/helix/real/huffman.o
LOAD ./component/helix/real/hufftabs.o
LOAD ./component/helix/real/imdct.o
LOAD ./component/helix/real/polyphase.o
LOAD ./component/helix/real/scalfact.o
LOAD ./component/helix/real/stproc.o
LOAD ./component/helix/real/subband.o
LOAD ./component/helix/real/trigtabs_fixpt.o
LOAD ./component/helix/mp3dec.o
LOAD ./component/helix/mp3tabs.o
LOAD ./component/fatfs/fsl_sd_disk/fsl_sd_disk.o
LOAD ./component/fatfs/diskio.o
LOAD ./component/fatfs/ff.o
LOAD ./component/fatfs/ffsystem.o
LOAD ./component/fatfs/ffunicode.o
LOAD /Users/agus/Micros/Github/Micros-Grupo-5/TPS/TPFinal/libs/libarm_cortexM4lf_math.a
START GROUP
LOAD /Applications/MCUXpressoIDE_11.8.0_1165/ide/plugins/com.nxp.mcuxpresso.tools.macosx_11.8.0.202306131047/tools/bin/../lib/gcc/arm-none-eabi/12.2.1/../../../../arm-none-eabi/lib/thumb/v7e-m+fp/hard/libcr_semihost_nf.a
LOAD /Applications/MCUXpressoIDE_11.8.0_1165/ide/plugins/com.nxp.mcuxpresso.tools.macosx_11.8.0.202306131047/tools/bin/../lib/gcc/arm-none-eabi/12.2.1/../../../../arm-none-eabi/lib/thumb/v7e-m+fp/hard/libcr_c.a
LOAD /Applications/MCUXpressoIDE_11.8.0_1165/ide/plugins/com.nxp.mcuxpresso.tools.macosx_11.8.0.202306131047/tools/bin/../lib/gcc/arm-none-eabi/12.2.1/thumb/v7e-m+fp/hard/libcr_eabihelpers.a
LOAD /Applications/MCUXpressoIDE_11.8.0_1165/ide/plugins/com.nxp.mcuxpresso.tools.macosx_11.8.0.202306131047/tools/bin/../lib/gcc/arm-none-eabi/12.2.1/thumb/v7e-m+fp/hard/libgcc.a
END GROUP
                0x0000000000000000                __base_PROGRAM_FLASH = 0x0
                0x0000000000000000                __base_Flash = 0x0
                0x0000000000100000                __top_PROGRAM_FLASH = 0x100000
                0x0000000000100000                __top_Flash = 0x100000
                0x0000000020000000                __base_SRAM_UPPER = 0x20000000
                0x0000000020000000                __base_RAM = 0x20000000
                0x0000000020030000                __top_SRAM_UPPER = 0x20030000
                0x0000000020030000                __top_RAM = 0x20030000
                0x000000001fff0000                __base_SRAM_LOWER = 0x1fff0000
                0x000000001fff0000                __base_RAM2 = 0x1fff0000
                0x0000000020000000                __top_SRAM_LOWER = 0x20000000
                0x0000000020000000                __top_RAM2 = 0x20000000
                0x0000000014000000                __base_FLEX_RAM = 0x14000000
                0x0000000014000000                __base_RAM3 = 0x14000000
                0x0000000014001000                __top_FLEX_RAM = 0x14001000
                0x0000000014001000                __top_RAM3 = 0x14001000

.text           0x0000000000000000     0x6e80
 FILL mask 0xff
                0x0000000000000000                __vectors_start__ = ABSOLUTE (.)
 *(SORT_BY_ALIGNMENT(.isr_vector))
 .isr_vector    0x0000000000000000      0x198 ./startup/startup_mk64f12.o
                0x0000000000000000                __Vectors
                0x0000000000000000                g_pfnVectors
                0x0000000000000198                . = ALIGN (0x4)
                0x0000000000000198                __section_table_start = .
                0x0000000000000198                __data_section_table = .
                0x0000000000000198        0x4 LONG 0x6e80 LOADADDR (.data)
                0x000000000000019c        0x4 LONG 0x20000000 ADDR (.data)
                0x00000000000001a0        0x4 LONG 0xd8 SIZEOF (.data)
                0x00000000000001a4        0x4 LONG 0x6e80 LOADADDR (.data_RAM2)
                0x00000000000001a8        0x4 LONG 0x1fff0000 ADDR (.data_RAM2)
                0x00000000000001ac        0x4 LONG 0x0 SIZEOF (.data_RAM2)
                0x00000000000001b0        0x4 LONG 0x6e80 LOADADDR (.data_RAM3)
                0x00000000000001b4        0x4 LONG 0x14000000 ADDR (.data_RAM3)
                0x00000000000001b8        0x4 LONG 0x0 SIZEOF (.data_RAM3)
                0x00000000000001bc                __data_section_table_end = .
                0x00000000000001bc                __bss_section_table = .
                0x00000000000001bc        0x4 LONG 0x200000d8 ADDR (.bss)
                0x00000000000001c0        0x4 LONG 0x5c48 SIZEOF (.bss)
                0x00000000000001c4        0x4 LONG 0x1fff0000 ADDR (.bss_RAM2)
                0x00000000000001c8        0x4 LONG 0x0 SIZEOF (.bss_RAM2)
                0x00000000000001cc        0x4 LONG 0x14000000 ADDR (.bss_RAM3)
                0x00000000000001d0        0x4 LONG 0x0 SIZEOF (.bss_RAM3)
                0x00000000000001d4                __bss_section_table_end = .
                0x00000000000001d4                __section_table_end = .
 *(SORT_BY_ALIGNMENT(.after_vectors*))
 .after_vectors.reset
                0x00000000000001d4       0x4c ./startup/startup_mk64f12.o
                0x00000000000001d4                ResetISR
 .after_vectors
                0x0000000000000220       0x14 ./startup/startup_mk64f12.o
                0x0000000000000220                NMI_Handler
                0x0000000000000224                MemManage_Handler
                0x0000000000000226                BusFault_Handler
                0x0000000000000228                UsageFault_Handler
                0x000000000000022a                SVC_Handler
                0x000000000000022c                DebugMon_Handler
                0x000000000000022e                PendSV_Handler
                0x0000000000000232                I2S0_Tx_DriverIRQHandler
                0x0000000000000232                RTC_Seconds_DriverIRQHandler
                0x0000000000000232                LLWU_DriverIRQHandler
                0x0000000000000232                MCM_DriverIRQHandler
                0x0000000000000232                MCG_DriverIRQHandler
                0x0000000000000232                ENET_1588_Timer_DriverIRQHandler
                0x0000000000000232                DAC1_DriverIRQHandler
                0x0000000000000232                CMP1_DriverIRQHandler
                0x0000000000000232                UART5_RX_TX_DriverIRQHandler
                0x0000000000000232                FTM0_DriverIRQHandler
                0x0000000000000232                IntDefaultHandler
                0x0000000000000232                USB0_DriverIRQHandler
                0x0000000000000232                UART5_ERR_DriverIRQHandler
                0x0000000000000232                PORTC_DriverIRQHandler
                0x0000000000000232                DAC0_DriverIRQHandler
                0x0000000000000232                CMP2_DriverIRQHandler
                0x0000000000000232                UART2_ERR_DriverIRQHandler
                0x0000000000000232                LVD_LVW_DriverIRQHandler
                0x0000000000000232                PIT0_DriverIRQHandler
                0x0000000000000232                RNG_DriverIRQHandler
                0x0000000000000232                UART2_RX_TX_DriverIRQHandler
                0x0000000000000232                USBDCD_DriverIRQHandler
                0x0000000000000232                UART3_ERR_DriverIRQHandler
                0x0000000000000232                UART0_ERR_DriverIRQHandler
                0x0000000000000232                CMT_DriverIRQHandler
                0x0000000000000232                Reserved71_DriverIRQHandler
                0x0000000000000232                ADC1_DriverIRQHandler
                0x0000000000000232                PORTA_DriverIRQHandler
                0x0000000000000232                PIT3_DriverIRQHandler
                0x0000000000000232                PIT1_DriverIRQHandler
                0x0000000000000232                WDOG_EWM_DriverIRQHandler
                0x0000000000000232                PDB0_DriverIRQHandler
                0x0000000000000232                RTC_DriverIRQHandler
                0x0000000000000232                I2S0_Rx_DriverIRQHandler
                0x0000000000000232                Read_Collision_DriverIRQHandler
                0x0000000000000232                SWI_DriverIRQHandler
                0x0000000000000232                UART4_RX_TX_DriverIRQHandler
                0x0000000000000232                UART4_ERR_DriverIRQHandler
                0x0000000000000232                UART0_LON_DriverIRQHandler
                0x0000000000000232                UART3_RX_TX_DriverIRQHandler
                0x0000000000000232                ENET_Receive_DriverIRQHandler
                0x0000000000000232                ENET_Error_DriverIRQHandler
                0x0000000000000232                UART0_RX_TX_DriverIRQHandler
                0x0000000000000232                ADC0_DriverIRQHandler
                0x0000000000000232                CMP0_DriverIRQHandler
                0x0000000000000232                CAN0_DriverIRQHandler
                0x0000000000000232                FTM3_DriverIRQHandler
                0x0000000000000232                UART1_ERR_DriverIRQHandler
                0x0000000000000232                ENET_Transmit_DriverIRQHandler
                0x0000000000000232                PORTD_DriverIRQHandler
                0x0000000000000232                PORTE_DriverIRQHandler
                0x0000000000000232                FTFE_DriverIRQHandler
                0x0000000000000232                UART1_RX_TX_DriverIRQHandler
                0x0000000000000232                PORTB_DriverIRQHandler
                0x0000000000000232                LPTMR0_DriverIRQHandler
                0x0000000000000232                DMA_Error_DriverIRQHandler
                0x0000000000000232                FTM1_DriverIRQHandler
                0x0000000000000232                FTM2_DriverIRQHandler
                0x0000000000000232                PIT2_DriverIRQHandler
 .after_vectors.init_data
                0x0000000000000234       0x1e ./startup/startup_mk64f12.o
                0x0000000000000234                data_init
 .after_vectors.init_bss
                0x0000000000000252       0x12 ./startup/startup_mk64f12.o
                0x0000000000000252                bss_init
                0x0000000000000400                . = 0x400
 *fill*         0x0000000000000264      0x19c ff
                0x0000000000000400                PROVIDE (__FLASH_CONFIG_START__ = .)
 *(SORT_BY_ALIGNMENT(.FlashConfig))
 .FlashConfig   0x0000000000000400       0x10 ./startup/startup_mk64f12.o
                0x0000000000000400                Flash_Config
                0x0000000000000410                PROVIDE (__FLASH_CONFIG_END__ = .)
                0x0000000000000001                ASSERT (! ((__FLASH_CONFIG_START__ == __FLASH_CONFIG_END__)), Linker Flash Config Support Enabled, but no .FlashConfig section provided within application)
 *(SORT_BY_ALIGNMENT(.text*))
 .text.fp_display
                0x0000000000000410      0x9ec /Applications/MCUXpressoIDE_11.8.0_1165/ide/plugins/com.nxp.mcuxpresso.tools.macosx_11.8.0.202306131047/tools/bin/../lib/gcc/arm-none-eabi/12.2.1/../../../../arm-none-eabi/lib/thumb/v7e-m+fp/hard/libcr_c.a(fpprintf.o)
 *fill*         0x0000000000000dfc        0x4 ff
 .text._frexpl  0x0000000000000e00       0x70 /Applications/MCUXpressoIDE_11.8.0_1165/ide/plugins/com.nxp.mcuxpresso.tools.macosx_11.8.0.202306131047/tools/bin/../lib/gcc/arm-none-eabi/12.2.1/../../../../arm-none-eabi/lib/thumb/v7e-m+fp/hard/libcr_c.a(_frexpl.o)
                0x0000000000000e00                _frexpl
 .text._ldexpl  0x0000000000000e70       0x5c /Applications/MCUXpressoIDE_11.8.0_1165/ide/plugins/com.nxp.mcuxpresso.tools.macosx_11.8.0.202306131047/tools/bin/../lib/gcc/arm-none-eabi/12.2.1/../../../../arm-none-eabi/lib/thumb/v7e-m+fp/hard/libcr_c.a(_ldexpl.o)
                0x0000000000000e70                _ldexpl
 .text.hw_Init  0x0000000000000ecc       0xb4 ./startup/hardware.o
                0x0000000000000ecc                hw_Init
 .text.hw_EnableInterrupts
                0x0000000000000f80       0x18 ./startup/hardware.o
                0x0000000000000f80                hw_EnableInterrupts
 .text.hw_DisableInterrupts
                0x0000000000000f98       0x10 ./startup/hardware.o
                0x0000000000000f98                hw_DisableInterrupts
 .text.Idle_InitState
                0x0000000000000fa8       0x28 ./source/FSM_1/States/idle.o
                0x0000000000000fa8                Idle_InitState
 .text.get_initial_state
                0x0000000000000fd0        0x8 ./source/FSM_1/FSM.o
                0x0000000000000fd0                get_initial_state
 .text.queue_Init
                0x0000000000000fd8       0x24 ./source/EventQueue/queue.o
                0x0000000000000fd8                queue_Init
 .text.push_Queue_Element
                0x0000000000000ffc       0x48 ./source/EventQueue/queue.o
                0x0000000000000ffc                push_Queue_Element
 .text.pull_Queue_Element
                0x0000000000001044       0x3c ./source/EventQueue/queue.o
                0x0000000000001044                pull_Queue_Element
 .text.fill_queue
                0x0000000000001080       0x30 ./source/App.o
                0x0000000000001080                fill_queue
 .text.App_Run  0x00000000000010b0       0x20 ./source/App.o
                0x00000000000010b0                App_Run
 .text.testFunc
                0x00000000000010d0       0x38 ./source/App.o
                0x00000000000010d0                testFunc
 .text.App_Init
                0x0000000000001108       0x40 ./source/App.o
                0x0000000000001108                App_Init
 .text.SDHC_DriverIRQHandler
                0x0000000000001148       0x2c ./drivers/SDK/SD/fsl_sdhc.o
                0x0000000000001148                SDHC_DriverIRQHandler
 .text.BOARD_BootClockRUN
                0x0000000000001174       0x68 ./drivers/SDK/clock_config.o
                0x0000000000001174                BOARD_BootClockRUN
 .text.CLOCK_GetInternalRefClkSelectFreq
                0x00000000000011dc       0x2c ./drivers/SDK/fsl_clock.o
 .text.CLOCK_GetMcgExtClkFreq
                0x0000000000001208       0x58 ./drivers/SDK/fsl_clock.o
 .text.CLOCK_GetFllExtRefClkFreq
                0x0000000000001260       0x58 ./drivers/SDK/fsl_clock.o
 .text.CLOCK_GetOsc0ErClkFreq
                0x00000000000012b8       0x30 ./drivers/SDK/fsl_clock.o
                0x00000000000012b8                CLOCK_GetOsc0ErClkFreq
 .text.CLOCK_GetEr32kClkFreq
                0x00000000000012e8       0x50 ./drivers/SDK/fsl_clock.o
                0x00000000000012e8                CLOCK_GetEr32kClkFreq
 .text.CLOCK_SetSimConfig
                0x0000000000001338       0x3c ./drivers/SDK/fsl_clock.o
                0x0000000000001338                CLOCK_SetSimConfig
 .text.CLOCK_GetFllFreq
                0x0000000000001374       0x5c ./drivers/SDK/fsl_clock.o
                0x0000000000001374                CLOCK_GetFllFreq
 .text.CLOCK_GetInternalRefClkFreq
                0x00000000000013d0       0x1c ./drivers/SDK/fsl_clock.o
                0x00000000000013d0                CLOCK_GetInternalRefClkFreq
 .text.CLOCK_GetPll0Freq
                0x00000000000013ec       0x40 ./drivers/SDK/fsl_clock.o
                0x00000000000013ec                CLOCK_GetPll0Freq
 .text.CLOCK_GetPllFllSelClkFreq
                0x000000000000142c       0x30 ./drivers/SDK/fsl_clock.o
                0x000000000000142c                CLOCK_GetPllFllSelClkFreq
 .text.CLOCK_GetOutClkFreq
                0x000000000000145c       0x38 ./drivers/SDK/fsl_clock.o
                0x000000000000145c                CLOCK_GetOutClkFreq
 .text.CLOCK_GetFixedFreqClkFreq
                0x0000000000001494       0x30 ./drivers/SDK/fsl_clock.o
                0x0000000000001494                CLOCK_GetFixedFreqClkFreq
 .text.CLOCK_GetFreq
                0x00000000000014c4       0xac ./drivers/SDK/fsl_clock.o
                0x00000000000014c4                CLOCK_GetFreq
 .text.CLOCK_SetExternalRefClkConfig
                0x0000000000001570       0x30 ./drivers/SDK/fsl_clock.o
                0x0000000000001570                CLOCK_SetExternalRefClkConfig
 .text.CLOCK_SetInternalRefClkConfig
                0x00000000000015a0       0x94 ./drivers/SDK/fsl_clock.o
                0x00000000000015a0                CLOCK_SetInternalRefClkConfig
 .text.CLOCK_EnablePll0
                0x0000000000001634       0x48 ./drivers/SDK/fsl_clock.o
                0x0000000000001634                CLOCK_EnablePll0
 .text.CLOCK_InitOsc0
                0x000000000000167c       0x74 ./drivers/SDK/fsl_clock.o
                0x000000000000167c                CLOCK_InitOsc0
 .text.CLOCK_SetPbeMode
                0x00000000000016f0       0x60 ./drivers/SDK/fsl_clock.o
                0x00000000000016f0                CLOCK_SetPbeMode
 .text.CLOCK_BootToPeeMode
                0x0000000000001750       0x3c ./drivers/SDK/fsl_clock.o
                0x0000000000001750                CLOCK_BootToPeeMode
 .text.DAC_GetInstance
                0x000000000000178c       0x28 ./drivers/SDK/fsl_dac.o
 .text.DAC_Init
                0x00000000000017b4       0x58 ./drivers/SDK/fsl_dac.o
                0x00000000000017b4                DAC_Init
 .text.DAC_GetDefaultConfig
                0x000000000000180c       0x24 ./drivers/SDK/fsl_dac.o
                0x000000000000180c                DAC_GetDefaultConfig
 .text.DAC_SetBufferConfig
                0x0000000000001830       0x60 ./drivers/SDK/fsl_dac.o
                0x0000000000001830                DAC_SetBufferConfig
 .text.DAC_GetDefaultBufferConfig
                0x0000000000001890       0x28 ./drivers/SDK/fsl_dac.o
                0x0000000000001890                DAC_GetDefaultBufferConfig
 .text.DAC_SetBufferReadPointer
                0x00000000000018b8       0x24 ./drivers/SDK/fsl_dac.o
                0x00000000000018b8                DAC_SetBufferReadPointer
 .text.DMAMUX_GetInstance
                0x00000000000018dc       0x1c ./drivers/SDK/fsl_dmamux.o
 .text.DMAMUX_Init
                0x00000000000018f8       0x18 ./drivers/SDK/fsl_dmamux.o
                0x00000000000018f8                DMAMUX_Init
 .text.DSPI_CommonIRQHandler
                0x0000000000001910       0x34 ./drivers/SDK/fsl_dspi.o
 .text.SPI1_DriverIRQHandler
                0x0000000000001944       0x24 ./drivers/SDK/fsl_dspi.o
                0x0000000000001944                SPI1_DriverIRQHandler
 .text.SPI2_DriverIRQHandler
                0x0000000000001968       0x24 ./drivers/SDK/fsl_dspi.o
                0x0000000000001968                SPI2_DriverIRQHandler
 .text.EDMA_GetInstance
                0x000000000000198c       0x1c ./drivers/SDK/fsl_edma.o
 .text.EDMA_TransferWidthMapping
                0x00000000000019a8       0x4c ./drivers/SDK/fsl_edma.o
 .text.EDMA_InstallTCD
                0x00000000000019f4       0x94 ./drivers/SDK/fsl_edma.o
                0x00000000000019f4                EDMA_InstallTCD
 .text.EDMA_Init
                0x0000000000001a88       0x58 ./drivers/SDK/fsl_edma.o
                0x0000000000001a88                EDMA_Init
 .text.EDMA_GetDefaultConfig
                0x0000000000001ae0       0x28 ./drivers/SDK/fsl_edma.o
                0x0000000000001ae0                EDMA_GetDefaultConfig
 .text.EDMA_EnableChannelInterrupts
                0x0000000000001b08       0x58 ./drivers/SDK/fsl_edma.o
                0x0000000000001b08                EDMA_EnableChannelInterrupts
 .text.EDMA_TcdReset
                0x0000000000001b60       0x3c ./drivers/SDK/fsl_edma.o
                0x0000000000001b60                EDMA_TcdReset
 .text.EDMA_TcdSetTransferConfig
                0x0000000000001b9c       0xc4 ./drivers/SDK/fsl_edma.o
                0x0000000000001b9c                EDMA_TcdSetTransferConfig
 .text.EDMA_SetTransferConfig
                0x0000000000001c60       0x40 ./drivers/SDK/fsl_edma.o
                0x0000000000001c60                EDMA_SetTransferConfig
 .text.EDMA_ClearChannelStatusFlags
                0x0000000000001ca0       0x30 ./drivers/SDK/fsl_edma.o
                0x0000000000001ca0                EDMA_ClearChannelStatusFlags
 .text.EDMA_CreateHandle
                0x0000000000001cd0       0xb0 ./drivers/SDK/fsl_edma.o
                0x0000000000001cd0                EDMA_CreateHandle
 .text.EDMA_SetCallback
                0x0000000000001d80       0x14 ./drivers/SDK/fsl_edma.o
                0x0000000000001d80                EDMA_SetCallback
 .text.EDMA_PrepareTransferConfig
                0x0000000000001d94       0xe0 ./drivers/SDK/fsl_edma.o
                0x0000000000001d94                EDMA_PrepareTransferConfig
 .text.EDMA_PrepareTransfer
                0x0000000000001e74       0x60 ./drivers/SDK/fsl_edma.o
                0x0000000000001e74                EDMA_PrepareTransfer
 .text.EDMA_SubmitTransfer
                0x0000000000001ed4      0x1b8 ./drivers/SDK/fsl_edma.o
                0x0000000000001ed4                EDMA_SubmitTransfer
 .text.EDMA_StartTransfer
                0x000000000000208c       0x60 ./drivers/SDK/fsl_edma.o
                0x000000000000208c                EDMA_StartTransfer
 .text.EDMA_HandleIRQ
                0x00000000000020ec       0xd4 ./drivers/SDK/fsl_edma.o
                0x00000000000020ec                EDMA_HandleIRQ
 .text.DMA0_DriverIRQHandler
                0x00000000000021c0       0x14 ./drivers/SDK/fsl_edma.o
                0x00000000000021c0                DMA0_DriverIRQHandler
 .text.DMA1_DriverIRQHandler
                0x00000000000021d4       0x14 ./drivers/SDK/fsl_edma.o
                0x00000000000021d4                DMA1_DriverIRQHandler
 .text.DMA2_DriverIRQHandler
                0x00000000000021e8       0x14 ./drivers/SDK/fsl_edma.o
                0x00000000000021e8                DMA2_DriverIRQHandler
 .text.DMA3_DriverIRQHandler
                0x00000000000021fc       0x14 ./drivers/SDK/fsl_edma.o
                0x00000000000021fc                DMA3_DriverIRQHandler
 .text.DMA4_DriverIRQHandler
                0x0000000000002210       0x14 ./drivers/SDK/fsl_edma.o
                0x0000000000002210                DMA4_DriverIRQHandler
 .text.DMA5_DriverIRQHandler
                0x0000000000002224       0x14 ./drivers/SDK/fsl_edma.o
                0x0000000000002224                DMA5_DriverIRQHandler
 .text.DMA6_DriverIRQHandler
                0x0000000000002238       0x14 ./drivers/SDK/fsl_edma.o
                0x0000000000002238                DMA6_DriverIRQHandler
 .text.DMA7_DriverIRQHandler
                0x000000000000224c       0x14 ./drivers/SDK/fsl_edma.o
                0x000000000000224c                DMA7_DriverIRQHandler
 .text.DMA8_DriverIRQHandler
                0x0000000000002260       0x14 ./drivers/SDK/fsl_edma.o
                0x0000000000002260                DMA8_DriverIRQHandler
 .text.DMA9_DriverIRQHandler
                0x0000000000002274       0x14 ./drivers/SDK/fsl_edma.o
                0x0000000000002274                DMA9_DriverIRQHandler
 .text.DMA10_DriverIRQHandler
                0x0000000000002288       0x14 ./drivers/SDK/fsl_edma.o
                0x0000000000002288                DMA10_DriverIRQHandler
 .text.DMA11_DriverIRQHandler
                0x000000000000229c       0x14 ./drivers/SDK/fsl_edma.o
                0x000000000000229c                DMA11_DriverIRQHandler
 .text.DMA12_DriverIRQHandler
                0x00000000000022b0       0x14 ./drivers/SDK/fsl_edma.o
                0x00000000000022b0                DMA12_DriverIRQHandler
 .text.DMA13_DriverIRQHandler
                0x00000000000022c4       0x14 ./drivers/SDK/fsl_edma.o
                0x00000000000022c4                DMA13_DriverIRQHandler
 .text.DMA14_DriverIRQHandler
                0x00000000000022d8       0x14 ./drivers/SDK/fsl_edma.o
                0x00000000000022d8                DMA14_DriverIRQHandler
 .text.DMA15_DriverIRQHandler
                0x00000000000022ec       0x14 ./drivers/SDK/fsl_edma.o
                0x00000000000022ec                DMA15_DriverIRQHandler
 .text.I2C_TransferCommonIRQHandler
                0x0000000000002300       0x28 ./drivers/SDK/fsl_i2c.o
 .text.I2C_GetInstance
                0x0000000000002328       0x34 ./drivers/SDK/fsl_i2c.o
                0x0000000000002328                I2C_GetInstance
 .text.I2C_MasterGetDefaultConfig
                0x000000000000235c       0x2c ./drivers/SDK/fsl_i2c.o
                0x000000000000235c                I2C_MasterGetDefaultConfig
 .text.I2C_MasterSetBaudRate
                0x0000000000002388       0x78 ./drivers/SDK/fsl_i2c.o
                0x0000000000002388                I2C_MasterSetBaudRate
 .text.I2C_MasterInit
                0x0000000000002400       0xa4 ./drivers/SDK/fsl_i2c.o
                0x0000000000002400                I2C_MasterInit
 .text.I2C_MasterTransferBlocking
                0x00000000000024a4      0x188 ./drivers/SDK/fsl_i2c.o
                0x00000000000024a4                I2C_MasterTransferBlocking
 .text.I2C0_DriverIRQHandler
                0x000000000000262c       0x18 ./drivers/SDK/fsl_i2c.o
                0x000000000000262c                I2C0_DriverIRQHandler
 .text.I2C1_DriverIRQHandler
                0x0000000000002644       0x18 ./drivers/SDK/fsl_i2c.o
                0x0000000000002644                I2C1_DriverIRQHandler
 .text.I2C2_DriverIRQHandler
                0x000000000000265c       0x18 ./drivers/SDK/fsl_i2c.o
                0x000000000000265c                I2C2_DriverIRQHandler
 .text.PDB_GetInstance
                0x0000000000002674       0x1c ./drivers/SDK/fsl_pdb.o
 .text.PDB_Init
                0x0000000000002690       0x6c ./drivers/SDK/fsl_pdb.o
                0x0000000000002690                PDB_Init
 .text.PDB_GetDefaultConfig
                0x00000000000026fc       0x28 ./drivers/SDK/fsl_pdb.o
                0x00000000000026fc                PDB_GetDefaultConfig
 .text.PDB_SetDACTriggerConfig
                0x0000000000002724       0x30 ./drivers/SDK/fsl_pdb.o
                0x0000000000002724                PDB_SetDACTriggerConfig
 .text.PowerMode_Init
                0x0000000000002754       0x58 ./drivers/SDK/power_mode_switch.o
                0x0000000000002754                PowerMode_Init
 .text.SysTick_Init
                0x00000000000027ac       0x50 ./drivers/MCAL/SysTick.o
                0x00000000000027ac                SysTick_Init
 .text.SysTick_AddCallback
                0x00000000000027fc       0x48 ./drivers/MCAL/SysTick.o
                0x00000000000027fc                SysTick_AddCallback
 .text.Systick_PauseCallback
                0x0000000000002844       0x4c ./drivers/MCAL/SysTick.o
                0x0000000000002844                Systick_PauseCallback
 .text.SysTick_Handler
                0x0000000000002890       0x5c ./drivers/MCAL/SysTick.o
                0x0000000000002890                SysTick_Handler
 .text.FTM_SetPrescaler
                0x00000000000028ec       0x1c ./drivers/MCAL/ftm.o
                0x00000000000028ec                FTM_SetPrescaler
 .text.FTM_SetModulus
                0x0000000000002908       0x14 ./drivers/MCAL/ftm.o
                0x0000000000002908                FTM_SetModulus
 .text.FTM_StartClock
                0x000000000000291c       0x14 ./drivers/MCAL/ftm.o
                0x000000000000291c                FTM_StartClock
 .text.FTM_StopClock
                0x0000000000002930       0x14 ./drivers/MCAL/ftm.o
                0x0000000000002930                FTM_StopClock
 .text.FTM_SetWorkingMode
                0x0000000000002944       0x28 ./drivers/MCAL/ftm.o
                0x0000000000002944                FTM_SetWorkingMode
 .text.FTM_SetPulseWidthModulationLogic
                0x000000000000296c       0x28 ./drivers/MCAL/ftm.o
                0x000000000000296c                FTM_SetPulseWidthModulationLogic
 .text.FTM_SetInterruptMode
                0x0000000000002994       0x1c ./drivers/MCAL/ftm.o
                0x0000000000002994                FTM_SetInterruptMode
 .text.FTM_IsInterruptPending
                0x00000000000029b0       0x18 ./drivers/MCAL/ftm.o
                0x00000000000029b0                FTM_IsInterruptPending
 .text.FTM_DmaMode
                0x00000000000029c8       0x1c ./drivers/MCAL/ftm.o
                0x00000000000029c8                FTM_DmaMode
 .text.PWM_Init
                0x00000000000029e4      0x108 ./drivers/MCAL/ftm.o
                0x00000000000029e4                PWM_Init
 .text.FTM_onOM
                0x0000000000002aec       0x1c ./drivers/MCAL/ftm.o
                0x0000000000002aec                FTM_onOM
 .text.FTM_offOM
                0x0000000000002b08       0x18 ./drivers/MCAL/ftm.o
                0x0000000000002b08                FTM_offOM
 .text.FTM_GetCnVAddress
                0x0000000000002b20       0x14 ./drivers/MCAL/ftm.o
                0x0000000000002b20                FTM_GetCnVAddress
 .text.gpioMode
                0x0000000000002b34       0x9c ./drivers/MCAL/gpio.o
                0x0000000000002b34                gpioMode
 .text.gpioToggle
                0x0000000000002bd0       0x1c ./drivers/MCAL/gpio.o
                0x0000000000002bd0                gpioToggle
 .text.gpioRead
                0x0000000000002bec       0x20 ./drivers/MCAL/gpio.o
                0x0000000000002bec                gpioRead
 .text.interruptHandler
                0x0000000000002c0c       0x54 ./drivers/MCAL/gpio.o
                0x0000000000002c0c                interruptHandler
 .text.UART_rx_tx_irq_handler
                0x0000000000002c60       0xd8 ./drivers/MCAL/uart.o
                0x0000000000002c60                UART_rx_tx_irq_handler
 .text.UART0_RX_TX_IRQHandler
                0x0000000000002d38       0x20 ./drivers/MCAL/uart.o
                0x0000000000002d38                UART0_RX_TX_IRQHandler
 .text.UART1_RX_TX_IRQHandler
                0x0000000000002d58       0x20 ./drivers/MCAL/uart.o
                0x0000000000002d58                UART1_RX_TX_IRQHandler
 .text.UART2_RX_TX_IRQHandler
                0x0000000000002d78       0x20 ./drivers/MCAL/uart.o
                0x0000000000002d78                UART2_RX_TX_IRQHandler
 .text.UART3_RX_TX_IRQHandler
                0x0000000000002d98       0x20 ./drivers/MCAL/uart.o
                0x0000000000002d98                UART3_RX_TX_IRQHandler
 .text.UART4_RX_TX_IRQHandler
                0x0000000000002db8       0x20 ./drivers/MCAL/uart.o
                0x0000000000002db8                UART4_RX_TX_IRQHandler
 .text.Edma_Callback
                0x0000000000002dd8       0xb4 ./drivers/HAL/AudioPlayer.o
 .text.AudioPlayer_Init
                0x0000000000002e8c       0xe0 ./drivers/HAL/AudioPlayer.o
                0x0000000000002e8c                AudioPlayer_Init
 .text.AudioPlayer_IsBackBufferFree
                0x0000000000002f6c        0xc ./drivers/HAL/AudioPlayer.o
                0x0000000000002f6c                AudioPlayer_IsBackBufferFree
 .text.I2C_InitModule
                0x0000000000002f78       0x2c ./drivers/HAL/I2CWrapper.o
                0x0000000000002f78                I2C_InitModule
 .text.BOARD_InitPins
                0x0000000000002fa4       0x2c ./drivers/HAL/I2CWrapper.o
                0x0000000000002fa4                BOARD_InitPins
 .text.BOARD_I2C_ConfigurePins
                0x0000000000002fd0       0x24 ./drivers/HAL/I2CWrapper.o
                0x0000000000002fd0                BOARD_I2C_ConfigurePins
 .text.OLED_Command
                0x0000000000002ff4       0x38 ./drivers/HAL/OLEDdisplay.o
 .text.OLED_Refresh
                0x000000000000302c       0x50 ./drivers/HAL/OLEDdisplay.o
                0x000000000000302c                OLED_Refresh
 .text.OLED_Clear
                0x000000000000307c       0x14 ./drivers/HAL/OLEDdisplay.o
                0x000000000000307c                OLED_Clear
 .text.OLED_Init
                0x0000000000003090      0x114 ./drivers/HAL/OLEDdisplay.o
                0x0000000000003090                OLED_Init
 .text.OLED_Set_Pixel
                0x00000000000031a4       0x50 ./drivers/HAL/OLEDdisplay.o
                0x00000000000031a4                OLED_Set_Pixel
 .text.OLED_Set_Text
                0x00000000000031f4      0x1c0 ./drivers/HAL/OLEDdisplay.o
                0x00000000000031f4                OLED_Set_Text
 .text.OLED_Copy_Image
                0x00000000000033b4       0x2c ./drivers/HAL/OLEDdisplay.o
                0x00000000000033b4                OLED_Copy_Image
 .text.OLEDisInit
                0x00000000000033e0        0xc ./drivers/HAL/OLEDdisplay.o
                0x00000000000033e0                OLEDisInit
 .text.SPI0_IRQHandler
                0x00000000000033ec       0x9c ./drivers/HAL/SPI_wrapper.o
                0x00000000000033ec                SPI0_IRQHandler
 .text.Timer_Init
                0x0000000000003488       0x30 ./drivers/HAL/Timer.o
                0x0000000000003488                Timer_Init
 .text.Timer_AddCallback
                0x00000000000034b8       0x60 ./drivers/HAL/Timer.o
                0x00000000000034b8                Timer_AddCallback
 .text.Timer_Delete
                0x0000000000003518       0x90 ./drivers/HAL/Timer.o
                0x0000000000003518                Timer_Delete
 .text.Timer_PISR
                0x00000000000035a8       0x50 ./drivers/HAL/Timer.o
 .text.lookForMoves
                0x00000000000035f8       0x7c ./drivers/HAL/encoder.o
                0x00000000000035f8                lookForMoves
 .text.Encoder_Init
                0x0000000000003674       0x50 ./drivers/HAL/encoder.o
                0x0000000000003674                Encoder_Init
 .text.md_dmaCallback
                0x00000000000036c4       0x38 ./drivers/HAL/matrix_display.o
 .text.md_timerCallback
                0x00000000000036fc       0xa4 ./drivers/HAL/matrix_display.o
 .text.md_Init  0x00000000000037a0      0x12c ./drivers/HAL/matrix_display.o
                0x00000000000037a0                md_Init
 .text.SystemInit
                0x00000000000038cc       0x34 ./device/system_MK64F12.o
                0x00000000000038cc                SystemInit
 .text.__assertion_failed
                0x0000000000003900       0x4c /Applications/MCUXpressoIDE_11.8.0_1165/ide/plugins/com.nxp.mcuxpresso.tools.macosx_11.8.0.202306131047/tools/bin/../lib/gcc/arm-none-eabi/12.2.1/../../../../arm-none-eabi/lib/thumb/v7e-m+fp/hard/libcr_semihost_nf.a(_cr_assert.o)
                0x0000000000003900                __assertion_failed
 .text.__sys_appexit
                0x000000000000394c        0xc /Applications/MCUXpressoIDE_11.8.0_1165/ide/plugins/com.nxp.mcuxpresso.tools.macosx_11.8.0.202306131047/tools/bin/../lib/gcc/arm-none-eabi/12.2.1/../../../../arm-none-eabi/lib/thumb/v7e-m+fp/hard/libcr_semihost_nf.a(__sys_appexit.o)
                0x000000000000394c                __exit
                0x000000000000394c                __sys_appexit
 .text._Cwritebuf
                0x0000000000003958       0x6c /Applications/MCUXpressoIDE_11.8.0_1165/ide/plugins/com.nxp.mcuxpresso.tools.macosx_11.8.0.202306131047/tools/bin/../lib/gcc/arm-none-eabi/12.2.1/../../../../arm-none-eabi/lib/thumb/v7e-m+fp/hard/libcr_c.a(_writebuf.o)
                0x0000000000003958                _Cwritebuf
 .text.malloc   0x00000000000039c4       0xe8 /Applications/MCUXpressoIDE_11.8.0_1165/ide/plugins/com.nxp.mcuxpresso.tools.macosx_11.8.0.202306131047/tools/bin/../lib/gcc/arm-none-eabi/12.2.1/../../../../arm-none-eabi/lib/thumb/v7e-m+fp/hard/libcr_c.a(alloc.o)
                0x00000000000039c4                malloc
 .text._Csys_alloc
                0x0000000000003aac       0x20 /Applications/MCUXpressoIDE_11.8.0_1165/ide/plugins/com.nxp.mcuxpresso.tools.macosx_11.8.0.202306131047/tools/bin/../lib/gcc/arm-none-eabi/12.2.1/../../../../arm-none-eabi/lib/thumb/v7e-m+fp/hard/libcr_c.a(alloc.o)
                0x0000000000003aac                _Csys_alloc
 .text.sprintf  0x0000000000003acc       0x6c /Applications/MCUXpressoIDE_11.8.0_1165/ide/plugins/com.nxp.mcuxpresso.tools.macosx_11.8.0.202306131047/tools/bin/../lib/gcc/arm-none-eabi/12.2.1/../../../../arm-none-eabi/lib/thumb/v7e-m+fp/hard/libcr_c.a(fpprintf.o)
                0x0000000000003acc                sprintf
 .text.vsnprintf
                0x0000000000003b38       0x68 /Applications/MCUXpressoIDE_11.8.0_1165/ide/plugins/com.nxp.mcuxpresso.tools.macosx_11.8.0.202306131047/tools/bin/../lib/gcc/arm-none-eabi/12.2.1/../../../../arm-none-eabi/lib/thumb/v7e-m+fp/hard/libcr_c.a(fpprintf.o)
                0x0000000000003b38                vsnprintf
 .text.printf   0x0000000000003ba0       0x54 /Applications/MCUXpressoIDE_11.8.0_1165/ide/plugins/com.nxp.mcuxpresso.tools.macosx_11.8.0.202306131047/tools/bin/../lib/gcc/arm-none-eabi/12.2.1/../../../../arm-none-eabi/lib/thumb/v7e-m+fp/hard/libcr_c.a(fpprintf.o)
                0x0000000000003ba0                printf
 .text.fseek    0x0000000000003bf4       0xf8 /Applications/MCUXpressoIDE_11.8.0_1165/ide/plugins/com.nxp.mcuxpresso.tools.macosx_11.8.0.202306131047/tools/bin/../lib/gcc/arm-none-eabi/12.2.1/../../../../arm-none-eabi/lib/thumb/v7e-m+fp/hard/libcr_c.a(fseek.o)
                0x0000000000003bf4                fseek
 .text.ftell    0x0000000000003cec       0x44 /Applications/MCUXpressoIDE_11.8.0_1165/ide/plugins/com.nxp.mcuxpresso.tools.macosx_11.8.0.202306131047/tools/bin/../lib/gcc/arm-none-eabi/12.2.1/../../../../arm-none-eabi/lib/thumb/v7e-m+fp/hard/libcr_c.a(ftell.o)
                0x0000000000003cec                ftell
 .text._initio  0x0000000000003d30       0x78 /Applications/MCUXpressoIDE_11.8.0_1165/ide/plugins/com.nxp.mcuxpresso.tools.macosx_11.8.0.202306131047/tools/bin/../lib/gcc/arm-none-eabi/12.2.1/../../../../arm-none-eabi/lib/thumb/v7e-m+fp/hard/libcr_c.a(initio.o)
                0x0000000000003d30                _initio
 .text.__vfprintf
                0x0000000000003da8      0xb80 /Applications/MCUXpressoIDE_11.8.0_1165/ide/plugins/com.nxp.mcuxpresso.tools.macosx_11.8.0.202306131047/tools/bin/../lib/gcc/arm-none-eabi/12.2.1/../../../../arm-none-eabi/lib/thumb/v7e-m+fp/hard/libcr_c.a(printf.o)
                0x0000000000003da8                __vfprintf
 .text._sbrk    0x0000000000004928       0x3c /Applications/MCUXpressoIDE_11.8.0_1165/ide/plugins/com.nxp.mcuxpresso.tools.macosx_11.8.0.202306131047/tools/bin/../lib/gcc/arm-none-eabi/12.2.1/../../../../arm-none-eabi/lib/thumb/v7e-m+fp/hard/libcr_c.a(_cr_sbrk.o)
                0x0000000000004928                _sbrk
 .text.fflush   0x0000000000004964       0x3c /Applications/MCUXpressoIDE_11.8.0_1165/ide/plugins/com.nxp.mcuxpresso.tools.macosx_11.8.0.202306131047/tools/bin/../lib/gcc/arm-none-eabi/12.2.1/../../../../arm-none-eabi/lib/thumb/v7e-m+fp/hard/libcr_c.a(fflush.o)
                0x0000000000004964                fflush
 .text.__check_heap_overflow
                0x00000000000049a0       0x18 /Applications/MCUXpressoIDE_11.8.0_1165/ide/plugins/com.nxp.mcuxpresso.tools.macosx_11.8.0.202306131047/tools/bin/../lib/gcc/arm-none-eabi/12.2.1/../../../../arm-none-eabi/lib/thumb/v7e-m+fp/hard/libcr_c.a(_cr_check_heap.o)
                0x00000000000049a0                __check_heap_overflow
 .text.__aeabi_dmul
                0x00000000000049b8       0xfc /Applications/MCUXpressoIDE_11.8.0_1165/ide/plugins/com.nxp.mcuxpresso.tools.macosx_11.8.0.202306131047/tools/bin/../lib/gcc/arm-none-eabi/12.2.1/thumb/v7e-m+fp/hard/libcr_eabihelpers.a(double.o)
                0x00000000000049b8                __aeabi_dmul
 .text.__aeabi_ddiv
                0x0000000000004ab4      0x12c /Applications/MCUXpressoIDE_11.8.0_1165/ide/plugins/com.nxp.mcuxpresso.tools.macosx_11.8.0.202306131047/tools/bin/../lib/gcc/arm-none-eabi/12.2.1/thumb/v7e-m+fp/hard/libcr_eabihelpers.a(double.o)
                0x0000000000004ab4                __aeabi_ddiv
 .text.__aeabi_dsub
                0x0000000000004be0      0x1b4 /Applications/MCUXpressoIDE_11.8.0_1165/ide/plugins/com.nxp.mcuxpresso.tools.macosx_11.8.0.202306131047/tools/bin/../lib/gcc/arm-none-eabi/12.2.1/thumb/v7e-m+fp/hard/libcr_eabihelpers.a(double.o)
                0x0000000000004be0                __aeabi_dsub
 .text.__aeabi_dadd
                0x0000000000004d94      0x138 /Applications/MCUXpressoIDE_11.8.0_1165/ide/plugins/com.nxp.mcuxpresso.tools.macosx_11.8.0.202306131047/tools/bin/../lib/gcc/arm-none-eabi/12.2.1/thumb/v7e-m+fp/hard/libcr_eabihelpers.a(double.o)
                0x0000000000004d94                __aeabi_dadd
 .text.main     0x0000000000004ecc       0x18 ./startup/main.o
                0x0000000000004ecc                main
 .text.HardFault_Handler
                0x0000000000004ee4       0x2a ./startup/semihost_hardfault.o
                0x0000000000004ee4                HardFault_Handler
 .text.DMA0_IRQHandler
                0x0000000000004f0e        0x8 ./startup/startup_mk64f12.o
                0x0000000000004f0e                DMA0_IRQHandler
 .text.DMA1_IRQHandler
                0x0000000000004f16        0x8 ./startup/startup_mk64f12.o
                0x0000000000004f16                DMA1_IRQHandler
 .text.DMA2_IRQHandler
                0x0000000000004f1e        0x8 ./startup/startup_mk64f12.o
                0x0000000000004f1e                DMA2_IRQHandler
 .text.DMA3_IRQHandler
                0x0000000000004f26        0x8 ./startup/startup_mk64f12.o
                0x0000000000004f26                DMA3_IRQHandler
 .text.DMA4_IRQHandler
                0x0000000000004f2e        0x8 ./startup/startup_mk64f12.o
                0x0000000000004f2e                DMA4_IRQHandler
 .text.DMA5_IRQHandler
                0x0000000000004f36        0x8 ./startup/startup_mk64f12.o
                0x0000000000004f36                DMA5_IRQHandler
 .text.DMA6_IRQHandler
                0x0000000000004f3e        0x8 ./startup/startup_mk64f12.o
                0x0000000000004f3e                DMA6_IRQHandler
 .text.DMA7_IRQHandler
                0x0000000000004f46        0x8 ./startup/startup_mk64f12.o
                0x0000000000004f46                DMA7_IRQHandler
 .text.DMA8_IRQHandler
                0x0000000000004f4e        0x8 ./startup/startup_mk64f12.o
                0x0000000000004f4e                DMA8_IRQHandler
 .text.DMA9_IRQHandler
                0x0000000000004f56        0x8 ./startup/startup_mk64f12.o
                0x0000000000004f56                DMA9_IRQHandler
 .text.DMA10_IRQHandler
                0x0000000000004f5e        0x8 ./startup/startup_mk64f12.o
                0x0000000000004f5e                DMA10_IRQHandler
 .text.DMA11_IRQHandler
                0x0000000000004f66        0x8 ./startup/startup_mk64f12.o
                0x0000000000004f66                DMA11_IRQHandler
 .text.DMA12_IRQHandler
                0x0000000000004f6e        0x8 ./startup/startup_mk64f12.o
                0x0000000000004f6e                DMA12_IRQHandler
 .text.DMA13_IRQHandler
                0x0000000000004f76        0x8 ./startup/startup_mk64f12.o
                0x0000000000004f76                DMA13_IRQHandler
 .text.DMA14_IRQHandler
                0x0000000000004f7e        0x8 ./startup/startup_mk64f12.o
                0x0000000000004f7e                DMA14_IRQHandler
 .text.DMA15_IRQHandler
                0x0000000000004f86        0x8 ./startup/startup_mk64f12.o
                0x0000000000004f86                DMA15_IRQHandler
 .text.DMA_Error_IRQHandler
                0x0000000000004f8e        0x8 ./startup/startup_mk64f12.o
                0x0000000000004f8e                DMA_Error_IRQHandler
 .text.MCM_IRQHandler
                0x0000000000004f96        0x8 ./startup/startup_mk64f12.o
                0x0000000000004f96                MCM_IRQHandler
 .text.FTFE_IRQHandler
                0x0000000000004f9e        0x8 ./startup/startup_mk64f12.o
                0x0000000000004f9e                FTFE_IRQHandler
 .text.Read_Collision_IRQHandler
                0x0000000000004fa6        0x8 ./startup/startup_mk64f12.o
                0x0000000000004fa6                Read_Collision_IRQHandler
 .text.LVD_LVW_IRQHandler
                0x0000000000004fae        0x8 ./startup/startup_mk64f12.o
                0x0000000000004fae                LVD_LVW_IRQHandler
 .text.LLWU_IRQHandler
                0x0000000000004fb6        0x8 ./startup/startup_mk64f12.o
                0x0000000000004fb6                LLWU_IRQHandler
 .text.WDOG_EWM_IRQHandler
                0x0000000000004fbe        0x8 ./startup/startup_mk64f12.o
                0x0000000000004fbe                WDOG_EWM_IRQHandler
 .text.RNG_IRQHandler
                0x0000000000004fc6        0x8 ./startup/startup_mk64f12.o
                0x0000000000004fc6                RNG_IRQHandler
 .text.I2C0_IRQHandler
                0x0000000000004fce        0x8 ./startup/startup_mk64f12.o
                0x0000000000004fce                I2C0_IRQHandler
 .text.I2C1_IRQHandler
                0x0000000000004fd6        0x8 ./startup/startup_mk64f12.o
                0x0000000000004fd6                I2C1_IRQHandler
 .text.SPI1_IRQHandler
                0x0000000000004fde        0x8 ./startup/startup_mk64f12.o
                0x0000000000004fde                SPI1_IRQHandler
 .text.I2S0_Tx_IRQHandler
                0x0000000000004fe6        0x8 ./startup/startup_mk64f12.o
                0x0000000000004fe6                I2S0_Tx_IRQHandler
 .text.I2S0_Rx_IRQHandler
                0x0000000000004fee        0x8 ./startup/startup_mk64f12.o
                0x0000000000004fee                I2S0_Rx_IRQHandler
 .text.UART0_LON_IRQHandler
                0x0000000000004ff6        0x8 ./startup/startup_mk64f12.o
                0x0000000000004ff6                UART0_LON_IRQHandler
 .text.UART0_ERR_IRQHandler
                0x0000000000004ffe        0x8 ./startup/startup_mk64f12.o
                0x0000000000004ffe                UART0_ERR_IRQHandler
 .text.UART1_ERR_IRQHandler
                0x0000000000005006        0x8 ./startup/startup_mk64f12.o
                0x0000000000005006                UART1_ERR_IRQHandler
 .text.UART2_ERR_IRQHandler
                0x000000000000500e        0x8 ./startup/startup_mk64f12.o
                0x000000000000500e                UART2_ERR_IRQHandler
 .text.UART3_ERR_IRQHandler
                0x0000000000005016        0x8 ./startup/startup_mk64f12.o
                0x0000000000005016                UART3_ERR_IRQHandler
 .text.ADC0_IRQHandler
                0x000000000000501e        0x8 ./startup/startup_mk64f12.o
                0x000000000000501e                ADC0_IRQHandler
 .text.CMP0_IRQHandler
                0x0000000000005026        0x8 ./startup/startup_mk64f12.o
                0x0000000000005026                CMP0_IRQHandler
 .text.CMP1_IRQHandler
                0x000000000000502e        0x8 ./startup/startup_mk64f12.o
                0x000000000000502e                CMP1_IRQHandler
 .text.FTM0_IRQHandler
                0x0000000000005036        0x8 ./startup/startup_mk64f12.o
                0x0000000000005036                FTM0_IRQHandler
 .text.FTM1_IRQHandler
                0x000000000000503e        0x8 ./startup/startup_mk64f12.o
                0x000000000000503e                FTM1_IRQHandler
 .text.FTM2_IRQHandler
                0x0000000000005046        0x8 ./startup/startup_mk64f12.o
                0x0000000000005046                FTM2_IRQHandler
 .text.CMT_IRQHandler
                0x000000000000504e        0x8 ./startup/startup_mk64f12.o
                0x000000000000504e                CMT_IRQHandler
 .text.RTC_IRQHandler
                0x0000000000005056        0x8 ./startup/startup_mk64f12.o
                0x0000000000005056                RTC_IRQHandler
 .text.RTC_Seconds_IRQHandler
                0x000000000000505e        0x8 ./startup/startup_mk64f12.o
                0x000000000000505e                RTC_Seconds_IRQHandler
 .text.PIT0_IRQHandler
                0x0000000000005066        0x8 ./startup/startup_mk64f12.o
                0x0000000000005066                PIT0_IRQHandler
 .text.PIT1_IRQHandler
                0x000000000000506e        0x8 ./startup/startup_mk64f12.o
                0x000000000000506e                PIT1_IRQHandler
 .text.PIT2_IRQHandler
                0x0000000000005076        0x8 ./startup/startup_mk64f12.o
                0x0000000000005076                PIT2_IRQHandler
 .text.PIT3_IRQHandler
                0x000000000000507e        0x8 ./startup/startup_mk64f12.o
                0x000000000000507e                PIT3_IRQHandler
 .text.PDB0_IRQHandler
                0x0000000000005086        0x8 ./startup/startup_mk64f12.o
                0x0000000000005086                PDB0_IRQHandler
 .text.USB0_IRQHandler
                0x000000000000508e        0x8 ./startup/startup_mk64f12.o
                0x000000000000508e                USB0_IRQHandler
 .text.USBDCD_IRQHandler
                0x0000000000005096        0x8 ./startup/startup_mk64f12.o
                0x0000000000005096                USBDCD_IRQHandler
 .text.Reserved71_IRQHandler
                0x000000000000509e        0x8 ./startup/startup_mk64f12.o
                0x000000000000509e                Reserved71_IRQHandler
 .text.DAC0_IRQHandler
                0x00000000000050a6        0x8 ./startup/startup_mk64f12.o
                0x00000000000050a6                DAC0_IRQHandler
 .text.MCG_IRQHandler
                0x00000000000050ae        0x8 ./startup/startup_mk64f12.o
                0x00000000000050ae                MCG_IRQHandler
 .text.LPTMR0_IRQHandler
                0x00000000000050b6        0x8 ./startup/startup_mk64f12.o
                0x00000000000050b6                LPTMR0_IRQHandler
 .text.SWI_IRQHandler
                0x00000000000050be        0x8 ./startup/startup_mk64f12.o
                0x00000000000050be                SWI_IRQHandler
 .text.SPI2_IRQHandler
                0x00000000000050c6        0x8 ./startup/startup_mk64f12.o
                0x00000000000050c6                SPI2_IRQHandler
 .text.UART4_ERR_IRQHandler
                0x00000000000050ce        0x8 ./startup/startup_mk64f12.o
                0x00000000000050ce                UART4_ERR_IRQHandler
 .text.UART5_RX_TX_IRQHandler
                0x00000000000050d6        0x8 ./startup/startup_mk64f12.o
                0x00000000000050d6                UART5_RX_TX_IRQHandler
 .text.UART5_ERR_IRQHandler
                0x00000000000050de        0x8 ./startup/startup_mk64f12.o
                0x00000000000050de                UART5_ERR_IRQHandler
 .text.CMP2_IRQHandler
                0x00000000000050e6        0x8 ./startup/startup_mk64f12.o
                0x00000000000050e6                CMP2_IRQHandler
 .text.FTM3_IRQHandler
                0x00000000000050ee        0x8 ./startup/startup_mk64f12.o
                0x00000000000050ee                FTM3_IRQHandler
 .text.DAC1_IRQHandler
                0x00000000000050f6        0x8 ./startup/startup_mk64f12.o
                0x00000000000050f6                DAC1_IRQHandler
 .text.ADC1_IRQHandler
                0x00000000000050fe        0x8 ./startup/startup_mk64f12.o
                0x00000000000050fe                ADC1_IRQHandler
 .text.I2C2_IRQHandler
                0x0000000000005106        0x8 ./startup/startup_mk64f12.o
                0x0000000000005106                I2C2_IRQHandler
 .text.CAN0_ORed_Message_buffer_IRQHandler
                0x000000000000510e        0x8 ./startup/startup_mk64f12.o
                0x000000000000510e                CAN0_ORed_Message_buffer_IRQHandler
 .text.CAN0_Bus_Off_IRQHandler
                0x0000000000005116        0x8 ./startup/startup_mk64f12.o
                0x0000000000005116                CAN0_Bus_Off_IRQHandler
 .text.CAN0_Error_IRQHandler
                0x000000000000511e        0x8 ./startup/startup_mk64f12.o
                0x000000000000511e                CAN0_Error_IRQHandler
 .text.CAN0_Tx_Warning_IRQHandler
                0x0000000000005126        0x8 ./startup/startup_mk64f12.o
                0x0000000000005126                CAN0_Tx_Warning_IRQHandler
 .text.CAN0_Rx_Warning_IRQHandler
                0x000000000000512e        0x8 ./startup/startup_mk64f12.o
                0x000000000000512e                CAN0_Rx_Warning_IRQHandler
 .text.CAN0_Wake_Up_IRQHandler
                0x0000000000005136        0x8 ./startup/startup_mk64f12.o
                0x0000000000005136                CAN0_Wake_Up_IRQHandler
 .text.SDHC_IRQHandler
                0x000000000000513e        0x8 ./startup/startup_mk64f12.o
                0x000000000000513e                SDHC_IRQHandler
 .text.ENET_1588_Timer_IRQHandler
                0x0000000000005146        0x8 ./startup/startup_mk64f12.o
                0x0000000000005146                ENET_1588_Timer_IRQHandler
 .text.ENET_Transmit_IRQHandler
                0x000000000000514e        0x8 ./startup/startup_mk64f12.o
                0x000000000000514e                ENET_Transmit_IRQHandler
 .text.ENET_Receive_IRQHandler
                0x0000000000005156        0x8 ./startup/startup_mk64f12.o
                0x0000000000005156                ENET_Receive_IRQHandler
 .text.ENET_Error_IRQHandler
                0x000000000000515e        0x8 ./startup/startup_mk64f12.o
                0x000000000000515e                ENET_Error_IRQHandler
 .text.startProgram
                0x0000000000005166        0x8 ./source/FSM_1/States/Init.o
                0x0000000000005166                startProgram
 .text.Idle_OnUserInteraction
                0x000000000000516e        0x2 ./source/FSM_1/States/idle.o
                0x000000000000516e                Idle_OnUserInteraction
 .text.pass     0x0000000000005170        0x2 ./source/FSM_1/FSM.o
 .text.fsm_dispatcher
                0x0000000000005172       0x1e ./source/FSM_1/FSM.o
                0x0000000000005172                fsm_dispatcher
 .text.start_fsm
                0x0000000000005190        0x2 ./source/FSM_1/FSM.o
                0x0000000000005190                start_fsm
 .text.BOARD_InitBootClocks
                0x0000000000005192        0x8 ./drivers/SDK/clock_config.o
                0x0000000000005192                BOARD_InitBootClocks
 .text.I2C_CheckAndClearError
                0x000000000000519a       0x1e ./drivers/SDK/fsl_i2c.o
 .text.I2C_MasterStop
                0x00000000000051b8       0x14 ./drivers/SDK/fsl_i2c.o
                0x00000000000051b8                I2C_MasterStop
 .text.I2C_MasterGetStatusFlags
                0x00000000000051cc       0x20 ./drivers/SDK/fsl_i2c.o
                0x00000000000051cc                I2C_MasterGetStatusFlags
 .text.I2C_MasterStart
                0x00000000000051ec       0x34 ./drivers/SDK/fsl_i2c.o
                0x00000000000051ec                I2C_MasterStart
 .text.I2C_MasterRepeatedStart
                0x0000000000005220       0x54 ./drivers/SDK/fsl_i2c.o
                0x0000000000005220                I2C_MasterRepeatedStart
 .text.I2C_MasterWriteBlocking
                0x0000000000005274       0x8c ./drivers/SDK/fsl_i2c.o
                0x0000000000005274                I2C_MasterWriteBlocking
 .text.I2C_MasterReadBlocking
                0x0000000000005300       0x82 ./drivers/SDK/fsl_i2c.o
                0x0000000000005300                I2C_MasterReadBlocking
 .text.getArrayEffectiveLength
                0x0000000000005382       0x16 ./drivers/MCAL/SysTick.o
 .text.PORTA_IRQHandler
                0x0000000000005398       0x18 ./drivers/MCAL/gpio.o
                0x0000000000005398                PORTA_IRQHandler
 .text.PORTB_IRQHandler
                0x00000000000053b0       0x18 ./drivers/MCAL/gpio.o
                0x00000000000053b0                PORTB_IRQHandler
 .text.PORTC_IRQHandler
                0x00000000000053c8       0x18 ./drivers/MCAL/gpio.o
                0x00000000000053c8                PORTC_IRQHandler
 .text.PORTD_IRQHandler
                0x00000000000053e0       0x18 ./drivers/MCAL/gpio.o
                0x00000000000053e0                PORTD_IRQHandler
 .text.PORTE_IRQHandler
                0x00000000000053f8       0x18 ./drivers/MCAL/gpio.o
                0x00000000000053f8                PORTE_IRQHandler
 .text.OLED_Reset
                0x0000000000005410       0x16 ./drivers/HAL/OLEDdisplay.o
 .text.getArrayEffectiveLength
                0x0000000000005426       0x16 ./drivers/HAL/Timer.o
 .text.SystemInitHook
                0x000000000000543c        0x2 ./device/system_MK64F12.o
                0x000000000000543c                SystemInitHook
 .text.__main   0x000000000000543e        0xe /Applications/MCUXpressoIDE_11.8.0_1165/ide/plugins/com.nxp.mcuxpresso.tools.macosx_11.8.0.202306131047/tools/bin/../lib/gcc/arm-none-eabi/12.2.1/../../../../arm-none-eabi/lib/thumb/v7e-m+fp/hard/libcr_semihost_nf.a(_cr__main.o)
                0x000000000000543e                __main
                0x000000000000543e                __CR_SEMIHOST
 .text.memset   0x000000000000544c        0x4 /Applications/MCUXpressoIDE_11.8.0_1165/ide/plugins/com.nxp.mcuxpresso.tools.macosx_11.8.0.202306131047/tools/bin/../lib/gcc/arm-none-eabi/12.2.1/../../../../arm-none-eabi/lib/thumb/v7e-m+fp/hard/libcr_c.a(memset.o)
                0x000000000000544c                memset
 .text._deferredlazyseek
                0x0000000000005450       0x40 /Applications/MCUXpressoIDE_11.8.0_1165/ide/plugins/com.nxp.mcuxpresso.tools.macosx_11.8.0.202306131047/tools/bin/../lib/gcc/arm-none-eabi/12.2.1/../../../../arm-none-eabi/lib/thumb/v7e-m+fp/hard/libcr_c.a(_deferredlazyseek.o)
                0x0000000000005450                _deferredlazyseek
 .text.__flsbuf
                0x0000000000005490      0x140 /Applications/MCUXpressoIDE_11.8.0_1165/ide/plugins/com.nxp.mcuxpresso.tools.macosx_11.8.0.202306131047/tools/bin/../lib/gcc/arm-none-eabi/12.2.1/../../../../arm-none-eabi/lib/thumb/v7e-m+fp/hard/libcr_c.a(_deferredlazyseek.o)
                0x0000000000005490                __flsbuf
 .text._fflush  0x00000000000055d0       0x52 /Applications/MCUXpressoIDE_11.8.0_1165/ide/plugins/com.nxp.mcuxpresso.tools.macosx_11.8.0.202306131047/tools/bin/../lib/gcc/arm-none-eabi/12.2.1/../../../../arm-none-eabi/lib/thumb/v7e-m+fp/hard/libcr_c.a(_fflush.o)
                0x00000000000055d0                _fflush
 .text.free     0x0000000000005622       0x30 /Applications/MCUXpressoIDE_11.8.0_1165/ide/plugins/com.nxp.mcuxpresso.tools.macosx_11.8.0.202306131047/tools/bin/../lib/gcc/arm-none-eabi/12.2.1/../../../../arm-none-eabi/lib/thumb/v7e-m+fp/hard/libcr_c.a(alloc.o)
                0x0000000000005622                free
 .text.fp_round
                0x0000000000005652       0x4e /Applications/MCUXpressoIDE_11.8.0_1165/ide/plugins/com.nxp.mcuxpresso.tools.macosx_11.8.0.202306131047/tools/bin/../lib/gcc/arm-none-eabi/12.2.1/../../../../arm-none-eabi/lib/thumb/v7e-m+fp/hard/libcr_c.a(fpprintf.o)
 .text.pr_dec.constprop.0
                0x00000000000056a0       0x24 /Applications/MCUXpressoIDE_11.8.0_1165/ide/plugins/com.nxp.mcuxpresso.tools.macosx_11.8.0.202306131047/tools/bin/../lib/gcc/arm-none-eabi/12.2.1/../../../../arm-none-eabi/lib/thumb/v7e-m+fp/hard/libcr_c.a(fpprintf.o)
 .text.fputs    0x00000000000056c4       0x2c /Applications/MCUXpressoIDE_11.8.0_1165/ide/plugins/com.nxp.mcuxpresso.tools.macosx_11.8.0.202306131047/tools/bin/../lib/gcc/arm-none-eabi/12.2.1/../../../../arm-none-eabi/lib/thumb/v7e-m+fp/hard/libcr_c.a(fputs.o)
                0x00000000000056c4                fputs
 .text.setvbuf  0x00000000000056f0       0x3e /Applications/MCUXpressoIDE_11.8.0_1165/ide/plugins/com.nxp.mcuxpresso.tools.macosx_11.8.0.202306131047/tools/bin/../lib/gcc/arm-none-eabi/12.2.1/../../../../arm-none-eabi/lib/thumb/v7e-m+fp/hard/libcr_c.a(setvbuf.o)
                0x00000000000056f0                setvbuf
 .text.strlen   0x000000000000572e       0x4e /Applications/MCUXpressoIDE_11.8.0_1165/ide/plugins/com.nxp.mcuxpresso.tools.macosx_11.8.0.202306131047/tools/bin/../lib/gcc/arm-none-eabi/12.2.1/../../../../arm-none-eabi/lib/thumb/v7e-m+fp/hard/libcr_c.a(strlen.o)
                0x000000000000572e                strlen
 .text._fdopen  0x000000000000577c       0x68 /Applications/MCUXpressoIDE_11.8.0_1165/ide/plugins/com.nxp.mcuxpresso.tools.macosx_11.8.0.202306131047/tools/bin/../lib/gcc/arm-none-eabi/12.2.1/../../../../arm-none-eabi/lib/thumb/v7e-m+fp/hard/libcr_c.a(_fdopen.o)
                0x000000000000577c                _fdopen
 .text.fclose   0x00000000000057e4       0x58 /Applications/MCUXpressoIDE_11.8.0_1165/ide/plugins/com.nxp.mcuxpresso.tools.macosx_11.8.0.202306131047/tools/bin/../lib/gcc/arm-none-eabi/12.2.1/../../../../arm-none-eabi/lib/thumb/v7e-m+fp/hard/libcr_c.a(fclose.o)
                0x00000000000057e4                fclose
 .text.remove   0x000000000000583c       0x14 /Applications/MCUXpressoIDE_11.8.0_1165/ide/plugins/com.nxp.mcuxpresso.tools.macosx_11.8.0.202306131047/tools/bin/../lib/gcc/arm-none-eabi/12.2.1/../../../../arm-none-eabi/lib/thumb/v7e-m+fp/hard/libcr_c.a(remove.o)
                0x000000000000583c                remove
 .text._do_fflush
                0x0000000000005850       0x40 /Applications/MCUXpressoIDE_11.8.0_1165/ide/plugins/com.nxp.mcuxpresso.tools.macosx_11.8.0.202306131047/tools/bin/../lib/gcc/arm-none-eabi/12.2.1/../../../../arm-none-eabi/lib/thumb/v7e-m+fp/hard/libcr_c.a(_do_fflush.o)
                0x0000000000005850                _do_fflush
 .text.__aeabi_d2iz
                0x0000000000005890       0x42 /Applications/MCUXpressoIDE_11.8.0_1165/ide/plugins/com.nxp.mcuxpresso.tools.macosx_11.8.0.202306131047/tools/bin/../lib/gcc/arm-none-eabi/12.2.1/thumb/v7e-m+fp/hard/libcr_eabihelpers.a(double.o)
                0x0000000000005890                __aeabi_d2iz
 .text.__bhs_ui2d
                0x00000000000058d2       0x46 /Applications/MCUXpressoIDE_11.8.0_1165/ide/plugins/com.nxp.mcuxpresso.tools.macosx_11.8.0.202306131047/tools/bin/../lib/gcc/arm-none-eabi/12.2.1/thumb/v7e-m+fp/hard/libcr_eabihelpers.a(double.o)
                0x00000000000058d2                __bhs_ui2d
 .text.__aeabi_i2d
                0x0000000000005918       0x10 /Applications/MCUXpressoIDE_11.8.0_1165/ide/plugins/com.nxp.mcuxpresso.tools.macosx_11.8.0.202306131047/tools/bin/../lib/gcc/arm-none-eabi/12.2.1/thumb/v7e-m+fp/hard/libcr_eabihelpers.a(double.o)
                0x0000000000005918                __aeabi_i2d
 .text.__aeabi_dcmpeq
                0x0000000000005928       0x3e /Applications/MCUXpressoIDE_11.8.0_1165/ide/plugins/com.nxp.mcuxpresso.tools.macosx_11.8.0.202306131047/tools/bin/../lib/gcc/arm-none-eabi/12.2.1/thumb/v7e-m+fp/hard/libcr_eabihelpers.a(double.o)
                0x0000000000005928                __aeabi_dcmpeq
 .text.__aeabi_dcmplt
                0x0000000000005966       0x5a /Applications/MCUXpressoIDE_11.8.0_1165/ide/plugins/com.nxp.mcuxpresso.tools.macosx_11.8.0.202306131047/tools/bin/../lib/gcc/arm-none-eabi/12.2.1/thumb/v7e-m+fp/hard/libcr_eabihelpers.a(double.o)
                0x0000000000005966                __aeabi_dcmplt
 .text.__aeabi_dcmple
                0x00000000000059c0       0x5a /Applications/MCUXpressoIDE_11.8.0_1165/ide/plugins/com.nxp.mcuxpresso.tools.macosx_11.8.0.202306131047/tools/bin/../lib/gcc/arm-none-eabi/12.2.1/thumb/v7e-m+fp/hard/libcr_eabihelpers.a(double.o)
                0x00000000000059c0                __aeabi_dcmple
 .text.__aeabi_dcmpge
                0x0000000000005a1a       0x5a /Applications/MCUXpressoIDE_11.8.0_1165/ide/plugins/com.nxp.mcuxpresso.tools.macosx_11.8.0.202306131047/tools/bin/../lib/gcc/arm-none-eabi/12.2.1/thumb/v7e-m+fp/hard/libcr_eabihelpers.a(double.o)
                0x0000000000005a1a                __aeabi_dcmpge
 .text.__aeabi_memset_lowlevel
                0x0000000000005a74       0x32 /Applications/MCUXpressoIDE_11.8.0_1165/ide/plugins/com.nxp.mcuxpresso.tools.macosx_11.8.0.202306131047/tools/bin/../lib/gcc/arm-none-eabi/12.2.1/thumb/v7e-m+fp/hard/libcr_eabihelpers.a(memcpy.o)
                0x0000000000005a74                __aeabi_lowlevel_memset
 .text.__sys_close
                0x0000000000005aa6        0xc /Applications/MCUXpressoIDE_11.8.0_1165/ide/plugins/com.nxp.mcuxpresso.tools.macosx_11.8.0.202306131047/tools/bin/../lib/gcc/arm-none-eabi/12.2.1/../../../../arm-none-eabi/lib/thumb/v7e-m+fp/hard/libcr_semihost_nf.a(__sys_close.o)
                0x0000000000005aa6                __sys_close
 .text.__sys_flen
                0x0000000000005ab2        0xc /Applications/MCUXpressoIDE_11.8.0_1165/ide/plugins/com.nxp.mcuxpresso.tools.macosx_11.8.0.202306131047/tools/bin/../lib/gcc/arm-none-eabi/12.2.1/../../../../arm-none-eabi/lib/thumb/v7e-m+fp/hard/libcr_semihost_nf.a(__sys_flen.o)
                0x0000000000005ab2                __sys_flen
 .text.__sys_istty
                0x0000000000005abe        0xc /Applications/MCUXpressoIDE_11.8.0_1165/ide/plugins/com.nxp.mcuxpresso.tools.macosx_11.8.0.202306131047/tools/bin/../lib/gcc/arm-none-eabi/12.2.1/../../../../arm-none-eabi/lib/thumb/v7e-m+fp/hard/libcr_semihost_nf.a(__sys_istty.o)
                0x0000000000005abe                __sys_istty
 .text.__sys_remove
                0x0000000000005aca        0xc /Applications/MCUXpressoIDE_11.8.0_1165/ide/plugins/com.nxp.mcuxpresso.tools.macosx_11.8.0.202306131047/tools/bin/../lib/gcc/arm-none-eabi/12.2.1/../../../../arm-none-eabi/lib/thumb/v7e-m+fp/hard/libcr_semihost_nf.a(__sys_remove.o)
                0x0000000000005aca                __sys_remove
 .text.__sys_seek
                0x0000000000005ad6        0xc /Applications/MCUXpressoIDE_11.8.0_1165/ide/plugins/com.nxp.mcuxpresso.tools.macosx_11.8.0.202306131047/tools/bin/../lib/gcc/arm-none-eabi/12.2.1/../../../../arm-none-eabi/lib/thumb/v7e-m+fp/hard/libcr_semihost_nf.a(__sys_seek.o)
                0x0000000000005ad6                __sys_seek
 .text.__sys_tmpnam
                0x0000000000005ae2        0xc /Applications/MCUXpressoIDE_11.8.0_1165/ide/plugins/com.nxp.mcuxpresso.tools.macosx_11.8.0.202306131047/tools/bin/../lib/gcc/arm-none-eabi/12.2.1/../../../../arm-none-eabi/lib/thumb/v7e-m+fp/hard/libcr_semihost_nf.a(__sys_tmpnam.o)
                0x0000000000005ae2                __sys_tmpnam
 .text.__sys_write
                0x0000000000005aee        0xc /Applications/MCUXpressoIDE_11.8.0_1165/ide/plugins/com.nxp.mcuxpresso.tools.macosx_11.8.0.202306131047/tools/bin/../lib/gcc/arm-none-eabi/12.2.1/../../../../arm-none-eabi/lib/thumb/v7e-m+fp/hard/libcr_semihost_nf.a(__sys_write.o)
                0x0000000000005aee                __sys_write
 *(SORT_BY_ALIGNMENT(.rodata) SORT_BY_ALIGNMENT(.rodata.*) SORT_BY_ALIGNMENT(.constdata) SORT_BY_ALIGNMENT(.constdata.*))
 *fill*         0x0000000000005afa        0x2 ff
 .rodata.Idle_InitState.str1.4
                0x0000000000005afc        0x9 ./source/FSM_1/States/idle.o
 *fill*         0x0000000000005b05        0x3 ff
 .rodata.testFunc.str1.4
                0x0000000000005b08       0x12 ./source/App.o
 *fill*         0x0000000000005b1a        0x2 ff
 .rodata.logo_nxp
                0x0000000000005b1c      0x282 ./source/App.o
 *fill*         0x0000000000005d9e        0x2 ff
 .rodata.SDHC_DriverIRQHandler.str1.4
                0x0000000000005da0       0x2a ./drivers/SDK/SD/fsl_sdhc.o
 *fill*         0x0000000000005dca        0x2 ff
 .rodata.oscConfig_BOARD_BootClockRUN
                0x0000000000005dcc        0x8 ./drivers/SDK/clock_config.o
                0x0000000000005dcc                oscConfig_BOARD_BootClockRUN
 .rodata.simConfig_BOARD_BootClockRUN
                0x0000000000005dd4        0x8 ./drivers/SDK/clock_config.o
                0x0000000000005dd4                simConfig_BOARD_BootClockRUN
 .rodata.mcgConfig_BOARD_BootClockRUN
                0x0000000000005ddc        0xb ./drivers/SDK/clock_config.o
                0x0000000000005ddc                mcgConfig_BOARD_BootClockRUN
 *fill*         0x0000000000005de7        0x1 ff
 .rodata.CLOCK_GetMcgExtClkFreq.str1.4
                0x0000000000005de8       0x49 ./drivers/SDK/fsl_clock.o
 *fill*         0x0000000000005e31        0x3 ff
 .rodata.CLOCK_GetOsc0ErClkFreq.str1.4
                0x0000000000005e34       0x1e ./drivers/SDK/fsl_clock.o
 *fill*         0x0000000000005e52        0x2 ff
 .rodata.CLOCK_GetEr32kClkFreq.str1.4
                0x0000000000005e54       0x1f ./drivers/SDK/fsl_clock.o
 *fill*         0x0000000000005e73        0x1 ff
 .rodata.CLOCK_GetPll0Freq.str1.4
                0x0000000000005e74       0x1d ./drivers/SDK/fsl_clock.o
 *fill*         0x0000000000005e91        0x3 ff
 .rodata.CLOCK_EnablePll0.str1.4
                0x0000000000005e94       0x1a ./drivers/SDK/fsl_clock.o
 *fill*         0x0000000000005eae        0x2 ff
 .rodata.CLOCK_SetPbeMode.str1.4
                0x0000000000005eb0       0x1a ./drivers/SDK/fsl_clock.o
 *fill*         0x0000000000005eca        0x2 ff
 .rodata.CLOCK_BootToPeeMode.str1.4
                0x0000000000005ecc       0x1a ./drivers/SDK/fsl_clock.o
 *fill*         0x0000000000005ee6        0x2 ff
 .rodata.fllFactorTable.1
                0x0000000000005ee8       0x10 ./drivers/SDK/fsl_clock.o
 .rodata.DAC_GetInstance.str1.4
                0x0000000000005ef8       0x31 ./drivers/SDK/fsl_dac.o
 *fill*         0x0000000000005f29        0x3 ff
 .rodata.DAC_Init.str1.4
                0x0000000000005f2c       0x1e ./drivers/SDK/fsl_dac.o
 *fill*         0x0000000000005f4a        0x2 ff
 .rodata.DAC_GetDefaultConfig.str1.4
                0x0000000000005f4c       0x1f ./drivers/SDK/fsl_dac.o
 *fill*         0x0000000000005f6b        0x1 ff
 .rodata.DAC_SetBufferConfig.str1.4
                0x0000000000005f6c       0x1f ./drivers/SDK/fsl_dac.o
 *fill*         0x0000000000005f8b        0x1 ff
 .rodata.DAC_GetDefaultBufferConfig.str1.4
                0x0000000000005f8c       0x1f ./drivers/SDK/fsl_dac.o
 *fill*         0x0000000000005fab        0x1 ff
 .rodata.DAC_SetBufferReadPointer.str1.4
                0x0000000000005fac       0x27 ./drivers/SDK/fsl_dac.o
 *fill*         0x0000000000005fd3        0x1 ff
 .rodata.s_dacClocks
                0x0000000000005fd4        0x8 ./drivers/SDK/fsl_dac.o
 .rodata.DMAMUX_GetInstance.str1.4
                0x0000000000005fdc       0x37 ./drivers/SDK/fsl_dmamux.o
 *fill*         0x0000000000006013        0x1 ff
 .rodata.SPI1_DriverIRQHandler.str1.4
                0x0000000000006014       0x2a ./drivers/SDK/fsl_dspi.o
 *fill*         0x000000000000603e        0x2 ff
 .rodata.SPI2_DriverIRQHandler.str1.4
                0x0000000000006040       0x2a ./drivers/SDK/fsl_dspi.o
 *fill*         0x000000000000606a        0x2 ff
 .rodata.EDMA_GetInstance.str1.4
                0x000000000000606c       0x33 ./drivers/SDK/fsl_edma.o
 *fill*         0x000000000000609f        0x1 ff
 .rodata.EDMA_TransferWidthMapping.str1.4
                0x00000000000060a0       0x17 ./drivers/SDK/fsl_edma.o
 *fill*         0x00000000000060b7        0x1 ff
 .rodata.EDMA_InstallTCD.str1.4
                0x00000000000060b8       0x8e ./drivers/SDK/fsl_edma.o
 *fill*         0x0000000000006146        0x2 ff
 .rodata.EDMA_Init.str1.4
                0x0000000000006148       0x20 ./drivers/SDK/fsl_edma.o
 .rodata.EDMA_GetDefaultConfig.str1.4
                0x0000000000006168       0x20 ./drivers/SDK/fsl_edma.o
 .rodata.EDMA_EnableChannelInterrupts.str1.4
                0x0000000000006188       0x45 ./drivers/SDK/fsl_edma.o
 *fill*         0x00000000000061cd        0x3 ff
 .rodata.EDMA_TcdReset.str1.4
                0x00000000000061d0       0x4f ./drivers/SDK/fsl_edma.o
 *fill*         0x000000000000621f        0x1 ff
 .rodata.EDMA_TcdSetTransferConfig.str1.4
                0x0000000000006220      0x154 ./drivers/SDK/fsl_edma.o
 .rodata.EDMA_SetTransferConfig.str1.4
                0x0000000000006374       0x9b ./drivers/SDK/fsl_edma.o
 *fill*         0x000000000000640f        0x1 ff
 .rodata.EDMA_ClearChannelStatusFlags.str1.4
                0x0000000000006410       0x45 ./drivers/SDK/fsl_edma.o
 *fill*         0x0000000000006455        0x3 ff
 .rodata.EDMA_CreateHandle.str1.4
                0x0000000000006458       0x96 ./drivers/SDK/fsl_edma.o
 *fill*         0x00000000000064ee        0x2 ff
 .rodata.EDMA_SetCallback.str1.4
                0x00000000000064f0       0x20 ./drivers/SDK/fsl_edma.o
 .rodata.EDMA_PrepareTransferConfig.str1.4
                0x0000000000006510      0x1f2 ./drivers/SDK/fsl_edma.o
 *fill*         0x0000000000006702        0x2 ff
 .rodata.EDMA_PrepareTransfer.str1.4
                0x0000000000006704       0x3c ./drivers/SDK/fsl_edma.o
 .rodata.EDMA_SubmitTransfer.str1.4
                0x0000000000006740       0x45 ./drivers/SDK/fsl_edma.o
 *fill*         0x0000000000006785        0x3 ff
 .rodata.EDMA_StartTransfer.str1.4
                0x0000000000006788       0x21 ./drivers/SDK/fsl_edma.o
 *fill*         0x00000000000067a9        0x3 ff
 .rodata.EDMA_HandleIRQ.str1.4
                0x00000000000067ac       0x21 ./drivers/SDK/fsl_edma.o
 *fill*         0x00000000000067cd        0x3 ff
 .rodata.s_edmaIRQNumber
                0x00000000000067d0       0x10 ./drivers/SDK/fsl_edma.o
 .rodata.I2C_GetInstance.str1.4
                0x00000000000067e0       0x32 ./drivers/SDK/fsl_i2c.o
 *fill*         0x0000000000006812        0x2 ff
 .rodata.I2C_MasterGetDefaultConfig.str1.4
                0x0000000000006814       0x25 ./drivers/SDK/fsl_i2c.o
 *fill*         0x0000000000006839        0x3 ff
 .rodata.I2C_MasterInit.str1.4
                0x000000000000683c       0x4a ./drivers/SDK/fsl_i2c.o
 *fill*         0x0000000000006886        0x2 ff
 .rodata.I2C_MasterTransferBlocking.str1.4
                0x0000000000006888       0x1e ./drivers/SDK/fsl_i2c.o
 *fill*         0x00000000000068a6        0x2 ff
 .rodata.s_i2cClocks
                0x00000000000068a8        0xc ./drivers/SDK/fsl_i2c.o
 .rodata.s_i2cDividerTable
                0x00000000000068b4       0x80 ./drivers/SDK/fsl_i2c.o
 .rodata.PDB_GetInstance.str1.4
                0x0000000000006934       0x31 ./drivers/SDK/fsl_pdb.o
 *fill*         0x0000000000006965        0x3 ff
 .rodata.PDB_Init.str1.4
                0x0000000000006968       0x1e ./drivers/SDK/fsl_pdb.o
 *fill*         0x0000000000006986        0x2 ff
 .rodata.PDB_GetDefaultConfig.str1.4
                0x0000000000006988       0x1f ./drivers/SDK/fsl_pdb.o
 *fill*         0x00000000000069a7        0x1 ff
 .rodata.PDB_SetDACTriggerConfig.str1.4
                0x00000000000069a8       0x77 ./drivers/SDK/fsl_pdb.o
 *fill*         0x0000000000006a1f        0x1 ff
 .rodata.PowerMode_Init.str1.4
                0x0000000000006a20       0x22 ./drivers/SDK/power_mode_switch.o
 *fill*         0x0000000000006a42        0x2 ff
 .rodata.gpioPorts
                0x0000000000006a44       0x14 ./drivers/MCAL/gpio.o
 .rodata.ports  0x0000000000006a58       0x14 ./drivers/MCAL/gpio.o
 .rodata.font5x7
                0x0000000000006a6c      0x379 ./drivers/HAL/OLEDdisplay.o
 *fill*         0x0000000000006de5        0x3 ff
 .rodata.__num_Ciob_streams
                0x0000000000006de8        0x4 /Applications/MCUXpressoIDE_11.8.0_1165/ide/plugins/com.nxp.mcuxpresso.tools.macosx_11.8.0.202306131047/tools/bin/../lib/gcc/arm-none-eabi/12.2.1/../../../../arm-none-eabi/lib/thumb/v7e-m+fp/hard/libcr_semihost_nf.a(__ciob.o)
                0x0000000000006de8                __num_Ciob_streams
 .rodata.__assertion_failed.str1.1
                0x0000000000006dec       0x15 /Applications/MCUXpressoIDE_11.8.0_1165/ide/plugins/com.nxp.mcuxpresso.tools.macosx_11.8.0.202306131047/tools/bin/../lib/gcc/arm-none-eabi/12.2.1/../../../../arm-none-eabi/lib/thumb/v7e-m+fp/hard/libcr_semihost_nf.a(_cr_assert.o)
 .rodata._Csys_alloc.str1.1
                0x0000000000006e01       0x18 /Applications/MCUXpressoIDE_11.8.0_1165/ide/plugins/com.nxp.mcuxpresso.tools.macosx_11.8.0.202306131047/tools/bin/../lib/gcc/arm-none-eabi/12.2.1/../../../../arm-none-eabi/lib/thumb/v7e-m+fp/hard/libcr_c.a(alloc.o)
 .rodata.fp_display.str1.1
                0x0000000000006e19       0x32 /Applications/MCUXpressoIDE_11.8.0_1165/ide/plugins/com.nxp.mcuxpresso.tools.macosx_11.8.0.202306131047/tools/bin/../lib/gcc/arm-none-eabi/12.2.1/../../../../arm-none-eabi/lib/thumb/v7e-m+fp/hard/libcr_c.a(fpprintf.o)
                                         0x35 (size before relaxing)
 .rodata._initio.str1.1
                0x0000000000006e4b        0x4 /Applications/MCUXpressoIDE_11.8.0_1165/ide/plugins/com.nxp.mcuxpresso.tools.macosx_11.8.0.202306131047/tools/bin/../lib/gcc/arm-none-eabi/12.2.1/../../../../arm-none-eabi/lib/thumb/v7e-m+fp/hard/libcr_c.a(initio.o)
 .rodata.__vfprintf.str1.1
                0x0000000000006e4f       0x31 /Applications/MCUXpressoIDE_11.8.0_1165/ide/plugins/com.nxp.mcuxpresso.tools.macosx_11.8.0.202306131047/tools/bin/../lib/gcc/arm-none-eabi/12.2.1/../../../../arm-none-eabi/lib/thumb/v7e-m+fp/hard/libcr_c.a(printf.o)
                                         0x38 (size before relaxing)
                0x0000000000006e80                . = ALIGN (0x8)

.glue_7         0x0000000000006e80        0x0
 .glue_7        0x0000000000006e80        0x0 linker stubs

.glue_7t        0x0000000000006e80        0x0
 .glue_7t       0x0000000000006e80        0x0 linker stubs

.vfp11_veneer   0x0000000000006e80        0x0
 .vfp11_veneer  0x0000000000006e80        0x0 linker stubs

.v4_bx          0x0000000000006e80        0x0
 .v4_bx         0x0000000000006e80        0x0 linker stubs

.iplt           0x0000000000006e80        0x0
 .iplt          0x0000000000006e80        0x0 ./startup/hardware.o

.rel.dyn        0x0000000000006e80        0x0
 .rel.iplt      0x0000000000006e80        0x0 ./startup/hardware.o

.ARM.extab
 *(SORT_BY_ALIGNMENT(.ARM.extab*) SORT_BY_ALIGNMENT(.gnu.linkonce.armextab.*))

.ARM.exidx      0x0000000000006e80        0x0
                0x0000000000006e80                __exidx_start = .
 *(SORT_BY_ALIGNMENT(.ARM.exidx*) SORT_BY_ALIGNMENT(.gnu.linkonce.armexidx.*))
                0x0000000000006e80                __exidx_end = .
                0x0000000000006e80                _etext = .

.m_usb_data
 *(SORT_BY_ALIGNMENT(m_usb_bdt))

.data_RAM2      0x000000001fff0000        0x0 load address 0x0000000000006e80
 FILL mask 0xff
                [!provide]                        PROVIDE (__start_data_RAM2 = .)
                [!provide]                        PROVIDE (__start_data_SRAM_LOWER = .)
 *(SORT_BY_ALIGNMENT(.ramfunc.$RAM2))
 *(SORT_BY_ALIGNMENT(.ramfunc.$SRAM_LOWER))
 *(SORT_BY_ALIGNMENT(.data.$RAM2))
 *(SORT_BY_ALIGNMENT(.data.$SRAM_LOWER))
 *(SORT_BY_ALIGNMENT(.data.$RAM2.*))
 *(SORT_BY_ALIGNMENT(.data.$SRAM_LOWER.*))
                0x000000001fff0000                . = ALIGN (0x8)
                [!provide]                        PROVIDE (__end_data_RAM2 = .)
                [!provide]                        PROVIDE (__end_data_SRAM_LOWER = .)

.data_RAM3      0x0000000014000000        0x0 load address 0x0000000000006e80
 FILL mask 0xff
                [!provide]                        PROVIDE (__start_data_RAM3 = .)
                [!provide]                        PROVIDE (__start_data_FLEX_RAM = .)
 *(SORT_BY_ALIGNMENT(.ramfunc.$RAM3))
 *(SORT_BY_ALIGNMENT(.ramfunc.$FLEX_RAM))
 *(SORT_BY_ALIGNMENT(.data.$RAM3))
 *(SORT_BY_ALIGNMENT(.data.$FLEX_RAM))
 *(SORT_BY_ALIGNMENT(.data.$RAM3.*))
 *(SORT_BY_ALIGNMENT(.data.$FLEX_RAM.*))
                0x0000000014000000                . = ALIGN (0x8)
                [!provide]                        PROVIDE (__end_data_RAM3 = .)
                [!provide]                        PROVIDE (__end_data_FLEX_RAM = .)

.uninit_RESERVED
                0x0000000020000000        0x0
                0x0000000020000000                _start_uninit_RESERVED = .
 *(SORT_BY_ALIGNMENT(.bss.$RESERVED*))
                0x0000000020000000                . = ALIGN (0x8)
                0x0000000020000000                _end_uninit_RESERVED = .

.data           0x0000000020000000       0xd8 load address 0x0000000000006e80
 FILL mask 0xff
                0x0000000020000000                _data = .
                [!provide]                        PROVIDE (__start_data_RAM = .)
                [!provide]                        PROVIDE (__start_data_SRAM_UPPER = .)
 *(SORT_BY_ALIGNMENT(vtable))
 *(SORT_BY_ALIGNMENT(.ramfunc*))
 *(SORT_BY_ALIGNMENT(CodeQuickAccess))
 *(SORT_BY_ALIGNMENT(DataQuickAccess))
 *(SORT_BY_ALIGNMENT(RamFunction))
 *(SORT_BY_ALIGNMENT(.data*))
 .data.IDLE_STATE
                0x0000000020000000       0x60 ./source/FSM_1/FSM.o
                0x0000000020000000                IDLE_STATE
 .data.INIT_STATE
                0x0000000020000060       0x18 ./source/FSM_1/FSM.o
                0x0000000020000060                INIT_STATE
 .data.s_fastIrcFreq
                0x0000000020000078        0x4 ./drivers/SDK/fsl_clock.o
 .data.s_slowIrcFreq
                0x000000002000007c        0x4 ./drivers/SDK/fsl_clock.o
 .data.p_ports  0x0000000020000080       0x14 ./drivers/MCAL/ftm.o
                0x0000000020000080                p_ports
 .data.p_ftm    0x0000000020000094       0x10 ./drivers/MCAL/ftm.o
                0x0000000020000094                p_ftm
 .data.mute     0x00000000200000a4       0x20 ./drivers/HAL/AudioPlayer.o
 .data.backBuffer
                0x00000000200000c4        0x4 ./drivers/HAL/AudioPlayer.o
 .data.activeBuffer
                0x00000000200000c8        0x4 ./drivers/HAL/AudioPlayer.o
 .data.OLEDtimerClbID
                0x00000000200000cc        0x4 ./drivers/HAL/OLEDdisplay.o
                0x00000000200000cc                OLEDtimerClbID
 .data.SystemCoreClock
                0x00000000200000d0        0x4 ./device/system_MK64F12.o
                0x00000000200000d0                SystemCoreClock
 .data.p_out_front
                0x00000000200000d4        0x2 ./drivers/HAL/SPI_wrapper.o
                0x00000000200000d8                . = ALIGN (0x8)
 *fill*         0x00000000200000d6        0x2 ff
                0x00000000200000d8                _edata = .
                [!provide]                        PROVIDE (__end_data_RAM = .)
                [!provide]                        PROVIDE (__end_data_SRAM_UPPER = .)

.igot.plt       0x00000000200000d8        0x0 load address 0x0000000000006f58
 .igot.plt      0x00000000200000d8        0x0 ./startup/hardware.o

.bss_RAM2       0x000000001fff0000        0x0
                [!provide]                        PROVIDE (__start_bss_RAM2 = .)
                [!provide]                        PROVIDE (__start_bss_SRAM_LOWER = .)
 *(SORT_BY_ALIGNMENT(.bss.$RAM2))
 *(SORT_BY_ALIGNMENT(.bss.$SRAM_LOWER))
 *(SORT_BY_ALIGNMENT(.bss.$RAM2.*))
 *(SORT_BY_ALIGNMENT(.bss.$SRAM_LOWER.*))
                0x000000001fff0000                . = ALIGN ((. != 0x0)?0x8:0x1)
                [!provide]                        PROVIDE (__end_bss_RAM2 = .)
                [!provide]                        PROVIDE (__end_bss_SRAM_LOWER = .)

.bss_RAM3       0x0000000014000000        0x0
                [!provide]                        PROVIDE (__start_bss_RAM3 = .)
                [!provide]                        PROVIDE (__start_bss_FLEX_RAM = .)
 *(SORT_BY_ALIGNMENT(.bss.$RAM3))
 *(SORT_BY_ALIGNMENT(.bss.$FLEX_RAM))
 *(SORT_BY_ALIGNMENT(.bss.$RAM3.*))
 *(SORT_BY_ALIGNMENT(.bss.$FLEX_RAM.*))
                0x0000000014000000                . = ALIGN ((. != 0x0)?0x8:0x1)
                [!provide]                        PROVIDE (__end_bss_RAM3 = .)
                [!provide]                        PROVIDE (__end_bss_FLEX_RAM = .)

.bss            0x00000000200000d8     0x5c48
                0x00000000200000d8                _bss = .
                [!provide]                        PROVIDE (__start_bss_RAM = .)
                [!provide]                        PROVIDE (__start_bss_SRAM_UPPER = .)
 *(SORT_BY_ALIGNMENT(.bss*))
 .bss.__LDM_interruptDisableCount
                0x00000000200000d8        0x4 ./startup/hardware.o
 .bss.pout      0x00000000200000dc        0x4 ./source/EventQueue/queue.o
 .bss.pin       0x00000000200000e0        0x4 ./source/EventQueue/queue.o
 .bss.queue     0x00000000200000e4        0xf ./source/EventQueue/queue.o
 *fill*         0x00000000200000f3        0x1 
 .bss.current_state
                0x00000000200000f4        0x4 ./source/App.o
 .bss.s_sdhcIsr
                0x00000000200000f8        0x4 ./drivers/SDK/SD/fsl_sdhc.o
 .bss.s_sdhcHandle
                0x00000000200000fc        0x4 ./drivers/SDK/SD/fsl_sdhc.o
 .bss.g_xtal32Freq
                0x0000000020000100        0x4 ./drivers/SDK/fsl_clock.o
                0x0000000020000100                g_xtal32Freq
 .bss.g_xtal0Freq
                0x0000000020000104        0x4 ./drivers/SDK/fsl_clock.o
                0x0000000020000104                g_xtal0Freq
 .bss.s_dspiSlaveIsr
                0x0000000020000108        0x4 ./drivers/SDK/fsl_dspi.o
 .bss.s_dspiMasterIsr
                0x000000002000010c        0x4 ./drivers/SDK/fsl_dspi.o
 .bss.g_dspiHandle
                0x0000000020000110        0xc ./drivers/SDK/fsl_dspi.o
 .bss.s_EDMAHandle
                0x000000002000011c       0x40 ./drivers/SDK/fsl_edma.o
 .bss.s_i2cSlaveIsr
                0x000000002000015c        0x4 ./drivers/SDK/fsl_i2c.o
 .bss.s_i2cMasterIsr
                0x0000000020000160        0x4 ./drivers/SDK/fsl_i2c.o
 .bss.s_i2cHandle
                0x0000000020000164        0xc ./drivers/SDK/fsl_i2c.o
 .bss.freq      0x0000000020000170        0x4 ./drivers/MCAL/SysTick.o
 .bss.idCounter
                0x0000000020000174        0x4 ./drivers/MCAL/SysTick.o
 .bss.sysTickElements
                0x0000000020000178      0x190 ./drivers/MCAL/SysTick.o
 .bss.callbacks
                0x0000000020000308      0x280 ./drivers/MCAL/gpio.o
 .bss.p_in_front
                0x0000000020000588        0x4 ./drivers/MCAL/uart.o
 .bss.p_in_rear
                0x000000002000058c        0x4 ./drivers/MCAL/uart.o
 .bss.buffer_in
                0x0000000020000590      0x194 ./drivers/MCAL/uart.o
 .bss.p_out_front
                0x0000000020000724        0x4 ./drivers/MCAL/uart.o
 .bss.p_out_rear
                0x0000000020000728        0x4 ./drivers/MCAL/uart.o
 .bss.buffer_out
                0x000000002000072c      0x194 ./drivers/MCAL/uart.o
 .bss.buffers   0x00000000200008c0     0x1200 ./drivers/HAL/AudioPlayer.o
 .bss.g_index   0x0000000020001ac0        0x4 ./drivers/HAL/AudioPlayer.o
 .bss.g_transferConfig
                0x0000000020001ac4       0x18 ./drivers/HAL/AudioPlayer.o
 .bss.g_EDMA_Handle
                0x0000000020001adc       0x18 ./drivers/HAL/AudioPlayer.o
 .bss.OLED_Buffer
                0x0000000020001af4      0x400 ./drivers/HAL/OLEDdisplay.o
 .bss.buffer_out
                0x0000000020001ef4     0x2328 ./drivers/HAL/SPI_wrapper.o
 .bss.idCounter
                0x000000002000421c        0x4 ./drivers/HAL/Timer.o
 .bss.timerElements
                0x0000000020004220      0x190 ./drivers/HAL/Timer.o
 .bss.moves     0x00000000200043b0        0x4 ./drivers/HAL/encoder.o
 .bss.g_transferConfig
                0x00000000200043b4       0x18 ./drivers/HAL/matrix_display.o
 .bss.g_EDMA_Handle
                0x00000000200043cc       0x18 ./drivers/HAL/matrix_display.o
 .bss.currBuffer
                0x00000000200043e4        0x4 ./drivers/HAL/matrix_display.o
 .bss.buffers   0x00000000200043e8     0x1860 ./drivers/HAL/matrix_display.o
 .bss.__Ciob    0x0000000020005c48       0xb4 /Applications/MCUXpressoIDE_11.8.0_1165/ide/plugins/com.nxp.mcuxpresso.tools.macosx_11.8.0.202306131047/tools/bin/../lib/gcc/arm-none-eabi/12.2.1/../../../../arm-none-eabi/lib/thumb/v7e-m+fp/hard/libcr_semihost_nf.a(__ciob.o)
                0x0000000020005c48                __Ciob
 .bss.__end_of_heap
                0x0000000020005cfc        0x4 /Applications/MCUXpressoIDE_11.8.0_1165/ide/plugins/com.nxp.mcuxpresso.tools.macosx_11.8.0.202306131047/tools/bin/../lib/gcc/arm-none-eabi/12.2.1/../../../../arm-none-eabi/lib/thumb/v7e-m+fp/hard/libcr_c.a(__init_alloc.o)
                0x0000000020005cfc                __end_of_heap
 .bss.__heaps   0x0000000020005d00        0x4 /Applications/MCUXpressoIDE_11.8.0_1165/ide/plugins/com.nxp.mcuxpresso.tools.macosx_11.8.0.202306131047/tools/bin/../lib/gcc/arm-none-eabi/12.2.1/../../../../arm-none-eabi/lib/thumb/v7e-m+fp/hard/libcr_c.a(__init_alloc.o)
                0x0000000020005d00                __heaps
 .bss.errno     0x0000000020005d04        0x4 /Applications/MCUXpressoIDE_11.8.0_1165/ide/plugins/com.nxp.mcuxpresso.tools.macosx_11.8.0.202306131047/tools/bin/../lib/gcc/arm-none-eabi/12.2.1/../../../../arm-none-eabi/lib/thumb/v7e-m+fp/hard/libcr_c.a(errno.o)
                0x0000000020005d04                errno
 .bss.msg_size  0x0000000020005d08        0x2 ./drivers/HAL/SPI_wrapper.o
 .bss.num_Of_Events
                0x0000000020005d0a        0x1 ./source/EventQueue/queue.o
 .bss.OLEDdone.0
                0x0000000020005d0b        0x1 ./source/App.o
 .bss.alreadyInit
                0x0000000020005d0c        0x1 ./drivers/MCAL/SysTick.o
 .bss.stop      0x0000000020005d0d        0x1 ./drivers/HAL/AudioPlayer.o
 .bss.pause     0x0000000020005d0e        0x1 ./drivers/HAL/AudioPlayer.o
 .bss.backBufferFree
                0x0000000020005d0f        0x1 ./drivers/HAL/AudioPlayer.o
 .bss.isInit    0x0000000020005d10        0x1 ./drivers/HAL/OLEDdisplay.o
 .bss.alreadyInit
                0x0000000020005d11        0x1 ./drivers/HAL/Timer.o
 .bss.init.0    0x0000000020005d12        0x1 ./drivers/HAL/encoder.o
 .bss.statusB   0x0000000020005d13        0x1 ./drivers/HAL/encoder.o
 .bss.statusA   0x0000000020005d14        0x1 ./drivers/HAL/encoder.o
 .bss.existingEvent
                0x0000000020005d15        0x1 ./drivers/HAL/encoder.o
 .bss.transfer_done
                0x0000000020005d16        0x1 ./drivers/HAL/matrix_display.o
 .bss.timer_id  0x0000000020005d17        0x1 ./drivers/HAL/matrix_display.o
 .bss.change_buffer
                0x0000000020005d18        0x1 ./drivers/HAL/matrix_display.o
 .bss.is_init   0x0000000020005d19        0x1 ./drivers/HAL/matrix_display.o
 *(SORT_BY_ALIGNMENT(COMMON))
                0x0000000020005d20                . = ALIGN (0x8)
 *fill*         0x0000000020005d1a        0x6 
                0x0000000020005d20                _ebss = .
                [!provide]                        PROVIDE (__end_bss_RAM = .)
                [!provide]                        PROVIDE (__end_bss_SRAM_UPPER = .)
                [!provide]                        PROVIDE (end = .)

.noinit_RAM2    0x000000001fff0000        0x0
                [!provide]                        PROVIDE (__start_noinit_RAM2 = .)
                [!provide]                        PROVIDE (__start_noinit_SRAM_LOWER = .)
 *(SORT_BY_ALIGNMENT(.noinit.$RAM2))
 *(SORT_BY_ALIGNMENT(.noinit.$SRAM_LOWER))
 *(SORT_BY_ALIGNMENT(.noinit.$RAM2.*))
 *(SORT_BY_ALIGNMENT(.noinit.$SRAM_LOWER.*))
                0x000000001fff0000                . = ALIGN (0x8)
                [!provide]                        PROVIDE (__end_noinit_RAM2 = .)
                [!provide]                        PROVIDE (__end_noinit_SRAM_LOWER = .)

.noinit_RAM3    0x0000000014000000        0x0
                [!provide]                        PROVIDE (__start_noinit_RAM3 = .)
                [!provide]                        PROVIDE (__start_noinit_FLEX_RAM = .)
 *(SORT_BY_ALIGNMENT(.noinit.$RAM3))
 *(SORT_BY_ALIGNMENT(.noinit.$FLEX_RAM))
 *(SORT_BY_ALIGNMENT(.noinit.$RAM3.*))
 *(SORT_BY_ALIGNMENT(.noinit.$FLEX_RAM.*))
                0x0000000014000000                . = ALIGN (0x8)
                [!provide]                        PROVIDE (__end_noinit_RAM3 = .)
                [!provide]                        PROVIDE (__end_noinit_FLEX_RAM = .)

.noinit         0x0000000020005d20        0x0
                0x0000000020005d20                _noinit = .
                [!provide]                        PROVIDE (__start_noinit_RAM = .)
                [!provide]                        PROVIDE (__start_noinit_SRAM_UPPER = .)
 *(SORT_BY_ALIGNMENT(.noinit*))
                0x0000000020005d20                . = ALIGN (0x8)
                0x0000000020005d20                _end_noinit = .
                [!provide]                        PROVIDE (__end_noinit_RAM = .)