
Discarded input sections

 .group         0x0000000000000000        0xc ./source/App.o
 .group         0x0000000000000000        0xc ./source/App.o
 .group         0x0000000000000000        0xc ./source/App.o
 .group         0x0000000000000000        0xc ./source/App.o
 .group         0x0000000000000000        0xc ./source/App.o
 .group         0x0000000000000000        0xc ./source/App.o
 .group         0x0000000000000000        0xc ./source/App.o
 .group         0x0000000000000000        0xc ./source/App.o
 .group         0x0000000000000000        0xc ./source/App.o
 .group         0x0000000000000000        0xc ./source/App.o
 .group         0x0000000000000000        0xc ./source/App.o
 .group         0x0000000000000000        0xc ./source/App.o
 .group         0x0000000000000000        0xc ./source/App.o
 .group         0x0000000000000000        0xc ./source/App.o
 .group         0x0000000000000000        0xc ./source/App.o
 .group         0x0000000000000000        0xc ./source/App.o
 .group         0x0000000000000000        0xc ./source/App.o
 .group         0x0000000000000000        0xc ./source/App.o
 .group         0x0000000000000000        0xc ./source/App.o
 .group         0x0000000000000000        0xc ./source/App.o
 .group         0x0000000000000000        0xc ./source/App.o
 .group         0x0000000000000000        0xc ./source/App.o
 .group         0x0000000000000000        0xc ./source/App.o
 .group         0x0000000000000000        0xc ./source/App.o
 .group         0x0000000000000000        0xc ./source/App.o
 .group         0x0000000000000000        0xc ./source/App.o
 .group         0x0000000000000000        0xc ./source/App.o
 .group         0x0000000000000000        0xc ./source/App.o
 .group         0x0000000000000000        0xc ./source/App.o
 .group         0x0000000000000000        0xc ./source/App.o
 .group         0x0000000000000000        0xc ./source/App.o
 .group         0x0000000000000000        0xc ./source/App.o
 .group         0x0000000000000000        0xc ./source/App.o
 .group         0x0000000000000000        0xc ./source/App.o
 .group         0x0000000000000000        0xc ./source/App.o
 .group         0x0000000000000000        0xc ./source/App.o
 .text          0x0000000000000000        0x0 ./source/App.o
 .data          0x0000000000000000        0x0 ./source/App.o
 .bss           0x0000000000000000        0x0 ./source/App.o
 .text.idle     0x0000000000000000        0xe ./source/App.o
 .group         0x0000000000000000        0xc ./source/gpio.o
 .group         0x0000000000000000        0xc ./source/gpio.o
 .group         0x0000000000000000        0xc ./source/gpio.o
 .group         0x0000000000000000        0xc ./source/gpio.o
 .group         0x0000000000000000        0xc ./source/gpio.o
 .group         0x0000000000000000        0xc ./source/gpio.o
 .group         0x0000000000000000        0xc ./source/gpio.o
 .group         0x0000000000000000        0xc ./source/gpio.o
 .group         0x0000000000000000        0xc ./source/gpio.o
 .group         0x0000000000000000        0xc ./source/gpio.o
 .group         0x0000000000000000        0xc ./source/gpio.o
 .group         0x0000000000000000        0xc ./source/gpio.o
 .group         0x0000000000000000        0xc ./source/gpio.o
 .group         0x0000000000000000        0xc ./source/gpio.o
 .group         0x0000000000000000        0xc ./source/gpio.o
 .group         0x0000000000000000        0xc ./source/gpio.o
 .group         0x0000000000000000        0xc ./source/gpio.o
 .group         0x0000000000000000        0xc ./source/gpio.o
 .group         0x0000000000000000        0xc ./source/gpio.o
 .group         0x0000000000000000        0xc ./source/gpio.o
 .group         0x0000000000000000        0xc ./source/gpio.o
 .group         0x0000000000000000        0xc ./source/gpio.o
 .group         0x0000000000000000        0xc ./source/gpio.o
 .group         0x0000000000000000        0xc ./source/gpio.o
 .group         0x0000000000000000        0xc ./source/gpio.o
 .group         0x0000000000000000        0xc ./source/gpio.o
 .group         0x0000000000000000        0xc ./source/gpio.o
 .group         0x0000000000000000        0xc ./source/gpio.o
 .group         0x0000000000000000        0xc ./source/gpio.o
 .group         0x0000000000000000        0xc ./source/gpio.o
 .group         0x0000000000000000        0xc ./source/gpio.o
 .group         0x0000000000000000        0xc ./source/gpio.o
 .group         0x0000000000000000        0xc ./source/gpio.o
 .text          0x0000000000000000        0x0 ./source/gpio.o
 .data          0x0000000000000000        0x0 ./source/gpio.o
 .bss           0x0000000000000000        0x0 ./source/gpio.o
 .text.gpioRead
                0x0000000000000000       0x4a ./source/gpio.o
 .text.gpioToggle
                0x0000000000000000       0x58 ./source/gpio.o
 .text.gpioFlank
                0x0000000000000000       0x74 ./source/gpio.o
 .bss.state.2   0x0000000000000000       0x64 ./source/gpio.o
 .debug_macro   0x0000000000000000      0xab4 ./source/gpio.o
 .debug_macro   0x0000000000000000      0x34e ./source/gpio.o
 .debug_macro   0x0000000000000000       0x22 ./source/gpio.o
 .debug_macro   0x0000000000000000       0x58 ./source/gpio.o
 .debug_macro   0x0000000000000000       0x22 ./source/gpio.o
 .debug_macro   0x0000000000000000       0x75 ./source/gpio.o
 .debug_macro   0x0000000000000000       0x2a ./source/gpio.o
 .debug_macro   0x0000000000000000       0x94 ./source/gpio.o
 .debug_macro   0x0000000000000000       0x3c ./source/gpio.o
 .debug_macro   0x0000000000000000       0x34 ./source/gpio.o
 .debug_macro   0x0000000000000000       0x16 ./source/gpio.o
 .debug_macro   0x0000000000000000       0x57 ./source/gpio.o
 .debug_macro   0x0000000000000000       0x9e ./source/gpio.o
 .debug_macro   0x0000000000000000      0x369 ./source/gpio.o
 .debug_macro   0x0000000000000000      0x10b ./source/gpio.o
 .debug_macro   0x0000000000000000       0x10 ./source/gpio.o
 .debug_macro   0x0000000000000000       0x16 ./source/gpio.o
 .debug_macro   0x0000000000000000       0x43 ./source/gpio.o
 .debug_macro   0x0000000000000000       0x34 ./source/gpio.o
 .debug_macro   0x0000000000000000       0x10 ./source/gpio.o
 .debug_macro   0x0000000000000000       0x58 ./source/gpio.o
 .debug_macro   0x0000000000000000      0x1de ./source/gpio.o
 .debug_macro   0x0000000000000000       0x16 ./source/gpio.o
 .debug_macro   0x0000000000000000       0x16 ./source/gpio.o
 .debug_macro   0x0000000000000000      0x170 ./source/gpio.o
 .debug_macro   0x0000000000000000       0x5c ./source/gpio.o
 .debug_macro   0x0000000000000000       0x1c ./source/gpio.o
 .debug_macro   0x0000000000000000       0x22 ./source/gpio.o
 .debug_macro   0x0000000000000000       0xd9 ./source/gpio.o
 .debug_macro   0x0000000000000000      0xecf ./source/gpio.o
 .debug_macro   0x0000000000000000       0x48 ./source/gpio.o
 .debug_macro   0x0000000000000000     0xe07b ./source/gpio.o
 .group         0x0000000000000000        0xc ./SDK/startup/hardware.o
 .group         0x0000000000000000        0xc ./SDK/startup/hardware.o
 .group         0x0000000000000000        0xc ./SDK/startup/hardware.o
 .group         0x0000000000000000        0xc ./SDK/startup/hardware.o
 .group         0x0000000000000000        0xc ./SDK/startup/hardware.o
 .group         0x0000000000000000        0xc ./SDK/startup/hardware.o
 .group         0x0000000000000000        0xc ./SDK/startup/hardware.o
 .group         0x0000000000000000        0xc ./SDK/startup/hardware.o
 .group         0x0000000000000000        0xc ./SDK/startup/hardware.o
 .group         0x0000000000000000        0xc ./SDK/startup/hardware.o
 .group         0x0000000000000000        0xc ./SDK/startup/hardware.o
 .group         0x0000000000000000        0xc ./SDK/startup/hardware.o
 .group         0x0000000000000000        0xc ./SDK/startup/hardware.o
 .text          0x0000000000000000        0x0 ./SDK/startup/hardware.o
 .data          0x0000000000000000        0x0 ./SDK/startup/hardware.o
 .bss           0x0000000000000000        0x0 ./SDK/startup/hardware.o
 .debug_macro   0x0000000000000000      0xab4 ./SDK/startup/hardware.o
 .debug_macro   0x0000000000000000      0x34e ./SDK/startup/hardware.o
 .debug_macro   0x0000000000000000       0x22 ./SDK/startup/hardware.o
 .debug_macro   0x0000000000000000       0x10 ./SDK/startup/hardware.o
 .debug_macro   0x0000000000000000       0x5c ./SDK/startup/hardware.o
 .debug_macro   0x0000000000000000       0x1c ./SDK/startup/hardware.o
 .debug_macro   0x0000000000000000       0x22 ./SDK/startup/hardware.o
 .debug_macro   0x0000000000000000       0xd9 ./SDK/startup/hardware.o
 .debug_macro   0x0000000000000000      0xecf ./SDK/startup/hardware.o
 .debug_macro   0x0000000000000000       0x48 ./SDK/startup/hardware.o
 .debug_macro   0x0000000000000000     0xe07b ./SDK/startup/hardware.o
 .debug_macro   0x0000000000000000     0x122b ./SDK/startup/hardware.o
 .debug_macro   0x0000000000000000       0x16 ./SDK/startup/hardware.o
 .group         0x0000000000000000        0xc ./SDK/startup/main.o
 .group         0x0000000000000000        0xc ./SDK/startup/main.o
 .group         0x0000000000000000        0xc ./SDK/startup/main.o
 .group         0x0000000000000000        0xc ./SDK/startup/main.o
 .group         0x0000000000000000        0xc ./SDK/startup/main.o
 .group         0x0000000000000000        0xc ./SDK/startup/main.o
 .group         0x0000000000000000        0xc ./SDK/startup/main.o
 .group         0x0000000000000000        0xc ./SDK/startup/main.o
 .group         0x0000000000000000        0xc ./SDK/startup/main.o
 .group         0x0000000000000000        0xc ./SDK/startup/main.o
 .group         0x0000000000000000        0xc ./SDK/startup/main.o
 .group         0x0000000000000000        0xc ./SDK/startup/main.o
 .group         0x0000000000000000        0xc ./SDK/startup/main.o
 .text          0x0000000000000000        0x0 ./SDK/startup/main.o
 .data          0x0000000000000000        0x0 ./SDK/startup/main.o
 .bss           0x0000000000000000        0x0 ./SDK/startup/main.o
 .debug_macro   0x0000000000000000      0xab4 ./SDK/startup/main.o
 .debug_macro   0x0000000000000000      0x34e ./SDK/startup/main.o
 .debug_macro   0x0000000000000000       0x22 ./SDK/startup/main.o
 .debug_macro   0x0000000000000000       0x10 ./SDK/startup/main.o
 .debug_macro   0x0000000000000000       0x5c ./SDK/startup/main.o
 .debug_macro   0x0000000000000000       0x1c ./SDK/startup/main.o
 .debug_macro   0x0000000000000000       0x22 ./SDK/startup/main.o
 .debug_macro   0x0000000000000000       0xd9 ./SDK/startup/main.o
 .debug_macro   0x0000000000000000      0xecf ./SDK/startup/main.o
 .debug_macro   0x0000000000000000       0x48 ./SDK/startup/main.o
 .debug_macro   0x0000000000000000     0xe07b ./SDK/startup/main.o
 .debug_macro   0x0000000000000000     0x122b ./SDK/startup/main.o
 .debug_macro   0x0000000000000000       0x16 ./SDK/startup/main.o
 .group         0x0000000000000000        0xc ./SDK/startup/semihost_hardfault.o
 .text          0x0000000000000000        0x0 ./SDK/startup/semihost_hardfault.o
 .data          0x0000000000000000        0x0 ./SDK/startup/semihost_hardfault.o
 .bss           0x0000000000000000        0x0 ./SDK/startup/semihost_hardfault.o
 .debug_macro   0x0000000000000000      0xab4 ./SDK/startup/semihost_hardfault.o
 .group         0x0000000000000000        0xc ./SDK/startup/startup_mk64f12.o
 .text          0x0000000000000000        0x0 ./SDK/startup/startup_mk64f12.o
 .data          0x0000000000000000        0x0 ./SDK/startup/startup_mk64f12.o
 .bss           0x0000000000000000        0x0 ./SDK/startup/startup_mk64f12.o
 .text.PORTC_IRQHandler
                0x0000000000000000        0x8 ./SDK/startup/startup_mk64f12.o
 .debug_macro   0x0000000000000000      0xab4 ./SDK/startup/startup_mk64f12.o
 .group         0x0000000000000000        0xc ./SDK/CMSIS/system_MK64F12.o
 .group         0x0000000000000000        0xc ./SDK/CMSIS/system_MK64F12.o
 .group         0x0000000000000000        0xc ./SDK/CMSIS/system_MK64F12.o
 .group         0x0000000000000000        0xc ./SDK/CMSIS/system_MK64F12.o
 .group         0x0000000000000000        0xc ./SDK/CMSIS/system_MK64F12.o
 .group         0x0000000000000000        0xc ./SDK/CMSIS/system_MK64F12.o
 .group         0x0000000000000000        0xc ./SDK/CMSIS/system_MK64F12.o
 .group         0x0000000000000000        0xc ./SDK/CMSIS/system_MK64F12.o
 .group         0x0000000000000000        0xc ./SDK/CMSIS/system_MK64F12.o
 .group         0x0000000000000000        0xc ./SDK/CMSIS/system_MK64F12.o
 .group         0x0000000000000000        0xc ./SDK/CMSIS/system_MK64F12.o
 .text          0x0000000000000000        0x0 ./SDK/CMSIS/system_MK64F12.o
 .data          0x0000000000000000        0x0 ./SDK/CMSIS/system_MK64F12.o
 .bss           0x0000000000000000        0x0 ./SDK/CMSIS/system_MK64F12.o
 .data.SystemCoreClock
                0x0000000000000000        0x4 ./SDK/CMSIS/system_MK64F12.o
 .text.SystemCoreClockUpdate
                0x0000000000000000      0x28c ./SDK/CMSIS/system_MK64F12.o
 .debug_macro   0x0000000000000000      0xab4 ./SDK/CMSIS/system_MK64F12.o
 .debug_macro   0x0000000000000000      0x34e ./SDK/CMSIS/system_MK64F12.o
 .debug_macro   0x0000000000000000       0x10 ./SDK/CMSIS/system_MK64F12.o
 .debug_macro   0x0000000000000000       0x5c ./SDK/CMSIS/system_MK64F12.o
 .debug_macro   0x0000000000000000       0x1c ./SDK/CMSIS/system_MK64F12.o
 .debug_macro   0x0000000000000000       0x22 ./SDK/CMSIS/system_MK64F12.o
 .debug_macro   0x0000000000000000       0xd9 ./SDK/CMSIS/system_MK64F12.o
 .debug_macro   0x0000000000000000      0xecf ./SDK/CMSIS/system_MK64F12.o
 .debug_macro   0x0000000000000000       0x48 ./SDK/CMSIS/system_MK64F12.o
 .debug_macro   0x0000000000000000     0xe07b ./SDK/CMSIS/system_MK64F12.o
 .debug_macro   0x0000000000000000     0x122b ./SDK/CMSIS/system_MK64F12.o

Memory Configuration

Name             Origin             Length             Attributes
PROGRAM_FLASH    0x0000000000000000 0x0000000000100000 xr
SRAM_UPPER       0x0000000020000000 0x0000000000030000 xrw
SRAM_LOWER       0x000000001fff0000 0x0000000000010000 xrw
FLEX_RAM         0x0000000014000000 0x0000000000001000 xrw
*default*        0x0000000000000000 0xffffffffffffffff

Linker script and memory map

LOAD ./source/App.o
LOAD ./source/gpio.o
LOAD ./SDK/startup/hardware.o
LOAD ./SDK/startup/main.o
LOAD ./SDK/startup/semihost_hardfault.o
LOAD ./SDK/startup/startup_mk64f12.o
LOAD ./SDK/CMSIS/system_MK64F12.o
START GROUP
LOAD /Applications/MCUXpressoIDE_11.8.0_1165/ide/plugins/com.nxp.mcuxpresso.tools.macosx_11.8.0.202306131047/tools/bin/../lib/gcc/arm-none-eabi/12.2.1/../../../../arm-none-eabi/lib/thumb/v7e-m+fp/hard/libcr_c.a
LOAD /Applications/MCUXpressoIDE_11.8.0_1165/ide/plugins/com.nxp.mcuxpresso.tools.macosx_11.8.0.202306131047/tools/bin/../lib/gcc/arm-none-eabi/12.2.1/thumb/v7e-m+fp/hard/libcr_eabihelpers.a
LOAD /Applications/MCUXpressoIDE_11.8.0_1165/ide/plugins/com.nxp.mcuxpresso.tools.macosx_11.8.0.202306131047/tools/bin/../lib/gcc/arm-none-eabi/12.2.1/thumb/v7e-m+fp/hard/libgcc.a
END GROUP
                0x0000000000000000                __base_PROGRAM_FLASH = 0x0
                0x0000000000000000                __base_Flash = 0x0
                0x0000000000100000                __top_PROGRAM_FLASH = 0x100000
                0x0000000000100000                __top_Flash = 0x100000
                0x0000000020000000                __base_SRAM_UPPER = 0x20000000
                0x0000000020000000                __base_RAM = 0x20000000
                0x0000000020030000                __top_SRAM_UPPER = 0x20030000
                0x0000000020030000                __top_RAM = 0x20030000
                0x000000001fff0000                __base_SRAM_LOWER = 0x1fff0000
                0x000000001fff0000                __base_RAM2 = 0x1fff0000
                0x0000000020000000                __top_SRAM_LOWER = 0x20000000
                0x0000000020000000                __top_RAM2 = 0x20000000
                0x0000000014000000                __base_FLEX_RAM = 0x14000000
                0x0000000014000000                __base_RAM3 = 0x14000000
                0x0000000014001000                __top_FLEX_RAM = 0x14001000
                0x0000000014001000                __top_RAM3 = 0x14001000

.text           0x0000000000000000     0x11c0
 FILL mask 0xff
                0x0000000000000000                __vectors_start__ = ABSOLUTE (.)
 *(SORT_BY_ALIGNMENT(.isr_vector))
 .isr_vector    0x0000000000000000      0x198 ./SDK/startup/startup_mk64f12.o
                0x0000000000000000                __Vectors
                0x0000000000000000                g_pfnVectors
                0x0000000000000198                . = ALIGN (0x4)
                0x0000000000000198                __section_table_start = .
                0x0000000000000198                __data_section_table = .
                0x0000000000000198        0x4 LONG 0x11c0 LOADADDR (.data)
                0x000000000000019c        0x4 LONG 0x20000000 ADDR (.data)
                0x00000000000001a0        0x4 LONG 0x0 SIZEOF (.data)
                0x00000000000001a4        0x4 LONG 0x11c0 LOADADDR (.data_RAM2)
                0x00000000000001a8        0x4 LONG 0x1fff0000 ADDR (.data_RAM2)
                0x00000000000001ac        0x4 LONG 0x0 SIZEOF (.data_RAM2)
                0x00000000000001b0        0x4 LONG 0x11c0 LOADADDR (.data_RAM3)
                0x00000000000001b4        0x4 LONG 0x14000000 ADDR (.data_RAM3)
                0x00000000000001b8        0x4 LONG 0x0 SIZEOF (.data_RAM3)
                0x00000000000001bc                __data_section_table_end = .
                0x00000000000001bc                __bss_section_table = .
                0x00000000000001bc        0x4 LONG 0x20000000 ADDR (.bss)
                0x00000000000001c0        0x4 LONG 0x20 SIZEOF (.bss)
                0x00000000000001c4        0x4 LONG 0x1fff0000 ADDR (.bss_RAM2)
                0x00000000000001c8        0x4 LONG 0x0 SIZEOF (.bss_RAM2)
                0x00000000000001cc        0x4 LONG 0x14000000 ADDR (.bss_RAM3)
                0x00000000000001d0        0x4 LONG 0x0 SIZEOF (.bss_RAM3)
                0x00000000000001d4                __bss_section_table_end = .
                0x00000000000001d4                __section_table_end = .
 *(SORT_BY_ALIGNMENT(.after_vectors*))
 .after_vectors.reset
                0x00000000000001d4       0x4c ./SDK/startup/startup_mk64f12.o
                0x00000000000001d4                ResetISR
 .after_vectors.init_data
                0x0000000000000220       0x1e ./SDK/startup/startup_mk64f12.o
                0x0000000000000220                data_init
 .after_vectors.init_bss
                0x000000000000023e       0x12 ./SDK/startup/startup_mk64f12.o
                0x000000000000023e                bss_init
 .after_vectors
                0x0000000000000250       0x14 ./SDK/startup/startup_mk64f12.o
                0x0000000000000250                NMI_Handler
                0x0000000000000254                MemManage_Handler
                0x0000000000000256                BusFault_Handler
                0x0000000000000258                UsageFault_Handler
                0x000000000000025a                SVC_Handler
                0x000000000000025c                DebugMon_Handler
                0x000000000000025e                PendSV_Handler
                0x0000000000000262                FTM1_DriverIRQHandler
                0x0000000000000262                FTM2_DriverIRQHandler
                0x0000000000000262                PIT2_DriverIRQHandler
                0x0000000000000262                SDHC_DriverIRQHandler
                0x0000000000000262                I2S0_Tx_DriverIRQHandler
                0x0000000000000262                RTC_Seconds_DriverIRQHandler
                0x0000000000000262                DMA6_DriverIRQHandler
                0x0000000000000262                LLWU_DriverIRQHandler
                0x0000000000000262                MCM_DriverIRQHandler
                0x0000000000000262                MCG_DriverIRQHandler
                0x0000000000000262                ENET_1588_Timer_DriverIRQHandler
                0x0000000000000262                I2C2_DriverIRQHandler
                0x0000000000000262                DAC1_DriverIRQHandler
                0x0000000000000262                CMP1_DriverIRQHandler
                0x0000000000000262                UART5_RX_TX_DriverIRQHandler
                0x0000000000000262                FTM0_DriverIRQHandler
                0x0000000000000262                IntDefaultHandler
                0x0000000000000262                USB0_DriverIRQHandler
                0x0000000000000262                UART5_ERR_DriverIRQHandler
                0x0000000000000262                PORTC_DriverIRQHandler
                0x0000000000000262                DMA11_DriverIRQHandler
                0x0000000000000262                DAC0_DriverIRQHandler
                0x0000000000000262                DMA10_DriverIRQHandler
                0x0000000000000262                CMP2_DriverIRQHandler
                0x0000000000000262                UART2_ERR_DriverIRQHandler
                0x0000000000000262                SPI2_DriverIRQHandler
                0x0000000000000262                LVD_LVW_DriverIRQHandler
                0x0000000000000262                PIT0_DriverIRQHandler
                0x0000000000000262                RNG_DriverIRQHandler
                0x0000000000000262                DMA5_DriverIRQHandler
                0x0000000000000262                DMA4_DriverIRQHandler
                0x0000000000000262                UART2_RX_TX_DriverIRQHandler
                0x0000000000000262                USBDCD_DriverIRQHandler
                0x0000000000000262                UART3_ERR_DriverIRQHandler
                0x0000000000000262                DMA3_DriverIRQHandler
                0x0000000000000262                DMA8_DriverIRQHandler
                0x0000000000000262                DMA9_DriverIRQHandler
                0x0000000000000262                UART0_ERR_DriverIRQHandler
                0x0000000000000262                CMT_DriverIRQHandler
                0x0000000000000262                Reserved71_DriverIRQHandler
                0x0000000000000262                ADC1_DriverIRQHandler
                0x0000000000000262                PORTA_DriverIRQHandler
                0x0000000000000262                DMA14_DriverIRQHandler
                0x0000000000000262                PIT3_DriverIRQHandler
                0x0000000000000262                PIT1_DriverIRQHandler
                0x0000000000000262                WDOG_EWM_DriverIRQHandler
                0x0000000000000262                PDB0_DriverIRQHandler
                0x0000000000000262                RTC_DriverIRQHandler
                0x0000000000000262                I2S0_Rx_DriverIRQHandler
                0x0000000000000262                Read_Collision_DriverIRQHandler
                0x0000000000000262                SWI_DriverIRQHandler
                0x0000000000000262                UART4_RX_TX_DriverIRQHandler
                0x0000000000000262                UART4_ERR_DriverIRQHandler
                0x0000000000000262                UART0_LON_DriverIRQHandler
                0x0000000000000262                DMA1_DriverIRQHandler
                0x0000000000000262                I2C1_DriverIRQHandler
                0x0000000000000262                UART3_RX_TX_DriverIRQHandler
                0x0000000000000262                ENET_Receive_DriverIRQHandler
                0x0000000000000262                DMA13_DriverIRQHandler
                0x0000000000000262                ENET_Error_DriverIRQHandler
                0x0000000000000262                DMA15_DriverIRQHandler
                0x0000000000000262                UART0_RX_TX_DriverIRQHandler
                0x0000000000000262                SPI0_DriverIRQHandler
                0x0000000000000262                ADC0_DriverIRQHandler
                0x0000000000000262                CMP0_DriverIRQHandler
                0x0000000000000262                CAN0_DriverIRQHandler
                0x0000000000000262                FTM3_DriverIRQHandler
                0x0000000000000262                UART1_ERR_DriverIRQHandler
                0x0000000000000262                DMA2_DriverIRQHandler
                0x0000000000000262                ENET_Transmit_DriverIRQHandler
                0x0000000000000262                PORTD_DriverIRQHandler
                0x0000000000000262                PORTE_DriverIRQHandler
                0x0000000000000262                FTFE_DriverIRQHandler
                0x0000000000000262                I2C0_DriverIRQHandler
                0x0000000000000262                DMA7_DriverIRQHandler
                0x0000000000000262                UART1_RX_TX_DriverIRQHandler
                0x0000000000000262                DMA0_DriverIRQHandler
                0x0000000000000262                PORTB_DriverIRQHandler
                0x0000000000000262                DMA12_DriverIRQHandler
                0x0000000000000262                SPI1_DriverIRQHandler
                0x0000000000000262                LPTMR0_DriverIRQHandler
                0x0000000000000262                DMA_Error_DriverIRQHandler
                0x0000000000000400                . = 0x400
 *fill*         0x0000000000000264      0x19c ff
                0x0000000000000400                PROVIDE (__FLASH_CONFIG_START__ = .)
 *(SORT_BY_ALIGNMENT(.FlashConfig))
 .FlashConfig   0x0000000000000400       0x10 ./SDK/startup/startup_mk64f12.o
                0x0000000000000400                Flash_Config
                0x0000000000000410                PROVIDE (__FLASH_CONFIG_END__ = .)
                0x0000000000000001                ASSERT (! ((__FLASH_CONFIG_START__ == __FLASH_CONFIG_END__)), Linker Flash Config Support Enabled, but no .FlashConfig section provided within application)
 *(SORT_BY_ALIGNMENT(.text*))
 .text.__NVIC_EnableIRQ
                0x0000000000000410       0x3c ./source/App.o
 .text.PORTC_IRQHandler
                0x000000000000044c       0x58 ./source/App.o
                0x000000000000044c                PORTC_IRQHandler
 .text.SysTick_Init
                0x00000000000004a4       0x30 ./source/App.o
                0x00000000000004a4                SysTick_Init
 .text.gpioMode
                0x00000000000004d4      0x200 ./source/gpio.o
                0x00000000000004d4                gpioMode
 .text.writeDigit
                0x00000000000006d4      0x3f8 ./source/gpio.o
                0x00000000000006d4                writeDigit
 .text.updateDisplay
                0x0000000000000acc       0xa4 ./source/gpio.o
                0x0000000000000acc                updateDisplay
 .text.hw_Init  0x0000000000000b70      0x108 ./SDK/startup/hardware.o
                0x0000000000000b70                hw_Init
 .text.hw_EnableInterrupts
                0x0000000000000c78       0x30 ./SDK/startup/hardware.o
                0x0000000000000c78                hw_EnableInterrupts
 .text.hw_DisableInterrupts
                0x0000000000000ca8       0x20 ./SDK/startup/hardware.o
                0x0000000000000ca8                hw_DisableInterrupts
 .text.SystemInit
                0x0000000000000cc8       0x3c ./SDK/CMSIS/system_MK64F12.o
                0x0000000000000cc8                SystemInit
 .text.App_Init
                0x0000000000000d04       0xca ./source/App.o
                0x0000000000000d04                App_Init
 .text.App_Run  0x0000000000000dce        0xe ./source/App.o
                0x0000000000000dce                App_Run
 .text.SysTick_Handler
                0x0000000000000ddc       0x20 ./source/App.o
                0x0000000000000ddc                SysTick_Handler
 .text.gpioWrite
                0x0000000000000dfc       0x74 ./source/gpio.o
                0x0000000000000dfc                gpioWrite
 .text.gpioIRQconfig
                0x0000000000000e70       0x52 ./source/gpio.o
                0x0000000000000e70                gpioIRQconfig
 .text.main     0x0000000000000ec2       0x1a ./SDK/startup/main.o
                0x0000000000000ec2                main
 .text.HardFault_Handler
                0x0000000000000edc       0x2c ./SDK/startup/semihost_hardfault.o
                0x0000000000000edc                HardFault_Handler
 .text.DMA0_IRQHandler
                0x0000000000000f08        0x8 ./SDK/startup/startup_mk64f12.o
                0x0000000000000f08                DMA0_IRQHandler
 .text.DMA1_IRQHandler
                0x0000000000000f10        0x8 ./SDK/startup/startup_mk64f12.o
                0x0000000000000f10                DMA1_IRQHandler
 .text.DMA2_IRQHandler
                0x0000000000000f18        0x8 ./SDK/startup/startup_mk64f12.o
                0x0000000000000f18                DMA2_IRQHandler
 .text.DMA3_IRQHandler
                0x0000000000000f20        0x8 ./SDK/startup/startup_mk64f12.o
                0x0000000000000f20                DMA3_IRQHandler
 .text.DMA4_IRQHandler
                0x0000000000000f28        0x8 ./SDK/startup/startup_mk64f12.o
                0x0000000000000f28                DMA4_IRQHandler
 .text.DMA5_IRQHandler
                0x0000000000000f30        0x8 ./SDK/startup/startup_mk64f12.o
                0x0000000000000f30                DMA5_IRQHandler
 .text.DMA6_IRQHandler
                0x0000000000000f38        0x8 ./SDK/startup/startup_mk64f12.o
                0x0000000000000f38                DMA6_IRQHandler
 .text.DMA7_IRQHandler
                0x0000000000000f40        0x8 ./SDK/startup/startup_mk64f12.o
                0x0000000000000f40                DMA7_IRQHandler
 .text.DMA8_IRQHandler
                0x0000000000000f48        0x8 ./SDK/startup/startup_mk64f12.o
                0x0000000000000f48                DMA8_IRQHandler
 .text.DMA9_IRQHandler
                0x0000000000000f50        0x8 ./SDK/startup/startup_mk64f12.o
                0x0000000000000f50                DMA9_IRQHandler
 .text.DMA10_IRQHandler
                0x0000000000000f58        0x8 ./SDK/startup/startup_mk64f12.o
                0x0000000000000f58                DMA10_IRQHandler
 .text.DMA11_IRQHandler
                0x0000000000000f60        0x8 ./SDK/startup/startup_mk64f12.o
                0x0000000000000f60                DMA11_IRQHandler
 .text.DMA12_IRQHandler
                0x0000000000000f68        0x8 ./SDK/startup/startup_mk64f12.o
                0x0000000000000f68                DMA12_IRQHandler
 .text.DMA13_IRQHandler
                0x0000000000000f70        0x8 ./SDK/startup/startup_mk64f12.o
                0x0000000000000f70                DMA13_IRQHandler
 .text.DMA14_IRQHandler
                0x0000000000000f78        0x8 ./SDK/startup/startup_mk64f12.o
                0x0000000000000f78                DMA14_IRQHandler
 .text.DMA15_IRQHandler
                0x0000000000000f80        0x8 ./SDK/startup/startup_mk64f12.o
                0x0000000000000f80                DMA15_IRQHandler
 .text.DMA_Error_IRQHandler
                0x0000000000000f88        0x8 ./SDK/startup/startup_mk64f12.o
                0x0000000000000f88                DMA_Error_IRQHandler
 .text.MCM_IRQHandler
                0x0000000000000f90        0x8 ./SDK/startup/startup_mk64f12.o
                0x0000000000000f90                MCM_IRQHandler
 .text.FTFE_IRQHandler
                0x0000000000000f98        0x8 ./SDK/startup/startup_mk64f12.o
                0x0000000000000f98                FTFE_IRQHandler
 .text.Read_Collision_IRQHandler
                0x0000000000000fa0        0x8 ./SDK/startup/startup_mk64f12.o
                0x0000000000000fa0                Read_Collision_IRQHandler
 .text.LVD_LVW_IRQHandler
                0x0000000000000fa8        0x8 ./SDK/startup/startup_mk64f12.o
                0x0000000000000fa8                LVD_LVW_IRQHandler
 .text.LLWU_IRQHandler
                0x0000000000000fb0        0x8 ./SDK/startup/startup_mk64f12.o
                0x0000000000000fb0                LLWU_IRQHandler
 .text.WDOG_EWM_IRQHandler
                0x0000000000000fb8        0x8 ./SDK/startup/startup_mk64f12.o
                0x0000000000000fb8                WDOG_EWM_IRQHandler
 .text.RNG_IRQHandler
                0x0000000000000fc0        0x8 ./SDK/startup/startup_mk64f12.o
                0x0000000000000fc0                RNG_IRQHandler
 .text.I2C0_IRQHandler
                0x0000000000000fc8        0x8 ./SDK/startup/startup_mk64f12.o
                0x0000000000000fc8                I2C0_IRQHandler
 .text.I2C1_IRQHandler
                0x0000000000000fd0        0x8 ./SDK/startup/startup_mk64f12.o
                0x0000000000000fd0                I2C1_IRQHandler
 .text.SPI0_IRQHandler
                0x0000000000000fd8        0x8 ./SDK/startup/startup_mk64f12.o
                0x0000000000000fd8                SPI0_IRQHandler
 .text.SPI1_IRQHandler
                0x0000000000000fe0        0x8 ./SDK/startup/startup_mk64f12.o
                0x0000000000000fe0                SPI1_IRQHandler
 .text.I2S0_Tx_IRQHandler
                0x0000000000000fe8        0x8 ./SDK/startup/startup_mk64f12.o
                0x0000000000000fe8                I2S0_Tx_IRQHandler
 .text.I2S0_Rx_IRQHandler
                0x0000000000000ff0        0x8 ./SDK/startup/startup_mk64f12.o
                0x0000000000000ff0                I2S0_Rx_IRQHandler
 .text.UART0_LON_IRQHandler
                0x0000000000000ff8        0x8 ./SDK/startup/startup_mk64f12.o
                0x0000000000000ff8                UART0_LON_IRQHandler
 .text.UART0_RX_TX_IRQHandler
                0x0000000000001000        0x8 ./SDK/startup/startup_mk64f12.o
                0x0000000000001000                UART0_RX_TX_IRQHandler
 .text.UART0_ERR_IRQHandler
                0x0000000000001008        0x8 ./SDK/startup/startup_mk64f12.o
                0x0000000000001008                UART0_ERR_IRQHandler
 .text.UART1_RX_TX_IRQHandler
                0x0000000000001010        0x8 ./SDK/startup/startup_mk64f12.o
                0x0000000000001010                UART1_RX_TX_IRQHandler
 .text.UART1_ERR_IRQHandler
                0x0000000000001018        0x8 ./SDK/startup/startup_mk64f12.o
                0x0000000000001018                UART1_ERR_IRQHandler
 .text.UART2_RX_TX_IRQHandler
                0x0000000000001020        0x8 ./SDK/startup/startup_mk64f12.o
                0x0000000000001020                UART2_RX_TX_IRQHandler
 .text.UART2_ERR_IRQHandler
                0x0000000000001028        0x8 ./SDK/startup/startup_mk64f12.o
                0x0000000000001028                UART2_ERR_IRQHandler
 .text.UART3_RX_TX_IRQHandler
                0x0000000000001030        0x8 ./SDK/startup/startup_mk64f12.o
                0x0000000000001030                UART3_RX_TX_IRQHandler
 .text.UART3_ERR_IRQHandler
                0x0000000000001038        0x8 ./SDK/startup/startup_mk64f12.o
                0x0000000000001038                UART3_ERR_IRQHandler
 .text.ADC0_IRQHandler
                0x0000000000001040        0x8 ./SDK/startup/startup_mk64f12.o
                0x0000000000001040                ADC0_IRQHandler
 .text.CMP0_IRQHandler
                0x0000000000001048        0x8 ./SDK/startup/startup_mk64f12.o
                0x0000000000001048                CMP0_IRQHandler
 .text.CMP1_IRQHandler
                0x0000000000001050        0x8 ./SDK/startup/startup_mk64f12.o
                0x0000000000001050                CMP1_IRQHandler
 .text.FTM0_IRQHandler
                0x0000000000001058        0x8 ./SDK/startup/startup_mk64f12.o
                0x0000000000001058                FTM0_IRQHandler
 .text.FTM1_IRQHandler
                0x0000000000001060        0x8 ./SDK/startup/startup_mk64f12.o
                0x0000000000001060                FTM1_IRQHandler
 .text.FTM2_IRQHandler
                0x0000000000001068        0x8 ./SDK/startup/startup_mk64f12.o
                0x0000000000001068                FTM2_IRQHandler
 .text.CMT_IRQHandler
                0x0000000000001070        0x8 ./SDK/startup/startup_mk64f12.o
                0x0000000000001070                CMT_IRQHandler
 .text.RTC_IRQHandler
                0x0000000000001078        0x8 ./SDK/startup/startup_mk64f12.o
                0x0000000000001078                RTC_IRQHandler
 .text.RTC_Seconds_IRQHandler
                0x0000000000001080        0x8 ./SDK/startup/startup_mk64f12.o
                0x0000000000001080                RTC_Seconds_IRQHandler
 .text.PIT0_IRQHandler
                0x0000000000001088        0x8 ./SDK/startup/startup_mk64f12.o
                0x0000000000001088                PIT0_IRQHandler
 .text.PIT1_IRQHandler
                0x0000000000001090        0x8 ./SDK/startup/startup_mk64f12.o
                0x0000000000001090                PIT1_IRQHandler
 .text.PIT2_IRQHandler
                0x0000000000001098        0x8 ./SDK/startup/startup_mk64f12.o
                0x0000000000001098                PIT2_IRQHandler
 .text.PIT3_IRQHandler
                0x00000000000010a0        0x8 ./SDK/startup/startup_mk64f12.o
                0x00000000000010a0                PIT3_IRQHandler
 .text.PDB0_IRQHandler
                0x00000000000010a8        0x8 ./SDK/startup/startup_mk64f12.o
                0x00000000000010a8                PDB0_IRQHandler
 .text.USB0_IRQHandler
                0x00000000000010b0        0x8 ./SDK/startup/startup_mk64f12.o
                0x00000000000010b0                USB0_IRQHandler
 .text.USBDCD_IRQHandler
                0x00000000000010b8        0x8 ./SDK/startup/startup_mk64f12.o
                0x00000000000010b8                USBDCD_IRQHandler
 .text.Reserved71_IRQHandler
                0x00000000000010c0        0x8 ./SDK/startup/startup_mk64f12.o
                0x00000000000010c0                Reserved71_IRQHandler
 .text.DAC0_IRQHandler
                0x00000000000010c8        0x8 ./SDK/startup/startup_mk64f12.o
                0x00000000000010c8                DAC0_IRQHandler
 .text.MCG_IRQHandler
                0x00000000000010d0        0x8 ./SDK/startup/startup_mk64f12.o
                0x00000000000010d0                MCG_IRQHandler
 .text.LPTMR0_IRQHandler
                0x00000000000010d8        0x8 ./SDK/startup/startup_mk64f12.o
                0x00000000000010d8                LPTMR0_IRQHandler
 .text.PORTA_IRQHandler
                0x00000000000010e0        0x8 ./SDK/startup/startup_mk64f12.o
                0x00000000000010e0                PORTA_IRQHandler
 .text.PORTB_IRQHandler
                0x00000000000010e8        0x8 ./SDK/startup/startup_mk64f12.o
                0x00000000000010e8                PORTB_IRQHandler
 .text.PORTD_IRQHandler
                0x00000000000010f0        0x8 ./SDK/startup/startup_mk64f12.o
                0x00000000000010f0                PORTD_IRQHandler
 .text.PORTE_IRQHandler
                0x00000000000010f8        0x8 ./SDK/startup/startup_mk64f12.o
                0x00000000000010f8                PORTE_IRQHandler
 .text.SWI_IRQHandler
                0x0000000000001100        0x8 ./SDK/startup/startup_mk64f12.o
                0x0000000000001100                SWI_IRQHandler
 .text.SPI2_IRQHandler
                0x0000000000001108        0x8 ./SDK/startup/startup_mk64f12.o
                0x0000000000001108                SPI2_IRQHandler
 .text.UART4_RX_TX_IRQHandler
                0x0000000000001110        0x8 ./SDK/startup/startup_mk64f12.o
                0x0000000000001110                UART4_RX_TX_IRQHandler
 .text.UART4_ERR_IRQHandler
                0x0000000000001118        0x8 ./SDK/startup/startup_mk64f12.o
                0x0000000000001118                UART4_ERR_IRQHandler
 .text.UART5_RX_TX_IRQHandler
                0x0000000000001120        0x8 ./SDK/startup/startup_mk64f12.o
                0x0000000000001120                UART5_RX_TX_IRQHandler
 .text.UART5_ERR_IRQHandler
                0x0000000000001128        0x8 ./SDK/startup/startup_mk64f12.o
                0x0000000000001128                UART5_ERR_IRQHandler
 .text.CMP2_IRQHandler
                0x0000000000001130        0x8 ./SDK/startup/startup_mk64f12.o
                0x0000000000001130                CMP2_IRQHandler
 .text.FTM3_IRQHandler
                0x0000000000001138        0x8 ./SDK/startup/startup_mk64f12.o
                0x0000000000001138                FTM3_IRQHandler
 .text.DAC1_IRQHandler
                0x0000000000001140        0x8 ./SDK/startup/startup_mk64f12.o
                0x0000000000001140                DAC1_IRQHandler
 .text.ADC1_IRQHandler
                0x0000000000001148        0x8 ./SDK/startup/startup_mk64f12.o
                0x0000000000001148                ADC1_IRQHandler
 .text.I2C2_IRQHandler
                0x0000000000001150        0x8 ./SDK/startup/startup_mk64f12.o
                0x0000000000001150                I2C2_IRQHandler
 .text.CAN0_ORed_Message_buffer_IRQHandler
                0x0000000000001158        0x8 ./SDK/startup/startup_mk64f12.o
                0x0000000000001158                CAN0_ORed_Message_buffer_IRQHandler
 .text.CAN0_Bus_Off_IRQHandler
                0x0000000000001160        0x8 ./SDK/startup/startup_mk64f12.o
                0x0000000000001160                CAN0_Bus_Off_IRQHandler
 .text.CAN0_Error_IRQHandler
                0x0000000000001168        0x8 ./SDK/startup/startup_mk64f12.o
                0x0000000000001168                CAN0_Error_IRQHandler
 .text.CAN0_Tx_Warning_IRQHandler
                0x0000000000001170        0x8 ./SDK/startup/startup_mk64f12.o
                0x0000000000001170                CAN0_Tx_Warning_IRQHandler
 .text.CAN0_Rx_Warning_IRQHandler
                0x0000000000001178        0x8 ./SDK/startup/startup_mk64f12.o
                0x0000000000001178                CAN0_Rx_Warning_IRQHandler
 .text.CAN0_Wake_Up_IRQHandler
                0x0000000000001180        0x8 ./SDK/startup/startup_mk64f12.o
                0x0000000000001180                CAN0_Wake_Up_IRQHandler
 .text.SDHC_IRQHandler
                0x0000000000001188        0x8 ./SDK/startup/startup_mk64f12.o
                0x0000000000001188                SDHC_IRQHandler
 .text.ENET_1588_Timer_IRQHandler
                0x0000000000001190        0x8 ./SDK/startup/startup_mk64f12.o
                0x0000000000001190                ENET_1588_Timer_IRQHandler
 .text.ENET_Transmit_IRQHandler
                0x0000000000001198        0x8 ./SDK/startup/startup_mk64f12.o
                0x0000000000001198                ENET_Transmit_IRQHandler
 .text.ENET_Receive_IRQHandler
                0x00000000000011a0        0x8 ./SDK/startup/startup_mk64f12.o
                0x00000000000011a0                ENET_Receive_IRQHandler
 .text.ENET_Error_IRQHandler
                0x00000000000011a8        0x8 ./SDK/startup/startup_mk64f12.o
                0x00000000000011a8                ENET_Error_IRQHandler
 .text.SystemInitHook
                0x00000000000011b0        0xe ./SDK/CMSIS/system_MK64F12.o
                0x00000000000011b0                SystemInitHook
 *(SORT_BY_ALIGNMENT(.rodata) SORT_BY_ALIGNMENT(.rodata.*) SORT_BY_ALIGNMENT(.constdata) SORT_BY_ALIGNMENT(.constdata.*))
                0x00000000000011c0                . = ALIGN (0x8)
 *fill*         0x00000000000011be        0x2 ff

.glue_7         0x00000000000011c0        0x0
 .glue_7        0x00000000000011c0        0x0 linker stubs

.glue_7t        0x00000000000011c0        0x0
 .glue_7t       0x00000000000011c0        0x0 linker stubs

.vfp11_veneer   0x00000000000011c0        0x0
 .vfp11_veneer  0x00000000000011c0        0x0 linker stubs

.v4_bx          0x00000000000011c0        0x0
 .v4_bx         0x00000000000011c0        0x0 linker stubs

.iplt           0x00000000000011c0        0x0
 .iplt          0x00000000000011c0        0x0 ./source/App.o

.rel.dyn        0x00000000000011c0        0x0
 .rel.iplt      0x00000000000011c0        0x0 ./source/App.o

.ARM.extab
 *(SORT_BY_ALIGNMENT(.ARM.extab*) SORT_BY_ALIGNMENT(.gnu.linkonce.armextab.*))

.ARM.exidx      0x00000000000011c0        0x0
                0x00000000000011c0                __exidx_start = .
 *(SORT_BY_ALIGNMENT(.ARM.exidx*) SORT_BY_ALIGNMENT(.gnu.linkonce.armexidx.*))
                0x00000000000011c0                __exidx_end = .
                0x00000000000011c0                _etext = .

.m_usb_data
 *(SORT_BY_ALIGNMENT(m_usb_bdt))

.data_RAM2      0x000000001fff0000        0x0 load address 0x00000000000011c0
 FILL mask 0xff
                [!provide]                        PROVIDE (__start_data_RAM2 = .)
                [!provide]                        PROVIDE (__start_data_SRAM_LOWER = .)
 *(SORT_BY_ALIGNMENT(.ramfunc.$RAM2))
 *(SORT_BY_ALIGNMENT(.ramfunc.$SRAM_LOWER))
 *(SORT_BY_ALIGNMENT(.data.$RAM2))
 *(SORT_BY_ALIGNMENT(.data.$SRAM_LOWER))
 *(SORT_BY_ALIGNMENT(.data.$RAM2.*))
 *(SORT_BY_ALIGNMENT(.data.$SRAM_LOWER.*))
                0x000000001fff0000                . = ALIGN (0x8)
                [!provide]                        PROVIDE (__end_data_RAM2 = .)
                [!provide]                        PROVIDE (__end_data_SRAM_LOWER = .)

.data_RAM3      0x0000000014000000        0x0 load address 0x00000000000011c0
 FILL mask 0xff
                [!provide]                        PROVIDE (__start_data_RAM3 = .)
                [!provide]                        PROVIDE (__start_data_FLEX_RAM = .)
 *(SORT_BY_ALIGNMENT(.ramfunc.$RAM3))
 *(SORT_BY_ALIGNMENT(.ramfunc.$FLEX_RAM))
 *(SORT_BY_ALIGNMENT(.data.$RAM3))
 *(SORT_BY_ALIGNMENT(.data.$FLEX_RAM))
 *(SORT_BY_ALIGNMENT(.data.$RAM3.*))
 *(SORT_BY_ALIGNMENT(.data.$FLEX_RAM.*))
                0x0000000014000000                . = ALIGN (0x8)
                [!provide]                        PROVIDE (__end_data_RAM3 = .)
                [!provide]                        PROVIDE (__end_data_FLEX_RAM = .)

.uninit_RESERVED
                0x0000000020000000        0x0
                0x0000000020000000                _start_uninit_RESERVED = .
 *(SORT_BY_ALIGNMENT(.bss.$RESERVED*))
                0x0000000020000000                . = ALIGN (0x8)
                0x0000000020000000                _end_uninit_RESERVED = .

.data           0x0000000020000000        0x0 load address 0x00000000000011c0
 FILL mask 0xff
                0x0000000020000000                _data = .
                [!provide]                        PROVIDE (__start_data_RAM = .)
                [!provide]                        PROVIDE (__start_data_SRAM_UPPER = .)
 *(SORT_BY_ALIGNMENT(vtable))
 *(SORT_BY_ALIGNMENT(.ramfunc*))
 *(SORT_BY_ALIGNMENT(CodeQuickAccess))
 *(SORT_BY_ALIGNMENT(DataQuickAccess))
 *(SORT_BY_ALIGNMENT(RamFunction))
 *(SORT_BY_ALIGNMENT(.data*))
                0x0000000020000000                . = ALIGN (0x8)
                0x0000000020000000                _edata = .
                [!provide]                        PROVIDE (__end_data_RAM = .)
                [!provide]                        PROVIDE (__end_data_SRAM_UPPER = .)

.igot.plt       0x0000000020000000        0x0 load address 0x00000000000011c0
 .igot.plt      0x0000000020000000        0x0 ./source/App.o

.bss_RAM2       0x000000001fff0000        0x0
                [!provide]                        PROVIDE (__start_bss_RAM2 = .)
                [!provide]                        PROVIDE (__start_bss_SRAM_LOWER = .)
 *(SORT_BY_ALIGNMENT(.bss.$RAM2))
 *(SORT_BY_ALIGNMENT(.bss.$SRAM_LOWER))
 *(SORT_BY_ALIGNMENT(.bss.$RAM2.*))
 *(SORT_BY_ALIGNMENT(.bss.$SRAM_LOWER.*))
                0x000000001fff0000                . = ALIGN ((. != 0x0)?0x8:0x1)
                [!provide]                        PROVIDE (__end_bss_RAM2 = .)
                [!provide]                        PROVIDE (__end_bss_SRAM_LOWER = .)

.bss_RAM3       0x0000000014000000        0x0
                [!provide]                        PROVIDE (__start_bss_RAM3 = .)
                [!provide]                        PROVIDE (__start_bss_FLEX_RAM = .)
 *(SORT_BY_ALIGNMENT(.bss.$RAM3))
 *(SORT_BY_ALIGNMENT(.bss.$FLEX_RAM))
 *(SORT_BY_ALIGNMENT(.bss.$RAM3.*))
 *(SORT_BY_ALIGNMENT(.bss.$FLEX_RAM.*))
                0x0000000014000000                . = ALIGN ((. != 0x0)?0x8:0x1)
                [!provide]                        PROVIDE (__end_bss_RAM3 = .)
                [!provide]                        PROVIDE (__end_bss_FLEX_RAM = .)

.bss            0x0000000020000000       0x20
                0x0000000020000000                _bss = .
                [!provide]                        PROVIDE (__start_bss_RAM = .)
                [!provide]                        PROVIDE (__start_bss_SRAM_UPPER = .)
 *(SORT_BY_ALIGNMENT(.bss*))
 .bss.clk_en.3  0x0000000020000000        0x5 ./source/gpio.o
 *fill*         0x0000000020000005        0x3 
 .bss.dp_num.1  0x0000000020000008       0x10 ./source/gpio.o
 .bss.dp_digit.0
                0x0000000020000018        0x4 ./source/gpio.o
 .bss.__LDM_interruptDisableCount
                0x000000002000001c        0x4 ./SDK/startup/hardware.o
 *(SORT_BY_ALIGNMENT(COMMON))
                0x0000000020000020                . = ALIGN (0x8)
                0x0000000020000020                _ebss = .
                [!provide]                        PROVIDE (__end_bss_RAM = .)
                [!provide]                        PROVIDE (__end_bss_SRAM_UPPER = .)
                [!provide]                        PROVIDE (end = .)

.noinit_RAM2    0x000000001fff0000        0x0
                [!provide]                        PROVIDE (__start_noinit_RAM2 = .)
                [!provide]                        PROVIDE (__start_noinit_SRAM_LOWER = .)
 *(SORT_BY_ALIGNMENT(.noinit.$RAM2))
 *(SORT_BY_ALIGNMENT(.noinit.$SRAM_LOWER))
 *(SORT_BY_ALIGNMENT(.noinit.$RAM2.*))
 *(SORT_BY_ALIGNMENT(.noinit.$SRAM_LOWER.*))
                0x000000001fff0000                . = ALIGN (0x8)
                [!provide]                        PROVIDE (__end_noinit_RAM2 = .)
                [!provide]                        PROVIDE (__end_noinit_SRAM_LOWER = .)

.noinit_RAM3    0x0000000014000000        0x0
                [!provide]                        PROVIDE (__start_noinit_RAM3 = .)
                [!provide]                        PROVIDE (__start_noinit_FLEX_RAM = .)
 *(SORT_BY_ALIGNMENT(.noinit.$RAM3))
 *(SORT_BY_ALIGNMENT(.noinit.$FLEX_RAM))
 *(SORT_BY_ALIGNMENT(.noinit.$RAM3.*))
 *(SORT_BY_ALIGNMENT(.noinit.$FLEX_RAM.*))
                0x0000000014000000                . = ALIGN (0x8)
                [!provide]                        PROVIDE (__end_noinit_RAM3 = .)
                [!provide]                        PROVIDE (__end_noinit_FLEX_RAM = .)

.noinit         0x0000000020000020        0x0
                0x0000000020000020                _noinit = .
                [!provide]                        PROVIDE (__start_noinit_RAM = .)
                [!provide]                        PROVIDE (__start_noinit_SRAM_UPPER = .)
 *(SORT_BY_ALIGNMENT(.noinit*))
                0x0000000020000020                . = ALIGN (0x8)
                0x0000000020000020                _end_noinit = .
                [!provide]                        PROVIDE (__end_noinit_RAM = .)
                [!provide]                        PROVIDE (__end_noinit_SRAM_UPPER = .)
                0x0000000000001000                _HeapSize = 0x1000

.heap           0x0000000020000020     0x1000
                0x0000000020000020                _pvHeapStart = .
                0x0000000020001020                . = (. + _HeapSize)
 *fill*         0x0000000020000020     0x1000 
                0x0000000020001020                . = ALIGN (0x8)
                0x0000000020001020                _pvHeapLimit = .
                0x0000000000001000                _StackSize = 0x1000

.heap2stackfill
                0x0000000020001020     0x1000
                0x0000000020002020                . = (. + _StackSize)
 *fill*         0x0000000020001020     0x1000 

.stack          0x000000002002f000        0x0
                0x000000002002f000                _vStackBase = .
                0x000000002002f000                . = ALIGN (0x8)
                0x0000000020030000                _vStackTop = (. + _StackSize)
                0x0000000000000000                _image_start = LOADADDR (.text)
                0x00000000000011c0                _image_end = (LOADADDR (.data) + SIZEOF (.data))
                0x00000000000011c0                _image_size = (_image_end - _image_start)
OUTPUT(IRQ.axf elf32-littlearm)
LOAD linker stubs

.debug_info     0x0000000000000000     0x2842
 .debug_info    0x0000000000000000      0x6d1 ./source/App.o
 .debug_info    0x00000000000006d1      0x773 ./source/gpio.o
 .debug_info    0x0000000000000e44      0x682 ./SDK/startup/hardware.o
 .debug_info    0x00000000000014c6       0xaa ./SDK/startup/main.o
 .debug_info    0x0000000000001570       0x3d ./SDK/startup/semihost_hardfault.o
 .debug_info    0x00000000000015ad      0xc7e ./SDK/startup/startup_mk64f12.o
 .debug_info    0x000000000000222b      0x617 ./SDK/CMSIS/system_MK64F12.o

.debug_abbrev   0x0000000000000000      0x895
 .debug_abbrev  0x0000000000000000      0x1eb ./source/App.o
 .debug_abbrev  0x00000000000001eb      0x205 ./source/gpio.o
 .debug_abbrev  0x00000000000003f0      0x135 ./SDK/startup/hardware.o
 .debug_abbrev  0x0000000000000525       0x5b ./SDK/startup/main.o
 .debug_abbrev  0x0000000000000580       0x2f ./SDK/startup/semihost_hardfault.o
 .debug_abbrev  0x00000000000005af      0x19c ./SDK/startup/startup_mk64f12.o
 .debug_abbrev  0x000000000000074b      0x14a ./SDK/CMSIS/system_MK64F12.o

.debug_aranges  0x0000000000000000      0x478
 .debug_aranges
                0x0000000000000000       0x50 ./source/App.o
 .debug_aranges
                0x0000000000000050       0x58 ./source/gpio.o
 .debug_aranges
                0x00000000000000a8       0x30 ./SDK/startup/hardware.o
 .debug_aranges
                0x00000000000000d8       0x20 ./SDK/startup/main.o
 .debug_aranges
                0x00000000000000f8       0x20 ./SDK/startup/semihost_hardfault.o
 .debug_aranges
                0x0000000000000118      0x330 ./SDK/startup/startup_mk64f12.o
 .debug_aranges
                0x0000000000000448       0x30 ./SDK/CMSIS/system_MK64F12.o

.debug_rnglists
                0x0000000000000000      0x33d
 .debug_rnglists
                0x0000000000000000       0x38 ./source/App.o
 .debug_rnglists
                0x0000000000000038       0x40 ./source/gpio.o
 .debug_rnglists
                0x0000000000000078       0x20 ./SDK/startup/hardware.o
 .debug_rnglists
                0x0000000000000098       0x13 ./SDK/startup/main.o
 .debug_rnglists
                0x00000000000000ab       0x13 ./SDK/startup/semihost_hardfault.o
 .debug_rnglists
                0x00000000000000be      0x25f ./SDK/startup/startup_mk64f12.o
 .debug_rnglists
                0x000000000000031d       0x20 ./SDK/CMSIS/system_MK64F12.o

.debug_macro    0x0000000000000000    0x123f2
 .debug_macro   0x0000000000000000      0x1ad ./source/App.o
 .debug_macro   0x00000000000001ad      0xab4 ./source/App.o
 .debug_macro   0x0000000000000c61      0x34e ./source/App.o
 .debug_macro   0x0000000000000faf       0x22 ./source/App.o
 .debug_macro   0x0000000000000fd1       0x58 ./source/App.o
 .debug_macro   0x0000000000001029       0x8e ./source/App.o
 .debug_macro   0x00000000000010b7       0x22 ./source/App.o
 .debug_macro   0x00000000000010d9       0x75 ./source/App.o
 .debug_macro   0x000000000000114e       0x2a ./source/App.o
 .debug_macro   0x0000000000001178       0x94 ./source/App.o
 .debug_macro   0x000000000000120c       0x3c ./source/App.o
 .debug_macro   0x0000000000001248       0x34 ./source/App.o
 .debug_macro   0x000000000000127c       0x16 ./source/App.o
 .debug_macro   0x0000000000001292       0x57 ./source/App.o
 .debug_macro   0x00000000000012e9       0x9e ./source/App.o
 .debug_macro   0x0000000000001387      0x369 ./source/App.o
 .debug_macro   0x00000000000016f0      0x10b ./source/App.o
 .debug_macro   0x00000000000017fb       0x10 ./source/App.o
 .debug_macro   0x000000000000180b       0x16 ./source/App.o
 .debug_macro   0x0000000000001821       0x43 ./source/App.o
 .debug_macro   0x0000000000001864       0x34 ./source/App.o
 .debug_macro   0x0000000000001898       0x10 ./source/App.o
 .debug_macro   0x00000000000018a8       0x58 ./source/App.o
 .debug_macro   0x0000000000001900      0x1de ./source/App.o
 .debug_macro   0x0000000000001ade       0x16 ./source/App.o
 .debug_macro   0x0000000000001af4       0x16 ./source/App.o
 .debug_macro   0x0000000000001b0a      0x170 ./source/App.o
 .debug_macro   0x0000000000001c7a       0x5c ./source/App.o
 .debug_macro   0x0000000000001cd6       0x1c ./source/App.o
 .debug_macro   0x0000000000001cf2       0x22 ./source/App.o
 .debug_macro   0x0000000000001d14       0xd9 ./source/App.o
 .debug_macro   0x0000000000001ded      0xecf ./source/App.o
 .debug_macro   0x0000000000002cbc       0x48 ./source/App.o
 .debug_macro   0x0000000000002d04     0xe07b ./source/App.o
 .debug_macro   0x0000000000010d7f       0x10 ./source/App.o
 .debug_macro   0x0000000000010d8f     0x122b ./source/App.o
 .debug_macro   0x0000000000011fba       0x16 ./source/App.o
 .debug_macro   0x0000000000011fd0      0x19c ./source/gpio.o
 .debug_macro   0x000000000001216c       0x94 ./source/gpio.o
 .debug_macro   0x0000000000012200       0x9c ./SDK/startup/hardware.o
 .debug_macro   0x000000000001229c       0x9c ./SDK/startup/main.o
 .debug_macro   0x0000000000012338       0x11 ./SDK/startup/semihost_hardfault.o
 .debug_macro   0x0000000000012349       0x29 ./SDK/startup/startup_mk64f12.o
 .debug_macro   0x0000000000012372       0x80 ./SDK/CMSIS/system_MK64F12.o

.debug_line     0x0000000000000000     0x1ea8
 .debug_line    0x0000000000000000      0x538 ./source/App.o
 .debug_line    0x0000000000000538      0x6c3 ./source/gpio.o
 .debug_line    0x0000000000000bfb      0x2c0 ./SDK/startup/hardware.o
 .debug_line    0x0000000000000ebb      0x1c0 ./SDK/startup/main.o
 .debug_line    0x000000000000107b       0x5f ./SDK/startup/semihost_hardfault.o
 .debug_line    0x00000000000010da      0xaa1 ./SDK/startup/startup_mk64f12.o
 .debug_line    0x0000000000001b7b      0x32d ./SDK/CMSIS/system_MK64F12.o

.debug_str      0x0000000000000000    0x7be10
 .debug_str     0x0000000000000000    0x7b1c8 ./source/App.o
                                      0x7b403 (size before relaxing)
 .debug_str     0x000000000007b1c8      0x226 ./source/gpio.o
                                      0x74509 (size before relaxing)
 .debug_str     0x000000000007b3ee      0x14f ./SDK/startup/hardware.o
                                      0x772c8 (size before relaxing)
 .debug_str     0x000000000007b53d       0x1b ./SDK/startup/main.o
                                      0x770d5 (size before relaxing)
 .debug_str     0x000000000007b558       0x36 ./SDK/startup/semihost_hardfault.o
                                       0x2e3c (size before relaxing)
 .debug_str     0x000000000007b58e      0x81b ./SDK/startup/startup_mk64f12.o
                                       0x36b1 (size before relaxing)
 .debug_str     0x000000000007bda9       0x67 ./SDK/CMSIS/system_MK64F12.o
                                      0x771e7 (size before relaxing)

.comment        0x0000000000000000       0x45
 .comment       0x0000000000000000       0x45 ./source/App.o
                                         0x46 (size before relaxing)
 .comment       0x0000000000000045       0x46 ./source/gpio.o
 .comment       0x0000000000000045       0x46 ./SDK/startup/hardware.o
 .comment       0x0000000000000045       0x46 ./SDK/startup/main.o
 .comment       0x0000000000000045       0x46 ./SDK/startup/semihost_hardfault.o
 .comment       0x0000000000000045       0x46 ./SDK/startup/startup_mk64f12.o
 .comment       0x0000000000000045       0x46 ./SDK/CMSIS/system_MK64F12.o

.ARM.attributes
                0x0000000000000000       0x34
 .ARM.attributes
                0x0000000000000000       0x34 ./source/App.o
 .ARM.attributes
                0x0000000000000034       0x34 ./source/gpio.o
 .ARM.attributes
                0x0000000000000068       0x34 ./SDK/startup/hardware.o
 .ARM.attributes
                0x000000000000009c       0x34 ./SDK/startup/main.o
 .ARM.attributes
                0x00000000000000d0       0x34 ./SDK/startup/semihost_hardfault.o
 .ARM.attributes
                0x0000000000000104       0x34 ./SDK/startup/startup_mk64f12.o
 .ARM.attributes
                0x0000000000000138       0x34 ./SDK/CMSIS/system_MK64F12.o

.debug_frame    0x0000000000000000      0xc88
 .debug_frame   0x0000000000000000      0x10c ./source/App.o
 .debug_frame   0x000000000000010c      0x148 ./source/gpio.o
 .debug_frame   0x0000000000000254       0x70 ./SDK/startup/hardware.o
 .debug_frame   0x00000000000002c4       0x2c ./SDK/startup/main.o
 .debug_frame   0x00000000000002f0       0x20 ./SDK/startup/semihost_hardfault.o
 .debug_frame   0x0000000000000310      0x904 ./SDK/startup/startup_mk64f12.o
 .debug_frame   0x0000000000000c14       0x74 ./SDK/CMSIS/system_MK64F12.o

.debug_loclists
                0x0000000000000000      0x113
 .debug_loclists
                0x0000000000000000      0x113 ./SDK/startup/startup_mk64f12.o
