   1              		.cpu cortex-m4
   2              		.eabi_attribute 27, 1
   3              		.eabi_attribute 28, 1
   4              		.eabi_attribute 20, 1
   5              		.eabi_attribute 21, 1
   6              		.eabi_attribute 23, 3
   7              		.eabi_attribute 24, 1
   8              		.eabi_attribute 25, 1
   9              		.eabi_attribute 26, 1
  10              		.eabi_attribute 30, 6
  11              		.eabi_attribute 34, 1
  12              		.eabi_attribute 18, 4
  13              		.file	"main.c"
  14              		.text
  15              	.Ltext0:
  16              		.cfi_sections	.debug_frame
  17              		.section	.rodata
  18              		.align	2
  19              	.LC0:
  20 0000 4C612063 		.ascii	"La concha de tu madre\000"
  20      6F6E6368 
  20      61206465 
  20      20747520 
  20      6D616472 
  21              		.section	.text.main,"ax",%progbits
  22              		.align	1
  23              		.global	main
  24              		.syntax unified
  25              		.thumb
  26              		.thumb_func
  27              		.fpu fpv4-sp-d16
  29              	main:
  30              	.LFB123:
  31              		.file 1 "../source/main.c"
   1:../source/main.c **** /*
   2:../source/main.c ****  * main.c
   3:../source/main.c ****  *
   4:../source/main.c ****  * Simple UART test program
   5:../source/main.c ****  *
   6:../source/main.c ****  */
   7:../source/main.c **** 
   8:../source/main.c **** #include "hardware.h"
   9:../source/main.c **** #include "UART.h"
  10:../source/main.c **** 
  11:../source/main.c **** #define __FOREVER__ 	for(;;)
  12:../source/main.c **** 
  13:../source/main.c **** int main (void)
  14:../source/main.c **** {
  32              		.loc 1 14 0
  33              		.cfi_startproc
  34              		@ args = 0, pretend = 0, frame = 8
  35              		@ frame_needed = 1, uses_anonymous_args = 0
  36 0000 80B5     		push	{r7, lr}
  37              		.cfi_def_cfa_offset 8
  38              		.cfi_offset 7, -8
  39              		.cfi_offset 14, -4
  40 0002 82B0     		sub	sp, sp, #8
  41              		.cfi_def_cfa_offset 16
  42 0004 00AF     		add	r7, sp, #0
  43              		.cfi_def_cfa_register 7
  15:../source/main.c **** 
  16:../source/main.c **** 
  17:../source/main.c **** unsigned char uart_data;
  18:../source/main.c **** 
  19:../source/main.c ****  	 	 	hw_Init ();
  44              		.loc 1 19 0
  45 0006 FFF7FEFF 		bl	hw_Init
  20:../source/main.c **** 			UART_Init();
  46              		.loc 1 20 0
  47 000a FFF7FEFF 		bl	UART_Init
  21:../source/main.c **** 
  22:../source/main.c **** 			UART_SendMsg("La concha de tu madre");
  48              		.loc 1 22 0
  49 000e 0848     		ldr	r0, .L3
  50 0010 FFF7FEFF 		bl	UART_SendMsg
  23:../source/main.c **** 
  24:../source/main.c **** 
  25:../source/main.c **** 			// Enable interrupts
  26:../source/main.c **** 			hw_EnableInterrupts();
  51              		.loc 1 26 0
  52 0014 FFF7FEFF 		bl	hw_EnableInterrupts
  53              	.L2:
  27:../source/main.c **** 
  28:../source/main.c **** 			__FOREVER__
  29:../source/main.c **** 			{
  30:../source/main.c **** 					uart_data=UART_Recieve_Data();
  54              		.loc 1 30 0 discriminator 1
  55 0018 FFF7FEFF 		bl	UART_Recieve_Data
  56 001c 0346     		mov	r3, r0
  57 001e FB71     		strb	r3, [r7, #7]
  31:../source/main.c **** 					UART_Send_Data(uart_data+1);
  58              		.loc 1 31 0 discriminator 1
  59 0020 FB79     		ldrb	r3, [r7, #7]
  60 0022 0133     		adds	r3, r3, #1
  61 0024 DBB2     		uxtb	r3, r3
  62 0026 1846     		mov	r0, r3
  63 0028 FFF7FEFF 		bl	UART_Send_Data
  30:../source/main.c **** 					UART_Send_Data(uart_data+1);
  64              		.loc 1 30 0 discriminator 1
  65 002c F4E7     		b	.L2
  66              	.L4:
  67 002e 00BF     		.align	2
  68              	.L3:
  69 0030 00000000 		.word	.LC0
  70              		.cfi_endproc
  71              	.LFE123:
  73              		.text
  74              	.Letext0:
  75              		.file 2 "c:\\nxp\\mcuxpressoide_10.2.0_759\\ide\\tools\\redlib\\include\\sys\\libconfig-arm.h"
  76              		.file 3 "c:\\nxp\\mcuxpressoide_10.2.0_759\\ide\\tools\\redlib\\include\\stdint.h"
  77              		.file 4 "C:\\Users\\lucia\\OneDrive\\Documents\\2C2023\\Labo_de_Micros\\repo\\Micros-Grupo-5\\TPS\
  78              		.file 5 "C:\\Users\\lucia\\OneDrive\\Documents\\2C2023\\Labo_de_Micros\\repo\\Micros-Grupo-5\\TPS\
DEFINED SYMBOLS
                            *ABS*:00000000 main.c
C:\Users\lucia\AppData\Local\Temp\ccly9dMY.s:18     .rodata:00000000 $d
C:\Users\lucia\AppData\Local\Temp\ccly9dMY.s:22     .text.main:00000000 $t
C:\Users\lucia\AppData\Local\Temp\ccly9dMY.s:29     .text.main:00000000 main
C:\Users\lucia\AppData\Local\Temp\ccly9dMY.s:69     .text.main:00000030 $d
                           .group:00000000 wm4.0.33db8b643112917ec54934b4f2c2f387
                           .group:00000000 wm4.redlib_version.h.16.f905717e4b3a91dcbdbb631865150df4
                           .group:00000000 wm4.libconfigarm.h.18.1ad1d24f96d0dc8c4cf52dc19b0aa2c7
                           .group:00000000 wm4.stdint.h.30.079ac5d9930c76ab215c1ab68adcbe08
                           .group:00000000 wm4.stdbool.h.15.fddf1cb2402fd739d8e2516677869231
                           .group:00000000 wm4.fsl_device_registers.h.32.f10b25a7fd7ad45b9a40904c33f28816
                           .group:00000000 wm4.MK64F12.h.105.e884e5c80776532d2ec0f5c21e2ea7cb
                           .group:00000000 wm4.core_cm4.h.42.42f38327ee0970d80f60117e6a3ba2b0
                           .group:00000000 wm4.cmsis_gcc.h.36.39970cb43ce4b53c82644a1f9bc2eab9
                           .group:00000000 wm4.core_cm4.h.223.7b48c9958ef5573320c4765074c8b0ce
                           .group:00000000 wm4.system_MK64F12.h.109.c6d21568e03be21b21c922eb7345d6e3
                           .group:00000000 wm4.MK64F12.h.475.cafa8e1e521f96f0b72de286863a6df7
                           .group:00000000 wm4.MK64F12_features.h.92.512cea46d882153168efeec0bc3a9da7
                           .group:00000000 wm4.hardware.h.27.0531344360c1b4ef1fba1263e2a4c488

UNDEFINED SYMBOLS
hw_Init
UART_Init
UART_SendMsg
hw_EnableInterrupts
UART_Recieve_Data
UART_Send_Data
