   1              		.cpu cortex-m4
   2              		.eabi_attribute 27, 1
   3              		.eabi_attribute 28, 1
   4              		.eabi_attribute 20, 1
   5              		.eabi_attribute 21, 1
   6              		.eabi_attribute 23, 3
   7              		.eabi_attribute 24, 1
   8              		.eabi_attribute 25, 1
   9              		.eabi_attribute 26, 1
  10              		.eabi_attribute 30, 6
  11              		.eabi_attribute 34, 1
  12              		.eabi_attribute 18, 4
  13              		.file	"main.c"
  14              		.text
  15              	.Ltext0:
  16              		.cfi_sections	.debug_frame
  17              		.section	.rodata
  18              		.align	2
  19              	.LC0:
  20 0000 6100     		.ascii	"a\000"
  21 0002 0000     		.align	2
  22              	.LC1:
  23 0004 486F6C61 		.ascii	"Hola\000"
  23      00
  24 0009 000000   		.align	2
  25              	.LC2:
  26 000c 4D657373 		.ascii	"Messi\000"
  26      6900
  27              		.section	.text.main,"ax",%progbits
  28              		.align	1
  29              		.global	main
  30              		.syntax unified
  31              		.thumb
  32              		.thumb_func
  33              		.fpu fpv4-sp-d16
  35              	main:
  36              	.LFB123:
  37              		.file 1 "../source/main.c"
   1:../source/main.c **** /*
   2:../source/main.c ****  * main.c
   3:../source/main.c ****  *
   4:../source/main.c ****  *  Created on: May 1, 2015
   5:../source/main.c ****  *      Author: Juan Pablo VEGA - Laboratorio de Microprocesadores
   6:../source/main.c ****  */
   7:../source/main.c **** 
   8:../source/main.c **** #include "hardware.h"
   9:../source/main.c **** #include "UART.h"
  10:../source/main.c **** #include "SPI.h"
  11:../source/main.c **** #include "CAN_SPI.h"
  12:../source/main.c **** 
  13:../source/main.c **** #define __FOREVER__ 	for(;;)
  14:../source/main.c **** 
  15:../source/main.c **** int main (void)
  16:../source/main.c **** {
  38              		.loc 1 16 0
  39              		.cfi_startproc
  40              		@ args = 0, pretend = 0, frame = 0
  41              		@ frame_needed = 1, uses_anonymous_args = 0
  42 0000 80B5     		push	{r7, lr}
  43              		.cfi_def_cfa_offset 8
  44              		.cfi_offset 7, -8
  45              		.cfi_offset 14, -4
  46 0002 00AF     		add	r7, sp, #0
  47              		.cfi_def_cfa_register 7
  17:../source/main.c **** 	unsigned char uart_data;
  18:../source/main.c **** 
  19:../source/main.c **** 	hw_DisableInterrupts();
  48              		.loc 1 19 0
  49 0004 FFF7FEFF 		bl	hw_DisableInterrupts
  20:../source/main.c **** 	hw_Init ();
  50              		.loc 1 20 0
  51 0008 FFF7FEFF 		bl	hw_Init
  21:../source/main.c **** 	UART_Init();
  52              		.loc 1 21 0
  53 000c FFF7FEFF 		bl	UART_Init
  22:../source/main.c **** 	hw_EnableInterrupts();
  54              		.loc 1 22 0
  55 0010 FFF7FEFF 		bl	hw_EnableInterrupts
  23:../source/main.c **** 	CAN_SPI_Init();
  56              		.loc 1 23 0
  57 0014 FFF7FEFF 		bl	CAN_SPI_Init
  24:../source/main.c **** 
  25:../source/main.c **** 
  26:../source/main.c **** 	while(SPI_Transmission_In_Process());
  58              		.loc 1 26 0
  59 0018 00BF     		nop
  60              	.L2:
  61              		.loc 1 26 0 is_stmt 0 discriminator 1
  62 001a FFF7FEFF 		bl	SPI_Transmission_In_Process
  63 001e 0346     		mov	r3, r0
  64 0020 002B     		cmp	r3, #0
  65 0022 FAD1     		bne	.L2
  27:../source/main.c **** 	SPI_SendData("a",1, 0);
  66              		.loc 1 27 0 is_stmt 1
  67 0024 0022     		movs	r2, #0
  68 0026 0121     		movs	r1, #1
  69 0028 0A48     		ldr	r0, .L6
  70 002a FFF7FEFF 		bl	SPI_SendData
  28:../source/main.c **** 	while(SPI_Transmission_In_Process());
  71              		.loc 1 28 0
  72 002e 00BF     		nop
  73              	.L3:
  74              		.loc 1 28 0 is_stmt 0 discriminator 1
  75 0030 FFF7FEFF 		bl	SPI_Transmission_In_Process
  76 0034 0346     		mov	r3, r0
  77 0036 002B     		cmp	r3, #0
  78 0038 FAD1     		bne	.L3
  29:../source/main.c **** 	SPI_SendMsg("Hola");
  79              		.loc 1 29 0 is_stmt 1
  80 003a 0748     		ldr	r0, .L6+4
  81 003c FFF7FEFF 		bl	SPI_SendMsg
  30:../source/main.c **** 	while(SPI_Transmission_In_Process());
  82              		.loc 1 30 0
  83 0040 00BF     		nop
  84              	.L4:
  85              		.loc 1 30 0 is_stmt 0 discriminator 1
  86 0042 FFF7FEFF 		bl	SPI_Transmission_In_Process
  87 0046 0346     		mov	r3, r0
  88 0048 002B     		cmp	r3, #0
  89 004a FAD1     		bne	.L4
  31:../source/main.c **** 	SPI_SendMsg("Messi");
  90              		.loc 1 31 0 is_stmt 1
  91 004c 0348     		ldr	r0, .L6+8
  92 004e FFF7FEFF 		bl	SPI_SendMsg
  93              	.L5:
  32:../source/main.c **** 
  33:../source/main.c **** 
  34:../source/main.c **** 	// Enable interrupts
  35:../source/main.c **** 
  36:../source/main.c **** 	__FOREVER__
  94              		.loc 1 36 0 discriminator 1
  95 0052 FEE7     		b	.L5
  96              	.L7:
  97              		.align	2
  98              	.L6:
  99 0054 00000000 		.word	.LC0
 100 0058 04000000 		.word	.LC1
 101 005c 0C000000 		.word	.LC2
 102              		.cfi_endproc
 103              	.LFE123:
 105              		.text
 106              	.Letext0:
 107              		.file 2 "c:\\nxp\\mcuxpressoide_10.2.0_759\\ide\\tools\\redlib\\include\\sys\\libconfig-arm.h"
 108              		.file 3 "c:\\nxp\\mcuxpressoide_10.2.0_759\\ide\\tools\\redlib\\include\\stdint.h"
 109              		.file 4 "C:\\Users\\lucia\\OneDrive\\Documents\\2C2023\\Labo_de_Micros\\repo\\Micros-Grupo-5\\TPS\
 110              		.file 5 "C:\\Users\\lucia\\OneDrive\\Documents\\2C2023\\Labo_de_Micros\\repo\\Micros-Grupo-5\\TPS\
DEFINED SYMBOLS
                            *ABS*:00000000 main.c
C:\Users\lucia\AppData\Local\Temp\ccAcLLVb.s:18     .rodata:00000000 $d
C:\Users\lucia\AppData\Local\Temp\ccAcLLVb.s:28     .text.main:00000000 $t
C:\Users\lucia\AppData\Local\Temp\ccAcLLVb.s:35     .text.main:00000000 main
C:\Users\lucia\AppData\Local\Temp\ccAcLLVb.s:99     .text.main:00000054 $d
                           .group:00000000 wm4.0.33db8b643112917ec54934b4f2c2f387
                           .group:00000000 wm4.redlib_version.h.16.f905717e4b3a91dcbdbb631865150df4
                           .group:00000000 wm4.libconfigarm.h.18.1ad1d24f96d0dc8c4cf52dc19b0aa2c7
                           .group:00000000 wm4.stdint.h.30.079ac5d9930c76ab215c1ab68adcbe08
                           .group:00000000 wm4.stdbool.h.15.fddf1cb2402fd739d8e2516677869231
                           .group:00000000 wm4.fsl_device_registers.h.32.f10b25a7fd7ad45b9a40904c33f28816
                           .group:00000000 wm4.MK64F12.h.105.e884e5c80776532d2ec0f5c21e2ea7cb
                           .group:00000000 wm4.core_cm4.h.42.42f38327ee0970d80f60117e6a3ba2b0
                           .group:00000000 wm4.cmsis_gcc.h.36.39970cb43ce4b53c82644a1f9bc2eab9
                           .group:00000000 wm4.core_cm4.h.223.7b48c9958ef5573320c4765074c8b0ce
                           .group:00000000 wm4.system_MK64F12.h.109.c6d21568e03be21b21c922eb7345d6e3
                           .group:00000000 wm4.MK64F12.h.475.0d927260271b4d8005bb15983309abd6
                           .group:00000000 wm4.MK64F12_features.h.92.512cea46d882153168efeec0bc3a9da7
                           .group:00000000 wm4.hardware.h.27.0531344360c1b4ef1fba1263e2a4c488
                           .group:00000000 wm4.CAN_SPI.h.8.982c55d67150be3d9eb01d5a0e78a8eb

UNDEFINED SYMBOLS
hw_DisableInterrupts
hw_Init
UART_Init
hw_EnableInterrupts
CAN_SPI_Init
SPI_Transmission_In_Process
SPI_SendData
SPI_SendMsg
