../source/Drivers/BoardLeds.c:51:6:BoardLeds_Init	8	static
../source/Drivers/BoardLeds.c:77:6:led1On	8	static
../source/Drivers/BoardLeds.c:83:6:led2On	8	static
../source/Drivers/BoardLeds.c:89:6:led3On	8	static
../source/Drivers/BoardLeds.c:95:6:ledOff	8	static
../source/Drivers/BoardLeds.c:104:6:led_red_on	8	static
../source/Drivers/BoardLeds.c:110:6:led_green_on	8	static
../source/Drivers/BoardLeds.c:116:6:led_blue_on	8	static
../source/Drivers/BoardLeds.c:121:6:led_toggle	16	static
../source/Drivers/BoardLeds.c:127:6:led_green_on_time	16	static
../source/Drivers/BoardLeds.c:133:6:get_green_status	4	static
../source/Drivers/BoardLeds.c:146:6:led_red_on_time	16	static
../source/Drivers/BoardLeds.c:152:6:get_red_status	4	static
../source/Drivers/BoardLeds.c:172:13:green_led_timer_pisr	8	static
../source/Drivers/BoardLeds.c:185:13:red_led_timer_pisr	8	static
