../source/Drivers/BoardLeds.c:47:6:BoardLeds_Init	8	static
../source/Drivers/BoardLeds.c:69:6:led1On	8	static
../source/Drivers/BoardLeds.c:75:6:led2On	8	static
../source/Drivers/BoardLeds.c:81:6:led3On	8	static
../source/Drivers/BoardLeds.c:87:6:ledOff	8	static
../source/Drivers/BoardLeds.c:96:6:led_red_on	8	static
../source/Drivers/BoardLeds.c:102:6:led_green_on	8	static
../source/Drivers/BoardLeds.c:108:6:led_blue_on	8	static
../source/Drivers/BoardLeds.c:113:6:led_toggle	16	static
../source/Drivers/BoardLeds.c:119:6:led_green_on_time	16	static
../source/Drivers/BoardLeds.c:125:6:get_green_status	4	static
../source/Drivers/BoardLeds.c:138:6:led_red_on_time	16	static
../source/Drivers/BoardLeds.c:144:6:get_red_status	4	static
../source/Drivers/BoardLeds.c:164:13:green_led_timer_pisr	8	static
../source/Drivers/BoardLeds.c:177:13:red_led_timer_pisr	8	static
