../source/Drivers/Display.c:57:6:Display_Init	8	static
../source/Drivers/Display.c:84:6:writeMessage	16	static
../source/Drivers/Display.c:90:6:pauseMessage	8	static
../source/Drivers/Display.c:94:6:pauseScroll	8	static
../source/Drivers/Display.c:98:6:continueScroll	16	static
../source/Drivers/Display.c:105:6:ScrollRightOnce	8	static
../source/Drivers/Display.c:109:6:ScrollLeftOnce	8	static
../source/Drivers/Display.c:113:6:toggleScroll	8	static
../source/Drivers/Display.c:117:6:muxDisplay	8	static
../source/Drivers/Display.c:121:6:incBrightness	8	static
../source/Drivers/Display.c:125:6:decBrightness	8	static
../source/Drivers/Display.c:129:6:blinkDigit	16	static
../source/Drivers/Display.c:158:6:writeDigit	24	static
../source/Drivers/Display.c:197:6:sevenSegmentDecoder	16	static
../source/Drivers/Display.c:210:6:writeScroll	16	static
../source/Drivers/Display.c:215:6:updateDisplay	24	static
../source/Drivers/Display.c:364:8:int2str	32	static
