../drivers/MCAL/gpio.c:38:6:gpioMode	4	static
../drivers/MCAL/gpio.c:76:6:gpioToggle	0	static
../drivers/MCAL/gpio.c:83:6:gpioRead	0	static
../drivers/MCAL/gpio.c:91:6:gpioWrite	4	static
../drivers/MCAL/gpio.c:98:6:gpioIRQ	8	static
../drivers/MCAL/gpio.c:111:6:PORT_ClearInterruptFlag	0	static
../drivers/MCAL/gpio.c:123:6:interruptHandler	16	static
../drivers/MCAL/gpio.c:144:9:PORTA_IRQHandler	8	static
../drivers/MCAL/gpio.c:149:9:PORTB_IRQHandler	8	static
../drivers/MCAL/gpio.c:154:9:PORTC_IRQHandler	8	static
../drivers/MCAL/gpio.c:159:9:PORTD_IRQHandler	8	static
../drivers/MCAL/gpio.c:164:9:PORTE_IRQHandler	8	static
