../drivers/MCAL/SysTick.c:229:12:getArrayEffectiveLength	0	static
../drivers/MCAL/SysTick.c:56:6:SysTick_Init	8	static
../drivers/MCAL/SysTick.c:72:6:SysTick_UpdateClk	16	static
../drivers/MCAL/SysTick.c:88:5:SysTick_AddCallback	24	static
../drivers/MCAL/SysTick.c:100:14:Systick_ClrCallback	24	static
../drivers/MCAL/SysTick.c:137:14:Systick_PauseCallback	8	static
../drivers/MCAL/SysTick.c:158:14:Systick_ResumeCallback	8	static
../drivers/MCAL/SysTick.c:179:14:Systick_ChangeCallbackPeriod	32	static
../drivers/MCAL/SysTick.c:206:6:Systick_GetStatus	8	static
../drivers/MCAL/SysTick.c:243:9:SysTick_Handler	32	static
