   1              		.cpu cortex-m4
   2              		.arch armv7e-m
   3              		.fpu fpv4-sp-d16
   4              		.eabi_attribute 27, 1
   5              		.eabi_attribute 28, 1
   6              		.eabi_attribute 20, 1
   7              		.eabi_attribute 21, 1
   8              		.eabi_attribute 23, 3
   9              		.eabi_attribute 24, 1
  10              		.eabi_attribute 25, 1
  11              		.eabi_attribute 26, 1
  12              		.eabi_attribute 30, 6
  13              		.eabi_attribute 34, 1
  14              		.eabi_attribute 18, 4
  15              		.file	"main.c"
  16              		.text
  17              	.Ltext0:
  18              		.cfi_sections	.debug_frame
  19              		.file 1 "../source/main.c"
  20              		.section	.text.main,"ax",%progbits
  21              		.align	1
  22              		.global	main
  23              		.syntax unified
  24              		.thumb
  25              		.thumb_func
  27              	main:
  28              	.LFB123:
   1:../source/main.c **** /***************************************************************************//**
   2:../source/main.c ****   @file     main.c
   3:../source/main.c ****   @brief    FW main
   4:../source/main.c ****   @author   Nicolás Magliola
   5:../source/main.c ****  ******************************************************************************/
   6:../source/main.c **** 
   7:../source/main.c **** #include "hardware.h"
   8:../source/main.c **** 
   9:../source/main.c **** void App_Init (void);
  10:../source/main.c **** void App_Run (void);
  11:../source/main.c **** 
  12:../source/main.c **** 
  13:../source/main.c **** int main (void)
  14:../source/main.c **** {
  29              		.loc 1 14 1
  30              		.cfi_startproc
  31              		@ args = 0, pretend = 0, frame = 0
  32              		@ frame_needed = 1, uses_anonymous_args = 0
  33 0000 80B5     		push	{r7, lr}
  34              		.cfi_def_cfa_offset 8
  35              		.cfi_offset 7, -8
  36              		.cfi_offset 14, -4
  37 0002 00AF     		add	r7, sp, #0
  38              		.cfi_def_cfa_register 7
  15:../source/main.c ****     hw_Init();
  39              		.loc 1 15 5
  40 0004 FFF7FEFF 		bl	hw_Init
  16:../source/main.c ****     hw_DisableInterrupts();
  41              		.loc 1 16 5
  42 0008 FFF7FEFF 		bl	hw_DisableInterrupts
  17:../source/main.c ****     App_Init(); /* Program-specific setup */
  43              		.loc 1 17 5
  44 000c FFF7FEFF 		bl	App_Init
  18:../source/main.c ****     hw_EnableInterrupts();
  45              		.loc 1 18 5
  46 0010 FFF7FEFF 		bl	hw_EnableInterrupts
  47              	.L2:
  19:../source/main.c **** 
  20:../source/main.c ****     __FOREVER__
  21:../source/main.c ****         App_Run(); /* Program-specific loop  */
  48              		.loc 1 21 9 discriminator 1
  49 0014 FFF7FEFF 		bl	App_Run
  50 0018 FCE7     		b	.L2
  51              		.cfi_endproc
  52              	.LFE123:
  54              		.text
  55              	.Letext0:
  56              		.file 2 "/Users/juanpablo/Documents/Micros/MCUXpressoIDE/workspace/Micros-Grupo-5/TPS/I2C/SDK/star
DEFINED SYMBOLS
                            *ABS*:0000000000000000 main.c
/var/folders/mt/2789gh7n01n3x6vbqrlgzf9r0000gn/T//cco81qcG.s:21     .text.main:0000000000000000 $t
/var/folders/mt/2789gh7n01n3x6vbqrlgzf9r0000gn/T//cco81qcG.s:27     .text.main:0000000000000000 main
                           .group:0000000000000000 wm4.0.23798b1d0196e1dacad68e887eef18fd
                           .group:0000000000000000 wm4.redlib_version.h.24.4f43d7bc124a54bfe120050dd03d6b37
                           .group:0000000000000000 wm4.libconfigarm.h.19.34723c94cbd19598192aa6b1e87fca41
                           .group:0000000000000000 wm4.stdint.h.31.58198de4ea930fb897655479091e17c7
                           .group:0000000000000000 wm4.stdbool.h.15.fddf1cb2402fd739d8e2516677869231
                           .group:0000000000000000 wm4.fsl_device_registers.h.32.f10b25a7fd7ad45b9a40904c33f28816
                           .group:0000000000000000 wm4.MK64F12.h.105.e884e5c80776532d2ec0f5c21e2ea7cb
                           .group:0000000000000000 wm4.core_cm4.h.42.42f38327ee0970d80f60117e6a3ba2b0
                           .group:0000000000000000 wm4.cmsis_gcc.h.36.39970cb43ce4b53c82644a1f9bc2eab9
                           .group:0000000000000000 wm4.core_cm4.h.223.7b48c9958ef5573320c4765074c8b0ce
                           .group:0000000000000000 wm4.system_MK64F12.h.109.c6d21568e03be21b21c922eb7345d6e3
                           .group:0000000000000000 wm4.MK64F12.h.475.cafa8e1e521f96f0b72de286863a6df7
                           .group:0000000000000000 wm4.MK64F12_features.h.92.512cea46d882153168efeec0bc3a9da7
                           .group:0000000000000000 wm4.hardware.h.27.0531344360c1b4ef1fba1263e2a4c488

UNDEFINED SYMBOLS
hw_Init
hw_DisableInterrupts
App_Init
hw_EnableInterrupts
App_Run
